src/avocado-data/combined_data/combined_dataset.csv
region,date,type,average_selling_price,total_sales_volume,4046_units,4225_units,4770_units,total_bagged_units,year_week,total_prod_volume,california_prod_volume,chile_prod_volume,mexico_prod_volume,peru_prod_volume,colombia_prod_volume,dominican_republic_prod_volume,WEI,gasoline_price,is_holiday
Albany,2022-01-10 00:00:00,Conventional,1.151290317,137912.08,43074.63,62593.99,984.87,31258.58,2022-2,25842385.0,254741.0,45359.0,25417092.0,0.0,45359.0,79832.0,4.89,3.164,0.0
Albany,2022-01-16 00:00:00,Conventional,1.169780874,139319.63,43821.59,61518.13,940.09,33039.82,2022-2,25842385.0,254741.0,45359.0,25417092.0,0.0,45359.0,79832.0,4.89,3.164,0.0
Albany,2022-01-23 00:00:00,Conventional,1.122422306,147706.97,45377.22,69136.05,830.08,32363.62,2022-3,27651102.0,1358681.0,0.0,26249028.0,0.0,43391.0,0.0,5.01,3.182,1.0
Albany,2022-01-30 00:00:00,Conventional,1.071715709,159898.14,62188.53,69924.46,749.96,27035.19,2022-4,27067867.0,2351814.0,199580.0,24429687.0,0.0,86783.0,0.0,5.39,3.199,0.0
Albany,2022-02-06 00:00:00,Conventional,1.113716895,139034.47,53701.51,57873.12,619.35,26840.48,2022-5,23700493.0,2529702.0,226796.0,20705339.0,0.0,238655.0,0.0,5.19,3.249,0.0
Albany,2022-02-13 00:00:00,Conventional,1.059269486,200475.07,87266.47,86793.56,710.78,25704.26,2022-6,13538106.0,1837830.0,199580.0,10979992.0,0.0,520702.0,0.0,5.08,3.33,0.0
Albany,2022-02-20 00:00:00,Conventional,1.096135739,135059.73,51484.4,57370.38,562.93,25642.02,2022-7,11411144.0,3432575.0,222260.0,7300693.0,0.0,455615.0,0.0,6.21,3.372,0.0
Albany,2022-02-27 00:00:00,Conventional,1.190837898,134131.08,46411.97,59520.83,493.56,27704.72,2022-8,26431640.0,3658560.0,594205.0,21853434.0,0.0,325439.0,0.0,5.17,3.41,1.0
Albany,2022-03-06 00:00:00,Conventional,1.189941267,129980.28,45337.97,56855.33,679.3,27107.68,2022-9,29166929.0,3454216.0,576061.0,24811211.0,0.0,325439.0,0.0,4.74,3.486,0.0
Albany,2022-03-13 00:00:00,Conventional,1.186672802,133649.6,49179.0,58854.79,543.43,25072.39,2022-10,25843478.0,3630077.0,426376.0,21678544.0,0.0,108479.0,0.0,4.69,3.963,0.0
Albany,2022-03-20 00:00:00,Conventional,1.227812288,117692.77,40969.8,53104.2,462.42,23156.35,2022-11,22051255.0,3436635.0,145149.0,18035551.0,0.0,433919.0,0.0,4.88,4.18,0.0
Albany,2022-03-27 00:00:00,Conventional,1.220745639,125866.76,38106.68,59475.36,487.03,27797.68,2022-12,18189130.0,3153811.0,299370.0,14519564.0,64511.0,151871.0,0.0,4.4,4.091,0.0
Albany,2022-04-03 00:00:00,Conventional,1.267148066,134390.36,45459.57,61911.96,533.72,26485.1,2022-13,21009354.0,2482199.0,340194.0,18021432.0,100440.0,65087.0,0.0,4.68,4.078,0.0
Albany,2022-04-10 00:00:00,Conventional,1.185525585,159598.85,63662.79,71038.89,473.94,24423.23,2022-14,23623647.0,3972180.0,81646.0,19288540.0,86015.0,195263.0,0.0,4.41,4.021,0.0
Albany,2022-04-17 00:00:00,Conventional,1.266097852,131382.1,47549.13,58582.98,502.1,24747.89,2022-15,15061578.0,5023348.0,40823.0,9827999.0,60927.0,108479.0,0.0,4.42,3.943,0.0
Albany,2022-04-24 00:00:00,Conventional,1.14040039,134174.6,50000.91,57389.49,389.87,26394.33,2022-16,28462618.0,6160887.0,45359.0,22040948.0,172030.0,43391.0,0.0,4.34,3.915,0.0
Albany,2022-05-01 00:00:00,Conventional,1.280439774,142017.4,49325.49,64019.54,444.16,28228.22,2022-17,26271615.0,6885495.0,0.0,19169455.0,108183.0,108479.0,0.0,4.43,3.959,0.0
Albany,2022-05-08 00:00:00,Conventional,1.302081328,144873.51,47572.1,62098.04,1188.6,34014.77,2022-18,20714546.0,6512660.0,0.0,13485959.0,260311.0,455615.0,0.0,4.33,4.031,0.0
Albany,2022-05-15 00:00:00,Conventional,1.430259577,119579.03,38322.24,52928.29,595.31,27733.19,2022-19,19223342.0,5628260.0,0.0,12496727.0,881394.0,216959.0,0.0,4.24,4.161,0.0
Albany,2022-05-22 00:00:00,Conventional,1.464913944,126534.51,45654.84,59998.86,111.71,20769.11,2022-20,21200487.0,5477897.0,0.0,13862334.0,1534815.0,325439.0,0.0,3.65,4.32,0.0
Atlanta,2022-01-10 00:00:00,Conventional,1.123514911,866685.03,550877.51,145906.47,2196.02,167705.03,2022-2,25842385.0,254741.0,45359.0,25417092.0,0.0,45359.0,79832.0,4.89,3.164,0.0
Atlanta,2022-01-16 00:00:00,Conventional,1.160935739,968418.53,623594.77,167876.7,3426.81,173520.25,2022-2,25842385.0,254741.0,45359.0,25417092.0,0.0,45359.0,79832.0,4.89,3.164,0.0
Atlanta,2022-01-23 00:00:00,Conventional,1.199733792,776077.61,481577.2,134099.24,1470.96,158930.21,2022-3,27651102.0,1358681.0,0.0,26249028.0,0.0,43391.0,0.0,5.01,3.182,1.0
Atlanta,2022-01-30 00:00:00,Conventional,1.219207628,843921.44,499680.01,170096.15,3056.14,171089.15,2022-4,27067867.0,2351814.0,199580.0,24429687.0,0.0,86783.0,0.0,5.39,3.199,0.0
Atlanta,2022-02-06 00:00:00,Conventional,1.181218381,897132.13,574634.4,155563.5,2543.1,164391.12,2022-5,23700493.0,2529702.0,226796.0,20705339.0,0.0,238655.0,0.0,5.19,3.249,0.0
Atlanta,2022-02-13 00:00:00,Conventional,1.049921378,1047180.07,750906.93,138568.43,1172.93,156531.77,2022-6,13538106.0,1837830.0,199580.0,10979992.0,0.0,520702.0,0.0,5.08,3.33,0.0
Atlanta,2022-02-20 00:00:00,Conventional,1.116776578,873268.47,576930.02,141954.56,1297.19,153086.71,2022-7,11411144.0,3432575.0,222260.0,7300693.0,0.0,455615.0,0.0,6.21,3.372,0.0
Atlanta,2022-02-27 00:00:00,Conventional,1.19136789,781441.67,505029.51,111534.92,1128.69,163748.54,2022-8,26431640.0,3658560.0,594205.0,21853434.0,0.0,325439.0,0.0,5.17,3.41,1.0
Atlanta,2022-03-06 00:00:00,Conventional,1.235476379,789001.36,509947.47,123953.78,1221.97,153878.14,2022-9,29166929.0,3454216.0,576061.0,24811211.0,0.0,325439.0,0.0,4.74,3.486,0.0
Atlanta,2022-03-13 00:00:00,Conventional,1.225856215,835091.37,550258.95,129976.17,1238.28,153617.97,2022-10,25843478.0,3630077.0,426376.0,21678544.0,0.0,108479.0,0.0,4.69,3.963,0.0
Atlanta,2022-03-20 00:00:00,Conventional,1.129633978,799567.68,535934.68,108841.91,1200.88,153590.21,2022-11,22051255.0,3436635.0,145149.0,18035551.0,0.0,433919.0,0.0,4.88,4.18,0.0
Atlanta,2022-03-27 00:00:00,Conventional,1.123738675,804547.88,543720.04,106218.14,1104.89,153504.8,2022-12,18189130.0,3153811.0,299370.0,14519564.0,64511.0,151871.0,0.0,4.4,4.091,0.0
Atlanta,2022-04-03 00:00:00,Conventional,1.121291912,826766.31,553089.0,111870.31,1182.26,160624.74,2022-13,21009354.0,2482199.0,340194.0,18021432.0,100440.0,65087.0,0.0,4.68,4.078,0.0
Atlanta,2022-04-10 00:00:00,Conventional,1.272499959,813620.29,491536.55,157104.35,1052.74,163926.65,2022-14,23623647.0,3972180.0,81646.0,19288540.0,86015.0,195263.0,0.0,4.41,4.021,0.0
Atlanta,2022-04-17 00:00:00,Conventional,1.360136469,784272.93,469150.08,158751.53,1345.47,155025.85,2022-15,15061578.0,5023348.0,40823.0,9827999.0,60927.0,108479.0,0.0,4.42,3.943,0.0
Atlanta,2022-04-24 00:00:00,Conventional,1.364892134,763862.65,458655.07,133275.26,1037.37,170894.95,2022-16,28462618.0,6160887.0,45359.0,22040948.0,172030.0,43391.0,0.0,4.34,3.915,0.0
Atlanta,2022-05-01 00:00:00,Conventional,1.224931159,954360.0,655067.12,123002.33,1042.93,175247.61,2022-17,26271615.0,6885495.0,0.0,19169455.0,108183.0,108479.0,0.0,4.43,3.959,0.0
Atlanta,2022-05-08 00:00:00,Conventional,1.378848037,850889.55,575507.75,97580.12,3955.9,173845.78,2022-18,20714546.0,6512660.0,0.0,13485959.0,260311.0,455615.0,0.0,4.33,4.031,0.0
Atlanta,2022-05-15 00:00:00,Conventional,1.476534517,759609.18,504677.42,51268.68,3027.63,200635.45,2022-19,19223342.0,5628260.0,0.0,12496727.0,881394.0,216959.0,0.0,4.24,4.161,0.0
Atlanta,2022-05-22 00:00:00,Conventional,1.509105792,738979.02,483971.53,56401.23,586.31,198019.95,2022-20,21200487.0,5477897.0,0.0,13862334.0,1534815.0,325439.0,0.0,3.65,4.32,0.0
Baltimore/Washington,2022-01-10 00:00:00,Conventional,1.144724109,1269467.56,464476.4,219520.94,9865.41,575604.81,2022-2,25842385.0,254741.0,45359.0,25417092.0,0.0,45359.0,79832.0,4.89,3.164,0.0
Baltimore/Washington,2022-01-16 00:00:00,Conventional,1.313381527,1193268.75,421737.32,238282.69,8981.56,524267.18,2022-2,25842385.0,254741.0,45359.0,25417092.0,0.0,45359.0,79832.0,4.89,3.164,0.0
Baltimore/Washington,2022-01-23 00:00:00,Conventional,1.385757596,1078284.66,396133.41,206389.31,8166.24,467595.69,2022-3,27651102.0,1358681.0,0.0,26249028.0,0.0,43391.0,0.0,5.01,3.182,1.0
Baltimore/Washington,2022-01-30 00:00:00,Conventional,1.271099618,1169205.47,436623.93,223697.79,6990.21,501893.54,2022-4,27067867.0,2351814.0,199580.0,24429687.0,0.0,86783.0,0.0,5.39,3.199,0.0
Baltimore/Washington,2022-02-06 00:00:00,Conventional,1.295204518,1236810.61,493678.48,211635.08,7669.6,523827.46,2022-5,23700493.0,2529702.0,226796.0,20705339.0,0.0,238655.0,0.0,5.19,3.249,0.0
Baltimore/Washington,2022-02-13 00:00:00,Conventional,1.296039119,1392803.15,659575.59,230850.0,6823.09,495554.47,2022-6,13538106.0,1837830.0,199580.0,10979992.0,0.0,520702.0,0.0,5.08,3.33,0.0
Baltimore/Washington,2022-02-20 00:00:00,Conventional,1.238899786,1313689.31,562713.0,218113.82,5055.87,527806.63,2022-7,11411144.0,3432575.0,222260.0,7300693.0,0.0,455615.0,0.0,6.21,3.372,0.0
Baltimore/Washington,2022-02-27 00:00:00,Conventional,1.327316128,1204475.24,449492.14,193014.49,3897.53,558071.08,2022-8,26431640.0,3658560.0,594205.0,21853434.0,0.0,325439.0,0.0,5.17,3.41,1.0
Baltimore/Washington,2022-03-06 00:00:00,Conventional,1.393705983,1101592.34,411610.52,178380.58,3727.74,507873.5,2022-9,29166929.0,3454216.0,576061.0,24811211.0,0.0,325439.0,0.0,4.74,3.486,0.0
Baltimore/Washington,2022-03-13 00:00:00,Conventional,1.328539534,1188580.25,436378.35,254593.9,3639.68,493968.32,2022-10,25843478.0,3630077.0,426376.0,21678544.0,0.0,108479.0,0.0,4.69,3.963,0.0
Baltimore/Washington,2022-03-20 00:00:00,Conventional,1.417706042,1139121.72,442126.82,186375.26,3782.8,506836.84,2022-11,22051255.0,3436635.0,145149.0,18035551.0,0.0,433919.0,0.0,4.88,4.18,0.0
Baltimore/Washington,2022-03-27 00:00:00,Conventional,1.3807391,1175862.21,433532.1,180741.71,5281.38,556307.02,2022-12,18189130.0,3153811.0,299370.0,14519564.0,64511.0,151871.0,0.0,4.4,4.091,0.0
Baltimore/Washington,2022-04-03 00:00:00,Conventional,1.397561705,1180909.92,444956.63,189254.14,4008.22,542690.93,2022-13,21009354.0,2482199.0,340194.0,18021432.0,100440.0,65087.0,0.0,4.68,4.078,0.0
Baltimore/Washington,2022-04-10 00:00:00,Conventional,1.410509894,1138518.42,444899.56,192533.12,5365.37,495720.38,2022-14,23623647.0,3972180.0,81646.0,19288540.0,86015.0,195263.0,0.0,4.41,4.021,0.0
Baltimore/Washington,2022-04-17 00:00:00,Conventional,1.416257823,1130055.71,431579.3,189065.32,4691.01,504720.08,2022-15,15061578.0,5023348.0,40823.0,9827999.0,60927.0,108479.0,0.0,4.42,3.943,0.0
Baltimore/Washington,2022-04-24 00:00:00,Conventional,1.386161042,1174557.3,438431.43,179639.22,4364.87,552121.78,2022-16,28462618.0,6160887.0,45359.0,22040948.0,172030.0,43391.0,0.0,4.34,3.915,0.0
Baltimore/Washington,2022-05-01 00:00:00,Conventional,1.351117734,1251666.58,542600.36,189631.72,3770.99,515663.5,2022-17,26271615.0,6885495.0,0.0,19169455.0,108183.0,108479.0,0.0,4.43,3.959,0.0
Baltimore/Washington,2022-05-08 00:00:00,Conventional,1.392730508,1279437.32,556202.63,217968.74,10061.53,495204.42,2022-18,20714546.0,6512660.0,0.0,13485959.0,260311.0,455615.0,0.0,4.33,4.031,0.0
Baltimore/Washington,2022-05-15 00:00:00,Conventional,1.495176379,1128371.61,438561.42,180355.59,6945.38,502509.22,2022-19,19223342.0,5628260.0,0.0,12496727.0,881394.0,216959.0,0.0,4.24,4.161,0.0
Baltimore/Washington,2022-05-22 00:00:00,Conventional,1.535521439,1094166.01,421041.33,191536.36,2708.56,478879.76,2022-20,21200487.0,5477897.0,0.0,13862334.0,1534815.0,325439.0,0.0,3.65,4.32,0.0
Birmingham/Montgomery,2022-01-10 00:00:00,Conventional,1.066518482,355670.32,221020.11,28565.18,3091.95,102993.08,2022-2,25842385.0,254741.0,45359.0,25417092.0,0.0,45359.0,79832.0,4.89,3.164,0.0
Birmingham/Montgomery,2022-01-16 00:00:00,Conventional,1.125624052,366074.11,229858.24,32771.73,2619.67,100824.47,2022-2,25842385.0,254741.0,45359.0,25417092.0,0.0,45359.0,79832.0,4.89,3.164,0.0
Birmingham/Montgomery,2022-01-23 00:00:00,Conventional,1.14436185,343259.53,213627.59,27474.16,2928.66,99229.11,2022-3,27651102.0,1358681.0,0.0,26249028.0,0.0,43391.0,0.0,5.01,3.182,1.0
Birmingham/Montgomery,2022-01-30 00:00:00,Conventional,1.171455818,346472.32,218025.87,27960.31,3178.09,97308.04,2022-4,27067867.0,2351814.0,199580.0,24429687.0,0.0,86783.0,0.0,5.39,3.199,0.0
Birmingham/Montgomery,2022-02-06 00:00:00,Conventional,1.141698256,371643.9,238154.38,28381.57,2585.52,102522.43,2022-5,23700493.0,2529702.0,226796.0,20705339.0,0.0,238655.0,0.0,5.19,3.249,0.0
Birmingham/Montgomery,2022-02-13 00:00:00,Conventional,1.066269459,434436.5,300980.58,31632.18,2162.9,99660.85,2022-6,13538106.0,1837830.0,199580.0,10979992.0,0.0,520702.0,0.0,5.08,3.33,0.0
Birmingham/Montgomery,2022-02-20 00:00:00,Conventional,1.162187604,362568.47,236603.13,29751.51,1207.61,95006.22,2022-7,11411144.0,3432575.0,222260.0,7300693.0,0.0,455615.0,0.0,6.21,3.372,0.0
Birmingham/Montgomery,2022-02-27 00:00:00,Conventional,1.304871392,298743.54,180732.29,27028.49,872.91,90109.85,2022-8,26431640.0,3658560.0,594205.0,21853434.0,0.0,325439.0,0.0,5.17,3.41,1.0
Birmingham/Montgomery,2022-03-06 00:00:00,Conventional,1.279863008,323081.56,202951.54,24691.18,800.74,94638.12,2022-9,29166929.0,3454216.0,576061.0,24811211.0,0.0,325439.0,0.0,4.74,3.486,0.0
Birmingham/Montgomery,2022-03-13 00:00:00,Conventional,1.285219256,337623.55,211049.2,28766.47,864.12,96943.77,2022-10,25843478.0,3630077.0,426376.0,21678544.0,0.0,108479.0,0.0,4.69,3.963,0.0
Birmingham/Montgomery,2022-03-20 00:00:00,Conventional,1.323429604,330886.47,203686.7,26183.48,911.08,100105.21,2022-11,22051255.0,3436635.0,145149.0,18035551.0,0.0,433919.0,0.0,4.88,4.18,0.0
Birmingham/Montgomery,2022-03-27 00:00:00,Conventional,1.331708935,330488.42,205061.19,24425.75,1007.67,99993.81,2022-12,18189130.0,3153811.0,299370.0,14519564.0,64511.0,151871.0,0.0,4.4,4.091,0.0
Birmingham/Montgomery,2022-04-03 00:00:00,Conventional,1.300309168,357228.8,222430.87,27070.0,875.6,106852.34,2022-13,21009354.0,2482199.0,340194.0,18021432.0,100440.0,65087.0,0.0,4.68,4.078,0.0
Birmingham/Montgomery,2022-04-10 00:00:00,Conventional,1.276803558,357573.18,211416.08,31923.01,906.92,113327.17,2022-14,23623647.0,3972180.0,81646.0,19288540.0,86015.0,195263.0,0.0,4.41,4.021,0.0
Birmingham/Montgomery,2022-04-17 00:00:00,Conventional,1.330574629,328102.05,198199.19,31860.34,928.89,97113.63,2022-15,15061578.0,5023348.0,40823.0,9827999.0,60927.0,108479.0,0.0,4.42,3.943,0.0
Birmingham/Montgomery,2022-04-24 00:00:00,Conventional,1.330920901,304497.46,189624.29,20500.83,696.92,93675.42,2022-16,28462618.0,6160887.0,45359.0,22040948.0,172030.0,43391.0,0.0,4.34,3.915,0.0
Birmingham/Montgomery,2022-05-01 00:00:00,Conventional,1.219575007,400414.61,276730.96,27133.49,727.76,95822.4,2022-17,26271615.0,6885495.0,0.0,19169455.0,108183.0,108479.0,0.0,4.43,3.959,0.0
Birmingham/Montgomery,2022-05-08 00:00:00,Conventional,1.365493999,348227.98,222302.25,22473.82,2451.93,100999.99,2022-18,20714546.0,6512660.0,0.0,13485959.0,260311.0,455615.0,0.0,4.33,4.031,0.0
Birmingham/Montgomery,2022-05-15 00:00:00,Conventional,1.409606703,317765.27,207253.51,9607.61,1675.1,99229.05,2022-19,19223342.0,5628260.0,0.0,12496727.0,881394.0,216959.0,0.0,4.24,4.161,0.0
Birmingham/Montgomery,2022-05-22 00:00:00,Conventional,1.450214528,320801.35,213729.62,8859.9,297.18,97914.65,2022-20,21200487.0,5477897.0,0.0,13862334.0,1534815.0,325439.0,0.0,3.65,4.32,0.0
