src/avocado-data/combined_data/combined_dataset.csv
region,date,type,average_selling_price,total_sales_volume,4046_units,4225_units,4770_units,total_bagged_units,year_week,total_prod_volume,california_prod_volume,chile_prod_volume,mexico_prod_volume,peru_prod_volume,colombia_prod_volume,dominican_republic_prod_volume,WEI,gasoline_price,is_holiday
Boise,2022-01-10 00:00:00,Conventional,1.335789723,113588.56,48572.34,22684.19,11665.68,30666.35,2022-2,25842385.0,254741.0,45359.0,25417092.0,0.0,45359.0,79832.0,4.89,3.164,0.0
Boise,2022-01-16 00:00:00,Conventional,1.460495279,112280.38,53877.56,17116.56,10980.43,30305.82,2022-2,25842385.0,254741.0,45359.0,25417092.0,0.0,45359.0,79832.0,4.89,3.164,0.0
Boise,2022-01-23 00:00:00,Conventional,1.342185036,118196.78,57260.47,12238.38,11267.55,37430.39,2022-3,27651102.0,1358681.0,0.0,26249028.0,0.0,43391.0,0.0,5.01,3.182,1.0
Boise,2022-01-30 00:00:00,Conventional,1.38128819,110271.07,61813.77,10939.34,10727.27,26790.69,2022-4,27067867.0,2351814.0,199580.0,24429687.0,0.0,86783.0,0.0,5.39,3.199,0.0
Boise,2022-02-06 00:00:00,Conventional,1.477813701,106839.79,54761.6,10740.75,11575.91,29761.54,2022-5,23700493.0,2529702.0,226796.0,20705339.0,0.0,238655.0,0.0,5.19,3.249,0.0
Boise,2022-02-13 00:00:00,Conventional,1.375562047,144868.92,93964.91,10208.63,12804.25,27891.13,2022-6,13538106.0,1837830.0,199580.0,10979992.0,0.0,520702.0,0.0,5.08,3.33,0.0
Boise,2022-02-20 00:00:00,Conventional,1.335536994,118306.62,69682.24,8572.76,11443.17,28608.44,2022-7,11411144.0,3432575.0,222260.0,7300693.0,0.0,455615.0,0.0,6.21,3.372,0.0
Boise,2022-02-27 00:00:00,Conventional,1.427658845,131257.14,82978.11,15278.02,7396.71,25604.3,2022-8,26431640.0,3658560.0,594205.0,21853434.0,0.0,325439.0,0.0,5.17,3.41,1.0
Boise,2022-03-06 00:00:00,Conventional,1.621158116,97093.45,51493.65,13238.69,9181.12,23180.0,2022-9,29166929.0,3454216.0,576061.0,24811211.0,0.0,325439.0,0.0,4.74,3.486,0.0
Boise,2022-03-13 00:00:00,Conventional,1.624847206,90360.04,50190.64,7315.98,8927.43,23926.0,2022-10,25843478.0,3630077.0,426376.0,21678544.0,0.0,108479.0,0.0,4.69,3.963,0.0
Boise,2022-03-20 00:00:00,Conventional,1.313997641,117868.27,45211.04,10309.41,9054.06,53293.76,2022-11,22051255.0,3436635.0,145149.0,18035551.0,0.0,433919.0,0.0,4.88,4.18,0.0
Boise,2022-03-27 00:00:00,Conventional,1.701353764,97369.65,52733.83,12467.48,11048.61,21119.73,2022-12,18189130.0,3153811.0,299370.0,14519564.0,64511.0,151871.0,0.0,4.4,4.091,0.0
Boise,2022-04-03 00:00:00,Conventional,1.621337482,117830.82,67949.72,16083.54,11757.33,22040.24,2022-13,21009354.0,2482199.0,340194.0,18021432.0,100440.0,65087.0,0.0,4.68,4.078,0.0
Boise,2022-04-10 00:00:00,Conventional,1.5312789,114771.56,55050.89,15673.62,11540.9,32506.15,2022-14,23623647.0,3972180.0,81646.0,19288540.0,86015.0,195263.0,0.0,4.41,4.021,0.0
Boise,2022-04-17 00:00:00,Conventional,1.602764422,102992.73,55444.55,8517.01,10644.35,28386.81,2022-15,15061578.0,5023348.0,40823.0,9827999.0,60927.0,108479.0,0.0,4.42,3.943,0.0
Boise,2022-04-24 00:00:00,Conventional,1.723811838,97987.22,57354.4,8976.37,8602.75,23053.71,2022-16,28462618.0,6160887.0,45359.0,22040948.0,172030.0,43391.0,0.0,4.34,3.915,0.0
Boise,2022-05-01 00:00:00,Conventional,1.664396152,126346.28,86608.12,8780.06,7888.51,23069.59,2022-17,26271615.0,6885495.0,0.0,19169455.0,108183.0,108479.0,0.0,4.43,3.959,0.0
Boise,2022-05-08 00:00:00,Conventional,1.628788836,115744.16,66355.0,8712.64,9536.52,31140.0,2022-18,20714546.0,6512660.0,0.0,13485959.0,260311.0,455615.0,0.0,4.33,4.031,0.0
Boise,2022-05-15 00:00:00,Conventional,1.647969677,110887.48,67030.26,14512.79,2850.61,26493.83,2022-19,19223342.0,5628260.0,0.0,12496727.0,881394.0,216959.0,0.0,4.24,4.161,0.0
Boise,2022-05-22 00:00:00,Conventional,1.578338527,99653.1,54534.38,16429.75,906.38,27782.59,2022-20,21200487.0,5477897.0,0.0,13862334.0,1534815.0,325439.0,0.0,3.65,4.32,0.0
Boston,2022-01-10 00:00:00,Conventional,1.518744589,659247.74,152701.27,340825.61,3282.23,162438.63,2022-2,25842385.0,254741.0,45359.0,25417092.0,0.0,45359.0,79832.0,4.89,3.164,0.0
Boston,2022-01-16 00:00:00,Conventional,1.351928806,738218.12,238553.92,330355.97,3111.64,166196.59,2022-2,25842385.0,254741.0,45359.0,25417092.0,0.0,45359.0,79832.0,4.89,3.164,0.0
Boston,2022-01-23 00:00:00,Conventional,1.491019131,656199.99,164820.2,321800.6,2937.92,166641.27,2022-3,27651102.0,1358681.0,0.0,26249028.0,0.0,43391.0,0.0,5.01,3.182,1.0
Boston,2022-01-30 00:00:00,Conventional,1.58486202,715032.76,180795.47,356167.01,2450.07,175620.21,2022-4,27067867.0,2351814.0,199580.0,24429687.0,0.0,86783.0,0.0,5.39,3.199,0.0
Boston,2022-02-06 00:00:00,Conventional,1.609556435,579290.85,150058.92,276443.14,3116.56,149672.22,2022-5,23700493.0,2529702.0,226796.0,20705339.0,0.0,238655.0,0.0,5.19,3.249,0.0
Boston,2022-02-13 00:00:00,Conventional,1.477147075,733526.37,199982.18,368592.61,3479.09,161472.49,2022-6,13538106.0,1837830.0,199580.0,10979992.0,0.0,520702.0,0.0,5.08,3.33,0.0
Boston,2022-02-20 00:00:00,Conventional,1.606944658,722884.18,235918.08,322293.73,1493.27,163179.1,2022-7,11411144.0,3432575.0,222260.0,7300693.0,0.0,455615.0,0.0,6.21,3.372,0.0
Boston,2022-02-27 00:00:00,Conventional,1.610882676,639092.39,152694.87,310295.78,1069.47,175032.27,2022-8,26431640.0,3658560.0,594205.0,21853434.0,0.0,325439.0,0.0,5.17,3.41,1.0
Boston,2022-03-06 00:00:00,Conventional,1.633699023,593595.29,143728.67,279475.97,1539.85,168850.8,2022-9,29166929.0,3454216.0,576061.0,24811211.0,0.0,325439.0,0.0,4.74,3.486,0.0
Boston,2022-03-13 00:00:00,Conventional,1.677296415,594782.87,151022.85,289419.63,1727.86,152612.53,2022-10,25843478.0,3630077.0,426376.0,21678544.0,0.0,108479.0,0.0,4.69,3.963,0.0
Boston,2022-03-20 00:00:00,Conventional,1.690419498,582061.06,143749.12,286482.8,1329.04,150500.1,2022-11,22051255.0,3436635.0,145149.0,18035551.0,0.0,433919.0,0.0,4.88,4.18,0.0
Boston,2022-03-27 00:00:00,Conventional,1.685886831,589307.86,145165.35,289249.69,1360.59,153532.22,2022-12,18189130.0,3153811.0,299370.0,14519564.0,64511.0,151871.0,0.0,4.4,4.091,0.0
Boston,2022-04-03 00:00:00,Conventional,1.682007882,599111.93,155490.83,286065.64,1541.74,156013.73,2022-13,21009354.0,2482199.0,340194.0,18021432.0,100440.0,65087.0,0.0,4.68,4.078,0.0
Boston,2022-04-10 00:00:00,Conventional,1.614708907,663094.14,232155.18,264803.48,1348.36,164787.13,2022-14,23623647.0,3972180.0,81646.0,19288540.0,86015.0,195263.0,0.0,4.41,4.021,0.0
Boston,2022-04-17 00:00:00,Conventional,1.690173117,596927.05,210296.26,226342.98,1314.03,158973.79,2022-15,15061578.0,5023348.0,40823.0,9827999.0,60927.0,108479.0,0.0,4.42,3.943,0.0
Boston,2022-04-24 00:00:00,Conventional,1.631075662,596983.12,217013.31,227540.42,1078.81,151350.57,2022-16,28462618.0,6160887.0,45359.0,22040948.0,172030.0,43391.0,0.0,4.34,3.915,0.0
Boston,2022-05-01 00:00:00,Conventional,1.683103355,598316.66,213145.16,224756.3,1322.26,159092.93,2022-17,26271615.0,6885495.0,0.0,19169455.0,108183.0,108479.0,0.0,4.43,3.959,0.0
Boston,2022-05-08 00:00:00,Conventional,1.741361239,748999.06,346695.72,238461.28,3981.08,159860.99,2022-18,20714546.0,6512660.0,0.0,13485959.0,260311.0,455615.0,0.0,4.33,4.031,0.0
Boston,2022-05-15 00:00:00,Conventional,1.727471264,582208.11,206441.18,203282.73,3528.53,168955.67,2022-19,19223342.0,5628260.0,0.0,12496727.0,881394.0,216959.0,0.0,4.24,4.161,0.0
Boston,2022-05-22 00:00:00,Conventional,1.737136021,598550.28,208527.05,227733.77,499.04,161790.41,2022-20,21200487.0,5477897.0,0.0,13862334.0,1534815.0,325439.0,0.0,3.65,4.32,0.0
Buffalo/Rochester,2022-01-10 00:00:00,Conventional,1.207224525,248527.6,47269.74,52153.33,870.8,148233.72,2022-2,25842385.0,254741.0,45359.0,25417092.0,0.0,45359.0,79832.0,4.89,3.164,0.0
Buffalo/Rochester,2022-01-16 00:00:00,Conventional,1.265122203,252534.03,55148.16,52717.45,844.79,143823.63,2022-2,25842385.0,254741.0,45359.0,25417092.0,0.0,45359.0,79832.0,4.89,3.164,0.0
Buffalo/Rochester,2022-01-23 00:00:00,Conventional,1.21764666,240826.51,62737.4,45664.31,899.47,131525.33,2022-3,27651102.0,1358681.0,0.0,26249028.0,0.0,43391.0,0.0,5.01,3.182,1.0
Buffalo/Rochester,2022-01-30 00:00:00,Conventional,1.238961642,239580.02,53115.18,45977.56,1014.58,139472.71,2022-4,27067867.0,2351814.0,199580.0,24429687.0,0.0,86783.0,0.0,5.39,3.199,0.0
Buffalo/Rochester,2022-02-06 00:00:00,Conventional,1.161051213,277428.78,65710.27,48861.68,783.48,162073.33,2022-5,23700493.0,2529702.0,226796.0,20705339.0,0.0,238655.0,0.0,5.19,3.249,0.0
Buffalo/Rochester,2022-02-13 00:00:00,Conventional,1.145937427,289734.66,112934.15,44791.12,1062.43,130946.97,2022-6,13538106.0,1837830.0,199580.0,10979992.0,0.0,520702.0,0.0,5.08,3.33,0.0
Buffalo/Rochester,2022-02-20 00:00:00,Conventional,1.211909888,224581.2,61257.76,40646.67,762.82,121913.94,2022-7,11411144.0,3432575.0,222260.0,7300693.0,0.0,455615.0,0.0,6.21,3.372,0.0
Buffalo/Rochester,2022-02-27 00:00:00,Conventional,1.188253747,245751.75,60450.3,43870.86,1308.15,140122.44,2022-8,26431640.0,3658560.0,594205.0,21853434.0,0.0,325439.0,0.0,5.17,3.41,1.0
Buffalo/Rochester,2022-03-06 00:00:00,Conventional,1.326379888,219964.66,48231.2,41787.84,586.37,129359.24,2022-9,29166929.0,3454216.0,576061.0,24811211.0,0.0,325439.0,0.0,4.74,3.486,0.0
Buffalo/Rochester,2022-03-13 00:00:00,Conventional,1.356368893,222271.22,53514.87,38691.68,637.59,129427.08,2022-10,25843478.0,3630077.0,426376.0,21678544.0,0.0,108479.0,0.0,4.69,3.963,0.0
Buffalo/Rochester,2022-03-20 00:00:00,Conventional,1.376544097,208765.03,49187.51,37844.89,1255.24,120477.39,2022-11,22051255.0,3436635.0,145149.0,18035551.0,0.0,433919.0,0.0,4.88,4.18,0.0
Buffalo/Rochester,2022-03-27 00:00:00,Conventional,1.372944306,215237.97,48125.55,41270.4,1245.51,124596.51,2022-12,18189130.0,3153811.0,299370.0,14519564.0,64511.0,151871.0,0.0,4.4,4.091,0.0
Buffalo/Rochester,2022-04-03 00:00:00,Conventional,1.33975126,231897.26,51564.93,41341.19,1313.2,137677.93,2022-13,21009354.0,2482199.0,340194.0,18021432.0,100440.0,65087.0,0.0,4.68,4.078,0.0
Buffalo/Rochester,2022-04-10 00:00:00,Conventional,1.375412756,224293.15,52613.51,41977.59,1606.07,128095.98,2022-14,23623647.0,3972180.0,81646.0,19288540.0,86015.0,195263.0,0.0,4.41,4.021,0.0
Buffalo/Rochester,2022-04-17 00:00:00,Conventional,1.402845342,217756.9,48468.37,42828.12,1449.36,125011.06,2022-15,15061578.0,5023348.0,40823.0,9827999.0,60927.0,108479.0,0.0,4.42,3.943,0.0
Buffalo/Rochester,2022-04-24 00:00:00,Conventional,1.331148572,223320.84,53873.01,40097.76,1209.43,128140.64,2022-16,28462618.0,6160887.0,45359.0,22040948.0,172030.0,43391.0,0.0,4.34,3.915,0.0
Buffalo/Rochester,2022-05-01 00:00:00,Conventional,1.340156589,248178.24,74715.45,44664.32,1795.45,127003.01,2022-17,26271615.0,6885495.0,0.0,19169455.0,108183.0,108479.0,0.0,4.43,3.959,0.0
Buffalo/Rochester,2022-05-08 00:00:00,Conventional,1.429540562,236167.09,59022.07,44228.46,1960.01,130956.55,2022-18,20714546.0,6512660.0,0.0,13485959.0,260311.0,455615.0,0.0,4.33,4.031,0.0
Buffalo/Rochester,2022-05-15 00:00:00,Conventional,1.452562868,214544.96,49051.17,40709.79,1586.88,123197.11,2022-19,19223342.0,5628260.0,0.0,12496727.0,881394.0,216959.0,0.0,4.24,4.161,0.0
Buffalo/Rochester,2022-05-22 00:00:00,Conventional,1.482447875,211450.68,50872.73,47069.11,1521.52,111987.32,2022-20,21200487.0,5477897.0,0.0,13862334.0,1534815.0,325439.0,0.0,3.65,4.32,0.0
Charlotte,2022-01-10 00:00:00,Conventional,1.110561935,453178.88,211296.11,68103.01,6571.3,167208.46,2022-2,25842385.0,254741.0,45359.0,25417092.0,0.0,45359.0,79832.0,4.89,3.164,0.0
Charlotte,2022-01-16 00:00:00,Conventional,1.241522471,423825.24,159276.35,65271.77,6965.21,192311.9,2022-2,25842385.0,254741.0,45359.0,25417092.0,0.0,45359.0,79832.0,4.89,3.164,0.0
Charlotte,2022-01-23 00:00:00,Conventional,1.356437469,374272.12,153322.79,59799.64,6670.35,154479.35,2022-3,27651102.0,1358681.0,0.0,26249028.0,0.0,43391.0,0.0,5.01,3.182,1.0
Charlotte,2022-01-30 00:00:00,Conventional,1.300751506,397773.02,168415.92,56956.78,6203.93,166196.39,2022-4,27067867.0,2351814.0,199580.0,24429687.0,0.0,86783.0,0.0,5.39,3.199,0.0
Charlotte,2022-02-06 00:00:00,Conventional,1.291675743,408949.34,175671.34,59403.63,5492.68,168381.69,2022-5,23700493.0,2529702.0,226796.0,20705339.0,0.0,238655.0,0.0,5.19,3.249,0.0
Charlotte,2022-02-13 00:00:00,Conventional,1.195680045,517984.95,269656.95,82671.62,5911.58,159744.8,2022-6,13538106.0,1837830.0,199580.0,10979992.0,0.0,520702.0,0.0,5.08,3.33,0.0
Charlotte,2022-02-20 00:00:00,Conventional,1.272610413,427082.02,181393.18,64343.87,4698.3,176646.66,2022-7,11411144.0,3432575.0,222260.0,7300693.0,0.0,455615.0,0.0,6.21,3.372,0.0
Charlotte,2022-02-27 00:00:00,Conventional,1.305726932,398613.8,178728.37,55776.07,4060.3,160049.06,2022-8,26431640.0,3658560.0,594205.0,21853434.0,0.0,325439.0,0.0,5.17,3.41,1.0
Charlotte,2022-03-06 00:00:00,Conventional,1.321140121,407999.41,166906.64,55034.0,3358.96,182699.81,2022-9,29166929.0,3454216.0,576061.0,24811211.0,0.0,325439.0,0.0,4.74,3.486,0.0
Charlotte,2022-03-13 00:00:00,Conventional,1.37530832,385821.71,157487.74,57004.32,2913.95,168415.7,2022-10,25843478.0,3630077.0,426376.0,21678544.0,0.0,108479.0,0.0,4.69,3.963,0.0
Charlotte,2022-03-20 00:00:00,Conventional,1.376515022,395517.68,172534.73,59085.36,3278.08,160619.51,2022-11,22051255.0,3436635.0,145149.0,18035551.0,0.0,433919.0,0.0,4.88,4.18,0.0
Charlotte,2022-03-27 00:00:00,Conventional,1.37622839,411746.55,153515.63,56416.11,3450.35,198364.47,2022-12,18189130.0,3153811.0,299370.0,14519564.0,64511.0,151871.0,0.0,4.4,4.091,0.0
Charlotte,2022-04-03 00:00:00,Conventional,1.434496357,394418.71,157773.78,56206.63,3395.84,177042.46,2022-13,21009354.0,2482199.0,340194.0,18021432.0,100440.0,65087.0,0.0,4.68,4.078,0.0
Charlotte,2022-04-10 00:00:00,Conventional,1.368253071,378163.75,155971.83,54553.23,4116.72,163521.98,2022-14,23623647.0,3972180.0,81646.0,19288540.0,86015.0,195263.0,0.0,4.41,4.021,0.0
Charlotte,2022-04-17 00:00:00,Conventional,1.473907896,347633.61,139749.28,53160.71,3747.64,150975.98,2022-15,15061578.0,5023348.0,40823.0,9827999.0,60927.0,108479.0,0.0,4.42,3.943,0.0
Charlotte,2022-04-24 00:00:00,Conventional,1.461065952,380380.98,154505.57,61575.02,3886.95,160413.45,2022-16,28462618.0,6160887.0,45359.0,22040948.0,172030.0,43391.0,0.0,4.34,3.915,0.0
Charlotte,2022-05-01 00:00:00,Conventional,1.280065464,462482.2,214074.84,58853.16,3372.57,186181.63,2022-17,26271615.0,6885495.0,0.0,19169455.0,108183.0,108479.0,0.0,4.43,3.959,0.0
Charlotte,2022-05-08 00:00:00,Conventional,1.483458944,410003.38,181693.63,65045.97,5061.46,158202.32,2022-18,20714546.0,6512660.0,0.0,13485959.0,260311.0,455615.0,0.0,4.33,4.031,0.0
Charlotte,2022-05-15 00:00:00,Conventional,1.524977582,365857.04,153618.5,53927.7,3965.32,154345.52,2022-19,19223342.0,5628260.0,0.0,12496727.0,881394.0,216959.0,0.0,4.24,4.161,0.0
Charlotte,2022-05-22 00:00:00,Conventional,1.509172032,381932.72,164257.08,49367.65,2575.29,165732.71,2022-20,21200487.0,5477897.0,0.0,13862334.0,1534815.0,325439.0,0.0,3.65,4.32,0.0
