src/avocado-data/combined_data/combined_dataset.csv
region,date,type,average_selling_price,total_sales_volume,4046_units,4225_units,4770_units,total_bagged_units,year_week,total_prod_volume,california_prod_volume,chile_prod_volume,mexico_prod_volume,peru_prod_volume,colombia_prod_volume,dominican_republic_prod_volume,WEI,gasoline_price,is_holiday
Chicago,2022-01-10 00:00:00,Conventional,1.168758675,1159342.52,515065.48,272642.2,113283.23,258351.62,2022-2,25842385.0,254741.0,45359.0,25417092.0,0.0,45359.0,79832.0,4.89,3.164,0.0
Chicago,2022-01-16 00:00:00,Conventional,1.246564014,1121504.15,403882.02,288985.39,116995.24,311641.5,2022-2,25842385.0,254741.0,45359.0,25417092.0,0.0,45359.0,79832.0,4.89,3.164,0.0
Chicago,2022-01-23 00:00:00,Conventional,1.286320537,1090809.11,386261.41,282040.68,129252.17,293254.85,2022-3,27651102.0,1358681.0,0.0,26249028.0,0.0,43391.0,0.0,5.01,3.182,1.0
Chicago,2022-01-30 00:00:00,Conventional,1.085344331,1403283.36,409576.83,593508.99,118931.52,281266.01,2022-4,27067867.0,2351814.0,199580.0,24429687.0,0.0,86783.0,0.0,5.39,3.199,0.0
Chicago,2022-02-06 00:00:00,Conventional,1.258173891,1141258.29,481686.76,228415.71,109246.68,321909.14,2022-5,23700493.0,2529702.0,226796.0,20705339.0,0.0,238655.0,0.0,5.19,3.249,0.0
Chicago,2022-02-13 00:00:00,Conventional,1.29236594,1948551.15,759705.52,785743.83,140275.7,262826.1,2022-6,13538106.0,1837830.0,199580.0,10979992.0,0.0,520702.0,0.0,5.08,3.33,0.0
Chicago,2022-02-20 00:00:00,Conventional,1.218149691,1111582.21,496890.06,232248.27,111975.75,270468.13,2022-7,11411144.0,3432575.0,222260.0,7300693.0,0.0,455615.0,0.0,6.21,3.372,0.0
Chicago,2022-02-27 00:00:00,Conventional,1.305610783,1079746.1,381024.8,279394.07,97567.77,321759.46,2022-8,26431640.0,3658560.0,594205.0,21853434.0,0.0,325439.0,0.0,5.17,3.41,1.0
Chicago,2022-03-06 00:00:00,Conventional,1.432771807,960709.99,344943.85,259119.31,102989.09,253657.74,2022-9,29166929.0,3454216.0,576061.0,24811211.0,0.0,325439.0,0.0,4.74,3.486,0.0
Chicago,2022-03-13 00:00:00,Conventional,1.414110729,1000466.15,363670.71,242781.85,93993.58,300020.01,2022-10,25843478.0,3630077.0,426376.0,21678544.0,0.0,108479.0,0.0,4.69,3.963,0.0
Chicago,2022-03-20 00:00:00,Conventional,1.42431749,983016.44,395886.43,216126.49,82413.81,288589.72,2022-11,22051255.0,3436635.0,145149.0,18035551.0,0.0,433919.0,0.0,4.88,4.18,0.0
Chicago,2022-03-27 00:00:00,Conventional,1.445545007,995506.88,374142.09,248036.63,83146.86,290181.31,2022-12,18189130.0,3153811.0,299370.0,14519564.0,64511.0,151871.0,0.0,4.4,4.091,0.0
Chicago,2022-04-03 00:00:00,Conventional,1.416612861,1063094.44,442502.89,212401.14,88162.36,320028.06,2022-13,21009354.0,2482199.0,340194.0,18021432.0,100440.0,65087.0,0.0,4.68,4.078,0.0
Chicago,2022-04-10 00:00:00,Conventional,1.47035216,1360015.47,791402.68,107483.13,82338.79,378790.87,2022-14,23623647.0,3972180.0,81646.0,19288540.0,86015.0,195263.0,0.0,4.41,4.021,0.0
Chicago,2022-04-17 00:00:00,Conventional,1.472547482,1114814.08,625371.75,89626.65,88560.93,311254.74,2022-15,15061578.0,5023348.0,40823.0,9827999.0,60927.0,108479.0,0.0,4.42,3.943,0.0
Chicago,2022-04-24 00:00:00,Conventional,1.449168279,1048320.1,624550.28,65801.56,80789.85,277178.41,2022-16,28462618.0,6160887.0,45359.0,22040948.0,172030.0,43391.0,0.0,4.34,3.915,0.0
Chicago,2022-05-01 00:00:00,Conventional,1.325632067,1253919.64,698720.71,76595.52,89142.9,389460.51,2022-17,26271615.0,6885495.0,0.0,19169455.0,108183.0,108479.0,0.0,4.43,3.959,0.0
Chicago,2022-05-08 00:00:00,Conventional,1.401101487,1179436.77,649386.99,76658.53,98545.86,354845.39,2022-18,20714546.0,6512660.0,0.0,13485959.0,260311.0,455615.0,0.0,4.33,4.031,0.0
Chicago,2022-05-15 00:00:00,Conventional,1.575896925,1016280.55,564239.02,75372.47,94553.73,282115.33,2022-19,19223342.0,5628260.0,0.0,12496727.0,881394.0,216959.0,0.0,4.24,4.161,0.0
Cincinnati/Dayton,2022-01-10 00:00:00,Conventional,0.9260718,368379.51,274756.23,51210.41,927.58,41485.29,2022-2,25842385.0,254741.0,45359.0,25417092.0,0.0,45359.0,79832.0,4.89,3.164,0.0
Cincinnati/Dayton,2022-01-16 00:00:00,Conventional,0.981840325,368621.28,252686.84,72880.53,1047.71,42006.2,2022-2,25842385.0,254741.0,45359.0,25417092.0,0.0,45359.0,79832.0,4.89,3.164,0.0
Cincinnati/Dayton,2022-01-23 00:00:00,Conventional,1.023597517,331540.27,239311.79,52248.6,595.76,39384.12,2022-3,27651102.0,1358681.0,0.0,26249028.0,0.0,43391.0,0.0,5.01,3.182,1.0
Cincinnati/Dayton,2022-01-30 00:00:00,Conventional,0.956532224,362159.26,273950.25,49002.24,934.01,38272.76,2022-4,27067867.0,2351814.0,199580.0,24429687.0,0.0,86783.0,0.0,5.39,3.199,0.0
Cincinnati/Dayton,2022-02-06 00:00:00,Conventional,1.046600908,362528.91,261651.23,49775.89,836.36,50265.43,2022-5,23700493.0,2529702.0,226796.0,20705339.0,0.0,238655.0,0.0,5.19,3.249,0.0
Cincinnati/Dayton,2022-02-13 00:00:00,Conventional,1.123377825,452413.81,341014.67,65042.96,792.4,45563.78,2022-6,13538106.0,1837830.0,199580.0,10979992.0,0.0,520702.0,0.0,5.08,3.33,0.0
Cincinnati/Dayton,2022-02-20 00:00:00,Conventional,1.210215252,327839.4,226014.88,60610.74,381.22,40832.55,2022-7,11411144.0,3432575.0,222260.0,7300693.0,0.0,455615.0,0.0,6.21,3.372,0.0
Cincinnati/Dayton,2022-02-27 00:00:00,Conventional,1.202532085,347736.03,247422.42,54855.9,429.0,45028.71,2022-8,26431640.0,3658560.0,594205.0,21853434.0,0.0,325439.0,0.0,5.17,3.41,1.0
Cincinnati/Dayton,2022-03-06 00:00:00,Conventional,1.229424717,323711.78,226073.47,54224.64,398.0,43015.68,2022-9,29166929.0,3454216.0,576061.0,24811211.0,0.0,325439.0,0.0,4.74,3.486,0.0
Cincinnati/Dayton,2022-03-13 00:00:00,Conventional,1.191871981,352161.22,244837.63,63594.27,387.61,43341.71,2022-10,25843478.0,3630077.0,426376.0,21678544.0,0.0,108479.0,0.0,4.69,3.963,0.0
Cincinnati/Dayton,2022-03-20 00:00:00,Conventional,1.210972694,327205.26,231007.3,55951.33,389.57,39857.06,2022-11,22051255.0,3436635.0,145149.0,18035551.0,0.0,433919.0,0.0,4.88,4.18,0.0
Cincinnati/Dayton,2022-03-27 00:00:00,Conventional,1.373453172,308765.11,223526.15,41529.0,380.59,43329.37,2022-12,18189130.0,3153811.0,299370.0,14519564.0,64511.0,151871.0,0.0,4.4,4.091,0.0
Cincinnati/Dayton,2022-04-03 00:00:00,Conventional,1.171586297,362830.54,259532.88,48002.38,340.9,54954.38,2022-13,21009354.0,2482199.0,340194.0,18021432.0,100440.0,65087.0,0.0,4.68,4.078,0.0
Cincinnati/Dayton,2022-04-10 00:00:00,Conventional,1.201488451,364205.41,244477.6,47313.51,339.13,72075.16,2022-14,23623647.0,3972180.0,81646.0,19288540.0,86015.0,195263.0,0.0,4.41,4.021,0.0
Cincinnati/Dayton,2022-04-17 00:00:00,Conventional,1.376101061,326881.27,192099.62,70375.13,395.53,64011.0,2022-15,15061578.0,5023348.0,40823.0,9827999.0,60927.0,108479.0,0.0,4.42,3.943,0.0
Cincinnati/Dayton,2022-04-24 00:00:00,Conventional,1.354731172,301690.82,196206.45,58595.2,432.52,46456.65,2022-16,28462618.0,6160887.0,45359.0,22040948.0,172030.0,43391.0,0.0,4.34,3.915,0.0
Cincinnati/Dayton,2022-05-01 00:00:00,Conventional,1.198203224,400531.0,296469.5,41564.45,806.75,61690.29,2022-17,26271615.0,6885495.0,0.0,19169455.0,108183.0,108479.0,0.0,4.43,3.959,0.0
Cincinnati/Dayton,2022-05-08 00:00:00,Conventional,1.214502662,393256.06,290891.2,59835.0,874.25,41655.6,2022-18,20714546.0,6512660.0,0.0,13485959.0,260311.0,455615.0,0.0,4.33,4.031,0.0
Cincinnati/Dayton,2022-05-15 00:00:00,Conventional,1.51324307,267871.99,167375.05,57786.26,734.04,41976.64,2022-19,19223342.0,5628260.0,0.0,12496727.0,881394.0,216959.0,0.0,4.24,4.161,0.0
Columbus,2022-01-10 00:00:00,Conventional,0.936572039,302732.83,222223.12,30013.14,1373.97,49122.6,2022-2,25842385.0,254741.0,45359.0,25417092.0,0.0,45359.0,79832.0,4.89,3.164,0.0
Columbus,2022-01-16 00:00:00,Conventional,0.948222027,312709.28,224756.74,37728.75,1274.87,48948.93,2022-2,25842385.0,254741.0,45359.0,25417092.0,0.0,45359.0,79832.0,4.89,3.164,0.0
Columbus,2022-01-23 00:00:00,Conventional,1.074516859,272567.14,188690.08,35638.52,800.79,47437.75,2022-3,27651102.0,1358681.0,0.0,26249028.0,0.0,43391.0,0.0,5.01,3.182,1.0
Columbus,2022-01-30 00:00:00,Conventional,1.027646447,303295.2,226734.51,27808.29,1118.05,47634.35,2022-4,27067867.0,2351814.0,199580.0,24429687.0,0.0,86783.0,0.0,5.39,3.199,0.0
Columbus,2022-02-06 00:00:00,Conventional,1.000867139,312548.33,231726.26,29939.5,853.26,50029.31,2022-5,23700493.0,2529702.0,226796.0,20705339.0,0.0,238655.0,0.0,5.19,3.249,0.0
Columbus,2022-02-13 00:00:00,Conventional,1.074989585,367779.75,285409.07,34736.14,810.06,46824.48,2022-6,13538106.0,1837830.0,199580.0,10979992.0,0.0,520702.0,0.0,5.08,3.33,0.0
Columbus,2022-02-20 00:00:00,Conventional,1.177729635,285457.52,207985.87,29506.95,320.77,47643.94,2022-7,11411144.0,3432575.0,222260.0,7300693.0,0.0,455615.0,0.0,6.21,3.372,0.0
Columbus,2022-02-27 00:00:00,Conventional,1.141338743,289867.44,209755.87,31585.08,462.83,48063.67,2022-8,26431640.0,3658560.0,594205.0,21853434.0,0.0,325439.0,0.0,5.17,3.41,1.0
Columbus,2022-03-06 00:00:00,Conventional,1.200975752,279869.66,199025.49,30681.95,423.57,49738.65,2022-9,29166929.0,3454216.0,576061.0,24811211.0,0.0,325439.0,0.0,4.74,3.486,0.0
Columbus,2022-03-13 00:00:00,Conventional,1.186136524,291802.65,204728.43,38989.64,473.28,47611.3,2022-10,25843478.0,3630077.0,426376.0,21678544.0,0.0,108479.0,0.0,4.69,3.963,0.0
Columbus,2022-03-20 00:00:00,Conventional,1.217065723,275962.08,190690.7,37253.9,425.66,47591.82,2022-11,22051255.0,3436635.0,145149.0,18035551.0,0.0,433919.0,0.0,4.88,4.18,0.0
Columbus,2022-03-27 00:00:00,Conventional,1.359659888,251132.63,169493.91,31420.87,457.36,49760.49,2022-12,18189130.0,3153811.0,299370.0,14519564.0,64511.0,151871.0,0.0,4.4,4.091,0.0
Columbus,2022-04-03 00:00:00,Conventional,1.161088014,309466.52,217488.06,31308.86,426.45,60243.15,2022-13,21009354.0,2482199.0,340194.0,18021432.0,100440.0,65087.0,0.0,4.68,4.078,0.0
Columbus,2022-04-10 00:00:00,Conventional,1.161330698,307875.33,220827.09,21026.76,400.12,65621.36,2022-14,23623647.0,3972180.0,81646.0,19288540.0,86015.0,195263.0,0.0,4.41,4.021,0.0
Columbus,2022-04-17 00:00:00,Conventional,1.416042527,254076.84,140552.0,49273.29,547.2,63704.35,2022-15,15061578.0,5023348.0,40823.0,9827999.0,60927.0,108479.0,0.0,4.42,3.943,0.0
Columbus,2022-04-24 00:00:00,Conventional,1.359184735,253331.8,171699.71,33059.97,384.33,48187.8,2022-16,28462618.0,6160887.0,45359.0,22040948.0,172030.0,43391.0,0.0,4.34,3.915,0.0
Columbus,2022-05-01 00:00:00,Conventional,1.168559962,337850.05,257015.01,22259.71,675.96,57899.38,2022-17,26271615.0,6885495.0,0.0,19169455.0,108183.0,108479.0,0.0,4.43,3.959,0.0
Columbus,2022-05-08 00:00:00,Conventional,1.24108022,313419.28,243516.94,24581.09,1140.97,44180.27,2022-18,20714546.0,6512660.0,0.0,13485959.0,260311.0,455615.0,0.0,4.33,4.031,0.0
Columbus,2022-05-15 00:00:00,Conventional,1.477293429,233191.77,141241.04,45050.26,951.66,45948.81,2022-19,19223342.0,5628260.0,0.0,12496727.0,881394.0,216959.0,0.0,4.24,4.161,0.0
Dallas/Ft. Worth,2022-01-10 00:00:00,Conventional,0.901879503,1402797.35,610977.77,339968.46,16472.7,435378.43,2022-2,25842385.0,254741.0,45359.0,25417092.0,0.0,45359.0,79832.0,4.89,3.164,0.0
Dallas/Ft. Worth,2022-01-16 00:00:00,Conventional,0.97144593,1491470.45,687511.89,273541.46,15012.47,515404.63,2022-2,25842385.0,254741.0,45359.0,25417092.0,0.0,45359.0,79832.0,4.89,3.164,0.0
Dallas/Ft. Worth,2022-01-23 00:00:00,Conventional,1.000415774,1404430.83,674721.0,278107.68,15389.74,436212.41,2022-3,27651102.0,1358681.0,0.0,26249028.0,0.0,43391.0,0.0,5.01,3.182,1.0
Dallas/Ft. Worth,2022-01-30 00:00:00,Conventional,1.068617041,1430465.31,613901.9,348689.15,18527.45,449346.81,2022-4,27067867.0,2351814.0,199580.0,24429687.0,0.0,86783.0,0.0,5.39,3.199,0.0
Dallas/Ft. Worth,2022-02-06 00:00:00,Conventional,1.053441011,1439904.55,677543.36,285222.71,12297.51,464840.97,2022-5,23700493.0,2529702.0,226796.0,20705339.0,0.0,238655.0,0.0,5.19,3.249,0.0
Dallas/Ft. Worth,2022-02-13 00:00:00,Conventional,0.837745449,1984119.67,941651.82,248141.85,21729.07,772596.93,2022-6,13538106.0,1837830.0,199580.0,10979992.0,0.0,520702.0,0.0,5.08,3.33,0.0
Dallas/Ft. Worth,2022-02-20 00:00:00,Conventional,0.909463479,1640555.75,946815.36,210668.82,13622.48,469449.09,2022-7,11411144.0,3432575.0,222260.0,7300693.0,0.0,455615.0,0.0,6.21,3.372,0.0
Dallas/Ft. Worth,2022-02-27 00:00:00,Conventional,1.002872482,1438680.78,679286.27,298864.67,11496.38,449033.47,2022-8,26431640.0,3658560.0,594205.0,21853434.0,0.0,325439.0,0.0,5.17,3.41,1.0
Dallas/Ft. Worth,2022-03-06 00:00:00,Conventional,1.055957444,1344850.88,636204.42,243591.53,11768.39,453286.54,2022-9,29166929.0,3454216.0,576061.0,24811211.0,0.0,325439.0,0.0,4.74,3.486,0.0
Dallas/Ft. Worth,2022-03-13 00:00:00,Conventional,1.106693983,1372870.27,747916.68,192834.18,11009.42,421109.99,2022-10,25843478.0,3630077.0,426376.0,21678544.0,0.0,108479.0,0.0,4.69,3.963,0.0
Dallas/Ft. Worth,2022-03-20 00:00:00,Conventional,1.069397922,1439692.12,784906.98,183512.26,10575.33,460697.56,2022-11,22051255.0,3436635.0,145149.0,18035551.0,0.0,433919.0,0.0,4.88,4.18,0.0
Dallas/Ft. Worth,2022-03-27 00:00:00,Conventional,1.051638441,1500150.83,783741.35,180577.78,10842.39,524989.31,2022-12,18189130.0,3153811.0,299370.0,14519564.0,64511.0,151871.0,0.0,4.4,4.091,0.0
Dallas/Ft. Worth,2022-04-03 00:00:00,Conventional,1.085030768,1463722.72,814679.19,190592.56,10610.18,447840.8,2022-13,21009354.0,2482199.0,340194.0,18021432.0,100440.0,65087.0,0.0,4.68,4.078,0.0
Dallas/Ft. Worth,2022-04-10 00:00:00,Conventional,0.99625166,1656350.06,761232.16,192767.68,10281.65,692068.57,2022-14,23623647.0,3972180.0,81646.0,19288540.0,86015.0,195263.0,0.0,4.41,4.021,0.0
Dallas/Ft. Worth,2022-04-17 00:00:00,Conventional,1.144269641,1395037.26,612071.1,241945.04,9666.93,531354.19,2022-15,15061578.0,5023348.0,40823.0,9827999.0,60927.0,108479.0,0.0,4.42,3.943,0.0
Dallas/Ft. Worth,2022-04-24 00:00:00,Conventional,1.21462709,1259798.51,557007.35,275523.18,8930.37,418337.61,2022-16,28462618.0,6160887.0,45359.0,22040948.0,172030.0,43391.0,0.0,4.34,3.915,0.0
Dallas/Ft. Worth,2022-05-01 00:00:00,Conventional,1.113307247,1491832.12,809761.52,227394.97,9943.93,444731.7,2022-17,26271615.0,6885495.0,0.0,19169455.0,108183.0,108479.0,0.0,4.43,3.959,0.0
Dallas/Ft. Worth,2022-05-08 00:00:00,Conventional,1.139218065,1458790.7,764829.75,229697.89,26401.96,437861.11,2022-18,20714546.0,6512660.0,0.0,13485959.0,260311.0,455615.0,0.0,4.33,4.031,0.0
Dallas/Ft. Worth,2022-05-15 00:00:00,Conventional,1.239088488,1283792.79,663752.24,188677.74,17552.95,413809.86,2022-19,19223342.0,5628260.0,0.0,12496727.0,881394.0,216959.0,0.0,4.24,4.161,0.0
Denver,2022-01-10 00:00:00,Conventional,1.191395678,929195.23,359814.15,272264.94,30164.44,266951.7,2022-2,25842385.0,254741.0,45359.0,25417092.0,0.0,45359.0,79832.0,4.89,3.164,0.0
Denver,2022-01-16 00:00:00,Conventional,1.309504598,905436.35,441648.33,177671.47,39801.04,246315.51,2022-2,25842385.0,254741.0,45359.0,25417092.0,0.0,45359.0,79832.0,4.89,3.164,0.0
Denver,2022-01-23 00:00:00,Conventional,1.28363054,790565.26,337251.12,173810.34,35879.69,243624.11,2022-3,27651102.0,1358681.0,0.0,26249028.0,0.0,43391.0,0.0,5.01,3.182,1.0
Denver,2022-01-30 00:00:00,Conventional,1.300134659,935649.39,452084.58,229209.36,30457.75,223897.7,2022-4,27067867.0,2351814.0,199580.0,24429687.0,0.0,86783.0,0.0,5.39,3.199,0.0
Denver,2022-02-06 00:00:00,Conventional,1.420509827,848945.35,368274.34,213611.42,31864.27,235195.32,2022-5,23700493.0,2529702.0,226796.0,20705339.0,0.0,238655.0,0.0,5.19,3.249,0.0
Denver,2022-02-13 00:00:00,Conventional,1.396101389,1161994.87,489157.43,397543.05,30059.42,245234.97,2022-6,13538106.0,1837830.0,199580.0,10979992.0,0.0,520702.0,0.0,5.08,3.33,0.0
Denver,2022-02-20 00:00:00,Conventional,1.351815461,955717.44,388507.84,299031.04,28613.29,239565.26,2022-7,11411144.0,3432575.0,222260.0,7300693.0,0.0,455615.0,0.0,6.21,3.372,0.0
Denver,2022-02-27 00:00:00,Conventional,1.287428824,908711.82,332187.45,300851.33,24779.0,250894.05,2022-8,26431640.0,3658560.0,594205.0,21853434.0,0.0,325439.0,0.0,5.17,3.41,1.0
Denver,2022-03-06 00:00:00,Conventional,1.33250495,839920.12,344498.83,258577.32,24633.22,212210.75,2022-9,29166929.0,3454216.0,576061.0,24811211.0,0.0,325439.0,0.0,4.74,3.486,0.0
Denver,2022-03-13 00:00:00,Conventional,1.498887965,817118.31,338092.15,171241.76,99104.27,208680.13,2022-10,25843478.0,3630077.0,426376.0,21678544.0,0.0,108479.0,0.0,4.69,3.963,0.0
Denver,2022-03-20 00:00:00,Conventional,1.517466391,834291.24,374500.38,124008.39,135886.88,199895.59,2022-11,22051255.0,3436635.0,145149.0,18035551.0,0.0,433919.0,0.0,4.88,4.18,0.0
Denver,2022-03-27 00:00:00,Conventional,1.508335869,825070.45,422110.02,127860.96,73198.88,201900.59,2022-12,18189130.0,3153811.0,299370.0,14519564.0,64511.0,151871.0,0.0,4.4,4.091,0.0
Denver,2022-04-03 00:00:00,Conventional,1.456973604,935205.85,387989.34,285281.42,38839.84,223095.25,2022-13,21009354.0,2482199.0,340194.0,18021432.0,100440.0,65087.0,0.0,4.68,4.078,0.0
Denver,2022-04-10 00:00:00,Conventional,1.470490617,945650.07,384604.59,261560.57,31066.22,268418.69,2022-14,23623647.0,3972180.0,81646.0,19288540.0,86015.0,195263.0,0.0,4.41,4.021,0.0
Denver,2022-04-17 00:00:00,Conventional,1.546569256,899964.27,409570.09,187131.58,24305.51,278957.09,2022-15,15061578.0,5023348.0,40823.0,9827999.0,60927.0,108479.0,0.0,4.42,3.943,0.0
Denver,2022-04-24 00:00:00,Conventional,1.596608703,773478.46,359128.67,172827.98,20745.39,220776.42,2022-16,28462618.0,6160887.0,45359.0,22040948.0,172030.0,43391.0,0.0,4.34,3.915,0.0
Denver,2022-05-01 00:00:00,Conventional,1.57023376,968662.03,471455.61,291044.24,19689.39,186472.78,2022-17,26271615.0,6885495.0,0.0,19169455.0,108183.0,108479.0,0.0,4.43,3.959,0.0
Denver,2022-05-08 00:00:00,Conventional,1.665869232,892503.4,362334.09,335367.18,34396.14,160405.99,2022-18,20714546.0,6512660.0,0.0,13485959.0,260311.0,455615.0,0.0,4.33,4.031,0.0
Denver,2022-05-15 00:00:00,Conventional,1.750627665,803702.01,389225.56,225927.3,26835.47,161713.68,2022-19,19223342.0,5628260.0,0.0,12496727.0,881394.0,216959.0,0.0,4.24,4.161,0.0
