src/avocado-data/combined_data/combined_dataset.csv
region,date,type,average_selling_price,total_sales_volume,4046_units,4225_units,4770_units,total_bagged_units,year_week,total_prod_volume,california_prod_volume,chile_prod_volume,mexico_prod_volume,peru_prod_volume,colombia_prod_volume,dominican_republic_prod_volume,WEI,gasoline_price,is_holiday
Detroit,2022-01-10 00:00:00,Conventional,0.919285144,576818.89,385517.31,56169.88,32799.13,102332.57,2022-2,25842385.0,254741.0,45359.0,25417092.0,0.0,45359.0,79832.0,4.89,3.164,0.0
Detroit,2022-01-16 00:00:00,Conventional,0.988529924,548995.79,336830.4,53312.9,29902.3,128950.19,2022-2,25842385.0,254741.0,45359.0,25417092.0,0.0,45359.0,79832.0,4.89,3.164,0.0
Detroit,2022-01-23 00:00:00,Conventional,1.085510919,496284.24,290142.09,56164.07,55462.17,94515.92,2022-3,27651102.0,1358681.0,0.0,26249028.0,0.0,43391.0,0.0,5.01,3.182,1.0
Detroit,2022-01-30 00:00:00,Conventional,0.961911951,571305.31,398172.26,44484.72,29044.09,99604.25,2022-4,27067867.0,2351814.0,199580.0,24429687.0,0.0,86783.0,0.0,5.39,3.199,0.0
Detroit,2022-02-06 00:00:00,Conventional,1.044278323,550845.96,338374.16,48114.59,29090.99,135266.21,2022-5,23700493.0,2529702.0,226796.0,20705339.0,0.0,238655.0,0.0,5.19,3.249,0.0
Detroit,2022-02-13 00:00:00,Conventional,1.027705809,717819.84,482498.69,53995.39,88381.21,92944.55,2022-6,13538106.0,1837830.0,199580.0,10979992.0,0.0,520702.0,0.0,5.08,3.33,0.0
Detroit,2022-02-20 00:00:00,Conventional,1.171974518,497932.88,313708.98,53990.63,26666.22,103567.05,2022-7,11411144.0,3432575.0,222260.0,7300693.0,0.0,455615.0,0.0,6.21,3.372,0.0
Detroit,2022-02-27 00:00:00,Conventional,1.202599189,511767.85,299252.85,57025.61,44221.33,111268.05,2022-8,26431640.0,3658560.0,594205.0,21853434.0,0.0,325439.0,0.0,5.17,3.41,1.0
Detroit,2022-03-06 00:00:00,Conventional,1.28193118,475012.56,307430.58,36855.93,27331.84,103394.22,2022-9,29166929.0,3454216.0,576061.0,24811211.0,0.0,325439.0,0.0,4.74,3.486,0.0
Detroit,2022-03-13 00:00:00,Conventional,1.223337047,498289.66,347272.84,33433.23,29039.32,88544.27,2022-10,25843478.0,3630077.0,426376.0,21678544.0,0.0,108479.0,0.0,4.69,3.963,0.0
Detroit,2022-03-20 00:00:00,Conventional,1.219952267,484375.4,333931.57,30987.63,25465.6,93990.6,2022-11,22051255.0,3436635.0,145149.0,18035551.0,0.0,433919.0,0.0,4.88,4.18,0.0
Detroit,2022-03-27 00:00:00,Conventional,1.403890857,436967.68,257236.28,54035.35,24466.18,101229.86,2022-12,18189130.0,3153811.0,299370.0,14519564.0,64511.0,151871.0,0.0,4.4,4.091,0.0
Detroit,2022-04-03 00:00:00,Conventional,1.151842451,540749.45,338915.16,47990.32,10520.59,143323.39,2022-13,21009354.0,2482199.0,340194.0,18021432.0,100440.0,65087.0,0.0,4.68,4.078,0.0
Detroit,2022-04-10 00:00:00,Conventional,1.261271487,512432.9,289183.64,53020.92,10761.4,159466.94,2022-14,23623647.0,3972180.0,81646.0,19288540.0,86015.0,195263.0,0.0,4.41,4.021,0.0
Detroit,2022-04-17 00:00:00,Conventional,1.542320255,441010.06,193309.51,91160.73,13569.04,142970.78,2022-15,15061578.0,5023348.0,40823.0,9827999.0,60927.0,108479.0,0.0,4.42,3.943,0.0
Detroit,2022-04-24 00:00:00,Conventional,1.447670997,398200.16,218544.62,60763.73,6599.92,112291.89,2022-16,28462618.0,6160887.0,45359.0,22040948.0,172030.0,43391.0,0.0,4.34,3.915,0.0
Detroit,2022-05-01 00:00:00,Conventional,1.272715651,563462.76,351207.7,56605.7,7528.56,148120.8,2022-17,26271615.0,6885495.0,0.0,19169455.0,108183.0,108479.0,0.0,4.43,3.959,0.0
Detroit,2022-05-08 00:00:00,Conventional,1.27200098,592139.93,435713.49,51100.69,8360.55,96965.19,2022-18,20714546.0,6512660.0,0.0,13485959.0,260311.0,455615.0,0.0,4.33,4.031,0.0
Detroit,2022-05-15 00:00:00,Conventional,1.563079758,371650.99,211300.11,53105.51,7156.63,100088.74,2022-19,19223342.0,5628260.0,0.0,12496727.0,881394.0,216959.0,0.0,4.24,4.161,0.0
Grand Rapids,2022-01-10 00:00:00,Conventional,1.124689396,207669.6,94681.17,26008.86,33551.54,53428.04,2022-2,25842385.0,254741.0,45359.0,25417092.0,0.0,45359.0,79832.0,4.89,3.164,0.0
Grand Rapids,2022-01-16 00:00:00,Conventional,1.315423407,176447.6,48652.61,22163.98,28629.81,77001.2,2022-2,25842385.0,254741.0,45359.0,25417092.0,0.0,45359.0,79832.0,4.89,3.164,0.0
Grand Rapids,2022-01-23 00:00:00,Conventional,1.411899915,188653.6,42746.34,37136.08,56298.05,52473.13,2022-3,27651102.0,1358681.0,0.0,26249028.0,0.0,43391.0,0.0,5.01,3.182,1.0
Grand Rapids,2022-01-30 00:00:00,Conventional,1.211735848,197757.12,91693.42,21302.39,27866.33,56894.98,2022-4,27067867.0,2351814.0,199580.0,24429687.0,0.0,86783.0,0.0,5.39,3.199,0.0
Grand Rapids,2022-02-06 00:00:00,Conventional,1.325897209,195398.92,53874.06,24445.52,29624.69,87454.66,2022-5,23700493.0,2529702.0,226796.0,20705339.0,0.0,238655.0,0.0,5.19,3.249,0.0
Grand Rapids,2022-02-13 00:00:00,Conventional,0.967526814,325626.76,122042.91,56870.63,98948.96,47764.26,2022-6,13538106.0,1837830.0,199580.0,10979992.0,0.0,520702.0,0.0,5.08,3.33,0.0
Grand Rapids,2022-02-20 00:00:00,Conventional,1.34470102,182195.03,68644.14,25676.71,28334.22,59539.97,2022-7,11411144.0,3432575.0,222260.0,7300693.0,0.0,455615.0,0.0,6.21,3.372,0.0
Grand Rapids,2022-02-27 00:00:00,Conventional,1.526060672,183502.94,43987.13,27627.87,47063.39,64824.56,2022-8,26431640.0,3658560.0,594205.0,21853434.0,0.0,325439.0,0.0,5.17,3.41,1.0
Grand Rapids,2022-03-06 00:00:00,Conventional,1.689634342,151458.5,44659.62,20697.93,26076.35,60024.6,2022-9,29166929.0,3454216.0,576061.0,24811211.0,0.0,325439.0,0.0,4.74,3.486,0.0
Grand Rapids,2022-03-13 00:00:00,Conventional,1.643281762,145061.63,48030.56,19466.37,24804.54,52760.15,2022-10,25843478.0,3630077.0,426376.0,21678544.0,0.0,108479.0,0.0,4.69,3.963,0.0
Grand Rapids,2022-03-20 00:00:00,Conventional,1.568758807,168938.26,64284.6,20297.69,25106.65,59249.32,2022-11,22051255.0,3436635.0,145149.0,18035551.0,0.0,433919.0,0.0,4.88,4.18,0.0
Grand Rapids,2022-03-27 00:00:00,Conventional,1.63716712,177458.52,46428.66,40376.51,29860.47,60792.87,2022-12,18189130.0,3153811.0,299370.0,14519564.0,64511.0,151871.0,0.0,4.4,4.091,0.0
Grand Rapids,2022-04-03 00:00:00,Conventional,1.453281249,182676.02,51718.4,39248.56,9442.14,82266.92,2022-13,21009354.0,2482199.0,340194.0,18021432.0,100440.0,65087.0,0.0,4.68,4.078,0.0
Grand Rapids,2022-04-10 00:00:00,Conventional,1.599561236,160204.9,55432.36,37534.97,8773.91,58463.65,2022-14,23623647.0,3972180.0,81646.0,19288540.0,86015.0,195263.0,0.0,4.41,4.021,0.0
Grand Rapids,2022-04-17 00:00:00,Conventional,1.680297115,184292.13,54381.86,61528.16,14357.79,54024.32,2022-15,15061578.0,5023348.0,40823.0,9827999.0,60927.0,108479.0,0.0,4.42,3.943,0.0
Grand Rapids,2022-04-24 00:00:00,Conventional,1.511951509,184663.47,90745.14,36214.43,6260.58,51443.32,2022-16,28462618.0,6160887.0,45359.0,22040948.0,172030.0,43391.0,0.0,4.34,3.915,0.0
Grand Rapids,2022-05-01 00:00:00,Conventional,1.516003129,187579.01,64633.81,40972.92,7174.83,74797.46,2022-17,26271615.0,6885495.0,0.0,19169455.0,108183.0,108479.0,0.0,4.43,3.959,0.0
Grand Rapids,2022-05-08 00:00:00,Conventional,1.339390253,233920.47,129410.16,42363.51,6636.45,55510.35,2022-18,20714546.0,6512660.0,0.0,13485959.0,260311.0,455615.0,0.0,4.33,4.031,0.0
Grand Rapids,2022-05-15 00:00:00,Conventional,1.832622254,146594.24,44697.82,42340.03,6847.68,52708.71,2022-19,19223342.0,5628260.0,0.0,12496727.0,881394.0,216959.0,0.0,4.24,4.161,0.0
Harrisburg/Scranton,2022-01-10 00:00:00,Conventional,1.047654001,465300.74,207199.26,99458.58,1992.87,156650.03,2022-2,25842385.0,254741.0,45359.0,25417092.0,0.0,45359.0,79832.0,4.89,3.164,0.0
Harrisburg/Scranton,2022-01-16 00:00:00,Conventional,1.190916141,421603.32,162740.93,78104.03,2113.47,178644.88,2022-2,25842385.0,254741.0,45359.0,25417092.0,0.0,45359.0,79832.0,4.89,3.164,0.0
Harrisburg/Scranton,2022-01-23 00:00:00,Conventional,1.241930887,403411.5,151089.18,91986.83,1748.05,158587.45,2022-3,27651102.0,1358681.0,0.0,26249028.0,0.0,43391.0,0.0,5.01,3.182,1.0
Harrisburg/Scranton,2022-01-30 00:00:00,Conventional,1.240933583,434546.17,173682.35,95603.77,2130.33,163129.71,2022-4,27067867.0,2351814.0,199580.0,24429687.0,0.0,86783.0,0.0,5.39,3.199,0.0
Harrisburg/Scranton,2022-02-06 00:00:00,Conventional,1.236508005,441277.33,195251.54,83752.26,1547.19,160726.35,2022-5,23700493.0,2529702.0,226796.0,20705339.0,0.0,238655.0,0.0,5.19,3.249,0.0
Harrisburg/Scranton,2022-02-13 00:00:00,Conventional,1.233183532,501505.41,255543.78,77626.79,2082.08,166252.77,2022-6,13538106.0,1837830.0,199580.0,10979992.0,0.0,520702.0,0.0,5.08,3.33,0.0
Harrisburg/Scranton,2022-02-20 00:00:00,Conventional,1.212054427,492485.23,251141.07,78903.35,1258.2,161182.61,2022-7,11411144.0,3432575.0,222260.0,7300693.0,0.0,455615.0,0.0,6.21,3.372,0.0
Harrisburg/Scranton,2022-02-27 00:00:00,Conventional,1.329280633,453504.97,197798.88,69226.11,1027.75,185452.22,2022-8,26431640.0,3658560.0,594205.0,21853434.0,0.0,325439.0,0.0,5.17,3.41,1.0
Harrisburg/Scranton,2022-03-06 00:00:00,Conventional,1.360057657,386616.52,168814.91,57304.11,887.9,159609.61,2022-9,29166929.0,3454216.0,576061.0,24811211.0,0.0,325439.0,0.0,4.74,3.486,0.0
Harrisburg/Scranton,2022-03-13 00:00:00,Conventional,1.375516723,402369.73,182637.52,60679.19,724.74,158328.28,2022-10,25843478.0,3630077.0,426376.0,21678544.0,0.0,108479.0,0.0,4.69,3.963,0.0
Harrisburg/Scranton,2022-03-20 00:00:00,Conventional,1.408405353,386036.65,176231.84,58110.17,837.39,150857.26,2022-11,22051255.0,3436635.0,145149.0,18035551.0,0.0,433919.0,0.0,4.88,4.18,0.0
Harrisburg/Scranton,2022-03-27 00:00:00,Conventional,1.355817508,412628.97,192200.05,67361.75,830.87,152236.29,2022-12,18189130.0,3153811.0,299370.0,14519564.0,64511.0,151871.0,0.0,4.4,4.091,0.0
Harrisburg/Scranton,2022-04-03 00:00:00,Conventional,1.359018931,422153.23,189257.45,70441.83,1512.6,160941.34,2022-13,21009354.0,2482199.0,340194.0,18021432.0,100440.0,65087.0,0.0,4.68,4.078,0.0
Harrisburg/Scranton,2022-04-10 00:00:00,Conventional,1.329769286,427972.85,189856.87,76105.17,845.54,161165.28,2022-14,23623647.0,3972180.0,81646.0,19288540.0,86015.0,195263.0,0.0,4.41,4.021,0.0
Harrisburg/Scranton,2022-04-17 00:00:00,Conventional,1.441505564,406953.45,173336.85,70322.88,868.84,162424.87,2022-15,15061578.0,5023348.0,40823.0,9827999.0,60927.0,108479.0,0.0,4.42,3.943,0.0
Harrisburg/Scranton,2022-04-24 00:00:00,Conventional,1.428261162,392679.04,177596.01,60815.56,841.93,153425.55,2022-16,28462618.0,6160887.0,45359.0,22040948.0,172030.0,43391.0,0.0,4.34,3.915,0.0
Harrisburg/Scranton,2022-05-01 00:00:00,Conventional,1.404507294,433670.29,208481.78,75508.23,784.71,148895.57,2022-17,26271615.0,6885495.0,0.0,19169455.0,108183.0,108479.0,0.0,4.43,3.959,0.0
Harrisburg/Scranton,2022-05-08 00:00:00,Conventional,1.500104778,430454.5,206227.38,66133.19,2077.1,156016.83,2022-18,20714546.0,6512660.0,0.0,13485959.0,260311.0,455615.0,0.0,4.33,4.031,0.0
Harrisburg/Scranton,2022-05-15 00:00:00,Conventional,1.535696979,381786.4,183985.13,52001.39,1047.29,144752.59,2022-19,19223342.0,5628260.0,0.0,12496727.0,881394.0,216959.0,0.0,4.24,4.161,0.0
Hartford/Springfield,2022-01-10 00:00:00,Conventional,1.442405248,391942.61,74695.89,216839.8,1109.68,99297.24,2022-2,25842385.0,254741.0,45359.0,25417092.0,0.0,45359.0,79832.0,4.89,3.164,0.0
Hartford/Springfield,2022-01-16 00:00:00,Conventional,1.417624332,410596.51,88388.84,214491.7,1373.68,106342.3,2022-2,25842385.0,254741.0,45359.0,25417092.0,0.0,45359.0,79832.0,4.89,3.164,0.0
Hartford/Springfield,2022-01-23 00:00:00,Conventional,1.488974236,369192.0,62101.21,205024.06,1085.4,100981.32,2022-3,27651102.0,1358681.0,0.0,26249028.0,0.0,43391.0,0.0,5.01,3.182,1.0
Hartford/Springfield,2022-01-30 00:00:00,Conventional,1.496745208,425057.07,93117.76,236457.92,1786.0,93695.39,2022-4,27067867.0,2351814.0,199580.0,24429687.0,0.0,86783.0,0.0,5.39,3.199,0.0
Hartford/Springfield,2022-02-06 00:00:00,Conventional,1.417184333,405935.56,111843.18,195471.67,3072.15,95548.56,2022-5,23700493.0,2529702.0,226796.0,20705339.0,0.0,238655.0,0.0,5.19,3.249,0.0
Hartford/Springfield,2022-02-13 00:00:00,Conventional,1.260216751,588384.26,177905.18,315346.97,1805.85,93326.26,2022-6,13538106.0,1837830.0,199580.0,10979992.0,0.0,520702.0,0.0,5.08,3.33,0.0
Hartford/Springfield,2022-02-20 00:00:00,Conventional,1.420946266,393202.35,80672.09,201565.61,861.87,110102.79,2022-7,11411144.0,3432575.0,222260.0,7300693.0,0.0,455615.0,0.0,6.21,3.372,0.0
Hartford/Springfield,2022-02-27 00:00:00,Conventional,1.457687614,427203.83,86797.62,223538.13,5770.83,111097.25,2022-8,26431640.0,3658560.0,594205.0,21853434.0,0.0,325439.0,0.0,5.17,3.41,1.0
Hartford/Springfield,2022-03-06 00:00:00,Conventional,1.506906334,349790.88,70550.85,182628.8,2787.43,93823.8,2022-9,29166929.0,3454216.0,576061.0,24811211.0,0.0,325439.0,0.0,4.74,3.486,0.0
Hartford/Springfield,2022-03-13 00:00:00,Conventional,1.515850203,363627.87,70793.33,197868.98,2334.91,92630.65,2022-10,25843478.0,3630077.0,426376.0,21678544.0,0.0,108479.0,0.0,4.69,3.963,0.0
Hartford/Springfield,2022-03-20 00:00:00,Conventional,1.508456067,344012.46,54701.25,192061.16,2088.74,95161.31,2022-11,22051255.0,3436635.0,145149.0,18035551.0,0.0,433919.0,0.0,4.88,4.18,0.0
Hartford/Springfield,2022-03-27 00:00:00,Conventional,1.503820271,374235.33,58306.79,217314.95,5803.33,92810.26,2022-12,18189130.0,3153811.0,299370.0,14519564.0,64511.0,151871.0,0.0,4.4,4.091,0.0
Hartford/Springfield,2022-04-03 00:00:00,Conventional,1.502313255,372311.55,73102.89,201176.25,1344.61,96687.8,2022-13,21009354.0,2482199.0,340194.0,18021432.0,100440.0,65087.0,0.0,4.68,4.078,0.0
Hartford/Springfield,2022-04-10 00:00:00,Conventional,1.490181191,399855.46,100802.03,199698.35,741.65,98613.43,2022-14,23623647.0,3972180.0,81646.0,19288540.0,86015.0,195263.0,0.0,4.41,4.021,0.0
Hartford/Springfield,2022-04-17 00:00:00,Conventional,1.535149364,357701.97,98362.66,167636.0,1410.06,90293.24,2022-15,15061578.0,5023348.0,40823.0,9827999.0,60927.0,108479.0,0.0,4.42,3.943,0.0
Hartford/Springfield,2022-04-24 00:00:00,Conventional,1.512821847,383880.31,113045.9,170328.61,914.04,99591.76,2022-16,28462618.0,6160887.0,45359.0,22040948.0,172030.0,43391.0,0.0,4.34,3.915,0.0
Hartford/Springfield,2022-05-01 00:00:00,Conventional,1.403792904,472544.14,142707.12,236480.61,1218.26,92138.15,2022-17,26271615.0,6885495.0,0.0,19169455.0,108183.0,108479.0,0.0,4.43,3.959,0.0
Hartford/Springfield,2022-05-08 00:00:00,Conventional,1.543161662,394606.32,115190.92,172437.46,2069.02,104908.92,2022-18,20714546.0,6512660.0,0.0,13485959.0,260311.0,455615.0,0.0,4.33,4.031,0.0
Hartford/Springfield,2022-05-15 00:00:00,Conventional,1.587102558,362847.45,102777.22,156752.28,1419.67,101898.28,2022-19,19223342.0,5628260.0,0.0,12496727.0,881394.0,216959.0,0.0,4.24,4.161,0.0
