src/avocado-data/combined_data/combined_dataset.csv
region,date,type,average_selling_price,total_sales_volume,4046_units,4225_units,4770_units,total_bagged_units,year_week,total_prod_volume,california_prod_volume,chile_prod_volume,mexico_prod_volume,peru_prod_volume,colombia_prod_volume,dominican_republic_prod_volume,WEI,gasoline_price,is_holiday
Houston,2022-01-10 00:00:00,Conventional,0.980541488,1015864.43,466707.59,345640.78,7674.96,195841.1,2022-2,25842385.0,254741.0,45359.0,25417092.0,0.0,45359.0,79832.0,4.89,3.164,0.0
Houston,2022-01-16 00:00:00,Conventional,1.099808895,958003.08,527061.95,204459.19,9636.17,216845.77,2022-2,25842385.0,254741.0,45359.0,25417092.0,0.0,45359.0,79832.0,4.89,3.164,0.0
Houston,2022-01-23 00:00:00,Conventional,1.042975193,986100.63,454145.56,320625.72,7075.06,204254.29,2022-3,27651102.0,1358681.0,0.0,26249028.0,0.0,43391.0,0.0,5.01,3.182,1.0
Houston,2022-01-30 00:00:00,Conventional,1.088125732,950122.27,431184.42,324205.94,8358.53,186373.39,2022-4,27067867.0,2351814.0,199580.0,24429687.0,0.0,86783.0,0.0,5.39,3.199,0.0
Houston,2022-02-06 00:00:00,Conventional,1.127769977,986324.21,550760.54,216858.17,8373.66,210331.85,2022-5,23700493.0,2529702.0,226796.0,20705339.0,0.0,238655.0,0.0,5.19,3.249,0.0
Houston,2022-02-13 00:00:00,Conventional,0.931235541,1194887.49,760821.39,151399.41,7884.82,274781.87,2022-6,13538106.0,1837830.0,199580.0,10979992.0,0.0,520702.0,0.0,5.08,3.33,0.0
Houston,2022-02-20 00:00:00,Conventional,0.998275292,1052367.54,700378.82,133617.4,7229.17,211142.15,2022-7,11411144.0,3432575.0,222260.0,7300693.0,0.0,455615.0,0.0,6.21,3.372,0.0
Houston,2022-02-27 00:00:00,Conventional,1.034721205,964244.92,614128.08,141316.03,6859.02,201941.78,2022-8,26431640.0,3658560.0,594205.0,21853434.0,0.0,325439.0,0.0,5.17,3.41,1.0
Houston,2022-03-06 00:00:00,Conventional,1.036921781,921157.44,591994.5,127507.85,7162.94,194492.15,2022-9,29166929.0,3454216.0,576061.0,24811211.0,0.0,325439.0,0.0,4.74,3.486,0.0
Houston,2022-03-13 00:00:00,Conventional,1.105301399,882894.73,539784.91,134836.59,6963.71,201309.53,2022-10,25843478.0,3630077.0,426376.0,21678544.0,0.0,108479.0,0.0,4.69,3.963,0.0
Houston,2022-03-20 00:00:00,Conventional,1.118098884,933684.03,593382.73,147534.64,9565.93,183200.74,2022-11,22051255.0,3436635.0,145149.0,18035551.0,0.0,433919.0,0.0,4.88,4.18,0.0
Houston,2022-03-27 00:00:00,Conventional,1.122714048,973850.44,597279.9,152780.84,12857.12,210932.58,2022-12,18189130.0,3153811.0,299370.0,14519564.0,64511.0,151871.0,0.0,4.4,4.091,0.0
Houston,2022-04-03 00:00:00,Conventional,1.113194502,1038385.89,673698.01,151740.72,13012.3,199934.87,2022-13,21009354.0,2482199.0,340194.0,18021432.0,100440.0,65087.0,0.0,4.68,4.078,0.0
Houston,2022-04-10 00:00:00,Conventional,1.077432086,1067369.17,589314.89,155541.6,14342.43,308170.26,2022-14,23623647.0,3972180.0,81646.0,19288540.0,86015.0,195263.0,0.0,4.41,4.021,0.0
Houston,2022-04-17 00:00:00,Conventional,1.169946069,944635.8,521426.02,164316.58,13146.64,245746.55,2022-15,15061578.0,5023348.0,40823.0,9827999.0,60927.0,108479.0,0.0,4.42,3.943,0.0
Houston,2022-04-24 00:00:00,Conventional,1.236710869,869986.09,457924.36,198526.17,13833.67,199701.89,2022-16,28462618.0,6160887.0,45359.0,22040948.0,172030.0,43391.0,0.0,4.34,3.915,0.0
Houston,2022-05-01 00:00:00,Conventional,1.145109826,1065540.34,698047.99,166931.28,13203.04,187358.03,2022-17,26271615.0,6885495.0,0.0,19169455.0,108183.0,108479.0,0.0,4.43,3.959,0.0
Houston,2022-05-08 00:00:00,Conventional,1.176642477,994389.33,633335.15,187945.97,17788.92,155319.29,2022-18,20714546.0,6512660.0,0.0,13485959.0,260311.0,455615.0,0.0,4.33,4.031,0.0
Houston,2022-05-15 00:00:00,Conventional,1.28036823,796239.46,530951.46,134862.13,15179.3,115246.58,2022-19,19223342.0,5628260.0,0.0,12496727.0,881394.0,216959.0,0.0,4.24,4.161,0.0
Indianapolis,2022-01-10 00:00:00,Conventional,0.930581805,299176.27,197516.47,36983.6,1998.45,62677.74,2022-2,25842385.0,254741.0,45359.0,25417092.0,0.0,45359.0,79832.0,4.89,3.164,0.0
Indianapolis,2022-01-16 00:00:00,Conventional,0.982239728,306671.98,196472.1,40290.41,3171.01,66738.47,2022-2,25842385.0,254741.0,45359.0,25417092.0,0.0,45359.0,79832.0,4.89,3.164,0.0
Indianapolis,2022-01-23 00:00:00,Conventional,1.029126568,290226.28,188360.86,38938.08,2454.1,60473.24,2022-3,27651102.0,1358681.0,0.0,26249028.0,0.0,43391.0,0.0,5.01,3.182,1.0
Indianapolis,2022-01-30 00:00:00,Conventional,0.978366724,298779.73,208474.88,27925.38,1982.89,60396.58,2022-4,27067867.0,2351814.0,199580.0,24429687.0,0.0,86783.0,0.0,5.39,3.199,0.0
Indianapolis,2022-02-06 00:00:00,Conventional,1.027195736,319102.09,208391.59,34796.01,1907.91,74006.59,2022-5,23700493.0,2529702.0,226796.0,20705339.0,0.0,238655.0,0.0,5.19,3.249,0.0
Indianapolis,2022-02-13 00:00:00,Conventional,1.039017244,370396.65,256292.97,49834.0,1453.3,62816.38,2022-6,13538106.0,1837830.0,199580.0,10979992.0,0.0,520702.0,0.0,5.08,3.33,0.0
Indianapolis,2022-02-20 00:00:00,Conventional,1.148463974,293192.75,195082.0,34998.65,999.94,62112.16,2022-7,11411144.0,3432575.0,222260.0,7300693.0,0.0,455615.0,0.0,6.21,3.372,0.0
Indianapolis,2022-02-27 00:00:00,Conventional,1.163416866,287823.99,176544.1,52428.0,1230.63,57621.25,2022-8,26431640.0,3658560.0,594205.0,21853434.0,0.0,325439.0,0.0,5.17,3.41,1.0
Indianapolis,2022-03-06 00:00:00,Conventional,1.18644214,278395.08,174120.96,40109.28,1040.09,63124.76,2022-9,29166929.0,3454216.0,576061.0,24811211.0,0.0,325439.0,0.0,4.74,3.486,0.0
Indianapolis,2022-03-13 00:00:00,Conventional,1.136608925,291798.9,189248.35,39426.98,1130.36,61993.21,2022-10,25843478.0,3630077.0,426376.0,21678544.0,0.0,108479.0,0.0,4.69,3.963,0.0
Indianapolis,2022-03-20 00:00:00,Conventional,1.181440427,277363.55,184293.48,33522.95,1050.65,58496.47,2022-11,22051255.0,3436635.0,145149.0,18035551.0,0.0,433919.0,0.0,4.88,4.18,0.0
Indianapolis,2022-03-27 00:00:00,Conventional,1.289241664,262258.6,168512.73,30024.95,942.98,62777.95,2022-12,18189130.0,3153811.0,299370.0,14519564.0,64511.0,151871.0,0.0,4.4,4.091,0.0
Indianapolis,2022-04-03 00:00:00,Conventional,1.136189235,300162.37,194507.86,36337.86,1045.76,68270.9,2022-13,21009354.0,2482199.0,340194.0,18021432.0,100440.0,65087.0,0.0,4.68,4.078,0.0
Indianapolis,2022-04-10 00:00:00,Conventional,1.166040524,306002.71,193883.49,28341.38,1031.99,82745.84,2022-14,23623647.0,3972180.0,81646.0,19288540.0,86015.0,195263.0,0.0,4.41,4.021,0.0
Indianapolis,2022-04-17 00:00:00,Conventional,1.320632347,284643.19,143853.06,55378.5,1073.68,84337.94,2022-15,15061578.0,5023348.0,40823.0,9827999.0,60927.0,108479.0,0.0,4.42,3.943,0.0
Indianapolis,2022-04-24 00:00:00,Conventional,1.298514908,251338.97,142281.54,37004.61,1139.63,70913.18,2022-16,28462618.0,6160887.0,45359.0,22040948.0,172030.0,43391.0,0.0,4.34,3.915,0.0
Indianapolis,2022-05-01 00:00:00,Conventional,1.172726331,320685.3,209384.08,37434.81,1247.84,72618.57,2022-17,26271615.0,6885495.0,0.0,19169455.0,108183.0,108479.0,0.0,4.43,3.959,0.0
Indianapolis,2022-05-08 00:00:00,Conventional,1.1898277,323032.5,231464.71,34474.19,2229.1,54864.5,2022-18,20714546.0,6512660.0,0.0,13485959.0,260311.0,455615.0,0.0,4.33,4.031,0.0
Indianapolis,2022-05-15 00:00:00,Conventional,1.429784459,239248.49,153298.94,29987.13,1680.13,54282.3,2022-19,19223342.0,5628260.0,0.0,12496727.0,881394.0,216959.0,0.0,4.24,4.161,0.0
Jacksonville,2022-01-10 00:00:00,Conventional,1.214610491,232030.48,159764.02,10878.46,1306.86,60081.15,2022-2,25842385.0,254741.0,45359.0,25417092.0,0.0,45359.0,79832.0,4.89,3.164,0.0
Jacksonville,2022-01-16 00:00:00,Conventional,1.285892473,221715.4,146589.66,9972.3,1161.22,63992.23,2022-2,25842385.0,254741.0,45359.0,25417092.0,0.0,45359.0,79832.0,4.89,3.164,0.0
Jacksonville,2022-01-23 00:00:00,Conventional,1.295104756,217196.61,139985.22,7511.53,967.3,68732.57,2022-3,27651102.0,1358681.0,0.0,26249028.0,0.0,43391.0,0.0,5.01,3.182,1.0
Jacksonville,2022-01-30 00:00:00,Conventional,1.338311203,209422.02,137094.2,6425.08,894.49,65008.26,2022-4,27067867.0,2351814.0,199580.0,24429687.0,0.0,86783.0,0.0,5.39,3.199,0.0
Jacksonville,2022-02-06 00:00:00,Conventional,1.292923909,233940.94,154527.48,8122.54,1150.16,70140.76,2022-5,23700493.0,2529702.0,226796.0,20705339.0,0.0,238655.0,0.0,5.19,3.249,0.0
Jacksonville,2022-02-13 00:00:00,Conventional,1.141422755,291787.72,225120.47,9743.33,1210.97,55712.96,2022-6,13538106.0,1837830.0,199580.0,10979992.0,0.0,520702.0,0.0,5.08,3.33,0.0
Jacksonville,2022-02-20 00:00:00,Conventional,1.290462982,216911.0,148479.43,7042.74,836.32,60552.51,2022-7,11411144.0,3432575.0,222260.0,7300693.0,0.0,455615.0,0.0,6.21,3.372,0.0
Jacksonville,2022-02-27 00:00:00,Conventional,1.388489436,219882.17,137450.75,7450.38,710.03,74271.0,2022-8,26431640.0,3658560.0,594205.0,21853434.0,0.0,325439.0,0.0,5.17,3.41,1.0
Jacksonville,2022-03-06 00:00:00,Conventional,1.462182883,195601.9,129081.23,7158.35,733.65,58628.68,2022-9,29166929.0,3454216.0,576061.0,24811211.0,0.0,325439.0,0.0,4.74,3.486,0.0
Jacksonville,2022-03-13 00:00:00,Conventional,1.483148828,190953.83,123418.02,9085.33,707.87,57742.61,2022-10,25843478.0,3630077.0,426376.0,21678544.0,0.0,108479.0,0.0,4.69,3.963,0.0
Jacksonville,2022-03-20 00:00:00,Conventional,1.422166215,214610.95,139877.85,10329.92,715.69,63687.48,2022-11,22051255.0,3436635.0,145149.0,18035551.0,0.0,433919.0,0.0,4.88,4.18,0.0
Jacksonville,2022-03-27 00:00:00,Conventional,1.398599666,218605.52,139849.3,8681.35,666.6,69408.28,2022-12,18189130.0,3153811.0,299370.0,14519564.0,64511.0,151871.0,0.0,4.4,4.091,0.0
Jacksonville,2022-04-03 00:00:00,Conventional,1.41564857,227107.31,151013.58,8219.05,719.03,67155.65,2022-13,21009354.0,2482199.0,340194.0,18021432.0,100440.0,65087.0,0.0,4.68,4.078,0.0
Jacksonville,2022-04-10 00:00:00,Conventional,1.411533816,222012.15,144574.05,10928.47,689.2,65820.43,2022-14,23623647.0,3972180.0,81646.0,19288540.0,86015.0,195263.0,0.0,4.41,4.021,0.0
Jacksonville,2022-04-17 00:00:00,Conventional,1.428001587,213202.0,137667.92,13698.12,695.28,61140.68,2022-15,15061578.0,5023348.0,40823.0,9827999.0,60927.0,108479.0,0.0,4.42,3.943,0.0
Jacksonville,2022-04-24 00:00:00,Conventional,1.427430495,207448.27,139624.43,6577.45,581.93,60664.46,2022-16,28462618.0,6160887.0,45359.0,22040948.0,172030.0,43391.0,0.0,4.34,3.915,0.0
Jacksonville,2022-05-01 00:00:00,Conventional,1.259486855,281322.13,211133.5,9321.27,647.65,60219.71,2022-17,26271615.0,6885495.0,0.0,19169455.0,108183.0,108479.0,0.0,4.43,3.959,0.0
Jacksonville,2022-05-08 00:00:00,Conventional,1.451078462,210664.49,141982.59,7983.0,1526.92,59171.99,2022-18,20714546.0,6512660.0,0.0,13485959.0,260311.0,455615.0,0.0,4.33,4.031,0.0
Jacksonville,2022-05-15 00:00:00,Conventional,1.471314025,209151.45,140906.0,10178.95,1167.32,56899.18,2022-19,19223342.0,5628260.0,0.0,12496727.0,881394.0,216959.0,0.0,4.24,4.161,0.0
Las Vegas,2022-01-10 00:00:00,Conventional,1.07579166,398808.77,120064.51,165367.85,1212.21,112164.19,2022-2,25842385.0,254741.0,45359.0,25417092.0,0.0,45359.0,79832.0,4.89,3.164,0.0
Las Vegas,2022-01-16 00:00:00,Conventional,1.218325058,382899.03,119706.93,142099.58,884.35,120208.17,2022-2,25842385.0,254741.0,45359.0,25417092.0,0.0,45359.0,79832.0,4.89,3.164,0.0
Las Vegas,2022-01-23 00:00:00,Conventional,1.153425699,408144.23,134666.34,157217.76,2297.12,113963.0,2022-3,27651102.0,1358681.0,0.0,26249028.0,0.0,43391.0,0.0,5.01,3.182,1.0
Las Vegas,2022-01-30 00:00:00,Conventional,1.154468157,398269.6,160564.98,121336.11,1235.46,115133.05,2022-4,27067867.0,2351814.0,199580.0,24429687.0,0.0,86783.0,0.0,5.39,3.199,0.0
Las Vegas,2022-02-06 00:00:00,Conventional,1.030617526,493592.06,290644.76,85630.07,633.78,116683.45,2022-5,23700493.0,2529702.0,226796.0,20705339.0,0.0,238655.0,0.0,5.19,3.249,0.0
Las Vegas,2022-02-13 00:00:00,Conventional,1.16916365,468245.06,275854.19,62741.68,904.05,128745.15,2022-6,13538106.0,1837830.0,199580.0,10979992.0,0.0,520702.0,0.0,5.08,3.33,0.0
Las Vegas,2022-02-20 00:00:00,Conventional,1.172476475,425524.66,251366.5,45061.09,1788.06,127309.01,2022-7,11411144.0,3432575.0,222260.0,7300693.0,0.0,455615.0,0.0,6.21,3.372,0.0
Las Vegas,2022-02-27 00:00:00,Conventional,1.289408902,361052.02,194324.94,43401.56,7605.89,115719.62,2022-8,26431640.0,3658560.0,594205.0,21853434.0,0.0,325439.0,0.0,5.17,3.41,1.0
Las Vegas,2022-03-06 00:00:00,Conventional,1.350839789,403030.38,251340.26,49515.83,1185.87,100988.41,2022-9,29166929.0,3454216.0,576061.0,24811211.0,0.0,325439.0,0.0,4.74,3.486,0.0
Las Vegas,2022-03-13 00:00:00,Conventional,1.242567657,379064.11,219948.64,53297.02,793.12,105025.33,2022-10,25843478.0,3630077.0,426376.0,21678544.0,0.0,108479.0,0.0,4.69,3.963,0.0
Las Vegas,2022-03-20 00:00:00,Conventional,1.267856707,371760.38,217682.18,48583.66,977.7,104516.84,2022-11,22051255.0,3436635.0,145149.0,18035551.0,0.0,433919.0,0.0,4.88,4.18,0.0
Las Vegas,2022-03-27 00:00:00,Conventional,1.396718639,385425.18,232735.94,36046.9,18853.72,97788.62,2022-12,18189130.0,3153811.0,299370.0,14519564.0,64511.0,151871.0,0.0,4.4,4.091,0.0
Las Vegas,2022-04-03 00:00:00,Conventional,1.305388776,374812.02,221208.56,41960.26,13528.98,98114.23,2022-13,21009354.0,2482199.0,340194.0,18021432.0,100440.0,65087.0,0.0,4.68,4.078,0.0
Las Vegas,2022-04-10 00:00:00,Conventional,1.324352061,381689.96,207786.25,44306.27,3170.05,126427.39,2022-14,23623647.0,3972180.0,81646.0,19288540.0,86015.0,195263.0,0.0,4.41,4.021,0.0
Las Vegas,2022-04-17 00:00:00,Conventional,1.468216904,353311.79,177734.38,50848.39,1418.05,123310.97,2022-15,15061578.0,5023348.0,40823.0,9827999.0,60927.0,108479.0,0.0,4.42,3.943,0.0
Las Vegas,2022-04-24 00:00:00,Conventional,1.5078093,320124.25,163577.67,52751.87,621.2,103173.5,2022-16,28462618.0,6160887.0,45359.0,22040948.0,172030.0,43391.0,0.0,4.34,3.915,0.0
Las Vegas,2022-05-01 00:00:00,Conventional,1.429314862,404169.21,247478.87,52396.17,581.89,103712.28,2022-17,26271615.0,6885495.0,0.0,19169455.0,108183.0,108479.0,0.0,4.43,3.959,0.0
Las Vegas,2022-05-08 00:00:00,Conventional,1.375103663,403147.47,254842.95,37106.0,1450.25,109748.27,2022-18,20714546.0,6512660.0,0.0,13485959.0,260311.0,455615.0,0.0,4.33,4.031,0.0
Las Vegas,2022-05-15 00:00:00,Conventional,1.529293019,318557.01,184047.8,45282.56,784.57,88442.09,2022-19,19223342.0,5628260.0,0.0,12496727.0,881394.0,216959.0,0.0,4.24,4.161,0.0
Los Angeles,2022-01-10 00:00:00,Conventional,1.21047536,3228440.5,1947940.17,98045.84,427304.22,755150.28,2022-2,25842385.0,254741.0,45359.0,25417092.0,0.0,45359.0,79832.0,4.89,3.164,0.0
Los Angeles,2022-01-16 00:00:00,Conventional,1.294408635,3167729.14,1959354.81,117564.34,333043.1,757766.89,2022-2,25842385.0,254741.0,45359.0,25417092.0,0.0,45359.0,79832.0,4.89,3.164,0.0
Los Angeles,2022-01-23 00:00:00,Conventional,1.322939158,3119473.14,1807381.9,189526.39,420149.22,702415.62,2022-3,27651102.0,1358681.0,0.0,26249028.0,0.0,43391.0,0.0,5.01,3.182,1.0
Los Angeles,2022-01-30 00:00:00,Conventional,1.27825021,3332457.67,1968374.9,82653.61,511010.17,770418.99,2022-4,27067867.0,2351814.0,199580.0,24429687.0,0.0,86783.0,0.0,5.39,3.199,0.0
Los Angeles,2022-02-06 00:00:00,Conventional,1.296172294,3202862.89,1973892.37,109569.35,374695.95,744705.22,2022-5,23700493.0,2529702.0,226796.0,20705339.0,0.0,238655.0,0.0,5.19,3.249,0.0
Los Angeles,2022-02-13 00:00:00,Conventional,1.134690092,4636350.24,2475493.76,134285.67,652727.69,1373843.11,2022-6,13538106.0,1837830.0,199580.0,10979992.0,0.0,520702.0,0.0,5.08,3.33,0.0
Los Angeles,2022-02-20 00:00:00,Conventional,1.28383926,3303548.46,1865916.97,91472.01,573146.67,773012.8,2022-7,11411144.0,3432575.0,222260.0,7300693.0,0.0,455615.0,0.0,6.21,3.372,0.0
Los Angeles,2022-02-27 00:00:00,Conventional,1.356488151,2866126.35,1593615.17,174406.87,405621.85,692482.46,2022-8,26431640.0,3658560.0,594205.0,21853434.0,0.0,325439.0,0.0,5.17,3.41,1.0
Los Angeles,2022-03-06 00:00:00,Conventional,1.388359632,2858255.09,1711174.3,75675.81,360811.83,710593.15,2022-9,29166929.0,3454216.0,576061.0,24811211.0,0.0,325439.0,0.0,4.74,3.486,0.0
Los Angeles,2022-03-13 00:00:00,Conventional,1.37127193,3032039.5,1950150.01,72616.4,339867.81,669405.28,2022-10,25843478.0,3630077.0,426376.0,21678544.0,0.0,108479.0,0.0,4.69,3.963,0.0
Los Angeles,2022-03-20 00:00:00,Conventional,1.391089633,2792103.31,1628158.9,57181.39,393987.16,712775.86,2022-11,22051255.0,3436635.0,145149.0,18035551.0,0.0,433919.0,0.0,4.88,4.18,0.0
Los Angeles,2022-03-27 00:00:00,Conventional,1.424275826,2970625.05,1852503.87,53192.38,381231.69,683697.12,2022-12,18189130.0,3153811.0,299370.0,14519564.0,64511.0,151871.0,0.0,4.4,4.091,0.0
Los Angeles,2022-04-03 00:00:00,Conventional,1.469589389,2837710.64,1668761.09,62761.18,402182.76,704005.62,2022-13,21009354.0,2482199.0,340194.0,18021432.0,100440.0,65087.0,0.0,4.68,4.078,0.0
Los Angeles,2022-04-10 00:00:00,Conventional,1.479835817,2947354.77,1783029.57,57273.52,366389.8,740661.88,2022-14,23623647.0,3972180.0,81646.0,19288540.0,86015.0,195263.0,0.0,4.41,4.021,0.0
Los Angeles,2022-04-17 00:00:00,Conventional,1.484694375,2747916.15,1631583.16,72931.86,321839.8,721561.33,2022-15,15061578.0,5023348.0,40823.0,9827999.0,60927.0,108479.0,0.0,4.42,3.943,0.0
Los Angeles,2022-04-24 00:00:00,Conventional,1.497531881,2711082.05,1607939.4,91741.96,302840.47,708560.22,2022-16,28462618.0,6160887.0,45359.0,22040948.0,172030.0,43391.0,0.0,4.34,3.915,0.0
Los Angeles,2022-05-01 00:00:00,Conventional,1.351209141,3365906.45,1606090.62,62592.89,407811.15,1289411.8,2022-17,26271615.0,6885495.0,0.0,19169455.0,108183.0,108479.0,0.0,4.43,3.959,0.0
Los Angeles,2022-05-08 00:00:00,Conventional,1.56758048,2918745.81,1600536.98,46899.09,473891.2,797418.54,2022-18,20714546.0,6512660.0,0.0,13485959.0,260311.0,455615.0,0.0,4.33,4.031,0.0
Los Angeles,2022-05-15 00:00:00,Conventional,1.58053619,2684816.11,1578090.18,35738.8,393717.08,677270.05,2022-19,19223342.0,5628260.0,0.0,12496727.0,881394.0,216959.0,0.0,4.24,4.161,0.0
