src/avocado-data/combined_data/combined_dataset.csv
region,date,type,average_selling_price,total_sales_volume,4046_units,4225_units,4770_units,total_bagged_units,year_week,total_prod_volume,california_prod_volume,chile_prod_volume,mexico_prod_volume,peru_prod_volume,colombia_prod_volume,dominican_republic_prod_volume,WEI,gasoline_price,is_holiday
Louisville,2022-01-10 00:00:00,Conventional,0.948549775,149175.32,92133.03,22484.45,622.75,33935.1,2022-2,25842385.0,254741.0,45359.0,25417092.0,0.0,45359.0,79832.0,4.89,3.164,0.0
Louisville,2022-01-16 00:00:00,Conventional,0.99921573,155679.75,100203.45,18023.62,547.23,36905.45,2022-2,25842385.0,254741.0,45359.0,25417092.0,0.0,45359.0,79832.0,4.89,3.164,0.0
Louisville,2022-01-23 00:00:00,Conventional,1.057853939,135070.14,80028.56,20298.17,515.19,34228.22,2022-3,27651102.0,1358681.0,0.0,26249028.0,0.0,43391.0,0.0,5.01,3.182,1.0
Louisville,2022-01-30 00:00:00,Conventional,1.132455901,129476.27,77813.75,17497.67,586.67,33578.17,2022-4,27067867.0,2351814.0,199580.0,24429687.0,0.0,86783.0,0.0,5.39,3.199,0.0
Louisville,2022-02-06 00:00:00,Conventional,1.149641318,139587.66,80033.74,20934.57,791.52,37827.83,2022-5,23700493.0,2529702.0,226796.0,20705339.0,0.0,238655.0,0.0,5.19,3.249,0.0
Louisville,2022-02-13 00:00:00,Conventional,1.021106078,178433.36,118442.51,21328.8,483.18,38178.87,2022-6,13538106.0,1837830.0,199580.0,10979992.0,0.0,520702.0,0.0,5.08,3.33,0.0
Louisville,2022-02-20 00:00:00,Conventional,1.071766573,147834.74,92707.07,19492.6,245.94,35389.12,2022-7,11411144.0,3432575.0,222260.0,7300693.0,0.0,455615.0,0.0,6.21,3.372,0.0
Louisville,2022-02-27 00:00:00,Conventional,1.128514379,139820.44,86385.84,20740.14,299.94,32394.52,2022-8,26431640.0,3658560.0,594205.0,21853434.0,0.0,325439.0,0.0,5.17,3.41,1.0
Louisville,2022-03-06 00:00:00,Conventional,1.12375105,134818.02,83062.71,16520.66,277.93,34956.73,2022-9,29166929.0,3454216.0,576061.0,24811211.0,0.0,325439.0,0.0,4.74,3.486,0.0
Louisville,2022-03-13 00:00:00,Conventional,1.11153656,155580.66,94856.21,25264.77,239.93,35219.75,2022-10,25843478.0,3630077.0,426376.0,21678544.0,0.0,108479.0,0.0,4.69,3.963,0.0
Louisville,2022-03-20 00:00:00,Conventional,1.160485034,135601.2,84010.99,16774.23,208.89,34607.09,2022-11,22051255.0,3436635.0,145149.0,18035551.0,0.0,433919.0,0.0,4.88,4.18,0.0
Louisville,2022-03-27 00:00:00,Conventional,1.196783481,131109.3,74216.1,19488.85,251.79,37152.56,2022-12,18189130.0,3153811.0,299370.0,14519564.0,64511.0,151871.0,0.0,4.4,4.091,0.0
Louisville,2022-04-03 00:00:00,Conventional,1.131012764,149140.34,93400.2,18502.27,230.79,37007.07,2022-13,21009354.0,2482199.0,340194.0,18021432.0,100440.0,65087.0,0.0,4.68,4.078,0.0
Louisville,2022-04-10 00:00:00,Conventional,1.289077915,138985.62,68350.45,34182.88,259.37,36192.92,2022-14,23623647.0,3972180.0,81646.0,19288540.0,86015.0,195263.0,0.0,4.41,4.021,0.0
Louisville,2022-04-17 00:00:00,Conventional,1.456338013,131913.69,52395.87,41498.35,254.0,37765.48,2022-15,15061578.0,5023348.0,40823.0,9827999.0,60927.0,108479.0,0.0,4.42,3.943,0.0
Louisville,2022-04-24 00:00:00,Conventional,1.443037855,106048.11,52564.96,22237.68,271.94,30973.53,2022-16,28462618.0,6160887.0,45359.0,22040948.0,172030.0,43391.0,0.0,4.34,3.915,0.0
Louisville,2022-05-01 00:00:00,Conventional,1.240227389,155936.38,97688.91,19182.04,313.39,38752.03,2022-17,26271615.0,6885495.0,0.0,19169455.0,108183.0,108479.0,0.0,4.43,3.959,0.0
Louisville,2022-05-08 00:00:00,Conventional,1.260298454,163473.72,108211.6,23616.22,484.07,31161.83,2022-18,20714546.0,6512660.0,0.0,13485959.0,260311.0,455615.0,0.0,4.33,4.031,0.0
Louisville,2022-05-15 00:00:00,Conventional,1.421786371,120511.39,69809.58,20620.77,269.4,29811.65,2022-19,19223342.0,5628260.0,0.0,12496727.0,881394.0,216959.0,0.0,4.24,4.161,0.0
Miami/Ft. Lauderdale,2022-01-10 00:00:00,Conventional,1.234802765,952983.41,686087.65,35199.27,7719.54,223976.96,2022-2,25842385.0,254741.0,45359.0,25417092.0,0.0,45359.0,79832.0,4.89,3.164,0.0
Miami/Ft. Lauderdale,2022-01-16 00:00:00,Conventional,1.281681785,949531.97,673622.11,31126.67,7119.54,237663.64,2022-2,25842385.0,254741.0,45359.0,25417092.0,0.0,45359.0,79832.0,4.89,3.164,0.0
Miami/Ft. Lauderdale,2022-01-23 00:00:00,Conventional,1.293565357,904252.39,626587.48,31439.23,4114.73,242110.95,2022-3,27651102.0,1358681.0,0.0,26249028.0,0.0,43391.0,0.0,5.01,3.182,1.0
Miami/Ft. Lauderdale,2022-01-30 00:00:00,Conventional,1.31987567,944477.36,670249.76,34520.31,5805.82,233901.49,2022-4,27067867.0,2351814.0,199580.0,24429687.0,0.0,86783.0,0.0,5.39,3.199,0.0
Miami/Ft. Lauderdale,2022-02-06 00:00:00,Conventional,1.295752731,1036348.24,754684.86,38362.89,6967.44,236333.05,2022-5,23700493.0,2529702.0,226796.0,20705339.0,0.0,238655.0,0.0,5.19,3.249,0.0
Miami/Ft. Lauderdale,2022-02-13 00:00:00,Conventional,1.164326735,1267179.08,1022359.35,33544.77,5927.03,205347.94,2022-6,13538106.0,1837830.0,199580.0,10979992.0,0.0,520702.0,0.0,5.08,3.33,0.0
Miami/Ft. Lauderdale,2022-02-20 00:00:00,Conventional,1.36599369,897722.23,676560.14,29332.71,4462.17,187367.21,2022-7,11411144.0,3432575.0,222260.0,7300693.0,0.0,455615.0,0.0,6.21,3.372,0.0
Miami/Ft. Lauderdale,2022-02-27 00:00:00,Conventional,1.567465125,855964.9,639523.43,24228.87,3948.68,188263.92,2022-8,26431640.0,3658560.0,594205.0,21853434.0,0.0,325439.0,0.0,5.17,3.41,1.0
Miami/Ft. Lauderdale,2022-03-06 00:00:00,Conventional,1.552909202,805717.85,576987.07,23602.38,2322.73,202805.68,2022-9,29166929.0,3454216.0,576061.0,24811211.0,0.0,325439.0,0.0,4.74,3.486,0.0
Miami/Ft. Lauderdale,2022-03-13 00:00:00,Conventional,1.601090772,827454.53,601367.77,30438.13,3993.21,191655.41,2022-10,25843478.0,3630077.0,426376.0,21678544.0,0.0,108479.0,0.0,4.69,3.963,0.0
Miami/Ft. Lauderdale,2022-03-20 00:00:00,Conventional,1.516437919,858396.82,627547.7,29814.36,4283.88,196750.88,2022-11,22051255.0,3436635.0,145149.0,18035551.0,0.0,433919.0,0.0,4.88,4.18,0.0
Miami/Ft. Lauderdale,2022-03-27 00:00:00,Conventional,1.503244989,842130.09,614712.84,30112.35,4261.32,193043.58,2022-12,18189130.0,3153811.0,299370.0,14519564.0,64511.0,151871.0,0.0,4.4,4.091,0.0
Miami/Ft. Lauderdale,2022-04-03 00:00:00,Conventional,1.507531992,853835.31,613945.07,31500.92,4273.3,204116.02,2022-13,21009354.0,2482199.0,340194.0,18021432.0,100440.0,65087.0,0.0,4.68,4.078,0.0
Miami/Ft. Lauderdale,2022-04-10 00:00:00,Conventional,1.509439236,862217.23,612624.26,28829.14,4038.68,216725.15,2022-14,23623647.0,3972180.0,81646.0,19288540.0,86015.0,195263.0,0.0,4.41,4.021,0.0
Miami/Ft. Lauderdale,2022-04-17 00:00:00,Conventional,1.505696241,845777.13,593041.26,31108.58,4024.34,217602.96,2022-15,15061578.0,5023348.0,40823.0,9827999.0,60927.0,108479.0,0.0,4.42,3.943,0.0
Miami/Ft. Lauderdale,2022-04-24 00:00:00,Conventional,1.546737862,843054.23,595985.87,32861.93,3295.04,210911.39,2022-16,28462618.0,6160887.0,45359.0,22040948.0,172030.0,43391.0,0.0,4.34,3.915,0.0
Miami/Ft. Lauderdale,2022-05-01 00:00:00,Conventional,1.32453874,1212571.14,937844.71,43153.72,3782.79,227789.92,2022-17,26271615.0,6885495.0,0.0,19169455.0,108183.0,108479.0,0.0,4.43,3.959,0.0
Miami/Ft. Lauderdale,2022-05-08 00:00:00,Conventional,1.551255028,892553.42,638232.24,34191.01,9037.26,211092.91,2022-18,20714546.0,6512660.0,0.0,13485959.0,260311.0,455615.0,0.0,4.33,4.031,0.0
Miami/Ft. Lauderdale,2022-05-15 00:00:00,Conventional,1.533757871,887450.75,631251.83,38127.83,7155.0,210916.09,2022-19,19223342.0,5628260.0,0.0,12496727.0,881394.0,216959.0,0.0,4.24,4.161,0.0
Nashville,2022-01-10 00:00:00,Conventional,1.080963727,318532.18,196885.58,39469.15,1315.69,80861.76,2022-2,25842385.0,254741.0,45359.0,25417092.0,0.0,45359.0,79832.0,4.89,3.164,0.0
Nashville,2022-01-16 00:00:00,Conventional,1.155588877,355642.19,214211.69,39807.92,1196.65,100425.92,2022-2,25842385.0,254741.0,45359.0,25417092.0,0.0,45359.0,79832.0,4.89,3.164,0.0
Nashville,2022-01-23 00:00:00,Conventional,1.184438454,277652.45,167007.02,25464.92,919.89,84260.62,2022-3,27651102.0,1358681.0,0.0,26249028.0,0.0,43391.0,0.0,5.01,3.182,1.0
Nashville,2022-01-30 00:00:00,Conventional,1.219042833,295906.35,183872.1,26015.37,1016.71,85002.17,2022-4,27067867.0,2351814.0,199580.0,24429687.0,0.0,86783.0,0.0,5.39,3.199,0.0
Nashville,2022-02-06 00:00:00,Conventional,1.183529502,328340.32,207686.5,27606.2,1140.81,91906.81,2022-5,23700493.0,2529702.0,226796.0,20705339.0,0.0,238655.0,0.0,5.19,3.249,0.0
Nashville,2022-02-13 00:00:00,Conventional,1.044497779,406556.01,284727.77,26703.85,1259.27,93865.12,2022-6,13538106.0,1837830.0,199580.0,10979992.0,0.0,520702.0,0.0,5.08,3.33,0.0
Nashville,2022-02-20 00:00:00,Conventional,1.123601469,342362.6,218099.67,28684.2,333.21,95245.52,2022-7,11411144.0,3432575.0,222260.0,7300693.0,0.0,455615.0,0.0,6.21,3.372,0.0
Nashville,2022-02-27 00:00:00,Conventional,1.223972727,289861.31,169814.45,31981.11,327.67,87738.08,2022-8,26431640.0,3658560.0,594205.0,21853434.0,0.0,325439.0,0.0,5.17,3.41,1.0
Nashville,2022-03-06 00:00:00,Conventional,1.185853943,304171.21,196107.74,20796.42,434.56,86832.49,2022-9,29166929.0,3454216.0,576061.0,24811211.0,0.0,325439.0,0.0,4.74,3.486,0.0
Nashville,2022-03-13 00:00:00,Conventional,1.182920637,315230.6,196844.32,24928.35,488.72,92969.22,2022-10,25843478.0,3630077.0,426376.0,21678544.0,0.0,108479.0,0.0,4.69,3.963,0.0
Nashville,2022-03-20 00:00:00,Conventional,1.229880061,305741.74,185803.46,25916.91,383.15,93638.23,2022-11,22051255.0,3436635.0,145149.0,18035551.0,0.0,433919.0,0.0,4.88,4.18,0.0
Nashville,2022-03-27 00:00:00,Conventional,1.253235907,309233.55,182186.41,27072.28,458.97,99515.89,2022-12,18189130.0,3153811.0,299370.0,14519564.0,64511.0,151871.0,0.0,4.4,4.091,0.0
Nashville,2022-04-03 00:00:00,Conventional,1.218304586,343993.65,212229.59,27131.67,449.38,104183.0,2022-13,21009354.0,2482199.0,340194.0,18021432.0,100440.0,65087.0,0.0,4.68,4.078,0.0
Nashville,2022-04-10 00:00:00,Conventional,1.226535173,343772.16,176883.23,39797.21,355.53,126736.18,2022-14,23623647.0,3972180.0,81646.0,19288540.0,86015.0,195263.0,0.0,4.41,4.021,0.0
Nashville,2022-04-17 00:00:00,Conventional,1.385536438,311797.04,148738.3,48914.63,515.46,113628.66,2022-15,15061578.0,5023348.0,40823.0,9827999.0,60927.0,108479.0,0.0,4.42,3.943,0.0
Nashville,2022-04-24 00:00:00,Conventional,1.427787417,282425.66,163185.52,24714.24,547.34,93978.55,2022-16,28462618.0,6160887.0,45359.0,22040948.0,172030.0,43391.0,0.0,4.34,3.915,0.0
Nashville,2022-05-01 00:00:00,Conventional,1.263933715,342135.34,229300.95,18791.63,423.65,93619.12,2022-17,26271615.0,6885495.0,0.0,19169455.0,108183.0,108479.0,0.0,4.43,3.959,0.0
Nashville,2022-05-08 00:00:00,Conventional,1.393433358,320842.3,199643.5,26726.5,1159.64,93312.65,2022-18,20714546.0,6512660.0,0.0,13485959.0,260311.0,455615.0,0.0,4.33,4.031,0.0
Nashville,2022-05-15 00:00:00,Conventional,1.457447507,285517.48,169964.33,27920.72,688.16,86944.27,2022-19,19223342.0,5628260.0,0.0,12496727.0,881394.0,216959.0,0.0,4.24,4.161,0.0
Northern New England,2022-01-10 00:00:00,Conventional,1.267653519,490239.73,206904.95,185723.35,648.22,96963.21,2022-2,25842385.0,254741.0,45359.0,25417092.0,0.0,45359.0,79832.0,4.89,3.164,0.0
Northern New England,2022-01-16 00:00:00,Conventional,1.181184396,546385.83,248113.65,192872.37,998.39,104401.42,2022-2,25842385.0,254741.0,45359.0,25417092.0,0.0,45359.0,79832.0,4.89,3.164,0.0
Northern New England,2022-01-23 00:00:00,Conventional,1.183418875,519420.01,214191.83,198359.47,1026.46,105842.26,2022-3,27651102.0,1358681.0,0.0,26249028.0,0.0,43391.0,0.0,5.01,3.182,1.0
Northern New England,2022-01-30 00:00:00,Conventional,1.107952688,646984.43,294489.54,262576.58,1086.54,88831.77,2022-4,27067867.0,2351814.0,199580.0,24429687.0,0.0,86783.0,0.0,5.39,3.199,0.0
Northern New England,2022-02-06 00:00:00,Conventional,1.306407702,463114.0,215811.63,169199.86,899.35,77203.15,2022-5,23700493.0,2529702.0,226796.0,20705339.0,0.0,238655.0,0.0,5.19,3.249,0.0
Northern New England,2022-02-13 00:00:00,Conventional,1.008736153,712148.51,345437.6,281401.52,1019.01,84290.39,2022-6,13538106.0,1837830.0,199580.0,10979992.0,0.0,520702.0,0.0,5.08,3.33,0.0
Northern New England,2022-02-20 00:00:00,Conventional,1.233510322,514069.54,248456.9,179578.63,512.09,85521.93,2022-7,11411144.0,3432575.0,222260.0,7300693.0,0.0,455615.0,0.0,6.21,3.372,0.0
Northern New England,2022-02-27 00:00:00,Conventional,1.387662672,454713.48,213058.34,157940.58,461.75,83252.81,2022-8,26431640.0,3658560.0,594205.0,21853434.0,0.0,325439.0,0.0,5.17,3.41,1.0
Northern New England,2022-03-06 00:00:00,Conventional,1.377134727,458589.78,209972.45,158051.93,404.67,90160.73,2022-9,29166929.0,3454216.0,576061.0,24811211.0,0.0,325439.0,0.0,4.74,3.486,0.0
Northern New England,2022-03-13 00:00:00,Conventional,1.408213764,465807.81,218511.18,156848.59,422.89,90025.15,2022-10,25843478.0,3630077.0,426376.0,21678544.0,0.0,108479.0,0.0,4.69,3.963,0.0
Northern New England,2022-03-20 00:00:00,Conventional,1.438889675,446720.12,213793.51,150911.27,456.46,81558.89,2022-11,22051255.0,3436635.0,145149.0,18035551.0,0.0,433919.0,0.0,4.88,4.18,0.0
Northern New England,2022-03-27 00:00:00,Conventional,1.413393134,452583.12,204048.66,144101.65,463.24,103969.56,2022-12,18189130.0,3153811.0,299370.0,14519564.0,64511.0,151871.0,0.0,4.4,4.091,0.0
Northern New England,2022-04-03 00:00:00,Conventional,1.443181763,466766.0,216161.8,165864.07,445.52,84294.61,2022-13,21009354.0,2482199.0,340194.0,18021432.0,100440.0,65087.0,0.0,4.68,4.078,0.0
Northern New England,2022-04-10 00:00:00,Conventional,1.138851047,649639.43,328931.6,244531.74,336.25,75839.83,2022-14,23623647.0,3972180.0,81646.0,19288540.0,86015.0,195263.0,0.0,4.41,4.021,0.0
Northern New England,2022-04-17 00:00:00,Conventional,1.444993826,461759.69,218107.14,156101.06,463.91,87087.57,2022-15,15061578.0,5023348.0,40823.0,9827999.0,60927.0,108479.0,0.0,4.42,3.943,0.0
Northern New England,2022-04-24 00:00:00,Conventional,1.161467804,541320.3,266280.94,197714.88,341.76,76982.72,2022-16,28462618.0,6160887.0,45359.0,22040948.0,172030.0,43391.0,0.0,4.34,3.915,0.0
Northern New England,2022-05-01 00:00:00,Conventional,1.498663784,457730.93,219808.63,159399.26,325.18,78197.85,2022-17,26271615.0,6885495.0,0.0,19169455.0,108183.0,108479.0,0.0,4.43,3.959,0.0
Northern New England,2022-05-08 00:00:00,Conventional,1.497529368,582884.62,293743.03,175103.63,791.28,113246.68,2022-18,20714546.0,6512660.0,0.0,13485959.0,260311.0,455615.0,0.0,4.33,4.031,0.0
Northern New England,2022-05-15 00:00:00,Conventional,1.518854153,463924.44,213838.3,154028.86,681.67,95375.61,2022-19,19223342.0,5628260.0,0.0,12496727.0,881394.0,216959.0,0.0,4.24,4.161,0.0
