src/avocado-data/combined_data/combined_dataset.csv
region,date,type,average_selling_price,total_sales_volume,4046_units,4225_units,4770_units,total_bagged_units,year_week,total_prod_volume,california_prod_volume,chile_prod_volume,mexico_prod_volume,peru_prod_volume,colombia_prod_volume,dominican_republic_prod_volume,WEI,gasoline_price,is_holiday
New Orleans/Mobile,2022-01-10 00:00:00,Conventional,0.98390181,287034.73,141764.03,18448.48,1749.68,125072.53,2022-2,25842385.0,254741.0,45359.0,25417092.0,0.0,45359.0,79832.0,4.89,3.164,0.0
New Orleans/Mobile,2022-01-16 00:00:00,Conventional,1.003944383,301476.89,161505.68,18614.01,1545.46,119811.73,2022-2,25842385.0,254741.0,45359.0,25417092.0,0.0,45359.0,79832.0,4.89,3.164,0.0
New Orleans/Mobile,2022-01-23 00:00:00,Conventional,1.022628604,307284.65,156981.48,17032.43,1582.3,131688.45,2022-3,27651102.0,1358681.0,0.0,26249028.0,0.0,43391.0,0.0,5.01,3.182,1.0
New Orleans/Mobile,2022-01-30 00:00:00,Conventional,1.074867076,287270.59,146839.8,16326.15,1654.63,122450.01,2022-4,27067867.0,2351814.0,199580.0,24429687.0,0.0,86783.0,0.0,5.39,3.199,0.0
New Orleans/Mobile,2022-02-06 00:00:00,Conventional,1.069071512,299808.65,153659.62,15629.77,1470.32,129048.93,2022-5,23700493.0,2529702.0,226796.0,20705339.0,0.0,238655.0,0.0,5.19,3.249,0.0
New Orleans/Mobile,2022-02-13 00:00:00,Conventional,1.029419911,333682.62,159869.26,15025.75,1267.13,157520.47,2022-6,13538106.0,1837830.0,199580.0,10979992.0,0.0,520702.0,0.0,5.08,3.33,0.0
New Orleans/Mobile,2022-02-20 00:00:00,Conventional,1.12112783,292223.91,150362.04,14515.03,686.98,126659.86,2022-7,11411144.0,3432575.0,222260.0,7300693.0,0.0,455615.0,0.0,6.21,3.372,0.0
New Orleans/Mobile,2022-02-27 00:00:00,Conventional,1.199914881,243011.52,129412.97,11879.34,672.49,101046.72,2022-8,26431640.0,3658560.0,594205.0,21853434.0,0.0,325439.0,0.0,5.17,3.41,1.0
New Orleans/Mobile,2022-03-06 00:00:00,Conventional,1.213910549,275214.3,138932.2,18662.32,1383.91,116235.88,2022-9,29166929.0,3454216.0,576061.0,24811211.0,0.0,325439.0,0.0,4.74,3.486,0.0
New Orleans/Mobile,2022-03-13 00:00:00,Conventional,1.194918317,310053.95,157817.35,15366.11,1342.97,135527.52,2022-10,25843478.0,3630077.0,426376.0,21678544.0,0.0,108479.0,0.0,4.69,3.963,0.0
New Orleans/Mobile,2022-03-20 00:00:00,Conventional,1.298572568,288872.03,150733.96,16196.31,1239.86,120701.9,2022-11,22051255.0,3436635.0,145149.0,18035551.0,0.0,433919.0,0.0,4.88,4.18,0.0
New Orleans/Mobile,2022-03-27 00:00:00,Conventional,1.303008342,292064.78,147602.1,14537.75,990.84,128934.09,2022-12,18189130.0,3153811.0,299370.0,14519564.0,64511.0,151871.0,0.0,4.4,4.091,0.0
New Orleans/Mobile,2022-04-03 00:00:00,Conventional,1.308145935,292879.55,146929.42,16751.99,1097.48,128100.66,2022-13,21009354.0,2482199.0,340194.0,18021432.0,100440.0,65087.0,0.0,4.68,4.078,0.0
New Orleans/Mobile,2022-04-10 00:00:00,Conventional,1.258627995,299933.88,140414.23,15766.24,1030.53,142722.88,2022-14,23623647.0,3972180.0,81646.0,19288540.0,86015.0,195263.0,0.0,4.41,4.021,0.0
New Orleans/Mobile,2022-04-17 00:00:00,Conventional,1.32886023,274975.64,137403.68,15218.22,857.43,121496.31,2022-15,15061578.0,5023348.0,40823.0,9827999.0,60927.0,108479.0,0.0,4.42,3.943,0.0
New Orleans/Mobile,2022-04-24 00:00:00,Conventional,1.319185339,244222.96,122520.05,15791.57,773.24,105138.1,2022-16,28462618.0,6160887.0,45359.0,22040948.0,172030.0,43391.0,0.0,4.34,3.915,0.0
New Orleans/Mobile,2022-05-01 00:00:00,Conventional,1.297853512,296621.01,154525.73,16284.09,1012.72,124798.46,2022-17,26271615.0,6885495.0,0.0,19169455.0,108183.0,108479.0,0.0,4.43,3.959,0.0
New Orleans/Mobile,2022-05-08 00:00:00,Conventional,1.331773892,280358.04,151416.47,15428.65,1913.27,111599.64,2022-18,20714546.0,6512660.0,0.0,13485959.0,260311.0,455615.0,0.0,4.33,4.031,0.0
New Orleans/Mobile,2022-05-15 00:00:00,Conventional,1.273829385,232561.4,141629.75,16216.07,1059.97,73655.62,2022-19,19223342.0,5628260.0,0.0,12496727.0,881394.0,216959.0,0.0,4.24,4.161,0.0
New York,2022-01-10 00:00:00,Conventional,1.338417539,2235459.45,672948.33,838728.98,18064.5,705717.64,2022-2,25842385.0,254741.0,45359.0,25417092.0,0.0,45359.0,79832.0,4.89,3.164,0.0
New York,2022-01-16 00:00:00,Conventional,1.395432991,2386228.56,812817.04,817837.38,13706.72,741867.42,2022-2,25842385.0,254741.0,45359.0,25417092.0,0.0,45359.0,79832.0,4.89,3.164,0.0
New York,2022-01-23 00:00:00,Conventional,1.489409548,2108057.61,558682.43,808603.58,16974.57,723797.03,2022-3,27651102.0,1358681.0,0.0,26249028.0,0.0,43391.0,0.0,5.01,3.182,1.0
New York,2022-01-30 00:00:00,Conventional,1.457238267,2629595.55,943145.88,964005.49,18049.43,704394.75,2022-4,27067867.0,2351814.0,199580.0,24429687.0,0.0,86783.0,0.0,5.39,3.199,0.0
New York,2022-02-06 00:00:00,Conventional,1.471899001,2257127.34,696514.51,778705.56,18824.31,763082.95,2022-5,23700493.0,2529702.0,226796.0,20705339.0,0.0,238655.0,0.0,5.19,3.249,0.0
New York,2022-02-13 00:00:00,Conventional,1.409013157,2795723.09,1219865.8,841721.32,9605.56,724530.42,2022-6,13538106.0,1837830.0,199580.0,10979992.0,0.0,520702.0,0.0,5.08,3.33,0.0
New York,2022-02-20 00:00:00,Conventional,1.407498166,2408155.76,787546.12,878814.68,15347.73,726447.23,2022-7,11411144.0,3432575.0,222260.0,7300693.0,0.0,455615.0,0.0,6.21,3.372,0.0
New York,2022-02-27 00:00:00,Conventional,1.492931929,2473153.91,869524.55,863008.51,13638.22,726982.65,2022-8,26431640.0,3658560.0,594205.0,21853434.0,0.0,325439.0,0.0,5.17,3.41,1.0
New York,2022-03-06 00:00:00,Conventional,1.532935336,1669562.17,481588.97,601453.62,7507.87,579011.7,2022-9,29166929.0,3454216.0,576061.0,24811211.0,0.0,325439.0,0.0,4.74,3.486,0.0
New York,2022-03-13 00:00:00,Conventional,1.633791109,1948695.59,579467.02,780077.19,13225.61,575925.77,2022-10,25843478.0,3630077.0,426376.0,21678544.0,0.0,108479.0,0.0,4.69,3.963,0.0
New York,2022-03-20 00:00:00,Conventional,1.616401519,1632387.65,327499.79,720652.42,11477.17,572758.28,2022-11,22051255.0,3436635.0,145149.0,18035551.0,0.0,433919.0,0.0,4.88,4.18,0.0
New York,2022-03-27 00:00:00,Conventional,1.60784422,1806843.75,345429.95,869911.23,14656.03,576846.54,2022-12,18189130.0,3153811.0,299370.0,14519564.0,64511.0,151871.0,0.0,4.4,4.091,0.0
New York,2022-04-03 00:00:00,Conventional,1.578003141,2082911.34,600641.33,879451.9,14093.45,588724.65,2022-13,21009354.0,2482199.0,340194.0,18021432.0,100440.0,65087.0,0.0,4.68,4.078,0.0
New York,2022-04-10 00:00:00,Conventional,1.561256708,2243486.08,554684.44,1070714.62,14708.5,603378.51,2022-14,23623647.0,3972180.0,81646.0,19288540.0,86015.0,195263.0,0.0,4.41,4.021,0.0
New York,2022-04-17 00:00:00,Conventional,1.540206569,2118804.17,619099.45,878464.68,15993.51,605246.53,2022-15,15061578.0,5023348.0,40823.0,9827999.0,60927.0,108479.0,0.0,4.42,3.943,0.0
New York,2022-04-24 00:00:00,Conventional,1.632406036,1947258.38,527956.46,767811.11,13485.5,638005.3,2022-16,28462618.0,6160887.0,45359.0,22040948.0,172030.0,43391.0,0.0,4.34,3.915,0.0
New York,2022-05-01 00:00:00,Conventional,1.360974247,2572015.85,632129.93,1251377.73,12599.39,675908.8,2022-17,26271615.0,6885495.0,0.0,19169455.0,108183.0,108479.0,0.0,4.43,3.959,0.0
New York,2022-05-08 00:00:00,Conventional,1.56644849,2149233.02,515445.68,762659.63,31060.53,840067.17,2022-18,20714546.0,6512660.0,0.0,13485959.0,260311.0,455615.0,0.0,4.33,4.031,0.0
New York,2022-05-15 00:00:00,Conventional,1.609413839,1897913.31,455289.27,703813.63,31515.32,707295.07,2022-19,19223342.0,5628260.0,0.0,12496727.0,881394.0,216959.0,0.0,4.24,4.161,0.0
Orlando,2022-01-10 00:00:00,Conventional,1.121798519,592122.85,393555.91,14613.51,7055.05,176898.37,2022-2,25842385.0,254741.0,45359.0,25417092.0,0.0,45359.0,79832.0,4.89,3.164,0.0
Orlando,2022-01-16 00:00:00,Conventional,1.23923287,562805.39,350952.81,15081.16,6543.16,190228.26,2022-2,25842385.0,254741.0,45359.0,25417092.0,0.0,45359.0,79832.0,4.89,3.164,0.0
Orlando,2022-01-23 00:00:00,Conventional,1.22143016,572171.16,350712.06,13881.63,7412.24,200165.23,2022-3,27651102.0,1358681.0,0.0,26249028.0,0.0,43391.0,0.0,5.01,3.182,1.0
Orlando,2022-01-30 00:00:00,Conventional,1.239379491,554650.31,340469.61,12990.88,6378.07,194811.74,2022-4,27067867.0,2351814.0,199580.0,24429687.0,0.0,86783.0,0.0,5.39,3.199,0.0
Orlando,2022-02-06 00:00:00,Conventional,1.212487841,605727.91,393668.28,13252.19,5194.85,193612.6,2022-5,23700493.0,2529702.0,226796.0,20705339.0,0.0,238655.0,0.0,5.19,3.249,0.0
Orlando,2022-02-13 00:00:00,Conventional,1.11125496,761113.07,564359.55,10921.09,4509.22,181323.22,2022-6,13538106.0,1837830.0,199580.0,10979992.0,0.0,520702.0,0.0,5.08,3.33,0.0
Orlando,2022-02-20 00:00:00,Conventional,1.22126841,553057.05,359846.36,11721.72,2249.72,179239.25,2022-7,11411144.0,3432575.0,222260.0,7300693.0,0.0,455615.0,0.0,6.21,3.372,0.0
Orlando,2022-02-27 00:00:00,Conventional,1.342425783,549971.79,331677.2,12185.17,1825.29,204284.13,2022-8,26431640.0,3658560.0,594205.0,21853434.0,0.0,325439.0,0.0,5.17,3.41,1.0
Orlando,2022-03-06 00:00:00,Conventional,1.407507621,490831.01,333030.35,7459.35,1858.8,148482.5,2022-9,29166929.0,3454216.0,576061.0,24811211.0,0.0,325439.0,0.0,4.74,3.486,0.0
Orlando,2022-03-13 00:00:00,Conventional,1.414900967,509665.43,323077.2,10891.39,1811.45,173885.39,2022-10,25843478.0,3630077.0,426376.0,21678544.0,0.0,108479.0,0.0,4.69,3.963,0.0
Orlando,2022-03-20 00:00:00,Conventional,1.410011411,513683.22,328672.59,12037.66,1571.42,171401.54,2022-11,22051255.0,3436635.0,145149.0,18035551.0,0.0,433919.0,0.0,4.88,4.18,0.0
Orlando,2022-03-27 00:00:00,Conventional,1.404684296,512612.82,323353.53,13023.33,1913.61,174322.35,2022-12,18189130.0,3153811.0,299370.0,14519564.0,64511.0,151871.0,0.0,4.4,4.091,0.0
Orlando,2022-04-03 00:00:00,Conventional,1.39752496,525664.81,340297.93,12210.12,1809.88,171346.88,2022-13,21009354.0,2482199.0,340194.0,18021432.0,100440.0,65087.0,0.0,4.68,4.078,0.0
Orlando,2022-04-10 00:00:00,Conventional,1.411518763,522757.21,331495.13,12610.7,1709.5,176941.89,2022-14,23623647.0,3972180.0,81646.0,19288540.0,86015.0,195263.0,0.0,4.41,4.021,0.0
Orlando,2022-04-17 00:00:00,Conventional,1.426326194,515502.02,325563.1,11799.0,1975.15,176164.77,2022-15,15061578.0,5023348.0,40823.0,9827999.0,60927.0,108479.0,0.0,4.42,3.943,0.0
Orlando,2022-04-24 00:00:00,Conventional,1.446281949,512210.67,328778.18,9549.22,1841.16,172042.1,2022-16,28462618.0,6160887.0,45359.0,22040948.0,172030.0,43391.0,0.0,4.34,3.915,0.0
Orlando,2022-05-01 00:00:00,Conventional,1.254863669,710882.33,515060.25,16027.45,1700.64,178093.99,2022-17,26271615.0,6885495.0,0.0,19169455.0,108183.0,108479.0,0.0,4.43,3.959,0.0
Orlando,2022-05-08 00:00:00,Conventional,1.458343379,497061.54,319566.32,9600.96,5439.52,162454.74,2022-18,20714546.0,6512660.0,0.0,13485959.0,260311.0,455615.0,0.0,4.33,4.031,0.0
Orlando,2022-05-15 00:00:00,Conventional,1.484192918,500022.29,327887.52,12693.13,4588.8,154852.83,2022-19,19223342.0,5628260.0,0.0,12496727.0,881394.0,216959.0,0.0,4.24,4.161,0.0
Peoria/Springfield,2022-01-10 00:00:00,Conventional,0.94487607,167705.06,93175.15,23861.42,5037.25,45631.25,2022-2,25842385.0,254741.0,45359.0,25417092.0,0.0,45359.0,79832.0,4.89,3.164,0.0
Peoria/Springfield,2022-01-16 00:00:00,Conventional,1.012137593,166802.22,83144.79,24665.86,4096.75,54894.82,2022-2,25842385.0,254741.0,45359.0,25417092.0,0.0,45359.0,79832.0,4.89,3.164,0.0
Peoria/Springfield,2022-01-23 00:00:00,Conventional,1.06605533,158284.5,77875.3,25955.01,5016.08,49438.12,2022-3,27651102.0,1358681.0,0.0,26249028.0,0.0,43391.0,0.0,5.01,3.182,1.0
Peoria/Springfield,2022-01-30 00:00:00,Conventional,0.993726304,172357.65,88551.87,27720.19,3953.28,52132.32,2022-4,27067867.0,2351814.0,199580.0,24429687.0,0.0,86783.0,0.0,5.39,3.199,0.0
Peoria/Springfield,2022-02-06 00:00:00,Conventional,1.051788685,162534.12,91478.02,15924.27,4289.52,50842.31,2022-5,23700493.0,2529702.0,226796.0,20705339.0,0.0,238655.0,0.0,5.19,3.249,0.0
Peoria/Springfield,2022-02-13 00:00:00,Conventional,0.998630088,230812.66,133914.62,35584.21,6046.67,55267.17,2022-6,13538106.0,1837830.0,199580.0,10979992.0,0.0,520702.0,0.0,5.08,3.33,0.0
Peoria/Springfield,2022-02-20 00:00:00,Conventional,1.051836626,167551.25,94019.29,15680.12,5252.49,52599.35,2022-7,11411144.0,3432575.0,222260.0,7300693.0,0.0,455615.0,0.0,6.21,3.372,0.0
Peoria/Springfield,2022-02-27 00:00:00,Conventional,1.082994746,173060.6,79825.01,24178.41,4035.22,65021.96,2022-8,26431640.0,3658560.0,594205.0,21853434.0,0.0,325439.0,0.0,5.17,3.41,1.0
Peoria/Springfield,2022-03-06 00:00:00,Conventional,1.199572741,146514.32,78398.89,15936.61,4548.72,47630.1,2022-9,29166929.0,3454216.0,576061.0,24811211.0,0.0,325439.0,0.0,4.74,3.486,0.0
Peoria/Springfield,2022-03-13 00:00:00,Conventional,1.137170475,160019.58,87239.45,15908.21,3870.81,53001.1,2022-10,25843478.0,3630077.0,426376.0,21678544.0,0.0,108479.0,0.0,4.69,3.963,0.0
Peoria/Springfield,2022-03-20 00:00:00,Conventional,1.170326859,152882.12,86286.34,12941.96,3956.75,49697.07,2022-11,22051255.0,3436635.0,145149.0,18035551.0,0.0,433919.0,0.0,4.88,4.18,0.0
Peoria/Springfield,2022-03-27 00:00:00,Conventional,1.216736001,152140.52,81055.21,15572.28,3369.48,52143.56,2022-12,18189130.0,3153811.0,299370.0,14519564.0,64511.0,151871.0,0.0,4.4,4.091,0.0
Peoria/Springfield,2022-04-03 00:00:00,Conventional,1.156966174,168797.84,93476.68,16760.13,3136.29,55424.74,2022-13,21009354.0,2482199.0,340194.0,18021432.0,100440.0,65087.0,0.0,4.68,4.078,0.0
Peoria/Springfield,2022-04-10 00:00:00,Conventional,1.193317726,173296.81,93498.02,16392.12,2768.18,60638.49,2022-14,23623647.0,3972180.0,81646.0,19288540.0,86015.0,195263.0,0.0,4.41,4.021,0.0
Peoria/Springfield,2022-04-17 00:00:00,Conventional,1.241884619,156499.54,81332.31,18565.37,3073.16,53528.71,2022-15,15061578.0,5023348.0,40823.0,9827999.0,60927.0,108479.0,0.0,4.42,3.943,0.0
Peoria/Springfield,2022-04-24 00:00:00,Conventional,1.213343879,146271.33,81986.98,12076.48,2633.67,49574.2,2022-16,28462618.0,6160887.0,45359.0,22040948.0,172030.0,43391.0,0.0,4.34,3.915,0.0
Peoria/Springfield,2022-05-01 00:00:00,Conventional,1.158326399,174676.04,107683.98,12383.05,2975.52,51633.49,2022-17,26271615.0,6885495.0,0.0,19169455.0,108183.0,108479.0,0.0,4.43,3.959,0.0
Peoria/Springfield,2022-05-08 00:00:00,Conventional,1.181628659,175426.87,111842.63,12949.06,3807.99,46827.18,2022-18,20714546.0,6512660.0,0.0,13485959.0,260311.0,455615.0,0.0,4.33,4.031,0.0
Peoria/Springfield,2022-05-15 00:00:00,Conventional,1.342561289,141465.35,79166.57,12306.07,3153.56,46839.14,2022-19,19223342.0,5628260.0,0.0,12496727.0,881394.0,216959.0,0.0,4.24,4.161,0.0
