src/avocado-data/combined_data/combined_dataset.csv
region,date,type,average_selling_price,total_sales_volume,4046_units,4225_units,4770_units,total_bagged_units,year_week,total_prod_volume,california_prod_volume,chile_prod_volume,mexico_prod_volume,peru_prod_volume,colombia_prod_volume,dominican_republic_prod_volume,WEI,gasoline_price,is_holiday
Philadelphia,2022-01-10 00:00:00,Conventional,1.074375599,808403.19,315753.08,160199.3,4569.08,327881.74,2022-2,25842385.0,254741.0,45359.0,25417092.0,0.0,45359.0,79832.0,4.89,3.164,0.0
Philadelphia,2022-01-16 00:00:00,Conventional,1.228225494,748268.6,289325.97,144856.2,4238.62,309847.81,2022-2,25842385.0,254741.0,45359.0,25417092.0,0.0,45359.0,79832.0,4.89,3.164,0.0
Philadelphia,2022-01-23 00:00:00,Conventional,1.294478257,695159.92,254017.38,137061.19,3814.0,300267.35,2022-3,27651102.0,1358681.0,0.0,26249028.0,0.0,43391.0,0.0,5.01,3.182,1.0
Philadelphia,2022-01-30 00:00:00,Conventional,1.295978437,774397.86,308317.87,165559.31,4634.34,295886.33,2022-4,27067867.0,2351814.0,199580.0,24429687.0,0.0,86783.0,0.0,5.39,3.199,0.0
Philadelphia,2022-02-06 00:00:00,Conventional,1.256146672,753951.97,313237.84,126262.35,4282.3,310169.49,2022-5,23700493.0,2529702.0,226796.0,20705339.0,0.0,238655.0,0.0,5.19,3.249,0.0
Philadelphia,2022-02-13 00:00:00,Conventional,1.290195056,900446.91,456933.8,163539.75,4682.11,275291.26,2022-6,13538106.0,1837830.0,199580.0,10979992.0,0.0,520702.0,0.0,5.08,3.33,0.0
Philadelphia,2022-02-20 00:00:00,Conventional,1.251648824,790227.45,358315.7,128524.99,2389.41,300997.34,2022-7,11411144.0,3432575.0,222260.0,7300693.0,0.0,455615.0,0.0,6.21,3.372,0.0
Philadelphia,2022-02-27 00:00:00,Conventional,1.32091323,780427.64,321402.19,136220.96,2077.73,320726.76,2022-8,26431640.0,3658560.0,594205.0,21853434.0,0.0,325439.0,0.0,5.17,3.41,1.0
Philadelphia,2022-03-06 00:00:00,Conventional,1.425979285,650744.75,275062.91,112873.39,2055.62,260752.83,2022-9,29166929.0,3454216.0,576061.0,24811211.0,0.0,325439.0,0.0,4.74,3.486,0.0
Philadelphia,2022-03-13 00:00:00,Conventional,1.431637212,653987.53,257576.87,138774.17,1904.77,255731.72,2022-10,25843478.0,3630077.0,426376.0,21678544.0,0.0,108479.0,0.0,4.69,3.963,0.0
Philadelphia,2022-03-20 00:00:00,Conventional,1.397345897,595796.11,217540.41,114178.55,1924.63,262152.52,2022-11,22051255.0,3436635.0,145149.0,18035551.0,0.0,433919.0,0.0,4.88,4.18,0.0
Philadelphia,2022-03-27 00:00:00,Conventional,1.353091617,655253.42,236007.2,139796.0,2008.32,277441.91,2022-12,18189130.0,3153811.0,299370.0,14519564.0,64511.0,151871.0,0.0,4.4,4.091,0.0
Philadelphia,2022-04-03 00:00:00,Conventional,1.406794747,682063.83,247567.59,158089.6,2811.43,273595.2,2022-13,21009354.0,2482199.0,340194.0,18021432.0,100440.0,65087.0,0.0,4.68,4.078,0.0
Philadelphia,2022-04-10 00:00:00,Conventional,1.404344842,715622.61,246705.07,204526.95,1966.31,262424.29,2022-14,23623647.0,3972180.0,81646.0,19288540.0,86015.0,195263.0,0.0,4.41,4.021,0.0
Philadelphia,2022-04-17 00:00:00,Conventional,1.480762606,644629.64,213001.16,168576.49,1914.24,261137.75,2022-15,15061578.0,5023348.0,40823.0,9827999.0,60927.0,108479.0,0.0,4.42,3.943,0.0
Philadelphia,2022-04-24 00:00:00,Conventional,1.457447907,657213.08,238195.42,149061.84,1817.28,268138.54,2022-16,28462618.0,6160887.0,45359.0,22040948.0,172030.0,43391.0,0.0,4.34,3.915,0.0
Philadelphia,2022-05-01 00:00:00,Conventional,1.402673552,778081.66,286503.2,236345.75,2012.91,253219.8,2022-17,26271615.0,6885495.0,0.0,19169455.0,108183.0,108479.0,0.0,4.43,3.959,0.0
Philadelphia,2022-05-08 00:00:00,Conventional,1.53865548,741089.3,255223.16,163288.14,6446.58,316131.41,2022-18,20714546.0,6512660.0,0.0,13485959.0,260311.0,455615.0,0.0,4.33,4.031,0.0
Philadelphia,2022-05-15 00:00:00,Conventional,1.556429445,635896.49,215039.59,141920.43,3817.46,275119.02,2022-19,19223342.0,5628260.0,0.0,12496727.0,881394.0,216959.0,0.0,4.24,4.161,0.0
Phoenix/Tucson,2022-01-10 00:00:00,Conventional,0.876997194,1308926.82,757813.52,333904.0,33699.34,183509.96,2022-2,25842385.0,254741.0,45359.0,25417092.0,0.0,45359.0,79832.0,4.89,3.164,0.0
Phoenix/Tucson,2022-01-16 00:00:00,Conventional,1.116838588,1172428.64,488147.02,467788.89,22059.73,194432.99,2022-2,25842385.0,254741.0,45359.0,25417092.0,0.0,45359.0,79832.0,4.89,3.164,0.0
Phoenix/Tucson,2022-01-23 00:00:00,Conventional,1.081710234,1237514.33,645035.2,373129.27,33462.91,185886.94,2022-3,27651102.0,1358681.0,0.0,26249028.0,0.0,43391.0,0.0,5.01,3.182,1.0
Phoenix/Tucson,2022-01-30 00:00:00,Conventional,1.123785673,1167085.41,656515.34,290682.39,25336.04,194551.64,2022-4,27067867.0,2351814.0,199580.0,24429687.0,0.0,86783.0,0.0,5.39,3.199,0.0
Phoenix/Tucson,2022-02-06 00:00:00,Conventional,0.927565091,1572509.15,1037687.62,313919.84,21402.17,199499.52,2022-5,23700493.0,2529702.0,226796.0,20705339.0,0.0,238655.0,0.0,5.19,3.249,0.0
Phoenix/Tucson,2022-02-13 00:00:00,Conventional,0.971431118,1688495.01,1166342.06,270608.2,26367.61,225177.14,2022-6,13538106.0,1837830.0,199580.0,10979992.0,0.0,520702.0,0.0,5.08,3.33,0.0
Phoenix/Tucson,2022-02-20 00:00:00,Conventional,1.055684503,1357032.9,874188.77,231351.8,22216.6,229275.74,2022-7,11411144.0,3432575.0,222260.0,7300693.0,0.0,455615.0,0.0,6.21,3.372,0.0
Phoenix/Tucson,2022-02-27 00:00:00,Conventional,1.107397571,1200231.27,707947.92,256277.04,17079.57,218926.74,2022-8,26431640.0,3658560.0,594205.0,21853434.0,0.0,325439.0,0.0,5.17,3.41,1.0
Phoenix/Tucson,2022-03-06 00:00:00,Conventional,1.320113146,1210028.78,723426.28,289677.63,21042.56,175882.31,2022-9,29166929.0,3454216.0,576061.0,24811211.0,0.0,325439.0,0.0,4.74,3.486,0.0
Phoenix/Tucson,2022-03-13 00:00:00,Conventional,1.180231364,1187438.57,769459.13,230017.44,18721.39,169240.62,2022-10,25843478.0,3630077.0,426376.0,21678544.0,0.0,108479.0,0.0,4.69,3.963,0.0
Phoenix/Tucson,2022-03-20 00:00:00,Conventional,1.19341687,1178051.43,761772.82,233441.66,18255.18,164581.77,2022-11,22051255.0,3436635.0,145149.0,18035551.0,0.0,433919.0,0.0,4.88,4.18,0.0
Phoenix/Tucson,2022-03-27 00:00:00,Conventional,1.186101333,1382749.62,911970.45,295692.95,17486.7,157599.53,2022-12,18189130.0,3153811.0,299370.0,14519564.0,64511.0,151871.0,0.0,4.4,4.091,0.0
Phoenix/Tucson,2022-04-03 00:00:00,Conventional,1.050519137,1296823.89,905991.69,211402.18,17934.73,161495.3,2022-13,21009354.0,2482199.0,340194.0,18021432.0,100440.0,65087.0,0.0,4.68,4.078,0.0
Phoenix/Tucson,2022-04-10 00:00:00,Conventional,1.062001946,1317421.84,918806.72,185736.5,19366.46,193512.16,2022-14,23623647.0,3972180.0,81646.0,19288540.0,86015.0,195263.0,0.0,4.41,4.021,0.0
Phoenix/Tucson,2022-04-17 00:00:00,Conventional,1.261622441,1139911.78,674107.11,256745.62,11313.59,197745.47,2022-15,15061578.0,5023348.0,40823.0,9827999.0,60927.0,108479.0,0.0,4.42,3.943,0.0
Phoenix/Tucson,2022-04-24 00:00:00,Conventional,1.26924961,1000453.21,628559.5,203670.91,4794.46,163428.34,2022-16,28462618.0,6160887.0,45359.0,22040948.0,172030.0,43391.0,0.0,4.34,3.915,0.0
Phoenix/Tucson,2022-05-01 00:00:00,Conventional,1.375300793,1220731.03,694516.12,368139.07,5499.13,152576.7,2022-17,26271615.0,6885495.0,0.0,19169455.0,108183.0,108479.0,0.0,4.43,3.959,0.0
Phoenix/Tucson,2022-05-08 00:00:00,Conventional,1.353659165,1184029.14,602520.88,379588.85,9807.53,192111.88,2022-18,20714546.0,6512660.0,0.0,13485959.0,260311.0,455615.0,0.0,4.33,4.031,0.0
Phoenix/Tucson,2022-05-15 00:00:00,Conventional,1.325877132,1019220.25,646491.57,210288.45,7116.09,155324.13,2022-19,19223342.0,5628260.0,0.0,12496727.0,881394.0,216959.0,0.0,4.24,4.161,0.0
Pittsburgh,2022-01-10 00:00:00,Conventional,1.074514146,194265.35,117405.47,6137.98,990.15,69731.75,2022-2,25842385.0,254741.0,45359.0,25417092.0,0.0,45359.0,79832.0,4.89,3.164,0.0
Pittsburgh,2022-01-16 00:00:00,Conventional,0.99713188,240927.31,160090.86,6418.57,947.17,73470.71,2022-2,25842385.0,254741.0,45359.0,25417092.0,0.0,45359.0,79832.0,4.89,3.164,0.0
Pittsburgh,2022-01-23 00:00:00,Conventional,1.177658457,168696.51,100435.82,5336.22,936.39,61988.08,2022-3,27651102.0,1358681.0,0.0,26249028.0,0.0,43391.0,0.0,5.01,3.182,1.0
Pittsburgh,2022-01-30 00:00:00,Conventional,1.365557987,182190.06,105051.66,6203.44,932.24,70002.73,2022-4,27067867.0,2351814.0,199580.0,24429687.0,0.0,86783.0,0.0,5.39,3.199,0.0
Pittsburgh,2022-02-06 00:00:00,Conventional,1.021801592,240944.48,168955.12,6178.51,597.81,65213.04,2022-5,23700493.0,2529702.0,226796.0,20705339.0,0.0,238655.0,0.0,5.19,3.249,0.0
Pittsburgh,2022-02-13 00:00:00,Conventional,0.966753475,264533.46,200061.41,4390.05,796.58,59285.42,2022-6,13538106.0,1837830.0,199580.0,10979992.0,0.0,520702.0,0.0,5.08,3.33,0.0
Pittsburgh,2022-02-20 00:00:00,Conventional,1.256237763,189396.58,116537.83,3929.13,595.24,68334.37,2022-7,11411144.0,3432575.0,222260.0,7300693.0,0.0,455615.0,0.0,6.21,3.372,0.0
Pittsburgh,2022-02-27 00:00:00,Conventional,1.020192562,224408.27,138370.91,5588.56,562.8,79886.0,2022-8,26431640.0,3658560.0,594205.0,21853434.0,0.0,325439.0,0.0,5.17,3.41,1.0
Pittsburgh,2022-03-06 00:00:00,Conventional,1.403160343,157892.56,97919.1,2781.25,490.77,56701.44,2022-9,29166929.0,3454216.0,576061.0,24811211.0,0.0,325439.0,0.0,4.74,3.486,0.0
Pittsburgh,2022-03-13 00:00:00,Conventional,1.465133726,173842.91,96931.28,6989.67,442.89,69479.06,2022-10,25843478.0,3630077.0,426376.0,21678544.0,0.0,108479.0,0.0,4.69,3.963,0.0
Pittsburgh,2022-03-20 00:00:00,Conventional,1.500293177,161587.65,97314.15,2953.3,504.21,60815.99,2022-11,22051255.0,3436635.0,145149.0,18035551.0,0.0,433919.0,0.0,4.88,4.18,0.0
Pittsburgh,2022-03-27 00:00:00,Conventional,1.487980534,165733.96,101215.14,3322.42,450.03,60746.37,2022-12,18189130.0,3153811.0,299370.0,14519564.0,64511.0,151871.0,0.0,4.4,4.091,0.0
Pittsburgh,2022-04-03 00:00:00,Conventional,1.470407819,175334.44,101091.73,4809.54,484.0,68949.17,2022-13,21009354.0,2482199.0,340194.0,18021432.0,100440.0,65087.0,0.0,4.68,4.078,0.0
Pittsburgh,2022-04-10 00:00:00,Conventional,1.123241545,233725.01,162535.2,4695.43,468.2,66026.18,2022-14,23623647.0,3972180.0,81646.0,19288540.0,86015.0,195263.0,0.0,4.41,4.021,0.0
Pittsburgh,2022-04-17 00:00:00,Conventional,1.461885713,158992.44,91931.82,3435.66,465.13,63159.84,2022-15,15061578.0,5023348.0,40823.0,9827999.0,60927.0,108479.0,0.0,4.42,3.943,0.0
Pittsburgh,2022-04-24 00:00:00,Conventional,1.503092226,167914.67,102048.67,3304.67,436.8,62124.53,2022-16,28462618.0,6160887.0,45359.0,22040948.0,172030.0,43391.0,0.0,4.34,3.915,0.0
Pittsburgh,2022-05-01 00:00:00,Conventional,1.090186352,261945.37,195885.18,7941.55,444.64,57674.01,2022-17,26271615.0,6885495.0,0.0,19169455.0,108183.0,108479.0,0.0,4.43,3.959,0.0
Pittsburgh,2022-05-08 00:00:00,Conventional,1.48560868,175789.43,109937.24,6006.24,757.32,59088.64,2022-18,20714546.0,6512660.0,0.0,13485959.0,260311.0,455615.0,0.0,4.33,4.031,0.0
Pittsburgh,2022-05-15 00:00:00,Conventional,1.565622745,164788.97,101659.81,3192.4,465.38,59471.37,2022-19,19223342.0,5628260.0,0.0,12496727.0,881394.0,216959.0,0.0,4.24,4.161,0.0
Portland,2022-01-10 00:00:00,Conventional,1.32431131,641555.75,282049.07,224379.86,32072.77,103054.06,2022-2,25842385.0,254741.0,45359.0,25417092.0,0.0,45359.0,79832.0,4.89,3.164,0.0
Portland,2022-01-16 00:00:00,Conventional,1.436033425,688324.32,401946.02,154705.07,32068.72,99604.52,2022-2,25842385.0,254741.0,45359.0,25417092.0,0.0,45359.0,79832.0,4.89,3.164,0.0
Portland,2022-01-23 00:00:00,Conventional,1.385706777,665692.74,417611.55,120970.95,31763.5,95346.74,2022-3,27651102.0,1358681.0,0.0,26249028.0,0.0,43391.0,0.0,5.01,3.182,1.0
Portland,2022-01-30 00:00:00,Conventional,1.36534597,680143.9,461184.47,101994.47,30294.17,86670.8,2022-4,27067867.0,2351814.0,199580.0,24429687.0,0.0,86783.0,0.0,5.39,3.199,0.0
Portland,2022-02-06 00:00:00,Conventional,1.54739667,581585.89,318607.45,117406.32,33488.51,112083.61,2022-5,23700493.0,2529702.0,226796.0,20705339.0,0.0,238655.0,0.0,5.19,3.249,0.0
Portland,2022-02-13 00:00:00,Conventional,1.405944722,716197.7,429259.7,158384.51,33920.54,94632.95,2022-6,13538106.0,1837830.0,199580.0,10979992.0,0.0,520702.0,0.0,5.08,3.33,0.0
Portland,2022-02-20 00:00:00,Conventional,1.418180019,632926.1,364622.83,140260.88,33089.09,94953.3,2022-7,11411144.0,3432575.0,222260.0,7300693.0,0.0,455615.0,0.0,6.21,3.372,0.0
Portland,2022-02-27 00:00:00,Conventional,1.462786839,570434.49,229419.8,212505.86,28379.7,100129.13,2022-8,26431640.0,3658560.0,594205.0,21853434.0,0.0,325439.0,0.0,5.17,3.41,1.0
Portland,2022-03-06 00:00:00,Conventional,1.428223892,580160.16,297439.96,142804.02,32691.72,107224.46,2022-9,29166929.0,3454216.0,576061.0,24811211.0,0.0,325439.0,0.0,4.74,3.486,0.0
Portland,2022-03-13 00:00:00,Conventional,1.506710991,516291.29,263930.46,119036.74,33760.82,99563.27,2022-10,25843478.0,3630077.0,426376.0,21678544.0,0.0,108479.0,0.0,4.69,3.963,0.0
Portland,2022-03-20 00:00:00,Conventional,1.574065149,528569.89,241420.78,154240.2,32898.12,100010.79,2022-11,22051255.0,3436635.0,145149.0,18035551.0,0.0,433919.0,0.0,4.88,4.18,0.0
Portland,2022-03-27 00:00:00,Conventional,1.57471753,588747.63,288751.28,147438.96,33723.81,118833.58,2022-12,18189130.0,3153811.0,299370.0,14519564.0,64511.0,151871.0,0.0,4.4,4.091,0.0
Portland,2022-04-03 00:00:00,Conventional,1.538353197,609831.67,274129.99,195988.59,37396.08,102317.0,2022-13,21009354.0,2482199.0,340194.0,18021432.0,100440.0,65087.0,0.0,4.68,4.078,0.0
Portland,2022-04-10 00:00:00,Conventional,1.402261306,633084.89,311483.53,148365.64,30658.19,142577.54,2022-14,23623647.0,3972180.0,81646.0,19288540.0,86015.0,195263.0,0.0,4.41,4.021,0.0
Portland,2022-04-17 00:00:00,Conventional,1.554088541,558654.09,296820.14,95781.6,32967.37,133084.99,2022-15,15061578.0,5023348.0,40823.0,9827999.0,60927.0,108479.0,0.0,4.42,3.943,0.0
Portland,2022-04-24 00:00:00,Conventional,1.636898687,518045.91,295284.64,98126.52,32704.33,91930.41,2022-16,28462618.0,6160887.0,45359.0,22040948.0,172030.0,43391.0,0.0,4.34,3.915,0.0
Portland,2022-05-01 00:00:00,Conventional,1.3300545,761541.94,535276.5,94784.59,32314.98,99165.88,2022-17,26271615.0,6885495.0,0.0,19169455.0,108183.0,108479.0,0.0,4.43,3.959,0.0
Portland,2022-05-08 00:00:00,Conventional,1.480254156,649902.1,404378.76,91795.65,33175.02,120552.67,2022-18,20714546.0,6512660.0,0.0,13485959.0,260311.0,455615.0,0.0,4.33,4.031,0.0
Portland,2022-05-15 00:00:00,Conventional,1.612757064,535969.73,317837.53,83364.34,33095.76,101672.09,2022-19,19223342.0,5628260.0,0.0,12496727.0,881394.0,216959.0,0.0,4.24,4.161,0.0
Providence,2022-01-10 00:00:00,Conventional,1.478389062,103852.73,24813.38,58120.07,302.9,20616.37,2022-2,25842385.0,254741.0,45359.0,25417092.0,0.0,45359.0,79832.0,4.89,3.164,0.0
Providence,2022-01-16 00:00:00,Conventional,1.353206912,106985.36,36521.28,50364.57,325.09,19774.43,2022-2,25842385.0,254741.0,45359.0,25417092.0,0.0,45359.0,79832.0,4.89,3.164,0.0
Providence,2022-01-23 00:00:00,Conventional,1.585605627,93747.19,24403.97,47478.41,379.26,21485.55,2022-3,27651102.0,1358681.0,0.0,26249028.0,0.0,43391.0,0.0,5.01,3.182,1.0
Providence,2022-01-30 00:00:00,Conventional,1.701706231,102680.76,26146.63,54512.98,391.55,21629.6,2022-4,27067867.0,2351814.0,199580.0,24429687.0,0.0,86783.0,0.0,5.39,3.199,0.0
Providence,2022-02-06 00:00:00,Conventional,1.549877517,95211.23,32807.55,42988.5,332.77,19082.4,2022-5,23700493.0,2529702.0,226796.0,20705339.0,0.0,238655.0,0.0,5.19,3.249,0.0
Providence,2022-02-13 00:00:00,Conventional,1.513231571,111832.06,40567.26,50299.74,373.34,20591.72,2022-6,13538106.0,1837830.0,199580.0,10979992.0,0.0,520702.0,0.0,5.08,3.33,0.0
Providence,2022-02-20 00:00:00,Conventional,1.585021455,112157.57,35056.81,51573.19,183.0,25344.57,2022-7,11411144.0,3432575.0,222260.0,7300693.0,0.0,455615.0,0.0,6.21,3.372,0.0
Providence,2022-02-27 00:00:00,Conventional,1.579954244,105771.7,24481.52,49972.99,286.83,31030.37,2022-8,26431640.0,3658560.0,594205.0,21853434.0,0.0,325439.0,0.0,5.17,3.41,1.0
Providence,2022-03-06 00:00:00,Conventional,1.650461964,93622.43,25738.83,44807.56,174.78,22901.27,2022-9,29166929.0,3454216.0,576061.0,24811211.0,0.0,325439.0,0.0,4.74,3.486,0.0
Providence,2022-03-13 00:00:00,Conventional,1.69091533,94291.37,24453.91,47672.2,183.08,21982.18,2022-10,25843478.0,3630077.0,426376.0,21678544.0,0.0,108479.0,0.0,4.69,3.963,0.0
Providence,2022-03-20 00:00:00,Conventional,1.699358614,89869.85,23649.45,45107.48,189.81,20923.12,2022-11,22051255.0,3436635.0,145149.0,18035551.0,0.0,433919.0,0.0,4.88,4.18,0.0
Providence,2022-03-27 00:00:00,Conventional,1.687054019,93929.83,23191.57,48091.7,203.36,22443.21,2022-12,18189130.0,3153811.0,299370.0,14519564.0,64511.0,151871.0,0.0,4.4,4.091,0.0
Providence,2022-04-03 00:00:00,Conventional,1.67449692,94779.48,26083.24,45628.21,208.43,22859.6,2022-13,21009354.0,2482199.0,340194.0,18021432.0,100440.0,65087.0,0.0,4.68,4.078,0.0
Providence,2022-04-10 00:00:00,Conventional,1.694358549,98735.27,39707.06,35021.72,180.41,23826.08,2022-14,23623647.0,3972180.0,81646.0,19288540.0,86015.0,195263.0,0.0,4.41,4.021,0.0
Providence,2022-04-17 00:00:00,Conventional,1.710370181,92132.9,37965.08,32570.06,231.45,21366.31,2022-15,15061578.0,5023348.0,40823.0,9827999.0,60927.0,108479.0,0.0,4.42,3.943,0.0
Providence,2022-04-24 00:00:00,Conventional,1.669849467,94729.48,41468.19,31291.08,176.51,21793.72,2022-16,28462618.0,6160887.0,45359.0,22040948.0,172030.0,43391.0,0.0,4.34,3.915,0.0
Providence,2022-05-01 00:00:00,Conventional,1.609945621,100938.15,49349.48,30832.15,214.3,20542.22,2022-17,26271615.0,6885495.0,0.0,19169455.0,108183.0,108479.0,0.0,4.43,3.959,0.0
Providence,2022-05-08 00:00:00,Conventional,1.755195175,119022.16,64968.02,33981.89,271.01,19801.25,2022-18,20714546.0,6512660.0,0.0,13485959.0,260311.0,455615.0,0.0,4.33,4.031,0.0
Providence,2022-05-15 00:00:00,Conventional,1.728132827,90028.32,39680.68,27394.15,252.95,22700.54,2022-19,19223342.0,5628260.0,0.0,12496727.0,881394.0,216959.0,0.0,4.24,4.161,0.0
