src/avocado-data/combined_data/combined_dataset.csv
region,date,type,average_selling_price,total_sales_volume,4046_units,4225_units,4770_units,total_bagged_units,year_week,total_prod_volume,california_prod_volume,chile_prod_volume,mexico_prod_volume,peru_prod_volume,colombia_prod_volume,dominican_republic_prod_volume,WEI,gasoline_price,is_holiday
Raleigh/Greensboro,2022-01-10 00:00:00,Conventional,1.045217989,518789.5,255153.89,77257.83,6957.44,179420.34,2022-2,25842385.0,254741.0,45359.0,25417092.0,0.0,45359.0,79832.0,4.89,3.164,0.0
Raleigh/Greensboro,2022-01-16 00:00:00,Conventional,1.188189711,497570.48,198077.1,82326.21,6403.91,210763.25,2022-2,25842385.0,254741.0,45359.0,25417092.0,0.0,45359.0,79832.0,4.89,3.164,0.0
Raleigh/Greensboro,2022-01-23 00:00:00,Conventional,1.300650173,428157.55,178029.53,74694.47,5986.52,169447.04,2022-3,27651102.0,1358681.0,0.0,26249028.0,0.0,43391.0,0.0,5.01,3.182,1.0
Raleigh/Greensboro,2022-01-30 00:00:00,Conventional,1.268925598,465128.17,204417.36,71781.0,6773.29,182156.53,2022-4,27067867.0,2351814.0,199580.0,24429687.0,0.0,86783.0,0.0,5.39,3.199,0.0
Raleigh/Greensboro,2022-02-06 00:00:00,Conventional,1.266007,479490.9,213051.3,75291.42,6707.49,184440.7,2022-5,23700493.0,2529702.0,226796.0,20705339.0,0.0,238655.0,0.0,5.19,3.249,0.0
Raleigh/Greensboro,2022-02-13 00:00:00,Conventional,1.180850912,584053.53,294639.56,100234.93,6988.24,182190.8,2022-6,13538106.0,1837830.0,199580.0,10979992.0,0.0,520702.0,0.0,5.08,3.33,0.0
Raleigh/Greensboro,2022-02-20 00:00:00,Conventional,1.231841715,495775.86,228110.02,77460.72,4154.19,186050.93,2022-7,11411144.0,3432575.0,222260.0,7300693.0,0.0,455615.0,0.0,6.21,3.372,0.0
Raleigh/Greensboro,2022-02-27 00:00:00,Conventional,1.258578084,469443.24,202005.61,66425.07,3429.32,197583.24,2022-8,26431640.0,3658560.0,594205.0,21853434.0,0.0,325439.0,0.0,5.17,3.41,1.0
Raleigh/Greensboro,2022-03-06 00:00:00,Conventional,1.293400672,460862.05,181385.88,66993.96,3101.16,209381.05,2022-9,29166929.0,3454216.0,576061.0,24811211.0,0.0,325439.0,0.0,4.74,3.486,0.0
Raleigh/Greensboro,2022-03-13 00:00:00,Conventional,1.349844791,448672.85,189699.48,70369.93,3083.01,185520.42,2022-10,25843478.0,3630077.0,426376.0,21678544.0,0.0,108479.0,0.0,4.69,3.963,0.0
Raleigh/Greensboro,2022-03-20 00:00:00,Conventional,1.341616353,452768.63,205487.32,69951.56,2993.9,174335.86,2022-11,22051255.0,3436635.0,145149.0,18035551.0,0.0,433919.0,0.0,4.88,4.18,0.0
Raleigh/Greensboro,2022-03-27 00:00:00,Conventional,1.357286632,472130.75,194991.43,64784.8,2991.4,209363.12,2022-12,18189130.0,3153811.0,299370.0,14519564.0,64511.0,151871.0,0.0,4.4,4.091,0.0
Raleigh/Greensboro,2022-04-03 00:00:00,Conventional,1.429520976,455259.54,184351.78,68369.09,3150.68,199388.0,2022-13,21009354.0,2482199.0,340194.0,18021432.0,100440.0,65087.0,0.0,4.68,4.078,0.0
Raleigh/Greensboro,2022-04-10 00:00:00,Conventional,1.376558193,444261.48,184081.91,73172.31,3706.16,183301.1,2022-14,23623647.0,3972180.0,81646.0,19288540.0,86015.0,195263.0,0.0,4.41,4.021,0.0
Raleigh/Greensboro,2022-04-17 00:00:00,Conventional,1.452489115,422331.95,171376.94,66779.63,3426.66,180748.72,2022-15,15061578.0,5023348.0,40823.0,9827999.0,60927.0,108479.0,0.0,4.42,3.943,0.0
Raleigh/Greensboro,2022-04-24 00:00:00,Conventional,1.445543101,437867.18,179806.44,71923.42,3498.43,182638.89,2022-16,28462618.0,6160887.0,45359.0,22040948.0,172030.0,43391.0,0.0,4.34,3.915,0.0
Raleigh/Greensboro,2022-05-01 00:00:00,Conventional,1.301931279,515653.58,240168.73,69196.42,2931.42,203357.01,2022-17,26271615.0,6885495.0,0.0,19169455.0,108183.0,108479.0,0.0,4.43,3.959,0.0
Raleigh/Greensboro,2022-05-08 00:00:00,Conventional,1.459010292,466456.04,213508.92,73948.41,5450.76,173547.95,2022-18,20714546.0,6512660.0,0.0,13485959.0,260311.0,455615.0,0.0,4.33,4.031,0.0
Raleigh/Greensboro,2022-05-15 00:00:00,Conventional,1.494028981,430981.8,186119.06,63824.87,4284.01,176753.86,2022-19,19223342.0,5628260.0,0.0,12496727.0,881394.0,216959.0,0.0,4.24,4.161,0.0
Richmond/Norfolk,2022-01-10 00:00:00,Conventional,0.97831437,394959.41,225377.89,64904.54,2174.41,102502.57,2022-2,25842385.0,254741.0,45359.0,25417092.0,0.0,45359.0,79832.0,4.89,3.164,0.0
Richmond/Norfolk,2022-01-16 00:00:00,Conventional,1.089413988,389461.42,216476.28,58595.43,2318.61,112071.09,2022-2,25842385.0,254741.0,45359.0,25417092.0,0.0,45359.0,79832.0,4.89,3.164,0.0
Richmond/Norfolk,2022-01-23 00:00:00,Conventional,1.169509516,338251.81,177869.21,48951.1,2304.24,109127.25,2022-3,27651102.0,1358681.0,0.0,26249028.0,0.0,43391.0,0.0,5.01,3.182,1.0
Richmond/Norfolk,2022-01-30 00:00:00,Conventional,1.230258867,341589.35,171636.47,60642.72,2347.96,106962.2,2022-4,27067867.0,2351814.0,199580.0,24429687.0,0.0,86783.0,0.0,5.39,3.199,0.0
Richmond/Norfolk,2022-02-06 00:00:00,Conventional,1.201597966,342932.49,181502.72,56223.39,1674.84,103531.54,2022-5,23700493.0,2529702.0,226796.0,20705339.0,0.0,238655.0,0.0,5.19,3.249,0.0
Richmond/Norfolk,2022-02-13 00:00:00,Conventional,1.047043292,457686.05,289026.23,62949.2,1859.51,103851.1,2022-6,13538106.0,1837830.0,199580.0,10979992.0,0.0,520702.0,0.0,5.08,3.33,0.0
Richmond/Norfolk,2022-02-20 00:00:00,Conventional,1.123965347,372250.64,217824.9,47280.15,1180.59,105965.0,2022-7,11411144.0,3432575.0,222260.0,7300693.0,0.0,455615.0,0.0,6.21,3.372,0.0
Richmond/Norfolk,2022-02-27 00:00:00,Conventional,1.152722903,355563.81,192884.66,48926.58,1157.22,112595.35,2022-8,26431640.0,3658560.0,594205.0,21853434.0,0.0,325439.0,0.0,5.17,3.41,1.0
Richmond/Norfolk,2022-03-06 00:00:00,Conventional,1.221370453,350926.47,197671.75,42825.47,1121.4,109307.85,2022-9,29166929.0,3454216.0,576061.0,24811211.0,0.0,325439.0,0.0,4.74,3.486,0.0
Richmond/Norfolk,2022-03-13 00:00:00,Conventional,1.250588706,359116.09,196539.15,53018.83,1137.73,108420.39,2022-10,25843478.0,3630077.0,426376.0,21678544.0,0.0,108479.0,0.0,4.69,3.963,0.0
Richmond/Norfolk,2022-03-20 00:00:00,Conventional,1.242737516,346356.35,196226.14,45777.71,994.04,103358.46,2022-11,22051255.0,3436635.0,145149.0,18035551.0,0.0,433919.0,0.0,4.88,4.18,0.0
Richmond/Norfolk,2022-03-27 00:00:00,Conventional,1.286089682,333234.74,181979.04,44509.03,981.79,105764.89,2022-12,18189130.0,3153811.0,299370.0,14519564.0,64511.0,151871.0,0.0,4.4,4.091,0.0
Richmond/Norfolk,2022-04-03 00:00:00,Conventional,1.274903632,352895.51,197876.18,43409.31,958.63,110651.4,2022-13,21009354.0,2482199.0,340194.0,18021432.0,100440.0,65087.0,0.0,4.68,4.078,0.0
Richmond/Norfolk,2022-04-10 00:00:00,Conventional,1.263664075,355780.05,193199.45,56316.24,1200.2,105064.16,2022-14,23623647.0,3972180.0,81646.0,19288540.0,86015.0,195263.0,0.0,4.41,4.021,0.0
Richmond/Norfolk,2022-04-17 00:00:00,Conventional,1.465197741,323356.74,154075.09,64735.11,1137.39,103409.15,2022-15,15061578.0,5023348.0,40823.0,9827999.0,60927.0,108479.0,0.0,4.42,3.943,0.0
Richmond/Norfolk,2022-04-24 00:00:00,Conventional,1.455941697,323184.12,150226.91,58005.42,1045.46,113906.33,2022-16,28462618.0,6160887.0,45359.0,22040948.0,172030.0,43391.0,0.0,4.34,3.915,0.0
Richmond/Norfolk,2022-05-01 00:00:00,Conventional,1.259167019,398603.39,236857.97,51269.26,993.16,109483.0,2022-17,26271615.0,6885495.0,0.0,19169455.0,108183.0,108479.0,0.0,4.43,3.959,0.0
Richmond/Norfolk,2022-05-08 00:00:00,Conventional,1.34732414,380674.86,220191.24,53264.72,1996.86,105222.04,2022-18,20714546.0,6512660.0,0.0,13485959.0,260311.0,455615.0,0.0,4.33,4.031,0.0
Richmond/Norfolk,2022-05-15 00:00:00,Conventional,1.448184081,318348.09,164907.17,46526.73,964.56,105949.64,2022-19,19223342.0,5628260.0,0.0,12496727.0,881394.0,216959.0,0.0,4.24,4.161,0.0
Roanoke,2022-01-10 00:00:00,Conventional,0.939801668,224853.52,139711.76,33144.45,515.7,51481.61,2022-2,25842385.0,254741.0,45359.0,25417092.0,0.0,45359.0,79832.0,4.89,3.164,0.0
Roanoke,2022-01-16 00:00:00,Conventional,1.024449423,247597.84,157080.81,32757.94,382.62,57376.47,2022-2,25842385.0,254741.0,45359.0,25417092.0,0.0,45359.0,79832.0,4.89,3.164,0.0
Roanoke,2022-01-23 00:00:00,Conventional,1.105193427,169632.43,102951.42,19634.14,356.76,46690.11,2022-3,27651102.0,1358681.0,0.0,26249028.0,0.0,43391.0,0.0,5.01,3.182,1.0
Roanoke,2022-01-30 00:00:00,Conventional,1.169396774,195827.22,112240.97,30405.88,529.13,52651.23,2022-4,27067867.0,2351814.0,199580.0,24429687.0,0.0,86783.0,0.0,5.39,3.199,0.0
Roanoke,2022-02-06 00:00:00,Conventional,1.152388981,203651.86,119978.33,29839.37,560.15,53274.01,2022-5,23700493.0,2529702.0,226796.0,20705339.0,0.0,238655.0,0.0,5.19,3.249,0.0
Roanoke,2022-02-13 00:00:00,Conventional,0.994110114,269191.37,180411.41,31905.98,461.37,56412.6,2022-6,13538106.0,1837830.0,199580.0,10979992.0,0.0,520702.0,0.0,5.08,3.33,0.0
Roanoke,2022-02-20 00:00:00,Conventional,1.085121596,220594.66,132106.31,30461.11,236.04,57791.2,2022-7,11411144.0,3432575.0,222260.0,7300693.0,0.0,455615.0,0.0,6.21,3.372,0.0
Roanoke,2022-02-27 00:00:00,Conventional,1.08484883,213068.86,133245.27,25529.45,179.97,54114.17,2022-8,26431640.0,3658560.0,594205.0,21853434.0,0.0,325439.0,0.0,5.17,3.41,1.0
Roanoke,2022-03-06 00:00:00,Conventional,1.150647012,201194.28,127529.44,19847.66,216.09,53601.1,2022-9,29166929.0,3454216.0,576061.0,24811211.0,0.0,325439.0,0.0,4.74,3.486,0.0
Roanoke,2022-03-13 00:00:00,Conventional,1.15310459,213680.84,129169.99,27800.22,138.18,56572.45,2022-10,25843478.0,3630077.0,426376.0,21678544.0,0.0,108479.0,0.0,4.69,3.963,0.0
Roanoke,2022-03-20 00:00:00,Conventional,1.139139873,205288.75,133450.09,21010.25,143.22,50685.19,2022-11,22051255.0,3436635.0,145149.0,18035551.0,0.0,433919.0,0.0,4.88,4.18,0.0
Roanoke,2022-03-27 00:00:00,Conventional,1.200470629,200588.38,122198.25,21983.55,157.29,56249.3,2022-12,18189130.0,3153811.0,299370.0,14519564.0,64511.0,151871.0,0.0,4.4,4.091,0.0
Roanoke,2022-04-03 00:00:00,Conventional,1.184187325,219149.99,134927.75,24945.45,187.95,59088.84,2022-13,21009354.0,2482199.0,340194.0,18021432.0,100440.0,65087.0,0.0,4.68,4.078,0.0
Roanoke,2022-04-10 00:00:00,Conventional,1.245113825,216584.44,127410.76,29886.29,172.65,59114.74,2022-14,23623647.0,3972180.0,81646.0,19288540.0,86015.0,195263.0,0.0,4.41,4.021,0.0
Roanoke,2022-04-17 00:00:00,Conventional,1.408474458,189295.31,97372.72,36140.84,173.53,55608.22,2022-15,15061578.0,5023348.0,40823.0,9827999.0,60927.0,108479.0,0.0,4.42,3.943,0.0
Roanoke,2022-04-24 00:00:00,Conventional,1.365862924,201702.68,113881.07,32542.02,153.85,55125.74,2022-16,28462618.0,6160887.0,45359.0,22040948.0,172030.0,43391.0,0.0,4.34,3.915,0.0
Roanoke,2022-05-01 00:00:00,Conventional,1.247603839,238203.77,157438.78,26232.76,229.65,54302.57,2022-17,26271615.0,6885495.0,0.0,19169455.0,108183.0,108479.0,0.0,4.43,3.959,0.0
Roanoke,2022-05-08 00:00:00,Conventional,1.262883902,228870.87,151463.57,25164.45,468.89,51773.95,2022-18,20714546.0,6512660.0,0.0,13485959.0,260311.0,455615.0,0.0,4.33,4.031,0.0
Roanoke,2022-05-15 00:00:00,Conventional,1.433450104,177307.33,104746.95,22186.97,241.58,50131.83,2022-19,19223342.0,5628260.0,0.0,12496727.0,881394.0,216959.0,0.0,4.24,4.161,0.0
Sacramento,2022-01-10 00:00:00,Conventional,1.344338574,471158.39,127635.9,226676.66,9555.45,107290.38,2022-2,25842385.0,254741.0,45359.0,25417092.0,0.0,45359.0,79832.0,4.89,3.164,0.0
Sacramento,2022-01-16 00:00:00,Conventional,1.640675329,439005.45,139373.41,180475.62,9269.67,109886.76,2022-2,25842385.0,254741.0,45359.0,25417092.0,0.0,45359.0,79832.0,4.89,3.164,0.0
Sacramento,2022-01-23 00:00:00,Conventional,1.602902779,439518.76,138203.7,197956.17,9431.58,93927.3,2022-3,27651102.0,1358681.0,0.0,26249028.0,0.0,43391.0,0.0,5.01,3.182,1.0
Sacramento,2022-01-30 00:00:00,Conventional,1.381389429,511080.68,157085.39,247138.38,10084.93,96771.98,2022-4,27067867.0,2351814.0,199580.0,24429687.0,0.0,86783.0,0.0,5.39,3.199,0.0
Sacramento,2022-02-06 00:00:00,Conventional,1.675559241,430708.88,125289.76,185872.85,9565.78,109980.49,2022-5,23700493.0,2529702.0,226796.0,20705339.0,0.0,238655.0,0.0,5.19,3.249,0.0
Sacramento,2022-02-13 00:00:00,Conventional,1.34907086,605525.49,185192.74,313593.89,10032.58,96706.28,2022-6,13538106.0,1837830.0,199580.0,10979992.0,0.0,520702.0,0.0,5.08,3.33,0.0
Sacramento,2022-02-20 00:00:00,Conventional,1.606660417,431039.49,153148.95,172559.46,7915.73,97415.35,2022-7,11411144.0,3432575.0,222260.0,7300693.0,0.0,455615.0,0.0,6.21,3.372,0.0
Sacramento,2022-02-27 00:00:00,Conventional,1.722807885,446031.93,120578.71,229715.74,5172.78,90564.71,2022-8,26431640.0,3658560.0,594205.0,21853434.0,0.0,325439.0,0.0,5.17,3.41,1.0
Sacramento,2022-03-06 00:00:00,Conventional,1.747952398,399994.84,127348.84,166747.96,6284.61,99613.44,2022-9,29166929.0,3454216.0,576061.0,24811211.0,0.0,325439.0,0.0,4.74,3.486,0.0
Sacramento,2022-03-13 00:00:00,Conventional,1.667142383,433561.87,208492.32,131292.64,6299.46,87477.45,2022-10,25843478.0,3630077.0,426376.0,21678544.0,0.0,108479.0,0.0,4.69,3.963,0.0
Sacramento,2022-03-20 00:00:00,Conventional,1.568281977,407128.29,209798.0,97290.54,7411.66,92628.09,2022-11,22051255.0,3436635.0,145149.0,18035551.0,0.0,433919.0,0.0,4.88,4.18,0.0
Sacramento,2022-03-27 00:00:00,Conventional,1.644301272,469438.06,248557.8,126577.28,6150.41,88152.57,2022-12,18189130.0,3153811.0,299370.0,14519564.0,64511.0,151871.0,0.0,4.4,4.091,0.0
Sacramento,2022-04-03 00:00:00,Conventional,1.729555861,397553.5,187435.56,112185.71,6355.74,91576.48,2022-13,21009354.0,2482199.0,340194.0,18021432.0,100440.0,65087.0,0.0,4.68,4.078,0.0
Sacramento,2022-04-10 00:00:00,Conventional,1.702584722,411004.58,201732.19,110235.55,7052.31,91984.53,2022-14,23623647.0,3972180.0,81646.0,19288540.0,86015.0,195263.0,0.0,4.41,4.021,0.0
Sacramento,2022-04-17 00:00:00,Conventional,1.723422758,473044.77,230443.54,143747.65,7449.95,91403.64,2022-15,15061578.0,5023348.0,40823.0,9827999.0,60927.0,108479.0,0.0,4.42,3.943,0.0
Sacramento,2022-04-24 00:00:00,Conventional,1.62225615,432813.11,214259.78,117175.09,6140.16,95238.08,2022-16,28462618.0,6160887.0,45359.0,22040948.0,172030.0,43391.0,0.0,4.34,3.915,0.0
Sacramento,2022-05-01 00:00:00,Conventional,1.636826835,528262.16,243222.61,183175.18,6705.0,95159.36,2022-17,26271615.0,6885495.0,0.0,19169455.0,108183.0,108479.0,0.0,4.43,3.959,0.0
Sacramento,2022-05-08 00:00:00,Conventional,1.480829839,503923.15,246642.36,152407.35,8427.28,96446.15,2022-18,20714546.0,6512660.0,0.0,13485959.0,260311.0,455615.0,0.0,4.33,4.031,0.0
Sacramento,2022-05-15 00:00:00,Conventional,1.712339057,459789.07,272319.75,100771.06,5490.14,81208.12,2022-19,19223342.0,5628260.0,0.0,12496727.0,881394.0,216959.0,0.0,4.24,4.161,0.0
San Diego,2022-01-10 00:00:00,Conventional,1.21785994,603542.17,351329.0,35348.44,71624.47,145240.27,2022-2,25842385.0,254741.0,45359.0,25417092.0,0.0,45359.0,79832.0,4.89,3.164,0.0
San Diego,2022-01-16 00:00:00,Conventional,1.32650023,581068.13,325742.0,46357.64,57332.95,151635.54,2022-2,25842385.0,254741.0,45359.0,25417092.0,0.0,45359.0,79832.0,4.89,3.164,0.0
San Diego,2022-01-23 00:00:00,Conventional,1.28834976,597929.37,315297.03,74305.81,68720.48,139606.05,2022-3,27651102.0,1358681.0,0.0,26249028.0,0.0,43391.0,0.0,5.01,3.182,1.0
San Diego,2022-01-30 00:00:00,Conventional,1.289339479,602500.03,334108.12,33130.29,84301.92,150959.7,2022-4,27067867.0,2351814.0,199580.0,24429687.0,0.0,86783.0,0.0,5.39,3.199,0.0
San Diego,2022-02-06 00:00:00,Conventional,1.319060578,589448.5,347434.91,28424.33,66693.34,146895.92,2022-5,23700493.0,2529702.0,226796.0,20705339.0,0.0,238655.0,0.0,5.19,3.249,0.0
San Diego,2022-02-13 00:00:00,Conventional,1.041727004,919537.4,429045.22,28564.67,101354.31,360573.2,2022-6,13538106.0,1837830.0,199580.0,10979992.0,0.0,520702.0,0.0,5.08,3.33,0.0
San Diego,2022-02-20 00:00:00,Conventional,1.222946471,628537.79,363134.05,25198.56,93139.19,147065.99,2022-7,11411144.0,3432575.0,222260.0,7300693.0,0.0,455615.0,0.0,6.21,3.372,0.0
San Diego,2022-02-27 00:00:00,Conventional,1.312568782,541686.26,293428.56,30498.03,71402.52,146357.15,2022-8,26431640.0,3658560.0,594205.0,21853434.0,0.0,325439.0,0.0,5.17,3.41,1.0
San Diego,2022-03-06 00:00:00,Conventional,1.355577971,537658.97,302276.56,21297.45,60861.12,153223.84,2022-9,29166929.0,3454216.0,576061.0,24811211.0,0.0,325439.0,0.0,4.74,3.486,0.0
San Diego,2022-03-13 00:00:00,Conventional,1.371143971,555935.45,338537.78,19095.6,59523.29,138778.78,2022-10,25843478.0,3630077.0,426376.0,21678544.0,0.0,108479.0,0.0,4.69,3.963,0.0
San Diego,2022-03-20 00:00:00,Conventional,1.360364173,519637.78,281775.55,18351.55,63471.31,156039.36,2022-11,22051255.0,3436635.0,145149.0,18035551.0,0.0,433919.0,0.0,4.88,4.18,0.0
San Diego,2022-03-27 00:00:00,Conventional,1.382353664,563387.31,335011.54,21120.59,62670.98,144584.2,2022-12,18189130.0,3153811.0,299370.0,14519564.0,64511.0,151871.0,0.0,4.4,4.091,0.0
San Diego,2022-04-03 00:00:00,Conventional,1.43589798,508814.08,275651.09,23364.89,64029.62,145768.48,2022-13,21009354.0,2482199.0,340194.0,18021432.0,100440.0,65087.0,0.0,4.68,4.078,0.0
San Diego,2022-04-10 00:00:00,Conventional,1.461809602,563561.8,325568.74,20695.81,64852.26,152444.99,2022-14,23623647.0,3972180.0,81646.0,19288540.0,86015.0,195263.0,0.0,4.41,4.021,0.0
San Diego,2022-04-17 00:00:00,Conventional,1.434968261,532603.42,293624.06,19289.41,56806.38,162883.57,2022-15,15061578.0,5023348.0,40823.0,9827999.0,60927.0,108479.0,0.0,4.42,3.943,0.0
San Diego,2022-04-24 00:00:00,Conventional,1.432834235,517711.38,291616.28,24451.0,50606.6,151037.5,2022-16,28462618.0,6160887.0,45359.0,22040948.0,172030.0,43391.0,0.0,4.34,3.915,0.0
San Diego,2022-05-01 00:00:00,Conventional,1.144587015,720615.33,273698.06,14826.58,67632.43,364458.26,2022-17,26271615.0,6885495.0,0.0,19169455.0,108183.0,108479.0,0.0,4.43,3.959,0.0
San Diego,2022-05-08 00:00:00,Conventional,1.496299564,536274.39,266990.2,11337.46,77387.88,180558.85,2022-18,20714546.0,6512660.0,0.0,13485959.0,260311.0,455615.0,0.0,4.33,4.031,0.0
San Diego,2022-05-15 00:00:00,Conventional,1.523040503,493406.78,269670.83,8139.76,61247.97,154348.22,2022-19,19223342.0,5628260.0,0.0,12496727.0,881394.0,216959.0,0.0,4.24,4.161,0.0
