src/avocado-data/combined_data/combined_dataset.csv
region,date,type,average_selling_price,total_sales_volume,4046_units,4225_units,4770_units,total_bagged_units,year_week,total_prod_volume,california_prod_volume,chile_prod_volume,mexico_prod_volume,peru_prod_volume,colombia_prod_volume,dominican_republic_prod_volume,WEI,gasoline_price,is_holiday
San Francisco,2022-01-10 00:00:00,Conventional,1.234038057,899499.88,175778.48,579276.99,13740.35,130704.07,2022-2,25842385.0,254741.0,45359.0,25417092.0,0.0,45359.0,79832.0,4.89,3.164,0.0
San Francisco,2022-01-16 00:00:00,Conventional,1.659048506,692278.65,207348.6,348423.22,12455.01,124051.81,2022-2,25842385.0,254741.0,45359.0,25417092.0,0.0,45359.0,79832.0,4.89,3.164,0.0
San Francisco,2022-01-23 00:00:00,Conventional,1.702150274,716620.18,193254.97,390700.8,12878.25,119786.16,2022-3,27651102.0,1358681.0,0.0,26249028.0,0.0,43391.0,0.0,5.01,3.182,1.0
San Francisco,2022-01-30 00:00:00,Conventional,1.237689168,964996.75,231714.23,602424.23,15641.02,115217.28,2022-4,27067867.0,2351814.0,199580.0,24429687.0,0.0,86783.0,0.0,5.39,3.199,0.0
San Francisco,2022-02-06 00:00:00,Conventional,1.688489022,684708.45,151954.04,367052.78,14326.53,151375.11,2022-5,23700493.0,2529702.0,226796.0,20705339.0,0.0,238655.0,0.0,5.19,3.249,0.0
San Francisco,2022-02-13 00:00:00,Conventional,1.485842807,1006269.86,259692.96,595279.61,12660.92,138636.37,2022-6,13538106.0,1837830.0,199580.0,10979992.0,0.0,520702.0,0.0,5.08,3.33,0.0
San Francisco,2022-02-20 00:00:00,Conventional,1.694855778,712914.08,205998.68,364059.52,9615.77,133240.12,2022-7,11411144.0,3432575.0,222260.0,7300693.0,0.0,455615.0,0.0,6.21,3.372,0.0
San Francisco,2022-02-27 00:00:00,Conventional,1.861844393,852930.59,166210.32,558589.37,6798.7,121332.2,2022-8,26431640.0,3658560.0,594205.0,21853434.0,0.0,325439.0,0.0,5.17,3.41,1.0
San Francisco,2022-03-06 00:00:00,Conventional,1.756147321,617983.31,202220.06,276663.41,9077.95,130021.89,2022-9,29166929.0,3454216.0,576061.0,24811211.0,0.0,325439.0,0.0,4.74,3.486,0.0
San Francisco,2022-03-13 00:00:00,Conventional,1.680291061,924453.64,626772.33,164571.7,8550.36,124559.24,2022-10,25843478.0,3630077.0,426376.0,21678544.0,0.0,108479.0,0.0,4.69,3.963,0.0
San Francisco,2022-03-20 00:00:00,Conventional,1.443025418,775744.89,521542.23,101569.02,8323.85,144309.79,2022-11,22051255.0,3436635.0,145149.0,18035551.0,0.0,433919.0,0.0,4.88,4.18,0.0
San Francisco,2022-03-27 00:00:00,Conventional,1.721965639,945829.43,701286.24,109614.6,8166.86,126761.73,2022-12,18189130.0,3153811.0,299370.0,14519564.0,64511.0,151871.0,0.0,4.4,4.091,0.0
San Francisco,2022-04-03 00:00:00,Conventional,1.675693379,693889.03,446841.2,102707.77,7644.58,136695.47,2022-13,21009354.0,2482199.0,340194.0,18021432.0,100440.0,65087.0,0.0,4.68,4.078,0.0
San Francisco,2022-04-10 00:00:00,Conventional,1.635172685,745522.26,493631.11,96138.1,8994.76,146758.29,2022-14,23623647.0,3972180.0,81646.0,19288540.0,86015.0,195263.0,0.0,4.41,4.021,0.0
San Francisco,2022-04-17 00:00:00,Conventional,1.753140775,956613.58,688429.77,111441.28,8520.28,148222.24,2022-15,15061578.0,5023348.0,40823.0,9827999.0,60927.0,108479.0,0.0,4.42,3.943,0.0
San Francisco,2022-04-24 00:00:00,Conventional,1.508327125,808699.16,521668.46,124869.74,7686.65,154474.3,2022-16,28462618.0,6160887.0,45359.0,22040948.0,172030.0,43391.0,0.0,4.34,3.915,0.0
San Francisco,2022-05-01 00:00:00,Conventional,1.698399665,1069797.0,746879.7,165698.47,9057.63,148161.2,2022-17,26271615.0,6885495.0,0.0,19169455.0,108183.0,108479.0,0.0,4.43,3.959,0.0
San Francisco,2022-05-08 00:00:00,Conventional,1.466395562,867095.81,601689.55,99093.34,13988.27,152324.64,2022-18,20714546.0,6512660.0,0.0,13485959.0,260311.0,455615.0,0.0,4.33,4.031,0.0
San Francisco,2022-05-15 00:00:00,Conventional,1.695179016,1053625.18,833412.84,77302.37,11524.86,131385.1,2022-19,19223342.0,5628260.0,0.0,12496727.0,881394.0,216959.0,0.0,4.24,4.161,0.0
Seattle,2022-01-10 00:00:00,Conventional,1.438789909,626339.31,276174.59,257712.32,3555.52,88896.88,2022-2,25842385.0,254741.0,45359.0,25417092.0,0.0,45359.0,79832.0,4.89,3.164,0.0
Seattle,2022-01-16 00:00:00,Conventional,1.647156709,530114.53,219672.64,221408.96,3569.58,85463.36,2022-2,25842385.0,254741.0,45359.0,25417092.0,0.0,45359.0,79832.0,4.89,3.164,0.0
Seattle,2022-01-23 00:00:00,Conventional,1.394642543,642559.74,359246.04,196773.07,4179.42,82361.21,2022-3,27651102.0,1358681.0,0.0,26249028.0,0.0,43391.0,0.0,5.01,3.182,1.0
Seattle,2022-01-30 00:00:00,Conventional,1.547398668,546863.02,280962.51,178976.58,4380.6,82543.32,2022-4,27067867.0,2351814.0,199580.0,24429687.0,0.0,86783.0,0.0,5.39,3.199,0.0
Seattle,2022-02-06 00:00:00,Conventional,1.895993182,535789.9,191915.72,259061.95,3992.92,80819.32,2022-5,23700493.0,2529702.0,226796.0,20705339.0,0.0,238655.0,0.0,5.19,3.249,0.0
Seattle,2022-02-13 00:00:00,Conventional,1.618000642,680096.55,375731.59,221200.85,3701.63,79462.47,2022-6,13538106.0,1837830.0,199580.0,10979992.0,0.0,520702.0,0.0,5.08,3.33,0.0
Seattle,2022-02-20 00:00:00,Conventional,1.704391329,531518.85,276735.16,174864.16,3502.14,76417.39,2022-7,11411144.0,3432575.0,222260.0,7300693.0,0.0,455615.0,0.0,6.21,3.372,0.0
Seattle,2022-02-27 00:00:00,Conventional,1.761690953,502794.98,174398.0,234762.12,3344.43,90290.43,2022-8,26431640.0,3658560.0,594205.0,21853434.0,0.0,325439.0,0.0,5.17,3.41,1.0
Seattle,2022-03-06 00:00:00,Conventional,1.718091059,505752.27,213899.15,201767.83,2869.0,87216.29,2022-9,29166929.0,3454216.0,576061.0,24811211.0,0.0,325439.0,0.0,4.74,3.486,0.0
Seattle,2022-03-13 00:00:00,Conventional,1.820393596,450246.26,219074.48,142252.04,2835.4,86084.35,2022-10,25843478.0,3630077.0,426376.0,21678544.0,0.0,108479.0,0.0,4.69,3.963,0.0
Seattle,2022-03-20 00:00:00,Conventional,1.820157201,473278.92,184756.48,173391.06,2979.24,112152.14,2022-11,22051255.0,3436635.0,145149.0,18035551.0,0.0,433919.0,0.0,4.88,4.18,0.0
Seattle,2022-03-27 00:00:00,Conventional,1.883642575,464753.57,197255.44,177086.53,3554.53,86857.08,2022-12,18189130.0,3153811.0,299370.0,14519564.0,64511.0,151871.0,0.0,4.4,4.091,0.0
Seattle,2022-04-03 00:00:00,Conventional,1.778595009,520987.14,210264.73,222915.07,5261.17,82546.17,2022-13,21009354.0,2482199.0,340194.0,18021432.0,100440.0,65087.0,0.0,4.68,4.078,0.0
Seattle,2022-04-10 00:00:00,Conventional,1.715702767,519335.1,194806.81,197153.01,1327.67,126047.6,2022-14,23623647.0,3972180.0,81646.0,19288540.0,86015.0,195263.0,0.0,4.41,4.021,0.0
Seattle,2022-04-17 00:00:00,Conventional,1.830054262,530198.0,256641.06,153074.95,1026.76,119455.23,2022-15,15061578.0,5023348.0,40823.0,9827999.0,60927.0,108479.0,0.0,4.42,3.943,0.0
Seattle,2022-04-24 00:00:00,Conventional,1.969524053,502787.2,258690.69,160458.71,1012.74,82625.06,2022-16,28462618.0,6160887.0,45359.0,22040948.0,172030.0,43391.0,0.0,4.34,3.915,0.0
Seattle,2022-05-01 00:00:00,Conventional,1.772956899,581578.67,347536.18,146478.03,1044.79,86519.68,2022-17,26271615.0,6885495.0,0.0,19169455.0,108183.0,108479.0,0.0,4.43,3.959,0.0
Seattle,2022-05-08 00:00:00,Conventional,1.778824157,541425.75,283535.6,156736.48,2813.79,98339.87,2022-18,20714546.0,6512660.0,0.0,13485959.0,260311.0,455615.0,0.0,4.33,4.031,0.0
Seattle,2022-05-15 00:00:00,Conventional,1.883162806,472140.63,205367.33,160958.24,2088.05,103727.01,2022-19,19223342.0,5628260.0,0.0,12496727.0,881394.0,216959.0,0.0,4.24,4.161,0.0
South Carolina,2022-01-10 00:00:00,Conventional,1.069771904,598414.82,337132.25,72766.54,2612.28,185903.75,2022-2,25842385.0,254741.0,45359.0,25417092.0,0.0,45359.0,79832.0,4.89,3.164,0.0
South Carolina,2022-01-16 00:00:00,Conventional,1.195232673,560730.4,284003.54,71340.23,2590.07,202796.56,2022-2,25842385.0,254741.0,45359.0,25417092.0,0.0,45359.0,79832.0,4.89,3.164,0.0
South Carolina,2022-01-23 00:00:00,Conventional,1.238822215,535937.81,292559.48,66970.46,2441.64,173966.23,2022-3,27651102.0,1358681.0,0.0,26249028.0,0.0,43391.0,0.0,5.01,3.182,1.0
South Carolina,2022-01-30 00:00:00,Conventional,1.249827996,528101.74,276785.28,66756.78,2025.82,182533.85,2022-4,27067867.0,2351814.0,199580.0,24429687.0,0.0,86783.0,0.0,5.39,3.199,0.0
South Carolina,2022-02-06 00:00:00,Conventional,1.21614761,579541.56,312149.85,73060.03,2303.95,192027.72,2022-5,23700493.0,2529702.0,226796.0,20705339.0,0.0,238655.0,0.0,5.19,3.249,0.0
South Carolina,2022-02-13 00:00:00,Conventional,1.088698213,725411.66,472237.25,82793.19,2093.69,168287.54,2022-6,13538106.0,1837830.0,199580.0,10979992.0,0.0,520702.0,0.0,5.08,3.33,0.0
South Carolina,2022-02-20 00:00:00,Conventional,1.172372105,588081.14,322113.5,80931.66,1872.32,183163.66,2022-7,11411144.0,3432575.0,222260.0,7300693.0,0.0,455615.0,0.0,6.21,3.372,0.0
South Carolina,2022-02-27 00:00:00,Conventional,1.214101971,534801.73,296847.14,61987.38,1621.28,174345.92,2022-8,26431640.0,3658560.0,594205.0,21853434.0,0.0,325439.0,0.0,5.17,3.41,1.0
South Carolina,2022-03-06 00:00:00,Conventional,1.240575431,561650.36,306460.93,59571.73,1535.43,194082.27,2022-9,29166929.0,3454216.0,576061.0,24811211.0,0.0,325439.0,0.0,4.74,3.486,0.0
South Carolina,2022-03-13 00:00:00,Conventional,1.283232342,554365.86,296226.13,72055.72,1478.07,184605.94,2022-10,25843478.0,3630077.0,426376.0,21678544.0,0.0,108479.0,0.0,4.69,3.963,0.0
South Carolina,2022-03-20 00:00:00,Conventional,1.269616153,560215.09,298908.04,73378.04,1493.25,186435.77,2022-11,22051255.0,3436635.0,145149.0,18035551.0,0.0,433919.0,0.0,4.88,4.18,0.0
South Carolina,2022-03-27 00:00:00,Conventional,1.292443133,550627.63,282682.87,70048.58,1474.7,196421.48,2022-12,18189130.0,3153811.0,299370.0,14519564.0,64511.0,151871.0,0.0,4.4,4.091,0.0
South Carolina,2022-04-03 00:00:00,Conventional,1.306353118,567576.88,301904.1,69608.71,1353.23,194710.84,2022-13,21009354.0,2482199.0,340194.0,18021432.0,100440.0,65087.0,0.0,4.68,4.078,0.0
South Carolina,2022-04-10 00:00:00,Conventional,1.300030151,550494.66,282685.52,76072.46,1891.69,189844.99,2022-14,23623647.0,3972180.0,81646.0,19288540.0,86015.0,195263.0,0.0,4.41,4.021,0.0
South Carolina,2022-04-17 00:00:00,Conventional,1.400095283,525479.93,271949.81,79021.27,1726.69,172782.15,2022-15,15061578.0,5023348.0,40823.0,9827999.0,60927.0,108479.0,0.0,4.42,3.943,0.0
South Carolina,2022-04-24 00:00:00,Conventional,1.398469692,520191.7,267849.67,79001.7,1700.64,171639.68,2022-16,28462618.0,6160887.0,45359.0,22040948.0,172030.0,43391.0,0.0,4.34,3.915,0.0
South Carolina,2022-05-01 00:00:00,Conventional,1.209921132,654479.77,390673.58,74264.63,1207.44,188334.12,2022-17,26271615.0,6885495.0,0.0,19169455.0,108183.0,108479.0,0.0,4.43,3.959,0.0
South Carolina,2022-05-08 00:00:00,Conventional,1.384618546,577025.4,330268.07,68558.41,2059.33,176139.61,2022-18,20714546.0,6512660.0,0.0,13485959.0,260311.0,455615.0,0.0,4.33,4.031,0.0
South Carolina,2022-05-15 00:00:00,Conventional,1.455603614,518526.78,295718.61,45838.81,1222.24,175747.13,2022-19,19223342.0,5628260.0,0.0,12496727.0,881394.0,216959.0,0.0,4.24,4.161,0.0
Spokane,2022-01-10 00:00:00,Conventional,1.262712555,88537.5,42218.72,30546.93,25.15,15746.7,2022-2,25842385.0,254741.0,45359.0,25417092.0,0.0,45359.0,79832.0,4.89,3.164,0.0
Spokane,2022-01-16 00:00:00,Conventional,1.453197358,75977.78,38798.81,21224.48,47.88,15906.61,2022-2,25842385.0,254741.0,45359.0,25417092.0,0.0,45359.0,79832.0,4.89,3.164,0.0
Spokane,2022-01-23 00:00:00,Conventional,1.23405348,90473.55,57082.87,19592.24,66.08,13732.36,2022-3,27651102.0,1358681.0,0.0,26249028.0,0.0,43391.0,0.0,5.01,3.182,1.0
Spokane,2022-01-30 00:00:00,Conventional,1.306308446,81140.29,50618.08,16838.65,177.89,13505.66,2022-4,27067867.0,2351814.0,199580.0,24429687.0,0.0,86783.0,0.0,5.39,3.199,0.0
Spokane,2022-02-06 00:00:00,Conventional,1.666599552,77848.24,36904.05,27002.77,71.37,13870.05,2022-5,23700493.0,2529702.0,226796.0,20705339.0,0.0,238655.0,0.0,5.19,3.249,0.0
Spokane,2022-02-13 00:00:00,Conventional,1.395139639,100283.27,66364.45,20112.23,126.31,13680.29,2022-6,13538106.0,1837830.0,199580.0,10979992.0,0.0,520702.0,0.0,5.08,3.33,0.0
Spokane,2022-02-20 00:00:00,Conventional,1.405054779,78330.71,49675.45,16005.32,130.41,12519.54,2022-7,11411144.0,3432575.0,222260.0,7300693.0,0.0,455615.0,0.0,6.21,3.372,0.0
Spokane,2022-02-27 00:00:00,Conventional,1.515936539,70432.19,30172.62,26011.86,127.19,14120.52,2022-8,26431640.0,3658560.0,594205.0,21853434.0,0.0,325439.0,0.0,5.17,3.41,1.0
Spokane,2022-03-06 00:00:00,Conventional,1.514458948,69664.04,31571.64,22904.09,144.82,15043.5,2022-9,29166929.0,3454216.0,576061.0,24811211.0,0.0,325439.0,0.0,4.74,3.486,0.0
Spokane,2022-03-13 00:00:00,Conventional,1.571600954,66245.66,35004.97,16493.11,195.3,14552.28,2022-10,25843478.0,3630077.0,426376.0,21678544.0,0.0,108479.0,0.0,4.69,3.963,0.0
Spokane,2022-03-20 00:00:00,Conventional,1.594200091,69984.2,33490.08,19115.35,145.94,17232.83,2022-11,22051255.0,3436635.0,145149.0,18035551.0,0.0,433919.0,0.0,4.88,4.18,0.0
Spokane,2022-03-27 00:00:00,Conventional,1.684774316,66627.87,30340.73,22351.44,202.06,13733.64,2022-12,18189130.0,3153811.0,299370.0,14519564.0,64511.0,151871.0,0.0,4.4,4.091,0.0
Spokane,2022-04-03 00:00:00,Conventional,1.618735872,73634.54,33453.28,26631.86,283.74,13265.66,2022-13,21009354.0,2482199.0,340194.0,18021432.0,100440.0,65087.0,0.0,4.68,4.078,0.0
Spokane,2022-04-10 00:00:00,Conventional,1.52284167,78054.85,34160.85,22736.12,80.95,21076.93,2022-14,23623647.0,3972180.0,81646.0,19288540.0,86015.0,195263.0,0.0,4.41,4.021,0.0
Spokane,2022-04-17 00:00:00,Conventional,1.684589865,80373.05,43103.98,18182.3,135.91,18950.85,2022-15,15061578.0,5023348.0,40823.0,9827999.0,60927.0,108479.0,0.0,4.42,3.943,0.0
Spokane,2022-04-24 00:00:00,Conventional,1.781592316,72338.75,43451.87,16928.57,99.06,11859.25,2022-16,28462618.0,6160887.0,45359.0,22040948.0,172030.0,43391.0,0.0,4.34,3.915,0.0
Spokane,2022-05-01 00:00:00,Conventional,1.595606907,87023.03,56913.7,16854.66,166.75,13087.92,2022-17,26271615.0,6885495.0,0.0,19169455.0,108183.0,108479.0,0.0,4.43,3.959,0.0
Spokane,2022-05-08 00:00:00,Conventional,1.602089501,82802.83,49302.1,18563.18,203.91,14733.65,2022-18,20714546.0,6512660.0,0.0,13485959.0,260311.0,455615.0,0.0,4.33,4.031,0.0
Spokane,2022-05-15 00:00:00,Conventional,1.697984584,69555.17,39543.61,16591.78,63.96,13355.82,2022-19,19223342.0,5628260.0,0.0,12496727.0,881394.0,216959.0,0.0,4.24,4.161,0.0
St. Louis,2022-01-10 00:00:00,Conventional,0.974514852,278152.0,175639.1,14002.53,1519.13,86991.24,2022-2,25842385.0,254741.0,45359.0,25417092.0,0.0,45359.0,79832.0,4.89,3.164,0.0
St. Louis,2022-01-16 00:00:00,Conventional,1.069471208,267727.73,160305.01,12440.49,1785.53,93196.7,2022-2,25842385.0,254741.0,45359.0,25417092.0,0.0,45359.0,79832.0,4.89,3.164,0.0
St. Louis,2022-01-23 00:00:00,Conventional,1.104272481,249554.27,147669.64,15141.91,1447.32,85295.4,2022-3,27651102.0,1358681.0,0.0,26249028.0,0.0,43391.0,0.0,5.01,3.182,1.0
St. Louis,2022-01-30 00:00:00,Conventional,1.092223091,262219.98,147658.69,13230.9,1653.13,99677.27,2022-4,27067867.0,2351814.0,199580.0,24429687.0,0.0,86783.0,0.0,5.39,3.199,0.0
St. Louis,2022-02-06 00:00:00,Conventional,1.076039452,243536.44,150365.52,8095.67,1503.75,83571.5,2022-5,23700493.0,2529702.0,226796.0,20705339.0,0.0,238655.0,0.0,5.19,3.249,0.0
St. Louis,2022-02-13 00:00:00,Conventional,0.932249214,338376.65,234783.43,10658.93,998.4,91935.89,2022-6,13538106.0,1837830.0,199580.0,10979992.0,0.0,520702.0,0.0,5.08,3.33,0.0
St. Louis,2022-02-20 00:00:00,Conventional,0.975093255,279888.66,182399.64,11633.32,867.3,84988.4,2022-7,11411144.0,3432575.0,222260.0,7300693.0,0.0,455615.0,0.0,6.21,3.372,0.0
St. Louis,2022-02-27 00:00:00,Conventional,1.096651718,269164.18,144185.66,27011.89,848.61,97118.02,2022-8,26431640.0,3658560.0,594205.0,21853434.0,0.0,325439.0,0.0,5.17,3.41,1.0
St. Louis,2022-03-06 00:00:00,Conventional,1.13487076,251110.53,143283.07,14274.42,763.77,92789.27,2022-9,29166929.0,3454216.0,576061.0,24811211.0,0.0,325439.0,0.0,4.74,3.486,0.0
St. Louis,2022-03-13 00:00:00,Conventional,1.149398778,251733.07,143725.49,13544.41,789.18,93673.99,2022-10,25843478.0,3630077.0,426376.0,21678544.0,0.0,108479.0,0.0,4.69,3.963,0.0
St. Louis,2022-03-20 00:00:00,Conventional,1.166927474,247024.65,142736.08,14746.27,809.85,88732.45,2022-11,22051255.0,3436635.0,145149.0,18035551.0,0.0,433919.0,0.0,4.88,4.18,0.0
St. Louis,2022-03-27 00:00:00,Conventional,1.171338675,254692.76,150844.13,14288.6,709.92,88850.1,2022-12,18189130.0,3153811.0,299370.0,14519564.0,64511.0,151871.0,0.0,4.4,4.091,0.0
St. Louis,2022-04-03 00:00:00,Conventional,1.110338152,280161.29,166687.29,14060.94,728.27,98684.79,2022-13,21009354.0,2482199.0,340194.0,18021432.0,100440.0,65087.0,0.0,4.68,4.078,0.0
St. Louis,2022-04-10 00:00:00,Conventional,1.089447361,276149.96,165292.56,14482.56,792.36,95582.48,2022-14,23623647.0,3972180.0,81646.0,19288540.0,86015.0,195263.0,0.0,4.41,4.021,0.0
St. Louis,2022-04-17 00:00:00,Conventional,1.142666862,250438.3,140049.22,14639.14,843.97,94905.97,2022-15,15061578.0,5023348.0,40823.0,9827999.0,60927.0,108479.0,0.0,4.42,3.943,0.0
St. Louis,2022-04-24 00:00:00,Conventional,1.097257945,273998.06,167322.01,15884.2,617.05,90174.81,2022-16,28462618.0,6160887.0,45359.0,22040948.0,172030.0,43391.0,0.0,4.34,3.915,0.0
St. Louis,2022-05-01 00:00:00,Conventional,1.135723688,281740.35,169398.91,15034.37,790.4,96516.67,2022-17,26271615.0,6885495.0,0.0,19169455.0,108183.0,108479.0,0.0,4.43,3.959,0.0
St. Louis,2022-05-08 00:00:00,Conventional,1.180875496,276423.38,155271.4,26936.46,1671.94,92543.58,2022-18,20714546.0,6512660.0,0.0,13485959.0,260311.0,455615.0,0.0,4.33,4.031,0.0
St. Louis,2022-05-15 00:00:00,Conventional,1.229765288,250420.68,141321.6,18398.27,959.02,89741.78,2022-19,19223342.0,5628260.0,0.0,12496727.0,881394.0,216959.0,0.0,4.24,4.161,0.0
