src/avocado-data/combined_data/combined_dataset.csv
region,date,type,average_selling_price,total_sales_volume,4046_units,4225_units,4770_units,total_bagged_units,year_week,total_prod_volume,california_prod_volume,chile_prod_volume,mexico_prod_volume,peru_prod_volume,colombia_prod_volume,dominican_republic_prod_volume,WEI,gasoline_price,is_holiday
Syracuse,2022-01-10 00:00:00,Conventional,1.172242731,109653.67,31821.42,28344.83,381.64,49105.78,2022-2,25842385.0,254741.0,45359.0,25417092.0,0.0,45359.0,79832.0,4.89,3.164,0.0
Syracuse,2022-01-16 00:00:00,Conventional,1.188617207,111521.0,33694.6,26499.01,328.06,50999.33,2022-2,25842385.0,254741.0,45359.0,25417092.0,0.0,45359.0,79832.0,4.89,3.164,0.0
Syracuse,2022-01-23 00:00:00,Conventional,1.184005509,112053.94,34257.98,29572.79,380.04,47843.13,2022-3,27651102.0,1358681.0,0.0,26249028.0,0.0,43391.0,0.0,5.01,3.182,1.0
Syracuse,2022-01-30 00:00:00,Conventional,1.167239423,113128.72,37511.18,28177.12,379.82,47060.61,2022-4,27067867.0,2351814.0,199580.0,24429687.0,0.0,86783.0,0.0,5.39,3.199,0.0
Syracuse,2022-02-06 00:00:00,Conventional,1.150346012,120064.94,40894.18,25749.84,288.3,53132.62,2022-5,23700493.0,2529702.0,226796.0,20705339.0,0.0,238655.0,0.0,5.19,3.249,0.0
Syracuse,2022-02-13 00:00:00,Conventional,1.092719904,141907.02,59686.93,33951.36,358.5,47910.23,2022-6,13538106.0,1837830.0,199580.0,10979992.0,0.0,520702.0,0.0,5.08,3.33,0.0
Syracuse,2022-02-20 00:00:00,Conventional,1.14768092,103454.45,35616.77,23953.46,188.8,43695.42,2022-7,11411144.0,3432575.0,222260.0,7300693.0,0.0,455615.0,0.0,6.21,3.372,0.0
Syracuse,2022-02-27 00:00:00,Conventional,1.119249087,109166.78,32799.69,24769.48,412.26,51185.34,2022-8,26431640.0,3658560.0,594205.0,21853434.0,0.0,325439.0,0.0,5.17,3.41,1.0
Syracuse,2022-03-06 00:00:00,Conventional,1.282255433,101586.67,29456.6,24815.2,213.67,47101.2,2022-9,29166929.0,3454216.0,576061.0,24811211.0,0.0,325439.0,0.0,4.74,3.486,0.0
Syracuse,2022-03-13 00:00:00,Conventional,1.308949302,101071.15,32345.45,23595.35,238.48,44891.87,2022-10,25843478.0,3630077.0,426376.0,21678544.0,0.0,108479.0,0.0,4.69,3.963,0.0
Syracuse,2022-03-20 00:00:00,Conventional,1.32188447,94026.82,28733.47,21616.27,354.32,43322.76,2022-11,22051255.0,3436635.0,145149.0,18035551.0,0.0,433919.0,0.0,4.88,4.18,0.0
Syracuse,2022-03-27 00:00:00,Conventional,1.304961081,101608.55,28519.4,25776.44,365.13,46947.59,2022-12,18189130.0,3153811.0,299370.0,14519564.0,64511.0,151871.0,0.0,4.4,4.091,0.0
Syracuse,2022-04-03 00:00:00,Conventional,1.296067611,106395.15,29415.06,25581.38,377.22,51021.49,2022-13,21009354.0,2482199.0,340194.0,18021432.0,100440.0,65087.0,0.0,4.68,4.078,0.0
Syracuse,2022-04-10 00:00:00,Conventional,1.288317088,108718.41,33878.79,27373.48,359.4,47106.74,2022-14,23623647.0,3972180.0,81646.0,19288540.0,86015.0,195263.0,0.0,4.41,4.021,0.0
Syracuse,2022-04-17 00:00:00,Conventional,1.343153646,101472.4,28387.59,25773.0,356.13,46955.67,2022-15,15061578.0,5023348.0,40823.0,9827999.0,60927.0,108479.0,0.0,4.42,3.943,0.0
Syracuse,2022-04-24 00:00:00,Conventional,1.269385434,108102.4,32650.16,26902.16,331.57,48218.51,2022-16,28462618.0,6160887.0,45359.0,22040948.0,172030.0,43391.0,0.0,4.34,3.915,0.0
Syracuse,2022-05-01 00:00:00,Conventional,1.30013372,114327.35,41029.51,26184.86,446.37,46666.61,2022-17,26271615.0,6885495.0,0.0,19169455.0,108183.0,108479.0,0.0,4.43,3.959,0.0
Syracuse,2022-05-08 00:00:00,Conventional,1.372166926,107128.44,31837.96,26413.06,582.17,48295.26,2022-18,20714546.0,6512660.0,0.0,13485959.0,260311.0,455615.0,0.0,4.33,4.031,0.0
Syracuse,2022-05-15 00:00:00,Conventional,1.423566333,96505.59,26741.19,23411.64,481.08,45871.68,2022-19,19223342.0,5628260.0,0.0,12496727.0,881394.0,216959.0,0.0,4.24,4.161,0.0
Tampa,2022-01-10 00:00:00,Conventional,1.111790061,603061.92,436274.34,17494.06,3363.05,145930.48,2022-2,25842385.0,254741.0,45359.0,25417092.0,0.0,45359.0,79832.0,4.89,3.164,0.0
Tampa,2022-01-16 00:00:00,Conventional,1.192457407,576266.07,394625.73,17961.15,4805.2,158873.99,2022-2,25842385.0,254741.0,45359.0,25417092.0,0.0,45359.0,79832.0,4.89,3.164,0.0
Tampa,2022-01-23 00:00:00,Conventional,1.167201407,587842.83,400773.23,15723.82,4763.64,166582.15,2022-3,27651102.0,1358681.0,0.0,26249028.0,0.0,43391.0,0.0,5.01,3.182,1.0
Tampa,2022-01-30 00:00:00,Conventional,1.186069588,568646.63,388005.55,14784.33,4332.09,161524.67,2022-4,27067867.0,2351814.0,199580.0,24429687.0,0.0,86783.0,0.0,5.39,3.199,0.0
Tampa,2022-02-06 00:00:00,Conventional,1.162873517,619290.91,440829.48,16053.08,3870.2,158538.15,2022-5,23700493.0,2529702.0,226796.0,20705339.0,0.0,238655.0,0.0,5.19,3.249,0.0
Tampa,2022-02-13 00:00:00,Conventional,1.114142454,776522.97,606802.4,16453.5,3205.36,150061.71,2022-6,13538106.0,1837830.0,199580.0,10979992.0,0.0,520702.0,0.0,5.08,3.33,0.0
Tampa,2022-02-20 00:00:00,Conventional,1.175004393,571908.25,411813.3,14325.04,2393.64,143376.26,2022-7,11411144.0,3432575.0,222260.0,7300693.0,0.0,455615.0,0.0,6.21,3.372,0.0
Tampa,2022-02-27 00:00:00,Conventional,1.373095356,546036.58,367555.22,13757.65,1526.31,163197.4,2022-8,26431640.0,3658560.0,594205.0,21853434.0,0.0,325439.0,0.0,5.17,3.41,1.0
Tampa,2022-03-06 00:00:00,Conventional,1.391554956,504819.8,371683.6,12442.93,1458.41,119234.86,2022-9,29166929.0,3454216.0,576061.0,24811211.0,0.0,325439.0,0.0,4.74,3.486,0.0
Tampa,2022-03-13 00:00:00,Conventional,1.409264282,506973.57,366165.03,12294.78,1319.01,127194.74,2022-10,25843478.0,3630077.0,426376.0,21678544.0,0.0,108479.0,0.0,4.69,3.963,0.0
Tampa,2022-03-20 00:00:00,Conventional,1.430650189,527120.23,376916.6,13796.92,1309.24,135097.46,2022-11,22051255.0,3436635.0,145149.0,18035551.0,0.0,433919.0,0.0,4.88,4.18,0.0
Tampa,2022-03-27 00:00:00,Conventional,1.421468219,520218.07,366311.52,13359.95,1494.5,139052.1,2022-12,18189130.0,3153811.0,299370.0,14519564.0,64511.0,151871.0,0.0,4.4,4.091,0.0
Tampa,2022-04-03 00:00:00,Conventional,1.410603157,535404.08,378509.82,13950.74,1448.03,141495.49,2022-13,21009354.0,2482199.0,340194.0,18021432.0,100440.0,65087.0,0.0,4.68,4.078,0.0
Tampa,2022-04-10 00:00:00,Conventional,1.418268874,533539.65,373878.3,12816.98,1357.63,145486.73,2022-14,23623647.0,3972180.0,81646.0,19288540.0,86015.0,195263.0,0.0,4.41,4.021,0.0
Tampa,2022-04-17 00:00:00,Conventional,1.42712378,517778.83,358969.19,12792.99,1691.78,144324.87,2022-15,15061578.0,5023348.0,40823.0,9827999.0,60927.0,108479.0,0.0,4.42,3.943,0.0
Tampa,2022-04-24 00:00:00,Conventional,1.438567363,518669.45,367182.52,10927.83,1413.95,139145.15,2022-16,28462618.0,6160887.0,45359.0,22040948.0,172030.0,43391.0,0.0,4.34,3.915,0.0
Tampa,2022-05-01 00:00:00,Conventional,1.260710712,714379.49,552347.67,16290.82,1419.96,144321.04,2022-17,26271615.0,6885495.0,0.0,19169455.0,108183.0,108479.0,0.0,4.43,3.959,0.0
Tampa,2022-05-08 00:00:00,Conventional,1.471185307,510320.72,364741.05,10691.55,5184.37,129703.75,2022-18,20714546.0,6512660.0,0.0,13485959.0,260311.0,455615.0,0.0,4.33,4.031,0.0
Tampa,2022-05-15 00:00:00,Conventional,1.450598323,505512.04,362224.88,14949.17,3129.42,125208.57,2022-19,19223342.0,5628260.0,0.0,12496727.0,881394.0,216959.0,0.0,4.24,4.161,0.0
Toledo,2022-01-10 00:00:00,Conventional,0.877407147,172421.78,123371.49,14568.7,4042.34,30439.26,2022-2,25842385.0,254741.0,45359.0,25417092.0,0.0,45359.0,79832.0,4.89,3.164,0.0
Toledo,2022-01-16 00:00:00,Conventional,0.967371632,160832.54,106055.45,16669.62,4063.29,34044.19,2022-2,25842385.0,254741.0,45359.0,25417092.0,0.0,45359.0,79832.0,4.89,3.164,0.0
Toledo,2022-01-23 00:00:00,Conventional,1.066278222,147691.17,92947.77,18519.67,7938.6,28285.14,2022-3,27651102.0,1358681.0,0.0,26249028.0,0.0,43391.0,0.0,5.01,3.182,1.0
Toledo,2022-01-30 00:00:00,Conventional,0.954240241,171418.48,122347.09,14081.61,3831.77,31158.0,2022-4,27067867.0,2351814.0,199580.0,24429687.0,0.0,86783.0,0.0,5.39,3.199,0.0
Toledo,2022-02-06 00:00:00,Conventional,0.985591391,173606.14,117125.12,14107.76,4207.37,38165.89,2022-5,23700493.0,2529702.0,226796.0,20705339.0,0.0,238655.0,0.0,5.19,3.249,0.0
Toledo,2022-02-13 00:00:00,Conventional,0.999259746,221016.4,161374.28,18269.97,11563.83,29808.32,2022-6,13538106.0,1837830.0,199580.0,10979992.0,0.0,520702.0,0.0,5.08,3.33,0.0
Toledo,2022-02-20 00:00:00,Conventional,1.077291682,160500.18,113348.03,14111.3,3690.72,29350.14,2022-7,11411144.0,3432575.0,222260.0,7300693.0,0.0,455615.0,0.0,6.21,3.372,0.0
Toledo,2022-02-27 00:00:00,Conventional,1.170681203,155513.46,101740.08,16243.71,5668.1,31861.56,2022-8,26431640.0,3658560.0,594205.0,21853434.0,0.0,325439.0,0.0,5.17,3.41,1.0
Toledo,2022-03-06 00:00:00,Conventional,1.21523663,142924.59,92253.2,13722.54,3155.66,33793.18,2022-9,29166929.0,3454216.0,576061.0,24811211.0,0.0,325439.0,0.0,4.74,3.486,0.0
Toledo,2022-03-13 00:00:00,Conventional,1.174729412,155068.25,101072.94,18616.4,3281.47,32097.44,2022-10,25843478.0,3630077.0,426376.0,21678544.0,0.0,108479.0,0.0,4.69,3.963,0.0
Toledo,2022-03-20 00:00:00,Conventional,1.21409755,146485.67,97235.26,17212.03,2823.49,29214.89,2022-11,22051255.0,3436635.0,145149.0,18035551.0,0.0,433919.0,0.0,4.88,4.18,0.0
Toledo,2022-03-27 00:00:00,Conventional,1.366866521,136152.52,84679.38,16274.01,3172.28,32026.85,2022-12,18189130.0,3153811.0,299370.0,14519564.0,64511.0,151871.0,0.0,4.4,4.091,0.0
Toledo,2022-04-03 00:00:00,Conventional,1.158973108,167634.24,104325.53,21317.03,1369.01,40622.68,2022-13,21009354.0,2482199.0,340194.0,18021432.0,100440.0,65087.0,0.0,4.68,4.078,0.0
Toledo,2022-04-10 00:00:00,Conventional,1.228405985,158515.32,100502.57,15270.71,1554.56,41187.48,2022-14,23623647.0,3972180.0,81646.0,19288540.0,86015.0,195263.0,0.0,4.41,4.021,0.0
Toledo,2022-04-17 00:00:00,Conventional,1.396751437,140520.76,71659.65,28443.23,1794.87,38623.01,2022-15,15061578.0,5023348.0,40823.0,9827999.0,60927.0,108479.0,0.0,4.42,3.943,0.0
Toledo,2022-04-24 00:00:00,Conventional,1.327133859,129960.86,82702.92,17522.57,682.45,29052.92,2022-16,28462618.0,6160887.0,45359.0,22040948.0,172030.0,43391.0,0.0,4.34,3.915,0.0
Toledo,2022-05-01 00:00:00,Conventional,1.165401538,189268.42,133983.58,15407.34,885.47,38992.03,2022-17,26271615.0,6885495.0,0.0,19169455.0,108183.0,108479.0,0.0,4.43,3.959,0.0
Toledo,2022-05-08 00:00:00,Conventional,1.173616378,187860.25,142668.08,15108.86,838.66,29244.65,2022-18,20714546.0,6512660.0,0.0,13485959.0,260311.0,455615.0,0.0,4.33,4.031,0.0
Toledo,2022-05-15 00:00:00,Conventional,1.44925151,122925.55,71840.5,21744.33,748.88,28591.84,2022-19,19223342.0,5628260.0,0.0,12496727.0,881394.0,216959.0,0.0,4.24,4.161,0.0
West Tex/New Mexico,2022-01-10 00:00:00,Conventional,1.01626495,815039.86,314532.47,150168.48,8411.08,341927.83,2022-2,25842385.0,254741.0,45359.0,25417092.0,0.0,45359.0,79832.0,4.89,3.164,0.0
West Tex/New Mexico,2022-01-16 00:00:00,Conventional,1.087165925,885673.33,427031.61,144365.03,9057.7,305218.99,2022-2,25842385.0,254741.0,45359.0,25417092.0,0.0,45359.0,79832.0,4.89,3.164,0.0
West Tex/New Mexico,2022-01-23 00:00:00,Conventional,1.082717809,886566.15,379769.59,164839.0,9356.0,332601.55,2022-3,27651102.0,1358681.0,0.0,26249028.0,0.0,43391.0,0.0,5.01,3.182,1.0
West Tex/New Mexico,2022-01-30 00:00:00,Conventional,1.085004906,905356.34,398170.58,147004.78,9510.77,350670.21,2022-4,27067867.0,2351814.0,199580.0,24429687.0,0.0,86783.0,0.0,5.39,3.199,0.0
West Tex/New Mexico,2022-02-06 00:00:00,Conventional,1.061640821,939394.09,461401.29,139708.11,7773.13,330511.56,2022-5,23700493.0,2529702.0,226796.0,20705339.0,0.0,238655.0,0.0,5.19,3.249,0.0
West Tex/New Mexico,2022-02-13 00:00:00,Conventional,0.974952118,1163784.49,559144.44,144351.7,10238.87,450049.47,2022-6,13538106.0,1837830.0,199580.0,10979992.0,0.0,520702.0,0.0,5.08,3.33,0.0
West Tex/New Mexico,2022-02-20 00:00:00,Conventional,0.985226721,1040666.7,571250.11,119580.18,6919.82,342916.58,2022-7,11411144.0,3432575.0,222260.0,7300693.0,0.0,455615.0,0.0,6.21,3.372,0.0
West Tex/New Mexico,2022-02-27 00:00:00,Conventional,1.120281541,828955.28,378462.38,108882.66,6651.13,334959.1,2022-8,26431640.0,3658560.0,594205.0,21853434.0,0.0,325439.0,0.0,5.17,3.41,1.0
West Tex/New Mexico,2022-03-06 00:00:00,Conventional,1.213802169,848766.66,389564.36,129688.18,6634.67,322879.45,2022-9,29166929.0,3454216.0,576061.0,24811211.0,0.0,325439.0,0.0,4.74,3.486,0.0
West Tex/New Mexico,2022-03-13 00:00:00,Conventional,1.18710592,820124.7,405497.84,111525.34,5725.8,297375.72,2022-10,25843478.0,3630077.0,426376.0,21678544.0,0.0,108479.0,0.0,4.69,3.963,0.0
West Tex/New Mexico,2022-03-20 00:00:00,Conventional,1.136451902,885704.3,388958.41,109073.29,5871.11,381801.5,2022-11,22051255.0,3436635.0,145149.0,18035551.0,0.0,433919.0,0.0,4.88,4.18,0.0
West Tex/New Mexico,2022-03-27 00:00:00,Conventional,1.168299583,877622.67,374006.46,115737.87,6037.8,381840.54,2022-12,18189130.0,3153811.0,299370.0,14519564.0,64511.0,151871.0,0.0,4.4,4.091,0.0
West Tex/New Mexico,2022-04-03 00:00:00,Conventional,1.197583247,855266.91,410594.6,112065.81,6323.94,326282.56,2022-13,21009354.0,2482199.0,340194.0,18021432.0,100440.0,65087.0,0.0,4.68,4.078,0.0
West Tex/New Mexico,2022-04-10 00:00:00,Conventional,1.213610108,859028.98,399252.86,109294.17,5867.95,344614.0,2022-14,23623647.0,3972180.0,81646.0,19288540.0,86015.0,195263.0,0.0,4.41,4.021,0.0
West Tex/New Mexico,2022-04-17 00:00:00,Conventional,1.219863438,877463.61,402659.91,112906.15,4814.85,357082.7,2022-15,15061578.0,5023348.0,40823.0,9827999.0,60927.0,108479.0,0.0,4.42,3.943,0.0
West Tex/New Mexico,2022-04-24 00:00:00,Conventional,1.243150504,789456.55,350131.45,107793.9,4680.14,326851.06,2022-16,28462618.0,6160887.0,45359.0,22040948.0,172030.0,43391.0,0.0,4.34,3.915,0.0
West Tex/New Mexico,2022-05-01 00:00:00,Conventional,1.29003344,820229.52,391247.57,112940.48,4634.95,311406.53,2022-17,26271615.0,6885495.0,0.0,19169455.0,108183.0,108479.0,0.0,4.43,3.959,0.0
West Tex/New Mexico,2022-05-08 00:00:00,Conventional,1.253498085,923957.23,376445.74,125953.07,7077.9,414480.51,2022-18,20714546.0,6512660.0,0.0,13485959.0,260311.0,455615.0,0.0,4.33,4.031,0.0
West Tex/New Mexico,2022-05-15 00:00:00,Conventional,1.377054179,771664.32,357483.06,103280.14,5605.47,305295.65,2022-19,19223342.0,5628260.0,0.0,12496727.0,881394.0,216959.0,0.0,4.24,4.161,0.0
Wichita,2022-01-10 00:00:00,Conventional,1.019460648,98108.96,50068.75,21460.15,667.66,25912.41,2022-2,25842385.0,254741.0,45359.0,25417092.0,0.0,45359.0,79832.0,4.89,3.164,0.0
Wichita,2022-01-16 00:00:00,Conventional,1.102687112,100645.19,52133.34,16986.65,701.19,30824.01,2022-2,25842385.0,254741.0,45359.0,25417092.0,0.0,45359.0,79832.0,4.89,3.164,0.0
Wichita,2022-01-23 00:00:00,Conventional,1.025951454,107866.23,67159.52,12307.78,656.05,27742.87,2022-3,27651102.0,1358681.0,0.0,26249028.0,0.0,43391.0,0.0,5.01,3.182,1.0
Wichita,2022-01-30 00:00:00,Conventional,1.059294614,107859.62,66093.2,13307.61,619.71,27839.1,2022-4,27067867.0,2351814.0,199580.0,24429687.0,0.0,86783.0,0.0,5.39,3.199,0.0
Wichita,2022-02-06 00:00:00,Conventional,1.10878523,104328.08,63446.28,13269.98,235.69,27376.14,2022-5,23700493.0,2529702.0,226796.0,20705339.0,0.0,238655.0,0.0,5.19,3.249,0.0
Wichita,2022-02-13 00:00:00,Conventional,0.955884905,145708.23,102563.66,10653.55,700.6,31790.42,2022-6,13538106.0,1837830.0,199580.0,10979992.0,0.0,520702.0,0.0,5.08,3.33,0.0
Wichita,2022-02-20 00:00:00,Conventional,0.979441859,126553.1,91215.7,6767.46,483.98,28085.96,2022-7,11411144.0,3432575.0,222260.0,7300693.0,0.0,455615.0,0.0,6.21,3.372,0.0
Wichita,2022-02-27 00:00:00,Conventional,1.013249019,114447.58,74029.14,5981.59,210.34,34226.51,2022-8,26431640.0,3658560.0,594205.0,21853434.0,0.0,325439.0,0.0,5.17,3.41,1.0
Wichita,2022-03-06 00:00:00,Conventional,1.063132182,116620.11,78891.09,7029.77,234.91,30464.33,2022-9,29166929.0,3454216.0,576061.0,24811211.0,0.0,325439.0,0.0,4.74,3.486,0.0
Wichita,2022-03-13 00:00:00,Conventional,1.144041512,98552.85,65146.97,7497.99,221.77,25686.12,2022-10,25843478.0,3630077.0,426376.0,21678544.0,0.0,108479.0,0.0,4.69,3.963,0.0
Wichita,2022-03-20 00:00:00,Conventional,1.09396857,110076.38,76440.21,6092.77,154.2,27389.2,2022-11,22051255.0,3436635.0,145149.0,18035551.0,0.0,433919.0,0.0,4.88,4.18,0.0
Wichita,2022-03-27 00:00:00,Conventional,1.124020168,107829.11,73524.8,6078.14,170.71,28055.46,2022-12,18189130.0,3153811.0,299370.0,14519564.0,64511.0,151871.0,0.0,4.4,4.091,0.0
Wichita,2022-04-03 00:00:00,Conventional,1.106568185,117533.22,83025.74,5726.26,179.07,28602.14,2022-13,21009354.0,2482199.0,340194.0,18021432.0,100440.0,65087.0,0.0,4.68,4.078,0.0
Wichita,2022-04-10 00:00:00,Conventional,1.115580759,130359.66,70748.53,7532.36,143.53,51935.24,2022-14,23623647.0,3972180.0,81646.0,19288540.0,86015.0,195263.0,0.0,4.41,4.021,0.0
Wichita,2022-04-17 00:00:00,Conventional,1.273219155,110749.26,56501.96,11394.42,165.66,42687.22,2022-15,15061578.0,5023348.0,40823.0,9827999.0,60927.0,108479.0,0.0,4.42,3.943,0.0
Wichita,2022-04-24 00:00:00,Conventional,1.336408711,87567.38,51138.0,9979.4,174.14,26275.84,2022-16,28462618.0,6160887.0,45359.0,22040948.0,172030.0,43391.0,0.0,4.34,3.915,0.0
Wichita,2022-05-01 00:00:00,Conventional,1.238633824,121793.02,84664.59,8248.64,204.45,28675.34,2022-17,26271615.0,6885495.0,0.0,19169455.0,108183.0,108479.0,0.0,4.43,3.959,0.0
Wichita,2022-05-08 00:00:00,Conventional,1.248067999,125498.78,91776.32,6485.66,628.32,26608.49,2022-18,20714546.0,6512660.0,0.0,13485959.0,260311.0,455615.0,0.0,4.33,4.031,0.0
Wichita,2022-05-15 00:00:00,Conventional,1.355033499,98882.08,65893.41,8054.0,384.82,24549.85,2022-19,19223342.0,5628260.0,0.0,12496727.0,881394.0,216959.0,0.0,4.24,4.161,0.0
