src/avocado-data/combined_data/combined_dataset.csv
region,date,type,average_selling_price,total_sales_volume,4046_units,4225_units,4770_units,total_bagged_units,year_week,total_prod_volume,california_prod_volume,chile_prod_volume,mexico_prod_volume,peru_prod_volume,colombia_prod_volume,dominican_republic_prod_volume,WEI,gasoline_price,is_holiday
California,2022-01-10 00:00:00,Conventional,1.230991337,6613680.44,3197732.91,1396548.22,597854.59,1421544.72,2022-2,25842385.0,254741.0,45359.0,25417092.0,0.0,45359.0,79832.0,4.89,3.164,0.0
California,2022-01-16 00:00:00,Conventional,1.396902693,6166153.61,3240210.45,1035974.89,477557.89,1412410.37,2022-2,25842385.0,254741.0,45359.0,25417092.0,0.0,45359.0,79832.0,4.89,3.164,0.0
California,2022-01-23 00:00:00,Conventional,1.410250959,6156608.15,3053620.39,1235010.93,583571.28,1284405.54,2022-3,27651102.0,1358681.0,0.0,26249028.0,0.0,43391.0,0.0,5.01,3.182,1.0
California,2022-01-30 00:00:00,Conventional,1.28976299,6848511.74,3319034.2,1455413.15,700556.9,1373507.49,2022-4,27067867.0,2351814.0,199580.0,24429687.0,0.0,86783.0,0.0,5.39,3.199,0.0
California,2022-02-06 00:00:00,Conventional,1.411823843,6130927.51,3131848.28,1063556.19,527317.02,1408206.02,2022-5,23700493.0,2529702.0,226796.0,20705339.0,0.0,238655.0,0.0,5.19,3.249,0.0
California,2022-02-13 00:00:00,Conventional,1.200862816,8941382.17,4113206.41,1597668.36,866884.78,2363622.63,2022-6,13538106.0,1837830.0,199580.0,10979992.0,0.0,520702.0,0.0,5.08,3.33,0.0
California,2022-02-20 00:00:00,Conventional,1.371340058,6405175.72,3269349.15,966827.97,768152.83,1400845.77,2022-7,11411144.0,3432575.0,222260.0,7300693.0,0.0,455615.0,0.0,6.21,3.372,0.0
California,2022-02-27 00:00:00,Conventional,1.492446312,5976548.34,2727605.13,1400123.02,551259.0,1297561.19,2022-8,26431640.0,3658560.0,594205.0,21853434.0,0.0,325439.0,0.0,5.17,3.41,1.0
California,2022-03-06 00:00:00,Conventional,1.490212481,5530889.45,2859046.87,815792.98,503668.8,1352380.8,2022-9,29166929.0,3454216.0,576061.0,24811211.0,0.0,325439.0,0.0,4.74,3.486,0.0
California,2022-03-13 00:00:00,Conventional,1.474545005,6242190.58,3892934.1,616025.95,476352.11,1256878.42,2022-10,25843478.0,3630077.0,426376.0,21678544.0,0.0,108479.0,0.0,4.69,3.963,0.0
California,2022-03-20 00:00:00,Conventional,1.418124465,5692043.27,3364492.04,432211.82,540186.94,1355152.48,2022-11,22051255.0,3436635.0,145149.0,18035551.0,0.0,433919.0,0.0,4.88,4.18,0.0
California,2022-03-27 00:00:00,Conventional,1.505140917,6328611.51,4012404.07,504552.42,522950.01,1288705.0,2022-12,18189130.0,3153811.0,299370.0,14519564.0,64511.0,151871.0,0.0,4.4,4.091,0.0
California,2022-04-03 00:00:00,Conventional,1.529840735,5624740.81,3258338.27,483576.04,547315.47,1335511.02,2022-13,21009354.0,2482199.0,340194.0,18021432.0,100440.0,65087.0,0.0,4.68,4.078,0.0
California,2022-04-10 00:00:00,Conventional,1.52961,5908633.21,3540640.67,461774.93,510145.41,1396072.19,2022-14,23623647.0,3972180.0,81646.0,19288540.0,86015.0,195263.0,0.0,4.41,4.021,0.0
California,2022-04-17 00:00:00,Conventional,1.570800893,6018350.74,3631298.15,560825.24,454381.06,1371846.29,2022-15,15061578.0,5023348.0,40823.0,9827999.0,60927.0,108479.0,0.0,4.42,3.943,0.0
California,2022-04-24 00:00:00,Conventional,1.504127906,5700946.88,3357502.53,552658.81,422167.8,1368617.74,2022-16,28462618.0,6160887.0,45359.0,22040948.0,172030.0,43391.0,0.0,4.34,3.915,0.0
California,2022-05-01 00:00:00,Conventional,1.423706224,7258891.79,3714581.72,688029.14,560003.66,2296277.26,2022-17,26271615.0,6885495.0,0.0,19169455.0,108183.0,108479.0,0.0,4.43,3.959,0.0
California,2022-05-08 00:00:00,Conventional,1.514869645,6201785.14,3535312.48,514690.49,651031.97,1500750.19,2022-18,20714546.0,6512660.0,0.0,13485959.0,260311.0,455615.0,0.0,4.33,4.031,0.0
California,2022-05-15 00:00:00,Conventional,1.611129107,6011261.62,3837868.69,363210.6,536173.9,1274008.43,2022-19,19223342.0,5628260.0,0.0,12496727.0,881394.0,216959.0,0.0,4.24,4.161,0.0
Great Lakes,2022-01-10 00:00:00,Conventional,1.014433493,5086509.82,2888602.41,890512.91,250779.77,1056614.72,2022-2,25842385.0,254741.0,45359.0,25417092.0,0.0,45359.0,79832.0,4.89,3.164,0.0
Great Lakes,2022-01-16 00:00:00,Conventional,1.089232231,4921057.32,2507276.89,946822.39,241616.75,1225341.29,2022-2,25842385.0,254741.0,45359.0,25417092.0,0.0,45359.0,79832.0,4.89,3.164,0.0
Great Lakes,2022-01-23 00:00:00,Conventional,1.157189125,4622085.94,2255777.64,946657.54,351867.34,1067783.43,2022-3,27651102.0,1358681.0,0.0,26249028.0,0.0,43391.0,0.0,5.01,3.182,1.0
Great Lakes,2022-01-30 00:00:00,Conventional,1.065140093,5191256.35,2734267.5,1128803.02,241490.57,1086695.27,2022-4,27067867.0,2351814.0,199580.0,24429687.0,0.0,86783.0,0.0,5.39,3.199,0.0
Great Lakes,2022-02-06 00:00:00,Conventional,1.133087751,4969619.22,2691230.66,754130.51,236052.5,1288205.55,2022-5,23700493.0,2529702.0,226796.0,20705339.0,0.0,238655.0,0.0,5.19,3.249,0.0
Great Lakes,2022-02-13 00:00:00,Conventional,1.10415356,6978488.4,3891310.64,1561463.28,490326.63,1035387.84,2022-6,13538106.0,1837830.0,199580.0,10979992.0,0.0,520702.0,0.0,5.08,3.33,0.0
Great Lakes,2022-02-20 00:00:00,Conventional,1.165016974,4773066.89,2675142.42,793015.68,223696.51,1081212.28,2022-7,11411144.0,3432575.0,222260.0,7300693.0,0.0,455615.0,0.0,6.21,3.372,0.0
Great Lakes,2022-02-27 00:00:00,Conventional,1.230245271,4723548.53,2307896.44,922085.48,283735.9,1209830.71,2022-8,26431640.0,3658560.0,594205.0,21853434.0,0.0,325439.0,0.0,5.17,3.41,1.0
Great Lakes,2022-03-06 00:00:00,Conventional,1.31254342,4283012.12,2200453.89,784074.7,216837.98,1081645.54,2022-9,29166929.0,3454216.0,576061.0,24811211.0,0.0,325439.0,0.0,4.74,3.486,0.0
Great Lakes,2022-03-13 00:00:00,Conventional,1.279711071,4478724.78,2352963.87,819481.95,204545.18,1101733.78,2022-10,25843478.0,3630077.0,426376.0,21678544.0,0.0,108479.0,0.0,4.69,3.963,0.0
Great Lakes,2022-03-20 00:00:00,Conventional,1.299670272,4349945.11,2365607.4,733050.62,185482.1,1065805.0,2022-11,22051255.0,3436635.0,145149.0,18035551.0,0.0,433919.0,0.0,4.88,4.18,0.0
Great Lakes,2022-03-27 00:00:00,Conventional,1.384591996,4235758.1,2132363.73,789839.24,196868.4,1116686.73,2022-12,18189130.0,3153811.0,299370.0,14519564.0,64511.0,151871.0,0.0,4.4,4.091,0.0
Great Lakes,2022-04-03 00:00:00,Conventional,1.260133335,4797470.13,2518020.97,834663.56,139952.56,1304833.04,2022-13,21009354.0,2482199.0,340194.0,18021432.0,100440.0,65087.0,0.0,4.68,4.078,0.0
Great Lakes,2022-04-10 00:00:00,Conventional,1.310091328,5055119.29,2830311.7,654933.86,133680.08,1436193.64,2022-14,23623647.0,3972180.0,81646.0,19288540.0,86015.0,195263.0,0.0,4.41,4.021,0.0
Great Lakes,2022-04-17 00:00:00,Conventional,1.42313204,4453370.43,2199619.94,818767.38,157776.55,1277206.56,2022-15,15061578.0,5023348.0,40823.0,9827999.0,60927.0,108479.0,0.0,4.42,3.943,0.0
Great Lakes,2022-04-24 00:00:00,Conventional,1.378647033,4182939.96,2383520.83,595057.15,118544.87,1085817.12,2022-16,28462618.0,6160887.0,45359.0,22040948.0,172030.0,43391.0,0.0,4.34,3.915,0.0
Great Lakes,2022-05-01 00:00:00,Conventional,1.256936036,5300006.93,3133339.68,673404.6,131450.11,1361812.53,2022-17,26271615.0,6885495.0,0.0,19169455.0,108183.0,108479.0,0.0,4.43,3.959,0.0
Great Lakes,2022-05-08 00:00:00,Conventional,1.284949651,5232719.33,3266225.17,683249.59,148145.98,1135098.59,2022-18,20714546.0,6512660.0,0.0,13485959.0,260311.0,455615.0,0.0,4.33,4.031,0.0
Great Lakes,2022-05-15 00:00:00,Conventional,1.508781693,3990306.75,2143732.67,654859.89,139112.75,1052601.45,2022-19,19223342.0,5628260.0,0.0,12496727.0,881394.0,216959.0,0.0,4.24,4.161,0.0
Midsouth,2022-01-10 00:00:00,Conventional,1.045867646,4866267.75,2480362.23,740676.79,34278.83,1610949.9,2022-2,25842385.0,254741.0,45359.0,25417092.0,0.0,45359.0,79832.0,4.89,3.164,0.0
Midsouth,2022-01-16 00:00:00,Conventional,1.171116956,4772409.25,2321122.87,737824.33,32037.55,1681424.49,2022-2,25842385.0,254741.0,45359.0,25417092.0,0.0,45359.0,79832.0,4.89,3.164,0.0
Midsouth,2022-01-23 00:00:00,Conventional,1.248310182,4088519.94,1969302.8,628265.52,29411.63,1461539.99,2022-3,27651102.0,1358681.0,0.0,26249028.0,0.0,43391.0,0.0,5.01,3.182,1.0
Midsouth,2022-01-30 00:00:00,Conventional,1.223856891,4373148.91,2118987.76,683388.59,29628.64,1541143.92,2022-4,27067867.0,2351814.0,199580.0,24429687.0,0.0,86783.0,0.0,5.39,3.199,0.0
Midsouth,2022-02-06 00:00:00,Conventional,1.220784779,4594937.27,2320270.04,659924.35,28591.28,1586151.6,2022-5,23700493.0,2529702.0,226796.0,20705339.0,0.0,238655.0,0.0,5.19,3.249,0.0
Midsouth,2022-02-13 00:00:00,Conventional,1.132673785,5614435.13,3279726.01,766916.15,28776.37,1539016.6,2022-6,13538106.0,1837830.0,199580.0,10979992.0,0.0,520702.0,0.0,5.08,3.33,0.0
Midsouth,2022-02-20 00:00:00,Conventional,1.175359482,4847629.74,2543701.46,668896.75,19399.51,1615632.02,2022-7,11411144.0,3432575.0,222260.0,7300693.0,0.0,455615.0,0.0,6.21,3.372,0.0
Midsouth,2022-02-27 00:00:00,Conventional,1.223723605,4510930.83,2226453.06,625695.17,16509.92,1642272.68,2022-8,26431640.0,3658560.0,594205.0,21853434.0,0.0,325439.0,0.0,5.17,3.41,1.0
Midsouth,2022-03-06 00:00:00,Conventional,1.268787258,4299706.29,2113588.21,556401.94,15291.35,1614424.79,2022-9,29166929.0,3454216.0,576061.0,24811211.0,0.0,325439.0,0.0,4.74,3.486,0.0
Midsouth,2022-03-13 00:00:00,Conventional,1.265249558,4528697.44,2237024.9,701286.99,14631.49,1575754.06,2022-10,25843478.0,3630077.0,426376.0,21678544.0,0.0,108479.0,0.0,4.69,3.963,0.0
Midsouth,2022-03-20 00:00:00,Conventional,1.298874081,4378275.87,2229264.21,592540.75,14650.65,1541820.25,2022-11,22051255.0,3436635.0,145149.0,18035551.0,0.0,433919.0,0.0,4.88,4.18,0.0
Midsouth,2022-03-27 00:00:00,Conventional,1.313255528,4432033.25,2126364.87,579748.94,16593.57,1709325.87,2022-12,18189130.0,3153811.0,299370.0,14519564.0,64511.0,151871.0,0.0,4.4,4.091,0.0
Midsouth,2022-04-03 00:00:00,Conventional,1.318280201,4560305.77,2255814.47,602071.33,15393.38,1687026.59,2022-13,21009354.0,2482199.0,340194.0,18021432.0,100440.0,65087.0,0.0,4.68,4.078,0.0
Midsouth,2022-04-10 00:00:00,Conventional,1.316168982,4505117.06,2141753.95,690854.5,19239.33,1653269.27,2022-14,23623647.0,3972180.0,81646.0,19288540.0,86015.0,195263.0,0.0,4.41,4.021,0.0
Midsouth,2022-04-17 00:00:00,Conventional,1.413958207,4221293.41,1888423.28,713908.21,17324.97,1601636.95,2022-15,15061578.0,5023348.0,40823.0,9827999.0,60927.0,108479.0,0.0,4.42,3.943,0.0
Midsouth,2022-04-24 00:00:00,Conventional,1.410309539,4170992.43,1918907.67,625044.73,17044.6,1609995.43,2022-16,28462618.0,6160887.0,45359.0,22040948.0,172030.0,43391.0,0.0,4.34,3.915,0.0
Midsouth,2022-05-01 00:00:00,Conventional,1.284716315,4948832.35,2688748.19,604511.23,14922.09,1640650.83,2022-17,26271615.0,6885495.0,0.0,19169455.0,108183.0,108479.0,0.0,4.43,3.959,0.0
Midsouth,2022-05-08 00:00:00,Conventional,1.361861667,4816111.87,2588490.06,664917.19,29505.56,1533199.06,2022-18,20714546.0,6512660.0,0.0,13485959.0,260311.0,455615.0,0.0,4.33,4.031,0.0
Midsouth,2022-05-15 00:00:00,Conventional,1.466021392,4140482.65,2026224.99,564922.05,20791.7,1528543.92,2022-19,19223342.0,5628260.0,0.0,12496727.0,881394.0,216959.0,0.0,4.24,4.161,0.0
Northeast,2022-01-10 00:00:00,Conventional,1.291697043,6068727.95,1967742.03,2049803.31,23725.79,2027456.83,2022-2,25842385.0,254741.0,45359.0,25417092.0,0.0,45359.0,79832.0,4.89,3.164,0.0
Northeast,2022-01-16 00:00:00,Conventional,1.286783471,6607378.99,2458429.55,2030494.31,22518.24,2095936.89,2022-2,25842385.0,254741.0,45359.0,25417092.0,0.0,45359.0,79832.0,4.89,3.164,0.0
Northeast,2022-01-23 00:00:00,Conventional,1.360965483,5817209.87,1815281.16,1971737.12,22246.7,2007944.89,2022-3,27651102.0,1358681.0,0.0,26249028.0,0.0,43391.0,0.0,5.01,3.182,1.0
Northeast,2022-01-30 00:00:00,Conventional,1.378468966,6828252.65,2502679.99,2317115.41,24250.17,1984207.07,2022-4,27067867.0,2351814.0,199580.0,24429687.0,0.0,86783.0,0.0,5.39,3.199,0.0
Northeast,2022-02-06 00:00:00,Conventional,1.358710152,6109523.69,2218830.6,1823777.8,26491.62,2040423.68,2022-5,23700493.0,2529702.0,226796.0,20705339.0,0.0,238655.0,0.0,5.19,3.249,0.0
Northeast,2022-02-13 00:00:00,Conventional,1.307862251,8278888.1,3765149.11,2536887.87,28071.39,1948779.74,2022-6,13538106.0,1837830.0,199580.0,10979992.0,0.0,520702.0,0.0,5.08,3.33,0.0
Northeast,2022-02-20 00:00:00,Conventional,1.369925284,6309928.12,2347751.95,1958169.76,15501.63,1988504.78,2022-7,11411144.0,3432575.0,222260.0,7300693.0,0.0,455615.0,0.0,6.21,3.372,0.0
Northeast,2022-02-27 00:00:00,Conventional,1.395457667,6601174.57,2454814.33,2021124.6,23202.16,2102033.48,2022-8,26431640.0,3658560.0,594205.0,21853434.0,0.0,325439.0,0.0,5.17,3.41,1.0
Northeast,2022-03-06 00:00:00,Conventional,1.478601248,5355573.79,1841525.39,1726622.24,18892.16,1768534.0,2022-9,29166929.0,3454216.0,576061.0,24811211.0,0.0,325439.0,0.0,4.74,3.486,0.0
Northeast,2022-03-13 00:00:00,Conventional,1.506478455,5481850.52,1871697.31,1838856.93,16298.14,1754998.14,2022-10,25843478.0,3630077.0,426376.0,21678544.0,0.0,108479.0,0.0,4.69,3.963,0.0
Northeast,2022-03-20 00:00:00,Conventional,1.491795028,4864400.52,1394286.4,1736161.75,16153.08,1717799.29,2022-11,22051255.0,3436635.0,145149.0,18035551.0,0.0,433919.0,0.0,4.88,4.18,0.0
Northeast,2022-03-27 00:00:00,Conventional,1.476090898,5243122.92,1436184.65,2007013.84,20667.65,1779256.79,2022-12,18189130.0,3153811.0,299370.0,14519564.0,64511.0,151871.0,0.0,4.4,4.091,0.0
Northeast,2022-04-03 00:00:00,Conventional,1.501699421,5591056.33,1734942.28,2023985.78,18181.82,1813946.45,2022-13,21009354.0,2482199.0,340194.0,18021432.0,100440.0,65087.0,0.0,4.68,4.078,0.0
Northeast,2022-04-10 00:00:00,Conventional,1.419212754,6356386.3,2073710.09,2467745.05,15304.82,1799626.34,2022-14,23623647.0,3972180.0,81646.0,19288540.0,86015.0,195263.0,0.0,4.41,4.021,0.0
Northeast,2022-04-17 00:00:00,Conventional,1.527413372,5458092.45,1728146.97,1923926.74,16075.16,1789943.58,2022-15,15061578.0,5023348.0,40823.0,9827999.0,60927.0,108479.0,0.0,4.42,3.943,0.0
Northeast,2022-04-24 00:00:00,Conventional,1.472313747,5604189.71,1906359.44,1866530.43,13305.71,1817994.13,2022-16,28462618.0,6160887.0,45359.0,22040948.0,172030.0,43391.0,0.0,4.34,3.915,0.0
Northeast,2022-05-01 00:00:00,Conventional,1.397170282,6812972.28,2254983.98,2714330.18,16413.17,1827244.95,2022-17,26271615.0,6885495.0,0.0,19169455.0,108183.0,108479.0,0.0,4.43,3.959,0.0
Northeast,2022-05-08 00:00:00,Conventional,1.566000499,6261818.2,2174154.26,1898975.12,45477.77,2143211.05,2022-18,20714546.0,6512660.0,0.0,13485959.0,260311.0,455615.0,0.0,4.33,4.031,0.0
Northeast,2022-05-15 00:00:00,Conventional,1.599908243,5367292.08,1733824.43,1683400.81,38115.9,1911950.94,2022-19,19223342.0,5628260.0,0.0,12496727.0,881394.0,216959.0,0.0,4.24,4.161,0.0
