src/avocado-data/combined_data/combined_dataset.csv
region,date,type,average_selling_price,total_sales_volume,4046_units,4225_units,4770_units,total_bagged_units,year_week,total_prod_volume,california_prod_volume,chile_prod_volume,mexico_prod_volume,peru_prod_volume,colombia_prod_volume,dominican_republic_prod_volume,WEI,gasoline_price,is_holiday
Plains,2022-01-10 00:00:00,Conventional,1.108327445,2113713.05,991203.35,386578.49,47464.11,688467.1,2022-2,25842385.0,254741.0,45359.0,25417092.0,0.0,45359.0,79832.0,4.89,3.164,0.0
Plains,2022-01-16 00:00:00,Conventional,1.19161665,2198225.33,984251.4,386645.22,55815.85,771512.85,2022-2,25842385.0,254741.0,45359.0,25417092.0,0.0,45359.0,79832.0,4.89,3.164,0.0
Plains,2022-01-23 00:00:00,Conventional,1.221304175,2102394.68,1020929.28,350409.94,48599.32,682456.14,2022-3,27651102.0,1358681.0,0.0,26249028.0,0.0,43391.0,0.0,5.01,3.182,1.0
Plains,2022-01-30 00:00:00,Conventional,1.199316012,2150454.54,1035640.81,334146.84,53939.97,726726.91,2022-4,27067867.0,2351814.0,199580.0,24429687.0,0.0,86783.0,0.0,5.39,3.199,0.0
Plains,2022-02-06 00:00:00,Conventional,1.151259485,2255706.65,1132476.6,354073.73,44118.28,725038.03,2022-5,23700493.0,2529702.0,226796.0,20705339.0,0.0,238655.0,0.0,5.19,3.249,0.0
Plains,2022-02-13 00:00:00,Conventional,1.08764921,2819125.45,1546877.01,508123.73,38919.52,725205.2,2022-6,13538106.0,1837830.0,199580.0,10979992.0,0.0,520702.0,0.0,5.08,3.33,0.0
Plains,2022-02-20 00:00:00,Conventional,1.140384999,2394565.59,1302950.93,380287.98,25208.52,686118.15,2022-7,11411144.0,3432575.0,222260.0,7300693.0,0.0,455615.0,0.0,6.21,3.372,0.0
Plains,2022-02-27 00:00:00,Conventional,1.175729781,2298007.24,1049699.4,417046.39,23159.79,808101.66,2022-8,26431640.0,3658560.0,594205.0,21853434.0,0.0,325439.0,0.0,5.17,3.41,1.0
Plains,2022-03-06 00:00:00,Conventional,1.286683241,2121481.93,1078036.58,305981.8,21068.64,716394.91,2022-9,29166929.0,3454216.0,576061.0,24811211.0,0.0,325439.0,0.0,4.74,3.486,0.0
Plains,2022-03-13 00:00:00,Conventional,1.345034124,2009600.71,1029475.28,278386.78,18928.16,682810.5,2022-10,25843478.0,3630077.0,426376.0,21678544.0,0.0,108479.0,0.0,4.69,3.963,0.0
Plains,2022-03-20 00:00:00,Conventional,1.33088314,2064036.74,1048105.18,302845.0,18458.94,694627.63,2022-11,22051255.0,3436635.0,145149.0,18035551.0,0.0,433919.0,0.0,4.88,4.18,0.0
Plains,2022-03-27 00:00:00,Conventional,1.365035498,2084678.08,1058506.08,282361.47,18336.13,725474.4,2022-12,18189130.0,3153811.0,299370.0,14519564.0,64511.0,151871.0,0.0,4.4,4.091,0.0
Plains,2022-04-03 00:00:00,Conventional,1.353791541,2157574.26,1097976.72,285574.88,19662.8,754359.87,2022-13,21009354.0,2482199.0,340194.0,18021432.0,100440.0,65087.0,0.0,4.68,4.078,0.0
Plains,2022-04-10 00:00:00,Conventional,1.351123393,2193229.87,1081723.72,286407.27,19809.99,805288.88,2022-14,23623647.0,3972180.0,81646.0,19288540.0,86015.0,195263.0,0.0,4.41,4.021,0.0
Plains,2022-04-17 00:00:00,Conventional,1.417866072,2054522.53,976979.93,306924.12,20431.82,750186.66,2022-15,15061578.0,5023348.0,40823.0,9827999.0,60927.0,108479.0,0.0,4.42,3.943,0.0
Plains,2022-04-24 00:00:00,Conventional,1.40064826,1893269.14,982697.84,262492.87,17540.05,630538.37,2022-16,28462618.0,6160887.0,45359.0,22040948.0,172030.0,43391.0,0.0,4.34,3.915,0.0
Plains,2022-05-01 00:00:00,Conventional,1.400113641,2199361.3,1224115.57,279097.67,19034.99,677113.08,2022-17,26271615.0,6885495.0,0.0,19169455.0,108183.0,108479.0,0.0,4.43,3.959,0.0
Plains,2022-05-08 00:00:00,Conventional,1.415124228,2211415.76,1138686.64,338763.19,58589.66,675376.27,2022-18,20714546.0,6512660.0,0.0,13485959.0,260311.0,455615.0,0.0,4.33,4.031,0.0
Plains,2022-05-15 00:00:00,Conventional,1.493186223,1926993.19,968814.76,265257.61,38036.71,654884.11,2022-19,19223342.0,5628260.0,0.0,12496727.0,881394.0,216959.0,0.0,4.24,4.161,0.0
South Central,2022-01-10 00:00:00,Conventional,0.976466682,5116421.73,2475368.65,1024658.52,86034.51,1530360.05,2022-2,25842385.0,254741.0,45359.0,25417092.0,0.0,45359.0,79832.0,4.89,3.164,0.0
South Central,2022-01-16 00:00:00,Conventional,1.054682235,5331150.34,2747017.29,777431.82,88251.27,1718449.95,2022-2,25842385.0,254741.0,45359.0,25417092.0,0.0,45359.0,79832.0,4.89,3.164,0.0
South Central,2022-01-23 00:00:00,Conventional,1.064932161,5104859.19,2539046.43,903157.54,85794.95,1576860.27,2022-3,27651102.0,1358681.0,0.0,26249028.0,0.0,43391.0,0.0,5.01,3.182,1.0
South Central,2022-01-30 00:00:00,Conventional,1.100909628,5188639.36,2547103.89,1002741.7,94810.14,1543983.63,2022-4,27067867.0,2351814.0,199580.0,24429687.0,0.0,86783.0,0.0,5.39,3.199,0.0
South Central,2022-02-06 00:00:00,Conventional,1.099469001,5257099.18,2756048.72,813144.1,61315.19,1626591.17,2022-5,23700493.0,2529702.0,226796.0,20705339.0,0.0,238655.0,0.0,5.19,3.249,0.0
South Central,2022-02-13 00:00:00,Conventional,0.934661993,6652752.06,3610260.79,747838.55,81270.64,2213382.08,2022-6,13538106.0,1837830.0,199580.0,10979992.0,0.0,520702.0,0.0,5.08,3.33,0.0
South Central,2022-02-20 00:00:00,Conventional,1.004570459,5795045.47,3439657.4,634340.87,49623.76,1671423.44,2022-7,11411144.0,3432575.0,222260.0,7300693.0,0.0,455615.0,0.0,6.21,3.372,0.0
South Central,2022-02-27 00:00:00,Conventional,1.073248928,5044803.46,2701703.82,719167.21,43144.78,1580787.65,2022-8,26431640.0,3658560.0,594205.0,21853434.0,0.0,325439.0,0.0,5.17,3.41,1.0
South Central,2022-03-06 00:00:00,Conventional,1.119437341,4973348.36,2652330.62,687088.2,43303.08,1590626.46,2022-9,29166929.0,3454216.0,576061.0,24811211.0,0.0,325439.0,0.0,4.74,3.486,0.0
South Central,2022-03-13 00:00:00,Conventional,1.16694286,4918257.88,2708773.31,596583.88,39188.6,1573712.1,2022-10,25843478.0,3630077.0,426376.0,21678544.0,0.0,108479.0,0.0,4.69,3.963,0.0
South Central,2022-03-20 00:00:00,Conventional,1.149034652,5022281.54,2805598.85,580110.74,41071.84,1595500.11,2022-11,22051255.0,3436635.0,145149.0,18035551.0,0.0,433919.0,0.0,4.88,4.18,0.0
South Central,2022-03-27 00:00:00,Conventional,1.144575166,5134013.56,2795312.31,576263.69,42442.74,1719994.81,2022-12,18189130.0,3153811.0,299370.0,14519564.0,64511.0,151871.0,0.0,4.4,4.091,0.0
South Central,2022-04-03 00:00:00,Conventional,1.163177737,5205990.62,2991923.76,596711.36,43683.9,1573671.6,2022-13,21009354.0,2482199.0,340194.0,18021432.0,100440.0,65087.0,0.0,4.68,4.078,0.0
South Central,2022-04-10 00:00:00,Conventional,1.119357746,5531710.46,2831369.88,595674.49,44835.07,2059831.02,2022-14,23623647.0,3972180.0,81646.0,19288540.0,86015.0,195263.0,0.0,4.41,4.021,0.0
South Central,2022-04-17 00:00:00,Conventional,1.203833955,5018706.66,2555491.25,654049.78,41887.71,1767277.91,2022-15,15061578.0,5023348.0,40823.0,9827999.0,60927.0,108479.0,0.0,4.42,3.943,0.0
South Central,2022-04-24 00:00:00,Conventional,1.24996571,4587001.54,2315159.1,734841.84,39318.39,1497682.2,2022-16,28462618.0,6160887.0,45359.0,22040948.0,172030.0,43391.0,0.0,4.34,3.915,0.0
South Central,2022-05-01 00:00:00,Conventional,1.195812936,5266423.06,3037311.88,647524.94,44059.6,1537526.64,2022-17,26271615.0,6885495.0,0.0,19169455.0,108183.0,108479.0,0.0,4.43,3.959,0.0
South Central,2022-05-08 00:00:00,Conventional,1.201939085,5306334.57,3025933.79,684926.66,76763.89,1518710.24,2022-18,20714546.0,6512660.0,0.0,13485959.0,260311.0,455615.0,0.0,4.33,4.031,0.0
South Central,2022-05-15 00:00:00,Conventional,1.278245025,4460925.81,2608519.27,552999.59,59021.2,1240385.75,2022-19,19223342.0,5628260.0,0.0,12496727.0,881394.0,216959.0,0.0,4.24,4.161,0.0
Southeast,2022-01-10 00:00:00,Conventional,1.138447508,5564570.73,3706571.16,416810.24,30877.14,1410312.2,2022-2,25842385.0,254741.0,45359.0,25417092.0,0.0,45359.0,79832.0,4.89,3.164,0.0
Southeast,2022-01-16 00:00:00,Conventional,1.208956953,5583978.48,3633626.47,437195.03,32292.18,1480864.81,2022-2,25842385.0,254741.0,45359.0,25417092.0,0.0,45359.0,79832.0,4.89,3.164,0.0
Southeast,2022-01-23 00:00:00,Conventional,1.221187939,5237142.84,3363283.3,378932.49,27775.51,1467151.54,2022-3,27651102.0,1358681.0,0.0,26249028.0,0.0,43391.0,0.0,5.01,3.182,1.0
Southeast,2022-01-30 00:00:00,Conventional,1.242744471,5305972.61,3386444.96,421432.82,28046.19,1470048.64,2022-4,27067867.0,2351814.0,199580.0,24429687.0,0.0,86783.0,0.0,5.39,3.199,0.0
Southeast,2022-02-06 00:00:00,Conventional,1.212559129,5761828.03,3838945.73,409878.6,27229.66,1485774.04,2022-5,23700493.0,2529702.0,226796.0,20705339.0,0.0,238655.0,0.0,5.19,3.249,0.0
Southeast,2022-02-13 00:00:00,Conventional,1.106334796,7069196.83,5275023.8,410356.15,23212.63,1360604.25,2022-6,13538106.0,1837830.0,199580.0,10979992.0,0.0,520702.0,0.0,5.08,3.33,0.0
Southeast,2022-02-20 00:00:00,Conventional,1.205949228,5449500.22,3720694.82,378977.16,14666.4,1335161.83,2022-7,11411144.0,3432575.0,222260.0,7300693.0,0.0,455615.0,0.0,6.21,3.372,0.0
Southeast,2022-02-27 00:00:00,Conventional,1.348894191,4990286.82,3274796.38,317545.97,12154.29,1385790.17,2022-8,26431640.0,3658560.0,594205.0,21853434.0,0.0,325439.0,0.0,5.17,3.41,1.0
Southeast,2022-03-06 00:00:00,Conventional,1.359712218,4937704.17,3295493.51,329327.24,12053.96,1300829.46,2022-9,29166929.0,3454216.0,576061.0,24811211.0,0.0,325439.0,0.0,4.74,3.486,0.0
Southeast,2022-03-13 00:00:00,Conventional,1.377180867,5051485.17,3357052.01,357494.69,11668.03,1325270.44,2022-10,25843478.0,3630077.0,426376.0,21678544.0,0.0,108479.0,0.0,4.69,3.963,0.0
Southeast,2022-03-20 00:00:00,Conventional,1.34896887,5073283.83,3390653.02,335320.26,11201.71,1336108.84,2022-11,22051255.0,3436635.0,145149.0,18035551.0,0.0,433919.0,0.0,4.88,4.18,0.0
Southeast,2022-03-27 00:00:00,Conventional,1.343503634,5052486.19,3341686.01,323399.89,11998.12,1375402.17,2022-12,18189130.0,3153811.0,299370.0,14519564.0,64511.0,151871.0,0.0,4.4,4.091,0.0
Southeast,2022-04-03 00:00:00,Conventional,1.34030472,5189455.35,3455596.71,333194.21,11636.43,1389027.99,2022-13,21009354.0,2482199.0,340194.0,18021432.0,100440.0,65087.0,0.0,4.68,4.078,0.0
Southeast,2022-04-10 00:00:00,Conventional,1.37100661,5153304.78,3298779.94,403381.48,11713.88,1439429.47,2022-14,23623647.0,3972180.0,81646.0,19288540.0,86015.0,195263.0,0.0,4.41,4.021,0.0
Southeast,2022-04-17 00:00:00,Conventional,1.415593741,4953951.54,3158688.0,415342.78,12895.86,1367024.9,2022-15,15061578.0,5023348.0,40823.0,9827999.0,60927.0,108479.0,0.0,4.42,3.943,0.0
Southeast,2022-04-24 00:00:00,Conventional,1.427388196,4813185.92,3112384.92,348590.78,11173.67,1341036.55,2022-16,28462618.0,6160887.0,45359.0,22040948.0,172030.0,43391.0,0.0,4.34,3.915,0.0
Southeast,2022-05-01 00:00:00,Conventional,1.258365481,6502912.51,4712911.06,362701.28,10785.1,1416515.07,2022-17,26271615.0,6885495.0,0.0,19169455.0,108183.0,108479.0,0.0,4.43,3.959,0.0
Southeast,2022-05-08 00:00:00,Conventional,1.435193688,5165428.2,3478456.96,307191.95,33455.89,1346323.41,2022-18,20714546.0,6512660.0,0.0,13485959.0,260311.0,455615.0,0.0,4.33,4.031,0.0
Southeast,2022-05-15 00:00:00,Conventional,1.474056796,4869503.01,3290149.48,226392.12,24112.93,1328848.48,2022-19,19223342.0,5628260.0,0.0,12496727.0,881394.0,216959.0,0.0,4.24,4.161,0.0
West,2022-01-10 00:00:00,Conventional,1.138685466,6877959.81,3098900.42,2116391.29,169149.34,1493518.75,2022-2,25842385.0,254741.0,45359.0,25417092.0,0.0,45359.0,79832.0,4.89,3.164,0.0
West,2022-01-16 00:00:00,Conventional,1.294758252,6591835.54,3046827.85,1906336.7,167608.05,1471062.94,2022-2,25842385.0,254741.0,45359.0,25417092.0,0.0,45359.0,79832.0,4.89,3.164,0.0
West,2022-01-23 00:00:00,Conventional,1.22193193,6800365.53,3290230.73,1866790.95,181035.68,1462308.16,2022-3,27651102.0,1358681.0,0.0,26249028.0,0.0,43391.0,0.0,5.01,3.182,1.0
West,2022-01-30 00:00:00,Conventional,1.254156141,6703185.91,3476568.01,1663841.26,157742.18,1405034.46,2022-4,27067867.0,2351814.0,199580.0,24429687.0,0.0,86783.0,0.0,5.39,3.199,0.0
West,2022-02-06 00:00:00,Conventional,1.276776766,7019151.55,3722315.63,1654709.73,163602.7,1478523.49,2022-5,23700493.0,2529702.0,226796.0,20705339.0,0.0,238655.0,0.0,5.19,3.249,0.0
West,2022-02-13 00:00:00,Conventional,1.232075568,8485773.32,4911187.16,1843640.04,170546.24,1560399.88,2022-6,13538106.0,1837830.0,199580.0,10979992.0,0.0,520702.0,0.0,5.08,3.33,0.0
West,2022-02-20 00:00:00,Conventional,1.254588765,7094789.87,3978349.37,1463409.77,158478.41,1494552.32,2022-7,11411144.0,3432575.0,222260.0,7300693.0,0.0,455615.0,0.0,6.21,3.372,0.0
West,2022-02-27 00:00:00,Conventional,1.314928323,6366420.97,3000541.73,1723165.07,136164.1,1506550.08,2022-8,26431640.0,3658560.0,594205.0,21853434.0,0.0,325439.0,0.0,5.17,3.41,1.0
West,2022-03-06 00:00:00,Conventional,1.393417738,6240127.67,3176632.38,1553886.5,143128.92,1366479.87,2022-9,29166929.0,3454216.0,576061.0,24811211.0,0.0,325439.0,0.0,4.74,3.486,0.0
West,2022-03-13 00:00:00,Conventional,1.384349133,6078480.35,3246988.13,1240507.27,263686.59,1327298.36,2022-10,25843478.0,3630077.0,426376.0,21678544.0,0.0,108479.0,0.0,4.69,3.963,0.0
West,2022-03-20 00:00:00,Conventional,1.392064061,6168206.19,3194513.9,1221799.17,302050.01,1449843.11,2022-11,22051255.0,3436635.0,145149.0,18035551.0,0.0,433919.0,0.0,4.88,4.18,0.0
West,2022-03-27 00:00:00,Conventional,1.421314096,6373664.05,3478116.63,1330398.92,229429.58,1335718.92,2022-12,18189130.0,3153811.0,299370.0,14519564.0,64511.0,151871.0,0.0,4.4,4.091,0.0
West,2022-04-03 00:00:00,Conventional,1.35780186,6654241.24,3586923.9,1549332.64,186078.85,1331905.86,2022-13,21009354.0,2482199.0,340194.0,18021432.0,100440.0,65087.0,0.0,4.68,4.078,0.0
West,2022-04-10 00:00:00,Conventional,1.342226908,6777112.88,3545620.98,1393154.94,152299.18,1686037.78,2022-14,23623647.0,3972180.0,81646.0,19288540.0,86015.0,195263.0,0.0,4.41,4.021,0.0
West,2022-04-17 00:00:00,Conventional,1.471877812,6266494.42,3249204.47,1248890.16,130442.25,1637957.54,2022-15,15061578.0,5023348.0,40823.0,9827999.0,60927.0,108479.0,0.0,4.42,3.943,0.0
West,2022-04-24 00:00:00,Conventional,1.533207457,5593226.6,3026096.97,1154324.51,113003.4,1299801.72,2022-16,28462618.0,6160887.0,45359.0,22040948.0,172030.0,43391.0,0.0,4.34,3.915,0.0
West,2022-05-01 00:00:00,Conventional,1.469980266,6959828.12,4034460.11,1547699.29,111738.12,1265930.6,2022-17,26271615.0,6885495.0,0.0,19169455.0,108183.0,108479.0,0.0,4.43,3.959,0.0
West,2022-05-08 00:00:00,Conventional,1.494544275,6631556.29,3426569.66,1627952.42,144563.07,1432471.14,2022-18,20714546.0,6512660.0,0.0,13485959.0,260311.0,455615.0,0.0,4.33,4.031,0.0
West,2022-05-15 00:00:00,Conventional,1.565900705,5751371.09,3170758.95,1219014.14,108575.03,1253022.98,2022-19,19223342.0,5628260.0,0.0,12496727.0,881394.0,216959.0,0.0,4.24,4.161,0.0
