src/avocado-data/combined_data/combined_dataset.csv
region,date,type,average_selling_price,total_sales_volume,4046_units,4225_units,4770_units,total_bagged_units,year_week,total_prod_volume,california_prod_volume,chile_prod_volume,mexico_prod_volume,peru_prod_volume,colombia_prod_volume,dominican_republic_prod_volume,WEI,gasoline_price,is_holiday
Total U.S.,2022-01-10 00:00:00,Conventional,1.128283376,42307851.27,20806483.17,9021979.77,1240164.08,11239224.27,2022-2,25842385.0,254741.0,45359.0,25417092.0,0.0,45359.0,79832.0,4.89,3.164,0.0
Total U.S.,2022-01-16 00:00:00,Conventional,1.223383045,42172188.84,20938762.77,8258724.69,1117697.78,11857003.61,2022-2,25842385.0,254741.0,45359.0,25417092.0,0.0,45359.0,79832.0,4.89,3.164,0.0
Total U.S.,2022-01-23 00:00:00,Conventional,1.246227871,39929186.12,19307471.72,8280962.02,1330302.42,11010449.96,2022-3,27651102.0,1358681.0,0.0,26249028.0,0.0,43391.0,0.0,5.01,3.182,1.0
Total U.S.,2022-01-30 00:00:00,Conventional,1.230801452,42589422.06,21120727.12,9006882.79,1330464.76,11131347.39,2022-4,27067867.0,2351814.0,199580.0,24429687.0,0.0,86783.0,0.0,5.39,3.199,0.0
Total U.S.,2022-02-06 00:00:00,Conventional,1.247605212,42098793.1,21811966.26,7533195.01,1114718.25,11638913.57,2022-5,23700493.0,2529702.0,226796.0,20705339.0,0.0,238655.0,0.0,5.19,3.249,0.0
Total U.S.,2022-02-13 00:00:00,Conventional,1.15225973,54840041.46,30392740.93,9972894.11,1728008.21,12746398.21,2022-6,13538106.0,1837830.0,199580.0,10979992.0,0.0,520702.0,0.0,5.08,3.33,0.0
Total U.S.,2022-02-20 00:00:00,Conventional,1.223861231,43069701.61,23277597.5,7243925.95,1274727.56,11273450.6,2022-7,11411144.0,3432575.0,222260.0,7300693.0,0.0,455615.0,0.0,6.21,3.372,0.0
Total U.S.,2022-02-27 00:00:00,Conventional,1.3004018,40511720.76,19743510.28,8145952.91,1089329.94,11532927.63,2022-8,26431640.0,3658560.0,594205.0,21853434.0,0.0,325439.0,0.0,5.17,3.41,1.0
Total U.S.,2022-03-06 00:00:00,Conventional,1.349801541,37741843.77,19217107.45,6759175.6,974244.9,10791315.82,2022-9,29166929.0,3454216.0,576061.0,24811211.0,0.0,325439.0,0.0,4.74,3.486,0.0
Total U.S.,2022-03-13 00:00:00,Conventional,1.359600689,38789287.44,20696908.91,6448624.44,1045298.3,10598455.79,2022-10,25843478.0,3630077.0,426376.0,21678544.0,0.0,108479.0,0.0,4.69,3.963,0.0
Total U.S.,2022-03-20 00:00:00,Conventional,1.34575158,37612473.08,19792520.99,5934040.11,1129255.27,10756656.71,2022-11,22051255.0,3436635.0,145149.0,18035551.0,0.0,433919.0,0.0,4.88,4.18,0.0
Total U.S.,2022-03-27 00:00:00,Conventional,1.376360384,38884367.65,20380938.35,6393578.42,1059286.2,11050564.69,2022-12,18189130.0,3153811.0,299370.0,14519564.0,64511.0,151871.0,0.0,4.4,4.091,0.0
Total U.S.,2022-04-03 00:00:00,Conventional,1.358072247,39780834.5,20899537.07,6709109.8,981905.21,11190282.42,2022-13,21009354.0,2482199.0,340194.0,18021432.0,100440.0,65087.0,0.0,4.68,4.078,0.0
Total U.S.,2022-04-10 00:00:00,Conventional,1.348293874,41480613.84,21343910.93,6953926.55,907027.77,12275748.6,2022-14,23623647.0,3972180.0,81646.0,19288540.0,86015.0,195263.0,0.0,4.41,4.021,0.0
Total U.S.,2022-04-17 00:00:00,Conventional,1.438111539,38444782.18,19387851.98,6642634.42,851215.39,11563080.39,2022-15,15061578.0,5023348.0,40823.0,9827999.0,60927.0,108479.0,0.0,4.42,3.943,0.0
Total U.S.,2022-04-24 00:00:00,Conventional,1.431261478,36545752.17,19002629.29,6139541.13,752098.49,10651483.25,2022-16,28462618.0,6160887.0,45359.0,22040948.0,172030.0,43391.0,0.0,4.34,3.915,0.0
Total U.S.,2022-05-01 00:00:00,Conventional,1.340661324,45249228.33,24800452.2,7517298.32,908406.86,12023070.96,2022-17,26271615.0,6885495.0,0.0,19169455.0,108183.0,108479.0,0.0,4.43,3.959,0.0
Total U.S.,2022-05-08 00:00:00,Conventional,1.418107651,41827169.35,22633829.02,6720666.6,1187533.79,11285139.94,2022-18,20714546.0,6512660.0,0.0,13485959.0,260311.0,455615.0,0.0,4.33,4.031,0.0
Total U.S.,2022-05-15 00:00:00,Conventional,1.509555333,36518136.2,19779893.24,5530056.8,963940.1,10244246.06,2022-19,19223342.0,5628260.0,0.0,12496727.0,881394.0,216959.0,0.0,4.24,4.161,0.0
Albany,2022-01-10 00:00:00,Organic,1.395412291,6491.56,346.1,411.77,0.0,5733.69,2022-2,25842385.0,254741.0,45359.0,25417092.0,0.0,45359.0,79832.0,4.89,3.164,0.0
Albany,2022-01-16 00:00:00,Organic,1.52795582,5597.66,370.69,404.24,0.0,4822.73,2022-2,25842385.0,254741.0,45359.0,25417092.0,0.0,45359.0,79832.0,4.89,3.164,0.0
Albany,2022-01-23 00:00:00,Organic,1.511981685,4714.1,272.19,419.03,0.0,4022.88,2022-3,27651102.0,1358681.0,0.0,26249028.0,0.0,43391.0,0.0,5.01,3.182,1.0
Albany,2022-01-30 00:00:00,Organic,1.484040814,5291.48,279.47,368.44,0.0,4643.57,2022-4,27067867.0,2351814.0,199580.0,24429687.0,0.0,86783.0,0.0,5.39,3.199,0.0
Albany,2022-02-06 00:00:00,Organic,1.565508135,4889.74,250.44,461.6,0.0,4177.71,2022-5,23700493.0,2529702.0,226796.0,20705339.0,0.0,238655.0,0.0,5.19,3.249,0.0
Albany,2022-02-13 00:00:00,Organic,1.547477392,5076.22,181.75,440.47,25.25,4428.74,2022-6,13538106.0,1837830.0,199580.0,10979992.0,0.0,520702.0,0.0,5.08,3.33,0.0
Albany,2022-02-20 00:00:00,Organic,1.683298211,4774.86,293.94,724.83,3.89,3752.21,2022-7,11411144.0,3432575.0,222260.0,7300693.0,0.0,455615.0,0.0,6.21,3.372,0.0
Albany,2022-02-27 00:00:00,Organic,1.802885513,3819.36,285.91,620.68,0.97,2911.79,2022-8,26431640.0,3658560.0,594205.0,21853434.0,0.0,325439.0,0.0,5.17,3.41,1.0
Albany,2022-03-06 00:00:00,Organic,1.65186999,4919.34,217.52,596.67,2.91,4102.24,2022-9,29166929.0,3454216.0,576061.0,24811211.0,0.0,325439.0,0.0,4.74,3.486,0.0
Albany,2022-03-13 00:00:00,Organic,1.623396289,4881.37,217.29,187.44,3.89,4472.75,2022-10,25843478.0,3630077.0,426376.0,21678544.0,0.0,108479.0,0.0,4.69,3.963,0.0
Albany,2022-03-20 00:00:00,Organic,1.696388324,4684.09,268.21,304.77,0.97,4110.14,2022-11,22051255.0,3436635.0,145149.0,18035551.0,0.0,433919.0,0.0,4.88,4.18,0.0
Albany,2022-03-27 00:00:00,Organic,1.748356876,5184.67,239.23,466.06,1.94,4477.44,2022-12,18189130.0,3153811.0,299370.0,14519564.0,64511.0,151871.0,0.0,4.4,4.091,0.0
Albany,2022-04-03 00:00:00,Organic,1.724414333,5020.26,208.23,359.72,0.0,4452.31,2022-13,21009354.0,2482199.0,340194.0,18021432.0,100440.0,65087.0,0.0,4.68,4.078,0.0
Albany,2022-04-10 00:00:00,Organic,1.734896322,4561.92,181.6,348.65,0.0,4031.67,2022-14,23623647.0,3972180.0,81646.0,19288540.0,86015.0,195263.0,0.0,4.41,4.021,0.0
Albany,2022-04-17 00:00:00,Organic,1.893701281,4056.56,203.46,334.77,0.0,3518.32,2022-15,15061578.0,5023348.0,40823.0,9827999.0,60927.0,108479.0,0.0,4.42,3.943,0.0
Albany,2022-04-24 00:00:00,Organic,1.854737677,3653.5,117.38,412.64,0.0,3123.48,2022-16,28462618.0,6160887.0,45359.0,22040948.0,172030.0,43391.0,0.0,4.34,3.915,0.0
Albany,2022-05-01 00:00:00,Organic,1.910753656,4093.37,291.17,406.96,1.95,3393.3,2022-17,26271615.0,6885495.0,0.0,19169455.0,108183.0,108479.0,0.0,4.43,3.959,0.0
Albany,2022-05-08 00:00:00,Organic,1.761042615,5276.13,309.46,453.69,0.0,4512.97,2022-18,20714546.0,6512660.0,0.0,13485959.0,260311.0,455615.0,0.0,4.33,4.031,0.0
Albany,2022-05-15 00:00:00,Organic,1.796063839,5203.55,182.44,368.03,0.0,4653.07,2022-19,19223342.0,5628260.0,0.0,12496727.0,881394.0,216959.0,0.0,4.24,4.161,0.0
Atlanta,2022-01-10 00:00:00,Organic,1.486943654,50122.55,1742.59,13597.11,0.0,34782.85,2022-2,25842385.0,254741.0,45359.0,25417092.0,0.0,45359.0,79832.0,4.89,3.164,0.0
Atlanta,2022-01-16 00:00:00,Organic,1.47389238,53208.51,2450.82,17723.64,0.0,33034.06,2022-2,25842385.0,254741.0,45359.0,25417092.0,0.0,45359.0,79832.0,4.89,3.164,0.0
Atlanta,2022-01-23 00:00:00,Organic,1.431910743,42896.52,2695.1,13162.22,0.0,27039.21,2022-3,27651102.0,1358681.0,0.0,26249028.0,0.0,43391.0,0.0,5.01,3.182,1.0
Atlanta,2022-01-30 00:00:00,Organic,1.479325482,50389.71,5502.35,11997.01,0.0,32890.35,2022-4,27067867.0,2351814.0,199580.0,24429687.0,0.0,86783.0,0.0,5.39,3.199,0.0
Atlanta,2022-02-06 00:00:00,Organic,1.5265912,47679.06,3485.79,11049.34,0.0,33143.92,2022-5,23700493.0,2529702.0,226796.0,20705339.0,0.0,238655.0,0.0,5.19,3.249,0.0
Atlanta,2022-02-13 00:00:00,Organic,1.636787115,41918.67,1040.83,11233.56,0.0,29644.28,2022-6,13538106.0,1837830.0,199580.0,10979992.0,0.0,520702.0,0.0,5.08,3.33,0.0
Atlanta,2022-02-20 00:00:00,Organic,1.639119276,43471.14,212.63,11773.42,0.0,31485.08,2022-7,11411144.0,3432575.0,222260.0,7300693.0,0.0,455615.0,0.0,6.21,3.372,0.0
Atlanta,2022-02-27 00:00:00,Organic,1.561615849,47959.11,257.9,13566.08,0.0,34135.13,2022-8,26431640.0,3658560.0,594205.0,21853434.0,0.0,325439.0,0.0,5.17,3.41,1.0
Atlanta,2022-03-06 00:00:00,Organic,1.682286006,44293.77,2783.88,11896.03,0.0,29613.86,2022-9,29166929.0,3454216.0,576061.0,24811211.0,0.0,325439.0,0.0,4.74,3.486,0.0
Atlanta,2022-03-13 00:00:00,Organic,1.716781262,45114.46,275.15,14096.21,0.0,30743.1,2022-10,25843478.0,3630077.0,426376.0,21678544.0,0.0,108479.0,0.0,4.69,3.963,0.0
Atlanta,2022-03-20 00:00:00,Organic,1.757663888,44396.18,190.29,13150.37,0.0,31055.51,2022-11,22051255.0,3436635.0,145149.0,18035551.0,0.0,433919.0,0.0,4.88,4.18,0.0
Atlanta,2022-03-27 00:00:00,Organic,1.732557512,48466.27,124.22,11099.42,0.0,37242.62,2022-12,18189130.0,3153811.0,299370.0,14519564.0,64511.0,151871.0,0.0,4.4,4.091,0.0
Atlanta,2022-04-03 00:00:00,Organic,1.749541332,48651.32,192.65,13427.77,0.0,35030.91,2022-13,21009354.0,2482199.0,340194.0,18021432.0,100440.0,65087.0,0.0,4.68,4.078,0.0
Atlanta,2022-04-10 00:00:00,Organic,1.793417893,48777.92,299.23,15596.42,0.0,32882.27,2022-14,23623647.0,3972180.0,81646.0,19288540.0,86015.0,195263.0,0.0,4.41,4.021,0.0
Atlanta,2022-04-17 00:00:00,Organic,1.863596252,46426.78,319.07,16087.14,0.0,30020.58,2022-15,15061578.0,5023348.0,40823.0,9827999.0,60927.0,108479.0,0.0,4.42,3.943,0.0
Atlanta,2022-04-24 00:00:00,Organic,1.871098183,42901.94,441.36,11629.28,0.0,30831.31,2022-16,28462618.0,6160887.0,45359.0,22040948.0,172030.0,43391.0,0.0,4.34,3.915,0.0
Atlanta,2022-05-01 00:00:00,Organic,1.959558015,31999.33,188.97,8541.69,0.0,23268.67,2022-17,26271615.0,6885495.0,0.0,19169455.0,108183.0,108479.0,0.0,4.43,3.959,0.0
Atlanta,2022-05-08 00:00:00,Organic,1.960532596,39787.3,273.17,11926.03,0.0,27588.09,2022-18,20714546.0,6512660.0,0.0,13485959.0,260311.0,455615.0,0.0,4.33,4.031,0.0
Atlanta,2022-05-15 00:00:00,Organic,1.969943848,41170.21,200.65,12475.32,0.0,28494.24,2022-19,19223342.0,5628260.0,0.0,12496727.0,881394.0,216959.0,0.0,4.24,4.161,0.0
Baltimore/Washington,2022-01-10 00:00:00,Organic,1.354708092,109473.71,2260.54,8005.91,18.76,99188.51,2022-2,25842385.0,254741.0,45359.0,25417092.0,0.0,45359.0,79832.0,4.89,3.164,0.0
Baltimore/Washington,2022-01-16 00:00:00,Organic,1.508177065,79723.92,1541.98,8556.49,9.37,69616.08,2022-2,25842385.0,254741.0,45359.0,25417092.0,0.0,45359.0,79832.0,4.89,3.164,0.0
Baltimore/Washington,2022-01-23 00:00:00,Organic,1.616271111,71971.68,1428.8,8668.24,3.12,61871.51,2022-3,27651102.0,1358681.0,0.0,26249028.0,0.0,43391.0,0.0,5.01,3.182,1.0
Baltimore/Washington,2022-01-30 00:00:00,Organic,1.575394071,84274.59,1322.32,8677.12,10.41,74264.74,2022-4,27067867.0,2351814.0,199580.0,24429687.0,0.0,86783.0,0.0,5.39,3.199,0.0
Baltimore/Washington,2022-02-06 00:00:00,Organic,1.600998896,82477.13,1454.07,7939.81,14.57,73068.67,2022-5,23700493.0,2529702.0,226796.0,20705339.0,0.0,238655.0,0.0,5.19,3.249,0.0
Baltimore/Washington,2022-02-13 00:00:00,Organic,1.527115677,84058.72,1294.71,7795.2,4.16,74964.65,2022-6,13538106.0,1837830.0,199580.0,10979992.0,0.0,520702.0,0.0,5.08,3.33,0.0
Baltimore/Washington,2022-02-20 00:00:00,Organic,1.61202474,79173.33,1443.05,8547.13,3.12,69180.02,2022-7,11411144.0,3432575.0,222260.0,7300693.0,0.0,455615.0,0.0,6.21,3.372,0.0
Baltimore/Washington,2022-02-27 00:00:00,Organic,1.626118426,69780.47,1109.78,8339.63,9.37,60321.7,2022-8,26431640.0,3658560.0,594205.0,21853434.0,0.0,325439.0,0.0,5.17,3.41,1.0
Baltimore/Washington,2022-03-06 00:00:00,Organic,1.634295149,66965.05,1013.86,8917.39,5.21,57028.59,2022-9,29166929.0,3454216.0,576061.0,24811211.0,0.0,325439.0,0.0,4.74,3.486,0.0
Baltimore/Washington,2022-03-13 00:00:00,Organic,1.722531518,76837.23,1158.36,9037.69,7.3,66633.89,2022-10,25843478.0,3630077.0,426376.0,21678544.0,0.0,108479.0,0.0,4.69,3.963,0.0
Baltimore/Washington,2022-03-20 00:00:00,Organic,1.651463302,83539.64,1121.45,9885.32,2.08,72530.8,2022-11,22051255.0,3436635.0,145149.0,18035551.0,0.0,433919.0,0.0,4.88,4.18,0.0
Baltimore/Washington,2022-03-27 00:00:00,Organic,1.744014463,72724.26,914.91,7430.44,6.25,64372.65,2022-12,18189130.0,3153811.0,299370.0,14519564.0,64511.0,151871.0,0.0,4.4,4.091,0.0
Baltimore/Washington,2022-04-03 00:00:00,Organic,1.67142071,84122.56,999.72,7717.31,2.08,75403.44,2022-13,21009354.0,2482199.0,340194.0,18021432.0,100440.0,65087.0,0.0,4.68,4.078,0.0
Baltimore/Washington,2022-04-10 00:00:00,Organic,1.644020242,81567.26,933.45,7907.68,10.42,72715.71,2022-14,23623647.0,3972180.0,81646.0,19288540.0,86015.0,195263.0,0.0,4.41,4.021,0.0
Baltimore/Washington,2022-04-17 00:00:00,Organic,1.707655114,73216.06,813.18,8582.53,12.51,63807.83,2022-15,15061578.0,5023348.0,40823.0,9827999.0,60927.0,108479.0,0.0,4.42,3.943,0.0
Baltimore/Washington,2022-04-24 00:00:00,Organic,1.722779218,78168.58,906.29,7851.93,6.26,69404.1,2022-16,28462618.0,6160887.0,45359.0,22040948.0,172030.0,43391.0,0.0,4.34,3.915,0.0
Baltimore/Washington,2022-05-01 00:00:00,Organic,1.769232962,74165.53,982.88,8389.79,13.57,64779.29,2022-17,26271615.0,6885495.0,0.0,19169455.0,108183.0,108479.0,0.0,4.43,3.959,0.0
Baltimore/Washington,2022-05-08 00:00:00,Organic,1.695160232,80078.62,935.98,7310.59,9.39,71822.65,2022-18,20714546.0,6512660.0,0.0,13485959.0,260311.0,455615.0,0.0,4.33,4.031,0.0
Baltimore/Washington,2022-05-15 00:00:00,Organic,1.69487681,76582.45,939.43,4717.34,7.3,70918.38,2022-19,19223342.0,5628260.0,0.0,12496727.0,881394.0,216959.0,0.0,4.24,4.161,0.0
Birmingham/Montgomery,2022-01-10 00:00:00,Organic,1.356125727,18789.83,170.28,819.2,0.0,17800.35,2022-2,25842385.0,254741.0,45359.0,25417092.0,0.0,45359.0,79832.0,4.89,3.164,0.0
Birmingham/Montgomery,2022-01-16 00:00:00,Organic,1.421952635,17803.65,255.81,1060.78,0.0,16487.05,2022-2,25842385.0,254741.0,45359.0,25417092.0,0.0,45359.0,79832.0,4.89,3.164,0.0
Birmingham/Montgomery,2022-01-23 00:00:00,Organic,1.312265235,15632.19,548.5,954.62,0.0,14129.08,2022-3,27651102.0,1358681.0,0.0,26249028.0,0.0,43391.0,0.0,5.01,3.182,1.0
Birmingham/Montgomery,2022-01-30 00:00:00,Organic,1.354652911,16436.75,384.71,617.91,0.0,15434.13,2022-4,27067867.0,2351814.0,199580.0,24429687.0,0.0,86783.0,0.0,5.39,3.199,0.0
Birmingham/Montgomery,2022-02-06 00:00:00,Organic,1.402816523,17124.13,237.84,560.17,0.0,16326.12,2022-5,23700493.0,2529702.0,226796.0,20705339.0,0.0,238655.0,0.0,5.19,3.249,0.0
Birmingham/Montgomery,2022-02-13 00:00:00,Organic,1.388684279,17074.36,75.51,600.33,0.0,16398.53,2022-6,13538106.0,1837830.0,199580.0,10979992.0,0.0,520702.0,0.0,5.08,3.33,0.0
Birmingham/Montgomery,2022-02-20 00:00:00,Organic,1.53585318,16532.4,114.02,609.96,0.0,15808.42,2022-7,11411144.0,3432575.0,222260.0,7300693.0,0.0,455615.0,0.0,6.21,3.372,0.0
Birmingham/Montgomery,2022-02-27 00:00:00,Organic,1.445732086,17188.53,108.29,860.17,0.0,16220.07,2022-8,26431640.0,3658560.0,594205.0,21853434.0,0.0,325439.0,0.0,5.17,3.41,1.0
Birmingham/Montgomery,2022-03-06 00:00:00,Organic,1.661993591,13546.2,262.02,721.96,0.0,12562.23,2022-9,29166929.0,3454216.0,576061.0,24811211.0,0.0,325439.0,0.0,4.74,3.486,0.0
Birmingham/Montgomery,2022-03-13 00:00:00,Organic,1.71714587,15918.87,100.13,811.69,0.0,15007.06,2022-10,25843478.0,3630077.0,426376.0,21678544.0,0.0,108479.0,0.0,4.69,3.963,0.0
Birmingham/Montgomery,2022-03-20 00:00:00,Organic,1.691046124,15069.06,78.61,789.1,0.0,14201.35,2022-11,22051255.0,3436635.0,145149.0,18035551.0,0.0,433919.0,0.0,4.88,4.18,0.0
Birmingham/Montgomery,2022-03-27 00:00:00,Organic,1.650615728,16974.94,66.28,724.35,0.0,16184.31,2022-12,18189130.0,3153811.0,299370.0,14519564.0,64511.0,151871.0,0.0,4.4,4.091,0.0
Birmingham/Montgomery,2022-04-03 00:00:00,Organic,1.607768668,17952.69,118.5,792.82,0.0,17041.36,2022-13,21009354.0,2482199.0,340194.0,18021432.0,100440.0,65087.0,0.0,4.68,4.078,0.0
Birmingham/Montgomery,2022-04-10 00:00:00,Organic,1.675993095,16495.53,129.09,837.64,0.0,15528.81,2022-14,23623647.0,3972180.0,81646.0,19288540.0,86015.0,195263.0,0.0,4.41,4.021,0.0
Birmingham/Montgomery,2022-04-17 00:00:00,Organic,1.661955071,15196.95,116.48,799.43,0.0,14281.04,2022-15,15061578.0,5023348.0,40823.0,9827999.0,60927.0,108479.0,0.0,4.42,3.943,0.0
Birmingham/Montgomery,2022-04-24 00:00:00,Organic,1.680864909,17773.12,290.55,834.7,0.0,16647.88,2022-16,28462618.0,6160887.0,45359.0,22040948.0,172030.0,43391.0,0.0,4.34,3.915,0.0
Birmingham/Montgomery,2022-05-01 00:00:00,Organic,1.787758768,9420.33,132.17,406.97,0.0,8881.2,2022-17,26271615.0,6885495.0,0.0,19169455.0,108183.0,108479.0,0.0,4.43,3.959,0.0
Birmingham/Montgomery,2022-05-08 00:00:00,Organic,1.834289368,14370.12,109.89,796.07,0.0,13464.16,2022-18,20714546.0,6512660.0,0.0,13485959.0,260311.0,455615.0,0.0,4.33,4.031,0.0
Birmingham/Montgomery,2022-05-15 00:00:00,Organic,1.886441565,15234.38,91.84,831.43,0.0,14311.1,2022-19,19223342.0,5628260.0,0.0,12496727.0,881394.0,216959.0,0.0,4.24,4.161,0.0
