src/avocado-data/combined_data/combined_dataset.csv
region,date,type,average_selling_price,total_sales_volume,4046_units,4225_units,4770_units,total_bagged_units,year_week,total_prod_volume,california_prod_volume,chile_prod_volume,mexico_prod_volume,peru_prod_volume,colombia_prod_volume,dominican_republic_prod_volume,WEI,gasoline_price,is_holiday
Boise,2022-01-10 00:00:00,Organic,1.845062718,8830.12,466.89,3368.41,1.15,4993.67,2022-2,25842385.0,254741.0,45359.0,25417092.0,0.0,45359.0,79832.0,4.89,3.164,0.0
Boise,2022-01-16 00:00:00,Organic,2.056553057,7450.81,9.49,3681.02,0.0,3760.3,2022-2,25842385.0,254741.0,45359.0,25417092.0,0.0,45359.0,79832.0,4.89,3.164,0.0
Boise,2022-01-23 00:00:00,Organic,1.699217644,10005.9,2.84,4102.8,0.0,5900.27,2022-3,27651102.0,1358681.0,0.0,26249028.0,0.0,43391.0,0.0,5.01,3.182,1.0
Boise,2022-01-30 00:00:00,Organic,1.538547502,10800.11,13.89,4069.11,3.61,6713.5,2022-4,27067867.0,2351814.0,199580.0,24429687.0,0.0,86783.0,0.0,5.39,3.199,0.0
Boise,2022-02-06 00:00:00,Organic,1.860249459,9412.3,18.74,3702.71,1.2,5689.65,2022-5,23700493.0,2529702.0,226796.0,20705339.0,0.0,238655.0,0.0,5.19,3.249,0.0
Boise,2022-02-13 00:00:00,Organic,2.058494708,8628.47,5.67,3695.57,0.0,4927.23,2022-6,13538106.0,1837830.0,199580.0,10979992.0,0.0,520702.0,0.0,5.08,3.33,0.0
Boise,2022-02-20 00:00:00,Organic,2.035183466,8164.5,14.6,3541.01,0.0,4608.9,2022-7,11411144.0,3432575.0,222260.0,7300693.0,0.0,455615.0,0.0,6.21,3.372,0.0
Boise,2022-02-27 00:00:00,Organic,2.014919186,8306.38,2.28,3589.83,0.0,4714.27,2022-8,26431640.0,3658560.0,594205.0,21853434.0,0.0,325439.0,0.0,5.17,3.41,1.0
Boise,2022-03-06 00:00:00,Organic,1.926956362,8136.71,3.8,3148.54,0.0,4984.37,2022-9,29166929.0,3454216.0,576061.0,24811211.0,0.0,325439.0,0.0,4.74,3.486,0.0
Boise,2022-03-13 00:00:00,Organic,2.185482701,7116.1,7.4,3779.02,0.0,3329.68,2022-10,25843478.0,3630077.0,426376.0,21678544.0,0.0,108479.0,0.0,4.69,3.963,0.0
Boise,2022-03-20 00:00:00,Organic,2.359703232,6280.13,0.94,3987.04,0.0,2292.15,2022-11,22051255.0,3436635.0,145149.0,18035551.0,0.0,433919.0,0.0,4.88,4.18,0.0
Boise,2022-03-27 00:00:00,Organic,2.236553991,6375.23,0.94,3271.04,0.0,3103.25,2022-12,18189130.0,3153811.0,299370.0,14519564.0,64511.0,151871.0,0.0,4.4,4.091,0.0
Boise,2022-04-03 00:00:00,Organic,2.160803756,7843.13,4.57,4260.09,0.0,3578.48,2022-13,21009354.0,2482199.0,340194.0,18021432.0,100440.0,65087.0,0.0,4.68,4.078,0.0
Boise,2022-04-10 00:00:00,Organic,2.239025501,6955.85,6.26,3638.38,0.0,3311.21,2022-14,23623647.0,3972180.0,81646.0,19288540.0,86015.0,195263.0,0.0,4.41,4.021,0.0
Boise,2022-04-17 00:00:00,Organic,2.278735434,7396.66,5.51,3565.59,0.0,3825.56,2022-15,15061578.0,5023348.0,40823.0,9827999.0,60927.0,108479.0,0.0,4.42,3.943,0.0
Boise,2022-04-24 00:00:00,Organic,2.655931877,6489.93,19.84,3278.96,0.0,3191.13,2022-16,28462618.0,6160887.0,45359.0,22040948.0,172030.0,43391.0,0.0,4.34,3.915,0.0
Boise,2022-05-01 00:00:00,Organic,2.643785315,6511.81,19.8,3583.03,0.0,2908.98,2022-17,26271615.0,6885495.0,0.0,19169455.0,108183.0,108479.0,0.0,4.43,3.959,0.0
Boise,2022-05-08 00:00:00,Organic,2.662456557,6885.78,285.35,3530.43,0.0,3070.0,2022-18,20714546.0,6512660.0,0.0,13485959.0,260311.0,455615.0,0.0,4.33,4.031,0.0
Boise,2022-05-15 00:00:00,Organic,2.539598687,6701.83,81.87,3377.04,0.0,3242.92,2022-19,19223342.0,5628260.0,0.0,12496727.0,881394.0,216959.0,0.0,4.24,4.161,0.0
Boston,2022-01-10 00:00:00,Organic,1.732519435,41383.87,403.19,3084.96,0.0,37895.72,2022-2,25842385.0,254741.0,45359.0,25417092.0,0.0,45359.0,79832.0,4.89,3.164,0.0
Boston,2022-01-16 00:00:00,Organic,1.779771706,36172.06,418.72,2763.82,0.0,32989.52,2022-2,25842385.0,254741.0,45359.0,25417092.0,0.0,45359.0,79832.0,4.89,3.164,0.0
Boston,2022-01-23 00:00:00,Organic,1.747439564,40562.71,290.55,2580.79,0.0,37691.37,2022-3,27651102.0,1358681.0,0.0,26249028.0,0.0,43391.0,0.0,5.01,3.182,1.0
Boston,2022-01-30 00:00:00,Organic,1.709879247,42864.02,319.26,2367.36,0.0,40177.4,2022-4,27067867.0,2351814.0,199580.0,24429687.0,0.0,86783.0,0.0,5.39,3.199,0.0
Boston,2022-02-06 00:00:00,Organic,1.775287897,38072.08,424.59,2331.24,0.0,35316.25,2022-5,23700493.0,2529702.0,226796.0,20705339.0,0.0,238655.0,0.0,5.19,3.249,0.0
Boston,2022-02-13 00:00:00,Organic,1.77144162,37823.74,285.42,2349.65,0.0,35188.67,2022-6,13538106.0,1837830.0,199580.0,10979992.0,0.0,520702.0,0.0,5.08,3.33,0.0
Boston,2022-02-20 00:00:00,Organic,1.843098412,35175.01,285.34,1836.12,0.0,33053.55,2022-7,11411144.0,3432575.0,222260.0,7300693.0,0.0,455615.0,0.0,6.21,3.372,0.0
Boston,2022-02-27 00:00:00,Organic,1.889666525,30422.17,305.02,1998.08,0.0,28119.07,2022-8,26431640.0,3658560.0,594205.0,21853434.0,0.0,325439.0,0.0,5.17,3.41,1.0
Boston,2022-03-06 00:00:00,Organic,1.892122521,28517.85,264.34,2057.41,0.0,26196.1,2022-9,29166929.0,3454216.0,576061.0,24811211.0,0.0,325439.0,0.0,4.74,3.486,0.0
Boston,2022-03-13 00:00:00,Organic,1.80035354,37108.82,306.41,1910.94,0.0,34891.47,2022-10,25843478.0,3630077.0,426376.0,21678544.0,0.0,108479.0,0.0,4.69,3.963,0.0
Boston,2022-03-20 00:00:00,Organic,1.856483995,34514.62,278.69,2185.72,0.0,32050.21,2022-11,22051255.0,3436635.0,145149.0,18035551.0,0.0,433919.0,0.0,4.88,4.18,0.0
Boston,2022-03-27 00:00:00,Organic,1.821069539,34820.61,357.04,2052.78,0.0,32410.79,2022-12,18189130.0,3153811.0,299370.0,14519564.0,64511.0,151871.0,0.0,4.4,4.091,0.0
Boston,2022-04-03 00:00:00,Organic,1.816374526,37029.59,155.65,2188.74,0.0,34685.19,2022-13,21009354.0,2482199.0,340194.0,18021432.0,100440.0,65087.0,0.0,4.68,4.078,0.0
Boston,2022-04-10 00:00:00,Organic,1.812437802,37897.76,169.41,1842.85,0.0,35885.5,2022-14,23623647.0,3972180.0,81646.0,19288540.0,86015.0,195263.0,0.0,4.41,4.021,0.0
Boston,2022-04-17 00:00:00,Organic,1.796823237,37895.75,210.7,1618.47,0.0,36066.58,2022-15,15061578.0,5023348.0,40823.0,9827999.0,60927.0,108479.0,0.0,4.42,3.943,0.0
Boston,2022-04-24 00:00:00,Organic,1.894983652,30708.97,328.79,2137.87,0.0,28242.3,2022-16,28462618.0,6160887.0,45359.0,22040948.0,172030.0,43391.0,0.0,4.34,3.915,0.0
Boston,2022-05-01 00:00:00,Organic,1.882262264,36752.37,306.93,2347.86,0.0,34097.57,2022-17,26271615.0,6885495.0,0.0,19169455.0,108183.0,108479.0,0.0,4.43,3.959,0.0
Boston,2022-05-08 00:00:00,Organic,1.801242093,39715.36,445.92,1889.43,0.0,37380.02,2022-18,20714546.0,6512660.0,0.0,13485959.0,260311.0,455615.0,0.0,4.33,4.031,0.0
Boston,2022-05-15 00:00:00,Organic,1.829994769,36000.22,258.05,1845.35,0.0,33896.83,2022-19,19223342.0,5628260.0,0.0,12496727.0,881394.0,216959.0,0.0,4.24,4.161,0.0
Buffalo/Rochester,2022-01-10 00:00:00,Organic,1.414060712,24053.51,1452.35,118.59,0.0,22482.57,2022-2,25842385.0,254741.0,45359.0,25417092.0,0.0,45359.0,79832.0,4.89,3.164,0.0
Buffalo/Rochester,2022-01-16 00:00:00,Organic,1.526017757,17602.96,1194.06,67.26,0.0,16341.64,2022-2,25842385.0,254741.0,45359.0,25417092.0,0.0,45359.0,79832.0,4.89,3.164,0.0
Buffalo/Rochester,2022-01-23 00:00:00,Organic,1.462885831,14772.44,1424.09,81.24,0.0,13267.11,2022-3,27651102.0,1358681.0,0.0,26249028.0,0.0,43391.0,0.0,5.01,3.182,1.0
Buffalo/Rochester,2022-01-30 00:00:00,Organic,1.422509146,15629.18,1221.0,81.95,0.0,14326.23,2022-4,27067867.0,2351814.0,199580.0,24429687.0,0.0,86783.0,0.0,5.39,3.199,0.0
Buffalo/Rochester,2022-02-06 00:00:00,Organic,1.512903459,15689.41,1250.22,89.93,0.0,14349.26,2022-5,23700493.0,2529702.0,226796.0,20705339.0,0.0,238655.0,0.0,5.19,3.249,0.0
Buffalo/Rochester,2022-02-13 00:00:00,Organic,1.487533918,16144.92,1437.83,140.7,0.0,14566.39,2022-6,13538106.0,1837830.0,199580.0,10979992.0,0.0,520702.0,0.0,5.08,3.33,0.0
Buffalo/Rochester,2022-02-20 00:00:00,Organic,1.558028032,15923.33,880.15,106.14,0.0,14937.04,2022-7,11411144.0,3432575.0,222260.0,7300693.0,0.0,455615.0,0.0,6.21,3.372,0.0
Buffalo/Rochester,2022-02-27 00:00:00,Organic,1.533022047,13282.85,986.52,95.05,0.0,12201.27,2022-8,26431640.0,3658560.0,594205.0,21853434.0,0.0,325439.0,0.0,5.17,3.41,1.0
Buffalo/Rochester,2022-03-06 00:00:00,Organic,1.537637604,11709.81,840.93,107.2,0.0,10761.67,2022-9,29166929.0,3454216.0,576061.0,24811211.0,0.0,325439.0,0.0,4.74,3.486,0.0
Buffalo/Rochester,2022-03-13 00:00:00,Organic,1.553755767,16859.03,639.4,83.51,0.0,16136.12,2022-10,25843478.0,3630077.0,426376.0,21678544.0,0.0,108479.0,0.0,4.69,3.963,0.0
Buffalo/Rochester,2022-03-20 00:00:00,Organic,1.651141431,16687.04,830.09,86.86,0.0,15770.09,2022-11,22051255.0,3436635.0,145149.0,18035551.0,0.0,433919.0,0.0,4.88,4.18,0.0
Buffalo/Rochester,2022-03-27 00:00:00,Organic,1.66851288,17964.42,979.12,120.5,0.0,16864.8,2022-12,18189130.0,3153811.0,299370.0,14519564.0,64511.0,151871.0,0.0,4.4,4.091,0.0
Buffalo/Rochester,2022-04-03 00:00:00,Organic,1.674790186,17147.38,864.96,95.41,0.0,16187.01,2022-13,21009354.0,2482199.0,340194.0,18021432.0,100440.0,65087.0,0.0,4.68,4.078,0.0
Buffalo/Rochester,2022-04-10 00:00:00,Organic,1.661000995,17611.06,933.95,89.9,0.0,16587.21,2022-14,23623647.0,3972180.0,81646.0,19288540.0,86015.0,195263.0,0.0,4.41,4.021,0.0
Buffalo/Rochester,2022-04-17 00:00:00,Organic,1.676095141,15886.42,887.34,84.67,0.0,14914.41,2022-15,15061578.0,5023348.0,40823.0,9827999.0,60927.0,108479.0,0.0,4.42,3.943,0.0
Buffalo/Rochester,2022-04-24 00:00:00,Organic,1.6389885,16281.88,992.79,83.35,0.0,15205.74,2022-16,28462618.0,6160887.0,45359.0,22040948.0,172030.0,43391.0,0.0,4.34,3.915,0.0
Buffalo/Rochester,2022-05-01 00:00:00,Organic,1.617696724,17800.44,950.21,121.51,0.0,16728.72,2022-17,26271615.0,6885495.0,0.0,19169455.0,108183.0,108479.0,0.0,4.43,3.959,0.0
Buffalo/Rochester,2022-05-08 00:00:00,Organic,1.612932247,21327.11,1159.7,85.09,0.0,20082.33,2022-18,20714546.0,6512660.0,0.0,13485959.0,260311.0,455615.0,0.0,4.33,4.031,0.0
Buffalo/Rochester,2022-05-15 00:00:00,Organic,1.660638947,18734.36,848.79,100.99,0.0,17784.57,2022-19,19223342.0,5628260.0,0.0,12496727.0,881394.0,216959.0,0.0,4.24,4.161,0.0
Charlotte,2022-01-10 00:00:00,Organic,1.29768811,35815.95,450.49,3408.32,15.58,31941.56,2022-2,25842385.0,254741.0,45359.0,25417092.0,0.0,45359.0,79832.0,4.89,3.164,0.0
Charlotte,2022-01-16 00:00:00,Organic,1.526859411,24303.26,362.45,3484.87,40.5,20415.44,2022-2,25842385.0,254741.0,45359.0,25417092.0,0.0,45359.0,79832.0,4.89,3.164,0.0
Charlotte,2022-01-23 00:00:00,Organic,1.567213915,23837.79,325.34,3675.48,25.92,19811.05,2022-3,27651102.0,1358681.0,0.0,26249028.0,0.0,43391.0,0.0,5.01,3.182,1.0
Charlotte,2022-01-30 00:00:00,Organic,1.533210569,28944.41,328.68,3372.7,16.58,25226.44,2022-4,27067867.0,2351814.0,199580.0,24429687.0,0.0,86783.0,0.0,5.39,3.199,0.0
Charlotte,2022-02-06 00:00:00,Organic,1.495838015,26643.1,301.04,3217.89,10.36,23113.82,2022-5,23700493.0,2529702.0,226796.0,20705339.0,0.0,238655.0,0.0,5.19,3.249,0.0
Charlotte,2022-02-13 00:00:00,Organic,1.485407913,27534.38,315.0,3375.05,26.93,23817.4,2022-6,13538106.0,1837830.0,199580.0,10979992.0,0.0,520702.0,0.0,5.08,3.33,0.0
Charlotte,2022-02-20 00:00:00,Organic,1.460019922,28683.38,385.39,3750.56,13.46,24533.96,2022-7,11411144.0,3432575.0,222260.0,7300693.0,0.0,455615.0,0.0,6.21,3.372,0.0
Charlotte,2022-02-27 00:00:00,Organic,1.597638105,29043.72,355.31,3872.78,19.69,24795.95,2022-8,26431640.0,3658560.0,594205.0,21853434.0,0.0,325439.0,0.0,5.17,3.41,1.0
Charlotte,2022-03-06 00:00:00,Organic,1.640668063,24414.77,339.66,3686.71,25.6,20362.8,2022-9,29166929.0,3454216.0,576061.0,24811211.0,0.0,325439.0,0.0,4.74,3.486,0.0
Charlotte,2022-03-13 00:00:00,Organic,1.729707635,26786.57,584.09,3973.01,40.42,22189.05,2022-10,25843478.0,3630077.0,426376.0,21678544.0,0.0,108479.0,0.0,4.69,3.963,0.0
Charlotte,2022-03-20 00:00:00,Organic,1.691499468,28549.02,430.06,4838.83,26.92,23253.22,2022-11,22051255.0,3436635.0,145149.0,18035551.0,0.0,433919.0,0.0,4.88,4.18,0.0
Charlotte,2022-03-27 00:00:00,Organic,1.71268031,25707.97,346.33,2907.89,6.22,22447.53,2022-12,18189130.0,3153811.0,299370.0,14519564.0,64511.0,151871.0,0.0,4.4,4.091,0.0
Charlotte,2022-04-03 00:00:00,Organic,1.735764686,27455.88,356.92,3195.75,17.63,23885.58,2022-13,21009354.0,2482199.0,340194.0,18021432.0,100440.0,65087.0,0.0,4.68,4.078,0.0
Charlotte,2022-04-10 00:00:00,Organic,1.704294362,28368.61,391.9,3256.2,10.37,24710.14,2022-14,23623647.0,3972180.0,81646.0,19288540.0,86015.0,195263.0,0.0,4.41,4.021,0.0
Charlotte,2022-04-17 00:00:00,Organic,1.685569813,23652.49,348.75,2718.96,30.08,20554.71,2022-15,15061578.0,5023348.0,40823.0,9827999.0,60927.0,108479.0,0.0,4.42,3.943,0.0
Charlotte,2022-04-24 00:00:00,Organic,1.65283284,27625.79,574.68,3054.78,15.58,23980.76,2022-16,28462618.0,6160887.0,45359.0,22040948.0,172030.0,43391.0,0.0,4.34,3.915,0.0
Charlotte,2022-05-01 00:00:00,Organic,1.829766285,16715.94,316.88,2889.92,10.39,13498.75,2022-17,26271615.0,6885495.0,0.0,19169455.0,108183.0,108479.0,0.0,4.43,3.959,0.0
Charlotte,2022-05-08 00:00:00,Organic,1.766375514,23252.85,239.03,2758.18,7.27,20248.36,2022-18,20714546.0,6512660.0,0.0,13485959.0,260311.0,455615.0,0.0,4.33,4.031,0.0
Charlotte,2022-05-15 00:00:00,Organic,1.741948297,24390.87,220.73,2963.52,14.55,21192.07,2022-19,19223342.0,5628260.0,0.0,12496727.0,881394.0,216959.0,0.0,4.24,4.161,0.0
Chicago,2022-01-10 00:00:00,Organic,1.32058024,101142.08,7257.26,16263.91,0.0,77620.92,2022-2,25842385.0,254741.0,45359.0,25417092.0,0.0,45359.0,79832.0,4.89,3.164,0.0
Chicago,2022-01-16 00:00:00,Organic,1.433687795,83859.55,11918.03,19120.07,0.0,52821.44,2022-2,25842385.0,254741.0,45359.0,25417092.0,0.0,45359.0,79832.0,4.89,3.164,0.0
Chicago,2022-01-23 00:00:00,Organic,1.445792196,94935.12,15013.79,19947.97,0.0,59973.37,2022-3,27651102.0,1358681.0,0.0,26249028.0,0.0,43391.0,0.0,5.01,3.182,1.0
Chicago,2022-01-30 00:00:00,Organic,1.54368899,88466.33,11854.71,21600.72,0.0,55010.9,2022-4,27067867.0,2351814.0,199580.0,24429687.0,0.0,86783.0,0.0,5.39,3.199,0.0
Chicago,2022-02-06 00:00:00,Organic,1.661016667,72220.66,11352.9,21207.92,0.0,39659.84,2022-5,23700493.0,2529702.0,226796.0,20705339.0,0.0,238655.0,0.0,5.19,3.249,0.0
Chicago,2022-02-13 00:00:00,Organic,1.579042453,69511.02,2573.77,21742.71,0.0,45194.54,2022-6,13538106.0,1837830.0,199580.0,10979992.0,0.0,520702.0,0.0,5.08,3.33,0.0
Chicago,2022-02-20 00:00:00,Organic,1.570095087,67167.92,7858.24,14674.94,0.0,44634.75,2022-7,11411144.0,3432575.0,222260.0,7300693.0,0.0,455615.0,0.0,6.21,3.372,0.0
Chicago,2022-02-27 00:00:00,Organic,1.659673685,58656.95,5561.66,12039.83,0.0,41055.45,2022-8,26431640.0,3658560.0,594205.0,21853434.0,0.0,325439.0,0.0,5.17,3.41,1.0
Chicago,2022-03-06 00:00:00,Organic,1.656547261,57278.52,6326.17,10762.68,0.0,40189.66,2022-9,29166929.0,3454216.0,576061.0,24811211.0,0.0,325439.0,0.0,4.74,3.486,0.0
Chicago,2022-03-13 00:00:00,Organic,1.769943703,63968.3,9762.57,14306.33,0.0,39899.41,2022-10,25843478.0,3630077.0,426376.0,21678544.0,0.0,108479.0,0.0,4.69,3.963,0.0
Chicago,2022-03-20 00:00:00,Organic,1.827489608,57869.3,8994.92,16078.77,0.0,32795.6,2022-11,22051255.0,3436635.0,145149.0,18035551.0,0.0,433919.0,0.0,4.88,4.18,0.0
Chicago,2022-03-27 00:00:00,Organic,1.738504245,67365.14,9258.54,15273.89,0.0,42832.71,2022-12,18189130.0,3153811.0,299370.0,14519564.0,64511.0,151871.0,0.0,4.4,4.091,0.0
Chicago,2022-04-03 00:00:00,Organic,1.758047375,66584.98,8833.24,16541.98,0.0,41209.77,2022-13,21009354.0,2482199.0,340194.0,18021432.0,100440.0,65087.0,0.0,4.68,4.078,0.0
Chicago,2022-04-10 00:00:00,Organic,1.734688204,69429.33,9990.99,14959.28,0.0,44479.06,2022-14,23623647.0,3972180.0,81646.0,19288540.0,86015.0,195263.0,0.0,4.41,4.021,0.0
Chicago,2022-04-17 00:00:00,Organic,1.727753511,74941.5,9961.86,14431.77,0.0,50547.87,2022-15,15061578.0,5023348.0,40823.0,9827999.0,60927.0,108479.0,0.0,4.42,3.943,0.0
Chicago,2022-04-24 00:00:00,Organic,1.762221094,70051.77,8473.9,18089.52,0.0,43488.36,2022-16,28462618.0,6160887.0,45359.0,22040948.0,172030.0,43391.0,0.0,4.34,3.915,0.0
Chicago,2022-05-01 00:00:00,Organic,1.783123744,63546.4,8759.82,18202.14,0.0,36584.44,2022-17,26271615.0,6885495.0,0.0,19169455.0,108183.0,108479.0,0.0,4.43,3.959,0.0
Chicago,2022-05-08 00:00:00,Organic,1.745547117,57052.32,2362.87,15787.74,0.0,38901.72,2022-18,20714546.0,6512660.0,0.0,13485959.0,260311.0,455615.0,0.0,4.33,4.031,0.0
Chicago,2022-05-15 00:00:00,Organic,1.687975108,62489.45,2357.84,9541.76,0.0,50589.84,2022-19,19223342.0,5628260.0,0.0,12496727.0,881394.0,216959.0,0.0,4.24,4.161,0.0
