src/avocado-data/combined_data/combined_dataset.csv
region,date,type,average_selling_price,total_sales_volume,4046_units,4225_units,4770_units,total_bagged_units,year_week,total_prod_volume,california_prod_volume,chile_prod_volume,mexico_prod_volume,peru_prod_volume,colombia_prod_volume,dominican_republic_prod_volume,WEI,gasoline_price,is_holiday
Cincinnati/Dayton,2022-01-10 00:00:00,Organic,1.752465078,18536.09,1556.28,9967.5,0.0,7012.32,2022-2,25842385.0,254741.0,45359.0,25417092.0,0.0,45359.0,79832.0,4.89,3.164,0.0
Cincinnati/Dayton,2022-01-16 00:00:00,Organic,1.721860016,19033.14,3433.88,9130.82,0.0,6468.43,2022-2,25842385.0,254741.0,45359.0,25417092.0,0.0,45359.0,79832.0,4.89,3.164,0.0
Cincinnati/Dayton,2022-01-23 00:00:00,Organic,1.760347885,18463.71,5376.15,5962.16,0.0,7125.4,2022-3,27651102.0,1358681.0,0.0,26249028.0,0.0,43391.0,0.0,5.01,3.182,1.0
Cincinnati/Dayton,2022-01-30 00:00:00,Organic,1.629324399,19432.24,5047.29,6210.25,0.0,8174.69,2022-4,27067867.0,2351814.0,199580.0,24429687.0,0.0,86783.0,0.0,5.39,3.199,0.0
Cincinnati/Dayton,2022-02-06 00:00:00,Organic,1.491568387,17895.57,3437.18,5545.27,0.0,8913.12,2022-5,23700493.0,2529702.0,226796.0,20705339.0,0.0,238655.0,0.0,5.19,3.249,0.0
Cincinnati/Dayton,2022-02-13 00:00:00,Organic,1.991035507,17715.27,185.81,8867.9,0.0,8661.56,2022-6,13538106.0,1837830.0,199580.0,10979992.0,0.0,520702.0,0.0,5.08,3.33,0.0
Cincinnati/Dayton,2022-02-20 00:00:00,Organic,1.917325914,17909.88,105.2,7936.97,0.0,9867.71,2022-7,11411144.0,3432575.0,222260.0,7300693.0,0.0,455615.0,0.0,6.21,3.372,0.0
Cincinnati/Dayton,2022-02-27 00:00:00,Organic,1.860330216,16847.19,107.64,9073.47,0.0,7666.09,2022-8,26431640.0,3658560.0,594205.0,21853434.0,0.0,325439.0,0.0,5.17,3.41,1.0
Cincinnati/Dayton,2022-03-06 00:00:00,Organic,1.898526696,19687.23,1687.6,9899.67,0.0,8099.96,2022-9,29166929.0,3454216.0,576061.0,24811211.0,0.0,325439.0,0.0,4.74,3.486,0.0
Cincinnati/Dayton,2022-03-13 00:00:00,Organic,1.912449198,18874.36,2661.95,8198.71,0.0,8013.7,2022-10,25843478.0,3630077.0,426376.0,21678544.0,0.0,108479.0,0.0,4.69,3.963,0.0
Cincinnati/Dayton,2022-03-20 00:00:00,Organic,1.95626055,16879.23,129.68,10263.92,0.0,6485.63,2022-11,22051255.0,3436635.0,145149.0,18035551.0,0.0,433919.0,0.0,4.88,4.18,0.0
Cincinnati/Dayton,2022-03-27 00:00:00,Organic,2.084871962,18851.18,74.07,9296.49,0.0,9480.62,2022-12,18189130.0,3153811.0,299370.0,14519564.0,64511.0,151871.0,0.0,4.4,4.091,0.0
Cincinnati/Dayton,2022-04-03 00:00:00,Organic,1.909873446,19141.69,1252.1,8738.26,0.0,9151.34,2022-13,21009354.0,2482199.0,340194.0,18021432.0,100440.0,65087.0,0.0,4.68,4.078,0.0
Cincinnati/Dayton,2022-04-10 00:00:00,Organic,1.967231748,17625.87,3238.49,7578.51,0.0,6808.87,2022-14,23623647.0,3972180.0,81646.0,19288540.0,86015.0,195263.0,0.0,4.41,4.021,0.0
Cincinnati/Dayton,2022-04-17 00:00:00,Organic,2.196709927,16423.92,4500.85,5264.14,0.0,6658.93,2022-15,15061578.0,5023348.0,40823.0,9827999.0,60927.0,108479.0,0.0,4.42,3.943,0.0
Cincinnati/Dayton,2022-04-24 00:00:00,Organic,2.215764344,14141.95,2153.84,5691.02,0.0,6297.09,2022-16,28462618.0,6160887.0,45359.0,22040948.0,172030.0,43391.0,0.0,4.34,3.915,0.0
Cincinnati/Dayton,2022-05-01 00:00:00,Organic,2.19758728,16361.17,310.91,7921.6,0.0,8128.65,2022-17,26271615.0,6885495.0,0.0,19169455.0,108183.0,108479.0,0.0,4.43,3.959,0.0
Cincinnati/Dayton,2022-05-08 00:00:00,Organic,2.129321576,19483.61,1815.44,7507.59,0.0,10160.58,2022-18,20714546.0,6512660.0,0.0,13485959.0,260311.0,455615.0,0.0,4.33,4.031,0.0
Cincinnati/Dayton,2022-05-15 00:00:00,Organic,2.34424732,17593.03,1021.41,8698.56,0.0,7873.07,2022-19,19223342.0,5628260.0,0.0,12496727.0,881394.0,216959.0,0.0,4.24,4.161,0.0
Columbus,2022-01-10 00:00:00,Organic,1.545410116,12079.57,1511.45,3572.48,0.0,6995.63,2022-2,25842385.0,254741.0,45359.0,25417092.0,0.0,45359.0,79832.0,4.89,3.164,0.0
Columbus,2022-01-16 00:00:00,Organic,1.509466661,13742.52,2616.09,3280.66,0.0,7845.78,2022-2,25842385.0,254741.0,45359.0,25417092.0,0.0,45359.0,79832.0,4.89,3.164,0.0
Columbus,2022-01-23 00:00:00,Organic,1.588649856,13642.69,2050.04,3528.27,0.0,8064.39,2022-3,27651102.0,1358681.0,0.0,26249028.0,0.0,43391.0,0.0,5.01,3.182,1.0
Columbus,2022-01-30 00:00:00,Organic,1.460160472,15798.15,1170.15,5445.18,0.0,9182.81,2022-4,27067867.0,2351814.0,199580.0,24429687.0,0.0,86783.0,0.0,5.39,3.199,0.0
Columbus,2022-02-06 00:00:00,Organic,1.52205759,17271.24,806.59,5729.26,0.0,10735.39,2022-5,23700493.0,2529702.0,226796.0,20705339.0,0.0,238655.0,0.0,5.19,3.249,0.0
Columbus,2022-02-13 00:00:00,Organic,1.756066517,12091.34,831.04,4558.67,0.0,6701.62,2022-6,13538106.0,1837830.0,199580.0,10979992.0,0.0,520702.0,0.0,5.08,3.33,0.0
Columbus,2022-02-20 00:00:00,Organic,1.679380968,13827.3,878.0,4941.75,0.0,8007.54,2022-7,11411144.0,3432575.0,222260.0,7300693.0,0.0,455615.0,0.0,6.21,3.372,0.0
Columbus,2022-02-27 00:00:00,Organic,1.643682867,13854.57,690.64,4904.09,0.0,8259.84,2022-8,26431640.0,3658560.0,594205.0,21853434.0,0.0,325439.0,0.0,5.17,3.41,1.0
Columbus,2022-03-06 00:00:00,Organic,1.607853049,15335.73,2015.76,3129.83,0.0,10190.14,2022-9,29166929.0,3454216.0,576061.0,24811211.0,0.0,325439.0,0.0,4.74,3.486,0.0
Columbus,2022-03-13 00:00:00,Organic,1.63309149,15157.11,3241.44,2399.86,0.0,9515.81,2022-10,25843478.0,3630077.0,426376.0,21678544.0,0.0,108479.0,0.0,4.69,3.963,0.0
Columbus,2022-03-20 00:00:00,Organic,1.71346762,11920.72,839.43,4064.92,0.0,7016.37,2022-11,22051255.0,3436635.0,145149.0,18035551.0,0.0,433919.0,0.0,4.88,4.18,0.0
Columbus,2022-03-27 00:00:00,Organic,1.886928966,12592.54,791.84,4063.65,0.0,7737.04,2022-12,18189130.0,3153811.0,299370.0,14519564.0,64511.0,151871.0,0.0,4.4,4.091,0.0
Columbus,2022-04-03 00:00:00,Organic,1.833886955,12668.77,1511.36,4161.61,0.0,6995.79,2022-13,21009354.0,2482199.0,340194.0,18021432.0,100440.0,65087.0,0.0,4.68,4.078,0.0
Columbus,2022-04-10 00:00:00,Organic,1.784906661,12114.73,1662.42,3451.29,0.0,7001.02,2022-14,23623647.0,3972180.0,81646.0,19288540.0,86015.0,195263.0,0.0,4.41,4.021,0.0
Columbus,2022-04-17 00:00:00,Organic,1.948508894,11878.14,2592.49,2333.84,0.0,6951.81,2022-15,15061578.0,5023348.0,40823.0,9827999.0,60927.0,108479.0,0.0,4.42,3.943,0.0
Columbus,2022-04-24 00:00:00,Organic,1.963097897,11056.92,1481.06,2837.73,0.0,6738.13,2022-16,28462618.0,6160887.0,45359.0,22040948.0,172030.0,43391.0,0.0,4.34,3.915,0.0
Columbus,2022-05-01 00:00:00,Organic,1.851358064,11727.47,751.45,2952.48,0.0,8023.54,2022-17,26271615.0,6885495.0,0.0,19169455.0,108183.0,108479.0,0.0,4.43,3.959,0.0
Columbus,2022-05-08 00:00:00,Organic,1.915427923,13023.68,851.07,3366.05,0.0,8806.56,2022-18,20714546.0,6512660.0,0.0,13485959.0,260311.0,455615.0,0.0,4.33,4.031,0.0
Columbus,2022-05-15 00:00:00,Organic,2.079279566,11935.15,882.38,3670.19,0.0,7382.58,2022-19,19223342.0,5628260.0,0.0,12496727.0,881394.0,216959.0,0.0,4.24,4.161,0.0
Dallas/Ft. Worth,2022-01-10 00:00:00,Organic,1.293607095,67296.78,14600.17,1088.43,0.0,51608.17,2022-2,25842385.0,254741.0,45359.0,25417092.0,0.0,45359.0,79832.0,4.89,3.164,0.0
Dallas/Ft. Worth,2022-01-16 00:00:00,Organic,1.32147894,65789.92,12192.08,1129.23,0.0,52468.61,2022-2,25842385.0,254741.0,45359.0,25417092.0,0.0,45359.0,79832.0,4.89,3.164,0.0
Dallas/Ft. Worth,2022-01-23 00:00:00,Organic,1.340065536,59446.76,11698.45,1202.87,0.0,46545.44,2022-3,27651102.0,1358681.0,0.0,26249028.0,0.0,43391.0,0.0,5.01,3.182,1.0
Dallas/Ft. Worth,2022-01-30 00:00:00,Organic,1.331242539,62024.0,10965.6,1214.66,0.0,49843.73,2022-4,27067867.0,2351814.0,199580.0,24429687.0,0.0,86783.0,0.0,5.39,3.199,0.0
Dallas/Ft. Worth,2022-02-06 00:00:00,Organic,1.355214859,70015.16,15154.36,808.12,0.0,54052.68,2022-5,23700493.0,2529702.0,226796.0,20705339.0,0.0,238655.0,0.0,5.19,3.249,0.0
Dallas/Ft. Worth,2022-02-13 00:00:00,Organic,1.41547512,59510.5,12876.31,1252.62,0.0,45381.57,2022-6,13538106.0,1837830.0,199580.0,10979992.0,0.0,520702.0,0.0,5.08,3.33,0.0
Dallas/Ft. Worth,2022-02-20 00:00:00,Organic,1.437972399,60874.3,10957.02,1098.13,0.0,48819.15,2022-7,11411144.0,3432575.0,222260.0,7300693.0,0.0,455615.0,0.0,6.21,3.372,0.0
Dallas/Ft. Worth,2022-02-27 00:00:00,Organic,1.443773911,62035.06,10119.78,975.52,0.0,50939.76,2022-8,26431640.0,3658560.0,594205.0,21853434.0,0.0,325439.0,0.0,5.17,3.41,1.0
Dallas/Ft. Worth,2022-03-06 00:00:00,Organic,1.483562365,58296.9,10754.84,939.1,0.0,46602.96,2022-9,29166929.0,3454216.0,576061.0,24811211.0,0.0,325439.0,0.0,4.74,3.486,0.0
Dallas/Ft. Worth,2022-03-13 00:00:00,Organic,1.521443398,54134.2,10394.54,980.67,0.0,42758.99,2022-10,25843478.0,3630077.0,426376.0,21678544.0,0.0,108479.0,0.0,4.69,3.963,0.0
Dallas/Ft. Worth,2022-03-20 00:00:00,Organic,1.550429192,51691.07,13312.5,1061.72,0.0,37316.86,2022-11,22051255.0,3436635.0,145149.0,18035551.0,0.0,433919.0,0.0,4.88,4.18,0.0
Dallas/Ft. Worth,2022-03-27 00:00:00,Organic,1.556479466,56877.5,15074.89,933.86,0.0,40868.75,2022-12,18189130.0,3153811.0,299370.0,14519564.0,64511.0,151871.0,0.0,4.4,4.091,0.0
Dallas/Ft. Worth,2022-04-03 00:00:00,Organic,1.570036212,62099.26,14758.22,1024.02,0.0,46317.02,2022-13,21009354.0,2482199.0,340194.0,18021432.0,100440.0,65087.0,0.0,4.68,4.078,0.0
Dallas/Ft. Worth,2022-04-10 00:00:00,Organic,1.586703873,56510.88,13933.13,1089.27,0.0,41488.48,2022-14,23623647.0,3972180.0,81646.0,19288540.0,86015.0,195263.0,0.0,4.41,4.021,0.0
Dallas/Ft. Worth,2022-04-17 00:00:00,Organic,1.595798481,55824.46,12438.74,960.25,0.0,42425.47,2022-15,15061578.0,5023348.0,40823.0,9827999.0,60927.0,108479.0,0.0,4.42,3.943,0.0
Dallas/Ft. Worth,2022-04-24 00:00:00,Organic,1.598457212,51779.4,10699.47,1112.6,0.0,39967.33,2022-16,28462618.0,6160887.0,45359.0,22040948.0,172030.0,43391.0,0.0,4.34,3.915,0.0
Dallas/Ft. Worth,2022-05-01 00:00:00,Organic,1.712314389,37641.22,8349.92,2303.23,0.0,26988.07,2022-17,26271615.0,6885495.0,0.0,19169455.0,108183.0,108479.0,0.0,4.43,3.959,0.0
Dallas/Ft. Worth,2022-05-08 00:00:00,Organic,1.777769635,42082.47,12321.94,1064.83,0.0,28695.7,2022-18,20714546.0,6512660.0,0.0,13485959.0,260311.0,455615.0,0.0,4.33,4.031,0.0
Dallas/Ft. Worth,2022-05-15 00:00:00,Organic,1.773101702,47873.37,13924.41,1269.61,0.0,32679.35,2022-19,19223342.0,5628260.0,0.0,12496727.0,881394.0,216959.0,0.0,4.24,4.161,0.0
Denver,2022-01-10 00:00:00,Organic,1.528717781,108845.47,80935.57,1807.77,88.25,26013.89,2022-2,25842385.0,254741.0,45359.0,25417092.0,0.0,45359.0,79832.0,4.89,3.164,0.0
Denver,2022-01-16 00:00:00,Organic,1.571830411,57924.8,31257.91,1633.96,3.19,25029.74,2022-2,25842385.0,254741.0,45359.0,25417092.0,0.0,45359.0,79832.0,4.89,3.164,0.0
Denver,2022-01-23 00:00:00,Organic,1.492631709,73426.6,45079.44,1631.46,1.06,26714.64,2022-3,27651102.0,1358681.0,0.0,26249028.0,0.0,43391.0,0.0,5.01,3.182,1.0
Denver,2022-01-30 00:00:00,Organic,1.542124714,83072.82,53355.49,1394.85,0.0,28322.49,2022-4,27067867.0,2351814.0,199580.0,24429687.0,0.0,86783.0,0.0,5.39,3.199,0.0
Denver,2022-02-06 00:00:00,Organic,1.587981561,56786.14,25644.81,958.78,0.0,30182.55,2022-5,23700493.0,2529702.0,226796.0,20705339.0,0.0,238655.0,0.0,5.19,3.249,0.0
Denver,2022-02-13 00:00:00,Organic,1.705530449,47385.53,21805.99,812.05,0.0,24767.5,2022-6,13538106.0,1837830.0,199580.0,10979992.0,0.0,520702.0,0.0,5.08,3.33,0.0
Denver,2022-02-20 00:00:00,Organic,1.701920248,43596.63,20760.73,642.03,0.0,22193.87,2022-7,11411144.0,3432575.0,222260.0,7300693.0,0.0,455615.0,0.0,6.21,3.372,0.0
Denver,2022-02-27 00:00:00,Organic,1.640477654,50569.97,26487.97,887.06,0.0,23194.94,2022-8,26431640.0,3658560.0,594205.0,21853434.0,0.0,325439.0,0.0,5.17,3.41,1.0
Denver,2022-03-06 00:00:00,Organic,1.556300429,54386.5,26959.74,878.62,0.0,26548.13,2022-9,29166929.0,3454216.0,576061.0,24811211.0,0.0,325439.0,0.0,4.74,3.486,0.0
Denver,2022-03-13 00:00:00,Organic,1.644918571,44147.41,22055.85,873.12,0.0,21218.43,2022-10,25843478.0,3630077.0,426376.0,21678544.0,0.0,108479.0,0.0,4.69,3.963,0.0
Denver,2022-03-20 00:00:00,Organic,1.672098844,44667.68,21721.66,772.04,0.0,22173.98,2022-11,22051255.0,3436635.0,145149.0,18035551.0,0.0,433919.0,0.0,4.88,4.18,0.0
Denver,2022-03-27 00:00:00,Organic,1.88548414,45330.33,21833.58,677.38,0.0,22819.37,2022-12,18189130.0,3153811.0,299370.0,14519564.0,64511.0,151871.0,0.0,4.4,4.091,0.0
Denver,2022-04-03 00:00:00,Organic,1.87860717,47169.27,24645.55,800.36,0.0,21723.36,2022-13,21009354.0,2482199.0,340194.0,18021432.0,100440.0,65087.0,0.0,4.68,4.078,0.0
Denver,2022-04-10 00:00:00,Organic,1.857299298,50049.6,25655.69,884.12,0.0,23509.8,2022-14,23623647.0,3972180.0,81646.0,19288540.0,86015.0,195263.0,0.0,4.41,4.021,0.0
Denver,2022-04-17 00:00:00,Organic,1.967155172,52228.77,26367.31,727.34,0.0,25134.12,2022-15,15061578.0,5023348.0,40823.0,9827999.0,60927.0,108479.0,0.0,4.42,3.943,0.0
Denver,2022-04-24 00:00:00,Organic,1.679963698,66760.96,44761.46,1007.07,0.0,20992.43,2022-16,28462618.0,6160887.0,45359.0,22040948.0,172030.0,43391.0,0.0,4.34,3.915,0.0
Denver,2022-05-01 00:00:00,Organic,1.456794797,56670.06,34984.94,840.04,0.0,20845.07,2022-17,26271615.0,6885495.0,0.0,19169455.0,108183.0,108479.0,0.0,4.43,3.959,0.0
Denver,2022-05-08 00:00:00,Organic,1.666394605,64953.91,37104.72,777.69,0.0,27071.5,2022-18,20714546.0,6512660.0,0.0,13485959.0,260311.0,455615.0,0.0,4.33,4.031,0.0
Denver,2022-05-15 00:00:00,Organic,2.023152771,55140.97,27277.3,859.78,0.0,27003.89,2022-19,19223342.0,5628260.0,0.0,12496727.0,881394.0,216959.0,0.0,4.24,4.161,0.0
Detroit,2022-01-10 00:00:00,Organic,1.260299293,32443.91,674.05,5859.5,0.0,25910.36,2022-2,25842385.0,254741.0,45359.0,25417092.0,0.0,45359.0,79832.0,4.89,3.164,0.0
Detroit,2022-01-16 00:00:00,Organic,1.211623007,35218.4,2687.58,3944.61,0.0,28586.2,2022-2,25842385.0,254741.0,45359.0,25417092.0,0.0,45359.0,79832.0,4.89,3.164,0.0
Detroit,2022-01-23 00:00:00,Organic,1.354263236,33196.61,3488.91,3651.82,0.0,26055.88,2022-3,27651102.0,1358681.0,0.0,26249028.0,0.0,43391.0,0.0,5.01,3.182,1.0
Detroit,2022-01-30 00:00:00,Organic,1.353401433,34257.21,1485.61,5851.55,0.0,26920.04,2022-4,27067867.0,2351814.0,199580.0,24429687.0,0.0,86783.0,0.0,5.39,3.199,0.0
Detroit,2022-02-06 00:00:00,Organic,1.313761028,37600.97,934.52,5857.03,0.0,30809.42,2022-5,23700493.0,2529702.0,226796.0,20705339.0,0.0,238655.0,0.0,5.19,3.249,0.0
Detroit,2022-02-13 00:00:00,Organic,1.605582244,23129.86,522.77,4606.46,0.0,18000.64,2022-6,13538106.0,1837830.0,199580.0,10979992.0,0.0,520702.0,0.0,5.08,3.33,0.0
Detroit,2022-02-20 00:00:00,Organic,1.530924185,23865.31,262.65,4377.97,0.0,19224.69,2022-7,11411144.0,3432575.0,222260.0,7300693.0,0.0,455615.0,0.0,6.21,3.372,0.0
Detroit,2022-02-27 00:00:00,Organic,1.521074553,28963.7,274.21,5434.65,0.0,23254.84,2022-8,26431640.0,3658560.0,594205.0,21853434.0,0.0,325439.0,0.0,5.17,3.41,1.0
Detroit,2022-03-06 00:00:00,Organic,1.576039291,29276.96,292.91,5843.58,0.0,23140.46,2022-9,29166929.0,3454216.0,576061.0,24811211.0,0.0,325439.0,0.0,4.74,3.486,0.0
Detroit,2022-03-13 00:00:00,Organic,1.558896028,31877.02,395.45,6535.82,0.0,24945.74,2022-10,25843478.0,3630077.0,426376.0,21678544.0,0.0,108479.0,0.0,4.69,3.963,0.0
Detroit,2022-03-20 00:00:00,Organic,1.556931995,28311.26,252.67,6233.51,0.0,21825.08,2022-11,22051255.0,3436635.0,145149.0,18035551.0,0.0,433919.0,0.0,4.88,4.18,0.0
Detroit,2022-03-27 00:00:00,Organic,1.589777488,30245.29,353.63,4409.03,0.0,25482.62,2022-12,18189130.0,3153811.0,299370.0,14519564.0,64511.0,151871.0,0.0,4.4,4.091,0.0
Detroit,2022-04-03 00:00:00,Organic,1.534115549,32332.51,336.11,4757.19,0.0,27239.21,2022-13,21009354.0,2482199.0,340194.0,18021432.0,100440.0,65087.0,0.0,4.68,4.078,0.0
Detroit,2022-04-10 00:00:00,Organic,1.6428318,31633.08,385.85,5968.88,0.0,25278.35,2022-14,23623647.0,3972180.0,81646.0,19288540.0,86015.0,195263.0,0.0,4.41,4.021,0.0
Detroit,2022-04-17 00:00:00,Organic,1.73790203,29321.13,506.57,5487.09,0.0,23327.47,2022-15,15061578.0,5023348.0,40823.0,9827999.0,60927.0,108479.0,0.0,4.42,3.943,0.0
Detroit,2022-04-24 00:00:00,Organic,1.84295281,25135.15,431.56,5744.19,0.0,18959.4,2022-16,28462618.0,6160887.0,45359.0,22040948.0,172030.0,43391.0,0.0,4.34,3.915,0.0
Detroit,2022-05-01 00:00:00,Organic,1.872915702,21154.23,568.12,6563.94,0.0,14022.18,2022-17,26271615.0,6885495.0,0.0,19169455.0,108183.0,108479.0,0.0,4.43,3.959,0.0
Detroit,2022-05-08 00:00:00,Organic,1.850145458,22536.38,423.27,4127.52,0.0,17985.59,2022-18,20714546.0,6512660.0,0.0,13485959.0,260311.0,455615.0,0.0,4.33,4.031,0.0
Detroit,2022-05-15 00:00:00,Organic,1.919814343,30756.3,418.6,6320.48,0.0,24017.22,2022-19,19223342.0,5628260.0,0.0,12496727.0,881394.0,216959.0,0.0,4.24,4.161,0.0
