src/avocado-data/combined_data/combined_dataset.csv
region,date,type,average_selling_price,total_sales_volume,4046_units,4225_units,4770_units,total_bagged_units,year_week,total_prod_volume,california_prod_volume,chile_prod_volume,mexico_prod_volume,peru_prod_volume,colombia_prod_volume,dominican_republic_prod_volume,WEI,gasoline_price,is_holiday
Grand Rapids,2022-01-10 00:00:00,Organic,1.092353885,14547.91,126.04,1316.13,0.0,13105.75,2022-2,25842385.0,254741.0,45359.0,25417092.0,0.0,45359.0,79832.0,4.89,3.164,0.0
Grand Rapids,2022-01-16 00:00:00,Organic,0.993465238,20272.08,83.24,1119.9,0.0,19068.95,2022-2,25842385.0,254741.0,45359.0,25417092.0,0.0,45359.0,79832.0,4.89,3.164,0.0
Grand Rapids,2022-01-23 00:00:00,Organic,1.206734159,12866.57,86.12,742.49,0.0,12037.97,2022-3,27651102.0,1358681.0,0.0,26249028.0,0.0,43391.0,0.0,5.01,3.182,1.0
Grand Rapids,2022-01-30 00:00:00,Organic,1.129187479,19434.95,81.89,1073.71,0.0,18279.36,2022-4,27067867.0,2351814.0,199580.0,24429687.0,0.0,86783.0,0.0,5.39,3.199,0.0
Grand Rapids,2022-02-06 00:00:00,Organic,1.209096675,14408.84,98.75,934.68,0.0,13375.41,2022-5,23700493.0,2529702.0,226796.0,20705339.0,0.0,238655.0,0.0,5.19,3.249,0.0
Grand Rapids,2022-02-13 00:00:00,Organic,1.370927562,8072.45,61.56,529.66,0.0,7481.23,2022-6,13538106.0,1837830.0,199580.0,10979992.0,0.0,520702.0,0.0,5.08,3.33,0.0
Grand Rapids,2022-02-20 00:00:00,Organic,1.370129153,9025.95,78.36,695.34,0.0,8252.25,2022-7,11411144.0,3432575.0,222260.0,7300693.0,0.0,455615.0,0.0,6.21,3.372,0.0
Grand Rapids,2022-02-27 00:00:00,Organic,1.304691049,13269.22,74.24,1021.93,0.0,12173.04,2022-8,26431640.0,3658560.0,594205.0,21853434.0,0.0,325439.0,0.0,5.17,3.41,1.0
Grand Rapids,2022-03-06 00:00:00,Organic,1.30568019,12633.86,95.64,512.09,0.0,12026.13,2022-9,29166929.0,3454216.0,576061.0,24811211.0,0.0,325439.0,0.0,4.74,3.486,0.0
Grand Rapids,2022-03-13 00:00:00,Organic,1.523950718,12738.41,47.33,927.85,0.0,11763.23,2022-10,25843478.0,3630077.0,426376.0,21678544.0,0.0,108479.0,0.0,4.69,3.963,0.0
Grand Rapids,2022-03-20 00:00:00,Organic,1.572100985,10500.93,33.36,914.33,0.0,9553.24,2022-11,22051255.0,3436635.0,145149.0,18035551.0,0.0,433919.0,0.0,4.88,4.18,0.0
Grand Rapids,2022-03-27 00:00:00,Organic,1.504298288,12844.84,43.55,885.49,0.0,11915.79,2022-12,18189130.0,3153811.0,299370.0,14519564.0,64511.0,151871.0,0.0,4.4,4.091,0.0
Grand Rapids,2022-04-03 00:00:00,Organic,1.477856143,13377.35,36.21,896.99,0.0,12444.14,2022-13,21009354.0,2482199.0,340194.0,18021432.0,100440.0,65087.0,0.0,4.68,4.078,0.0
Grand Rapids,2022-04-10 00:00:00,Organic,1.500169709,13081.51,48.18,920.09,0.0,12113.23,2022-14,23623647.0,3972180.0,81646.0,19288540.0,86015.0,195263.0,0.0,4.41,4.021,0.0
Grand Rapids,2022-04-17 00:00:00,Organic,1.556609905,11753.09,343.71,821.77,0.0,10587.61,2022-15,15061578.0,5023348.0,40823.0,9827999.0,60927.0,108479.0,0.0,4.42,3.943,0.0
Grand Rapids,2022-04-24 00:00:00,Organic,1.656894964,9215.71,341.07,1011.95,0.0,7862.69,2022-16,28462618.0,6160887.0,45359.0,22040948.0,172030.0,43391.0,0.0,4.34,3.915,0.0
Grand Rapids,2022-05-01 00:00:00,Organic,1.770103335,7772.74,297.31,1094.15,0.0,6381.28,2022-17,26271615.0,6885495.0,0.0,19169455.0,108183.0,108479.0,0.0,4.43,3.959,0.0
Grand Rapids,2022-05-08 00:00:00,Organic,1.354715142,17643.32,110.47,1207.56,0.0,16325.29,2022-18,20714546.0,6512660.0,0.0,13485959.0,260311.0,455615.0,0.0,4.33,4.031,0.0
Grand Rapids,2022-05-15 00:00:00,Organic,1.425208674,16603.54,71.62,1114.33,0.0,15417.59,2022-19,19223342.0,5628260.0,0.0,12496727.0,881394.0,216959.0,0.0,4.24,4.161,0.0
Harrisburg/Scranton,2022-01-10 00:00:00,Organic,1.393588012,30061.59,607.08,606.62,0.0,28847.89,2022-2,25842385.0,254741.0,45359.0,25417092.0,0.0,45359.0,79832.0,4.89,3.164,0.0
Harrisburg/Scranton,2022-01-16 00:00:00,Organic,1.542233151,25812.41,764.25,585.64,0.0,24462.53,2022-2,25842385.0,254741.0,45359.0,25417092.0,0.0,45359.0,79832.0,4.89,3.164,0.0
Harrisburg/Scranton,2022-01-23 00:00:00,Organic,1.514990272,20842.46,746.54,456.15,0.0,19639.77,2022-3,27651102.0,1358681.0,0.0,26249028.0,0.0,43391.0,0.0,5.01,3.182,1.0
Harrisburg/Scranton,2022-01-30 00:00:00,Organic,1.523835253,23357.78,581.93,422.81,0.0,22353.04,2022-4,27067867.0,2351814.0,199580.0,24429687.0,0.0,86783.0,0.0,5.39,3.199,0.0
Harrisburg/Scranton,2022-02-06 00:00:00,Organic,1.558403727,22467.67,465.67,527.73,0.0,21474.28,2022-5,23700493.0,2529702.0,226796.0,20705339.0,0.0,238655.0,0.0,5.19,3.249,0.0
Harrisburg/Scranton,2022-02-13 00:00:00,Organic,1.608252397,20426.54,537.18,536.1,0.0,19353.26,2022-6,13538106.0,1837830.0,199580.0,10979992.0,0.0,520702.0,0.0,5.08,3.33,0.0
Harrisburg/Scranton,2022-02-20 00:00:00,Organic,1.645772707,18909.19,587.52,670.95,0.0,17650.72,2022-7,11411144.0,3432575.0,222260.0,7300693.0,0.0,455615.0,0.0,6.21,3.372,0.0
Harrisburg/Scranton,2022-02-27 00:00:00,Organic,1.6956108,15763.31,299.89,456.77,0.0,15006.65,2022-8,26431640.0,3658560.0,594205.0,21853434.0,0.0,325439.0,0.0,5.17,3.41,1.0
Harrisburg/Scranton,2022-03-06 00:00:00,Organic,1.653154418,15504.47,318.86,392.24,0.0,14793.37,2022-9,29166929.0,3454216.0,576061.0,24811211.0,0.0,325439.0,0.0,4.74,3.486,0.0
Harrisburg/Scranton,2022-03-13 00:00:00,Organic,1.690557183,19962.55,411.53,429.15,0.0,19121.87,2022-10,25843478.0,3630077.0,426376.0,21678544.0,0.0,108479.0,0.0,4.69,3.963,0.0
Harrisburg/Scranton,2022-03-20 00:00:00,Organic,1.724716643,19966.23,715.19,509.46,0.0,18741.58,2022-11,22051255.0,3436635.0,145149.0,18035551.0,0.0,433919.0,0.0,4.88,4.18,0.0
Harrisburg/Scranton,2022-03-27 00:00:00,Organic,1.67475226,20679.37,409.03,470.09,0.0,19800.26,2022-12,18189130.0,3153811.0,299370.0,14519564.0,64511.0,151871.0,0.0,4.4,4.091,0.0
Harrisburg/Scranton,2022-04-03 00:00:00,Organic,1.720839856,20959.07,352.81,451.73,0.0,20154.53,2022-13,21009354.0,2482199.0,340194.0,18021432.0,100440.0,65087.0,0.0,4.68,4.078,0.0
Harrisburg/Scranton,2022-04-10 00:00:00,Organic,1.70958251,20898.36,430.77,504.08,0.0,19963.51,2022-14,23623647.0,3972180.0,81646.0,19288540.0,86015.0,195263.0,0.0,4.41,4.021,0.0
Harrisburg/Scranton,2022-04-17 00:00:00,Organic,1.705100127,18368.64,386.16,414.23,0.0,17568.26,2022-15,15061578.0,5023348.0,40823.0,9827999.0,60927.0,108479.0,0.0,4.42,3.943,0.0
Harrisburg/Scranton,2022-04-24 00:00:00,Organic,1.716951993,16159.31,461.56,376.1,0.0,15321.65,2022-16,28462618.0,6160887.0,45359.0,22040948.0,172030.0,43391.0,0.0,4.34,3.915,0.0
Harrisburg/Scranton,2022-05-01 00:00:00,Organic,1.67322276,18225.74,415.02,535.42,0.0,17275.31,2022-17,26271615.0,6885495.0,0.0,19169455.0,108183.0,108479.0,0.0,4.43,3.959,0.0
Harrisburg/Scranton,2022-05-08 00:00:00,Organic,1.69085764,20150.1,402.58,592.68,0.0,19154.84,2022-18,20714546.0,6512660.0,0.0,13485959.0,260311.0,455615.0,0.0,4.33,4.031,0.0
Harrisburg/Scranton,2022-05-15 00:00:00,Organic,1.710070813,18450.12,550.09,410.77,0.0,17489.26,2022-19,19223342.0,5628260.0,0.0,12496727.0,881394.0,216959.0,0.0,4.24,4.161,0.0
Hartford/Springfield,2022-01-10 00:00:00,Organic,1.530128752,34307.06,1123.77,5747.1,0.0,27436.19,2022-2,25842385.0,254741.0,45359.0,25417092.0,0.0,45359.0,79832.0,4.89,3.164,0.0
Hartford/Springfield,2022-01-16 00:00:00,Organic,1.635682213,27691.85,1106.54,4746.56,0.0,21838.74,2022-2,25842385.0,254741.0,45359.0,25417092.0,0.0,45359.0,79832.0,4.89,3.164,0.0
Hartford/Springfield,2022-01-23 00:00:00,Organic,1.624393061,29332.67,1836.45,5243.21,2.97,22250.04,2022-3,27651102.0,1358681.0,0.0,26249028.0,0.0,43391.0,0.0,5.01,3.182,1.0
Hartford/Springfield,2022-01-30 00:00:00,Organic,1.626214215,30521.77,1178.03,5431.94,1.98,23909.81,2022-4,27067867.0,2351814.0,199580.0,24429687.0,0.0,86783.0,0.0,5.39,3.199,0.0
Hartford/Springfield,2022-02-06 00:00:00,Organic,1.635404862,28944.71,841.65,5240.87,1.98,22860.2,2022-5,23700493.0,2529702.0,226796.0,20705339.0,0.0,238655.0,0.0,5.19,3.249,0.0
Hartford/Springfield,2022-02-13 00:00:00,Organic,1.607079736,25776.5,883.44,3972.4,1.98,20918.69,2022-6,13538106.0,1837830.0,199580.0,10979992.0,0.0,520702.0,0.0,5.08,3.33,0.0
Hartford/Springfield,2022-02-20 00:00:00,Organic,1.672007532,24133.26,655.16,3746.81,0.0,19731.29,2022-7,11411144.0,3432575.0,222260.0,7300693.0,0.0,455615.0,0.0,6.21,3.372,0.0
Hartford/Springfield,2022-02-27 00:00:00,Organic,1.73113,23219.7,612.14,3680.24,0.0,18927.32,2022-8,26431640.0,3658560.0,594205.0,21853434.0,0.0,325439.0,0.0,5.17,3.41,1.0
Hartford/Springfield,2022-03-06 00:00:00,Organic,1.879623341,19086.28,362.46,3828.34,0.0,14895.47,2022-9,29166929.0,3454216.0,576061.0,24811211.0,0.0,325439.0,0.0,4.74,3.486,0.0
Hartford/Springfield,2022-03-13 00:00:00,Organic,1.748237576,24819.09,747.66,2851.56,0.0,21219.87,2022-10,25843478.0,3630077.0,426376.0,21678544.0,0.0,108479.0,0.0,4.69,3.963,0.0
Hartford/Springfield,2022-03-20 00:00:00,Organic,1.839497519,24867.78,503.67,4251.99,0.0,20112.13,2022-11,22051255.0,3436635.0,145149.0,18035551.0,0.0,433919.0,0.0,4.88,4.18,0.0
Hartford/Springfield,2022-03-27 00:00:00,Organic,1.791406104,24302.12,791.07,3586.78,0.0,19924.27,2022-12,18189130.0,3153811.0,299370.0,14519564.0,64511.0,151871.0,0.0,4.4,4.091,0.0
Hartford/Springfield,2022-04-03 00:00:00,Organic,1.78743029,26064.13,763.79,4103.77,0.0,21196.58,2022-13,21009354.0,2482199.0,340194.0,18021432.0,100440.0,65087.0,0.0,4.68,4.078,0.0
Hartford/Springfield,2022-04-10 00:00:00,Organic,1.756397457,26219.14,633.77,3221.68,0.0,22363.7,2022-14,23623647.0,3972180.0,81646.0,19288540.0,86015.0,195263.0,0.0,4.41,4.021,0.0
Hartford/Springfield,2022-04-17 00:00:00,Organic,1.750943566,25647.89,591.41,3489.33,0.0,21567.15,2022-15,15061578.0,5023348.0,40823.0,9827999.0,60927.0,108479.0,0.0,4.42,3.943,0.0
Hartford/Springfield,2022-04-24 00:00:00,Organic,1.871971365,22481.69,558.08,4098.76,0.0,17824.84,2022-16,28462618.0,6160887.0,45359.0,22040948.0,172030.0,43391.0,0.0,4.34,3.915,0.0
Hartford/Springfield,2022-05-01 00:00:00,Organic,1.761544551,27310.36,691.29,6763.56,0.99,19854.51,2022-17,26271615.0,6885495.0,0.0,19169455.0,108183.0,108479.0,0.0,4.43,3.959,0.0
Hartford/Springfield,2022-05-08 00:00:00,Organic,1.765661282,27668.61,837.84,4597.72,0.0,22233.05,2022-18,20714546.0,6512660.0,0.0,13485959.0,260311.0,455615.0,0.0,4.33,4.031,0.0
Hartford/Springfield,2022-05-15 00:00:00,Organic,1.802489707,26388.18,778.78,3614.47,2.98,21991.96,2022-19,19223342.0,5628260.0,0.0,12496727.0,881394.0,216959.0,0.0,4.24,4.161,0.0
Houston,2022-01-10 00:00:00,Organic,1.247182833,33206.17,11590.01,285.13,0.0,21331.03,2022-2,25842385.0,254741.0,45359.0,25417092.0,0.0,45359.0,79832.0,4.89,3.164,0.0
Houston,2022-01-16 00:00:00,Organic,1.505566907,24131.08,9507.69,360.6,0.0,14262.79,2022-2,25842385.0,254741.0,45359.0,25417092.0,0.0,45359.0,79832.0,4.89,3.164,0.0
Houston,2022-01-23 00:00:00,Organic,1.436799797,23944.89,9799.7,394.3,0.0,13750.88,2022-3,27651102.0,1358681.0,0.0,26249028.0,0.0,43391.0,0.0,5.01,3.182,1.0
Houston,2022-01-30 00:00:00,Organic,1.304016207,23928.13,7668.9,402.57,0.0,15856.66,2022-4,27067867.0,2351814.0,199580.0,24429687.0,0.0,86783.0,0.0,5.39,3.199,0.0
Houston,2022-02-06 00:00:00,Organic,1.313175779,32681.9,7797.86,380.67,0.0,24503.37,2022-5,23700493.0,2529702.0,226796.0,20705339.0,0.0,238655.0,0.0,5.19,3.249,0.0
Houston,2022-02-13 00:00:00,Organic,1.344932637,28567.29,6609.13,382.45,0.0,21575.72,2022-6,13538106.0,1837830.0,199580.0,10979992.0,0.0,520702.0,0.0,5.08,3.33,0.0
Houston,2022-02-20 00:00:00,Organic,1.375359984,29071.35,6515.39,373.55,0.0,22182.41,2022-7,11411144.0,3432575.0,222260.0,7300693.0,0.0,455615.0,0.0,6.21,3.372,0.0
Houston,2022-02-27 00:00:00,Organic,1.3740092,29192.98,5817.99,321.32,0.0,23053.67,2022-8,26431640.0,3658560.0,594205.0,21853434.0,0.0,325439.0,0.0,5.17,3.41,1.0
Houston,2022-03-06 00:00:00,Organic,1.451771809,31628.45,8106.33,345.0,0.0,23177.13,2022-9,29166929.0,3454216.0,576061.0,24811211.0,0.0,325439.0,0.0,4.74,3.486,0.0
Houston,2022-03-13 00:00:00,Organic,1.424110554,25080.58,6019.07,297.11,0.0,18764.39,2022-10,25843478.0,3630077.0,426376.0,21678544.0,0.0,108479.0,0.0,4.69,3.963,0.0
Houston,2022-03-20 00:00:00,Organic,1.382439846,28250.52,8775.48,656.12,0.0,18818.92,2022-11,22051255.0,3436635.0,145149.0,18035551.0,0.0,433919.0,0.0,4.88,4.18,0.0
Houston,2022-03-27 00:00:00,Organic,1.40427411,30693.05,9398.56,324.68,0.0,20969.81,2022-12,18189130.0,3153811.0,299370.0,14519564.0,64511.0,151871.0,0.0,4.4,4.091,0.0
Houston,2022-04-03 00:00:00,Organic,1.490382968,31941.3,8273.29,426.6,0.0,23241.41,2022-13,21009354.0,2482199.0,340194.0,18021432.0,100440.0,65087.0,0.0,4.68,4.078,0.0
Houston,2022-04-10 00:00:00,Organic,1.514057121,30975.6,8710.85,448.96,0.0,21815.78,2022-14,23623647.0,3972180.0,81646.0,19288540.0,86015.0,195263.0,0.0,4.41,4.021,0.0
Houston,2022-04-17 00:00:00,Organic,1.507558325,33168.09,9011.32,426.45,0.0,23730.31,2022-15,15061578.0,5023348.0,40823.0,9827999.0,60927.0,108479.0,0.0,4.42,3.943,0.0
Houston,2022-04-24 00:00:00,Organic,1.602683974,23794.78,7789.38,391.62,0.0,15613.77,2022-16,28462618.0,6160887.0,45359.0,22040948.0,172030.0,43391.0,0.0,4.34,3.915,0.0
Houston,2022-05-01 00:00:00,Organic,1.800800762,15784.3,6495.35,874.31,0.0,8414.63,2022-17,26271615.0,6885495.0,0.0,19169455.0,108183.0,108479.0,0.0,4.43,3.959,0.0
Houston,2022-05-08 00:00:00,Organic,1.778619604,19118.81,7496.8,338.03,0.0,11283.99,2022-18,20714546.0,6512660.0,0.0,13485959.0,260311.0,455615.0,0.0,4.33,4.031,0.0
Houston,2022-05-15 00:00:00,Organic,1.811340102,21722.67,8668.86,424.97,0.0,12628.84,2022-19,19223342.0,5628260.0,0.0,12496727.0,881394.0,216959.0,0.0,4.24,4.161,0.0
Indianapolis,2022-01-10 00:00:00,Organic,1.512655151,11949.95,514.8,3723.49,0.0,7711.65,2022-2,25842385.0,254741.0,45359.0,25417092.0,0.0,45359.0,79832.0,4.89,3.164,0.0
Indianapolis,2022-01-16 00:00:00,Organic,1.457830588,12765.42,787.97,3455.37,0.0,8522.08,2022-2,25842385.0,254741.0,45359.0,25417092.0,0.0,45359.0,79832.0,4.89,3.164,0.0
Indianapolis,2022-01-23 00:00:00,Organic,1.527143887,11830.63,1053.23,2913.54,0.0,7863.85,2022-3,27651102.0,1358681.0,0.0,26249028.0,0.0,43391.0,0.0,5.01,3.182,1.0
Indianapolis,2022-01-30 00:00:00,Organic,1.467566147,13736.6,1253.24,2727.07,0.0,9756.29,2022-4,27067867.0,2351814.0,199580.0,24429687.0,0.0,86783.0,0.0,5.39,3.199,0.0
Indianapolis,2022-02-06 00:00:00,Organic,1.393323057,15209.15,466.16,4036.25,0.0,10706.75,2022-5,23700493.0,2529702.0,226796.0,20705339.0,0.0,238655.0,0.0,5.19,3.249,0.0
Indianapolis,2022-02-13 00:00:00,Organic,1.673728797,10998.18,393.25,2539.19,0.0,8065.75,2022-6,13538106.0,1837830.0,199580.0,10979992.0,0.0,520702.0,0.0,5.08,3.33,0.0
Indianapolis,2022-02-20 00:00:00,Organic,1.697707645,11093.35,321.73,2607.15,0.0,8164.47,2022-7,11411144.0,3432575.0,222260.0,7300693.0,0.0,455615.0,0.0,6.21,3.372,0.0
Indianapolis,2022-02-27 00:00:00,Organic,1.732778374,10664.9,322.62,3279.62,0.0,7062.67,2022-8,26431640.0,3658560.0,594205.0,21853434.0,0.0,325439.0,0.0,5.17,3.41,1.0
Indianapolis,2022-03-06 00:00:00,Organic,1.694508361,11959.0,215.41,3772.84,0.0,7970.75,2022-9,29166929.0,3454216.0,576061.0,24811211.0,0.0,325439.0,0.0,4.74,3.486,0.0
Indianapolis,2022-03-13 00:00:00,Organic,1.697418666,14097.38,201.37,4120.54,0.0,9775.47,2022-10,25843478.0,3630077.0,426376.0,21678544.0,0.0,108479.0,0.0,4.69,3.963,0.0
Indianapolis,2022-03-20 00:00:00,Organic,1.854468243,10528.85,239.17,3497.43,0.0,6792.25,2022-11,22051255.0,3436635.0,145149.0,18035551.0,0.0,433919.0,0.0,4.88,4.18,0.0
Indianapolis,2022-03-27 00:00:00,Organic,1.880098586,12510.53,234.29,3369.76,0.0,8906.48,2022-12,18189130.0,3153811.0,299370.0,14519564.0,64511.0,151871.0,0.0,4.4,4.091,0.0
Indianapolis,2022-04-03 00:00:00,Organic,1.697689055,12956.94,412.38,2901.86,0.0,9642.7,2022-13,21009354.0,2482199.0,340194.0,18021432.0,100440.0,65087.0,0.0,4.68,4.078,0.0
Indianapolis,2022-04-10 00:00:00,Organic,1.721553746,11802.38,622.17,3031.56,0.0,8148.65,2022-14,23623647.0,3972180.0,81646.0,19288540.0,86015.0,195263.0,0.0,4.41,4.021,0.0
Indianapolis,2022-04-17 00:00:00,Organic,1.930089311,10791.27,384.77,3114.5,0.0,7291.99,2022-15,15061578.0,5023348.0,40823.0,9827999.0,60927.0,108479.0,0.0,4.42,3.943,0.0
Indianapolis,2022-04-24 00:00:00,Organic,1.810174169,10955.51,299.73,2653.49,0.0,8002.3,2022-16,28462618.0,6160887.0,45359.0,22040948.0,172030.0,43391.0,0.0,4.34,3.915,0.0
Indianapolis,2022-05-01 00:00:00,Organic,1.714290103,13152.18,362.06,2735.06,0.0,10055.06,2022-17,26271615.0,6885495.0,0.0,19169455.0,108183.0,108479.0,0.0,4.43,3.959,0.0
Indianapolis,2022-05-08 00:00:00,Organic,1.752623313,12620.64,349.21,2720.41,0.0,9551.01,2022-18,20714546.0,6512660.0,0.0,13485959.0,260311.0,455615.0,0.0,4.33,4.031,0.0
Indianapolis,2022-05-15 00:00:00,Organic,1.924065733,12640.83,2470.46,1235.66,0.0,8934.72,2022-19,19223342.0,5628260.0,0.0,12496727.0,881394.0,216959.0,0.0,4.24,4.161,0.0
