src/avocado-data/combined_data/combined_dataset.csv
region,date,type,average_selling_price,total_sales_volume,4046_units,4225_units,4770_units,total_bagged_units,year_week,total_prod_volume,california_prod_volume,chile_prod_volume,mexico_prod_volume,peru_prod_volume,colombia_prod_volume,dominican_republic_prod_volume,WEI,gasoline_price,is_holiday
Jacksonville,2022-01-10 00:00:00,Organic,1.028651446,32722.95,219.02,198.69,0.0,32305.24,2022-2,25842385.0,254741.0,45359.0,25417092.0,0.0,45359.0,79832.0,4.89,3.164,0.0
Jacksonville,2022-01-16 00:00:00,Organic,1.16976479,23567.95,235.29,201.07,0.0,23131.58,2022-2,25842385.0,254741.0,45359.0,25417092.0,0.0,45359.0,79832.0,4.89,3.164,0.0
Jacksonville,2022-01-23 00:00:00,Organic,1.090540169,32973.42,222.56,266.38,0.0,32484.48,2022-3,27651102.0,1358681.0,0.0,26249028.0,0.0,43391.0,0.0,5.01,3.182,1.0
Jacksonville,2022-01-30 00:00:00,Organic,1.081099509,35009.43,226.76,245.21,0.0,34537.46,2022-4,27067867.0,2351814.0,199580.0,24429687.0,0.0,86783.0,0.0,5.39,3.199,0.0
Jacksonville,2022-02-06 00:00:00,Organic,1.196688711,22893.82,149.07,159.1,0.0,22585.65,2022-5,23700493.0,2529702.0,226796.0,20705339.0,0.0,238655.0,0.0,5.19,3.249,0.0
Jacksonville,2022-02-13 00:00:00,Organic,1.088861998,28978.96,86.78,157.16,0.0,28735.02,2022-6,13538106.0,1837830.0,199580.0,10979992.0,0.0,520702.0,0.0,5.08,3.33,0.0
Jacksonville,2022-02-20 00:00:00,Organic,1.195976871,26462.02,64.58,174.5,0.0,26222.94,2022-7,11411144.0,3432575.0,222260.0,7300693.0,0.0,455615.0,0.0,6.21,3.372,0.0
Jacksonville,2022-02-27 00:00:00,Organic,1.164257318,30725.71,70.65,248.01,0.0,30407.04,2022-8,26431640.0,3658560.0,594205.0,21853434.0,0.0,325439.0,0.0,5.17,3.41,1.0
Jacksonville,2022-03-06 00:00:00,Organic,1.320210409,26257.52,60.49,260.94,0.0,25936.1,2022-9,29166929.0,3454216.0,576061.0,24811211.0,0.0,325439.0,0.0,4.74,3.486,0.0
Jacksonville,2022-03-13 00:00:00,Organic,1.308009848,30132.34,38.67,308.58,0.0,29785.1,2022-10,25843478.0,3630077.0,426376.0,21678544.0,0.0,108479.0,0.0,4.69,3.963,0.0
Jacksonville,2022-03-20 00:00:00,Organic,1.288013717,32806.93,75.14,366.44,0.0,32365.34,2022-11,22051255.0,3436635.0,145149.0,18035551.0,0.0,433919.0,0.0,4.88,4.18,0.0
Jacksonville,2022-03-27 00:00:00,Organic,1.342890288,32195.71,337.8,185.33,0.0,31672.58,2022-12,18189130.0,3153811.0,299370.0,14519564.0,64511.0,151871.0,0.0,4.4,4.091,0.0
Jacksonville,2022-04-03 00:00:00,Organic,1.31182305,33943.32,123.9,215.22,0.0,33604.21,2022-13,21009354.0,2482199.0,340194.0,18021432.0,100440.0,65087.0,0.0,4.68,4.078,0.0
Jacksonville,2022-04-10 00:00:00,Organic,1.344920444,31575.8,87.38,221.0,0.0,31267.42,2022-14,23623647.0,3972180.0,81646.0,19288540.0,86015.0,195263.0,0.0,4.41,4.021,0.0
Jacksonville,2022-04-17 00:00:00,Organic,1.338613528,28482.89,173.88,296.07,0.0,28012.95,2022-15,15061578.0,5023348.0,40823.0,9827999.0,60927.0,108479.0,0.0,4.42,3.943,0.0
Jacksonville,2022-04-24 00:00:00,Organic,1.355970768,30316.11,250.35,200.58,0.0,29865.18,2022-16,28462618.0,6160887.0,45359.0,22040948.0,172030.0,43391.0,0.0,4.34,3.915,0.0
Jacksonville,2022-05-01 00:00:00,Organic,1.327067529,25031.72,153.65,253.28,0.0,24624.79,2022-17,26271615.0,6885495.0,0.0,19169455.0,108183.0,108479.0,0.0,4.43,3.959,0.0
Jacksonville,2022-05-08 00:00:00,Organic,1.29611668,31649.55,87.68,187.88,0.0,31374.0,2022-18,20714546.0,6512660.0,0.0,13485959.0,260311.0,455615.0,0.0,4.33,4.031,0.0
Jacksonville,2022-05-15 00:00:00,Organic,1.378656561,32662.9,113.04,298.38,0.0,32251.47,2022-19,19223342.0,5628260.0,0.0,12496727.0,881394.0,216959.0,0.0,4.24,4.161,0.0
Las Vegas,2022-01-10 00:00:00,Organic,1.449897297,18251.1,3771.87,3393.38,0.0,11085.85,2022-2,25842385.0,254741.0,45359.0,25417092.0,0.0,45359.0,79832.0,4.89,3.164,0.0
Las Vegas,2022-01-16 00:00:00,Organic,1.504097668,18558.67,5225.35,3410.36,0.0,9922.95,2022-2,25842385.0,254741.0,45359.0,25417092.0,0.0,45359.0,79832.0,4.89,3.164,0.0
Las Vegas,2022-01-23 00:00:00,Organic,1.40655572,21085.77,4363.91,3689.25,0.0,13032.62,2022-3,27651102.0,1358681.0,0.0,26249028.0,0.0,43391.0,0.0,5.01,3.182,1.0
Las Vegas,2022-01-30 00:00:00,Organic,1.388894544,22162.54,5458.6,3479.86,0.0,13224.08,2022-4,27067867.0,2351814.0,199580.0,24429687.0,0.0,86783.0,0.0,5.39,3.199,0.0
Las Vegas,2022-02-06 00:00:00,Organic,1.457327629,22731.89,5527.16,3762.37,0.0,13442.37,2022-5,23700493.0,2529702.0,226796.0,20705339.0,0.0,238655.0,0.0,5.19,3.249,0.0
Las Vegas,2022-02-13 00:00:00,Organic,1.562457805,23392.89,5598.5,3995.0,0.0,13799.39,2022-6,13538106.0,1837830.0,199580.0,10979992.0,0.0,520702.0,0.0,5.08,3.33,0.0
Las Vegas,2022-02-20 00:00:00,Organic,1.575793068,22676.99,4885.74,3444.12,0.0,14347.13,2022-7,11411144.0,3432575.0,222260.0,7300693.0,0.0,455615.0,0.0,6.21,3.372,0.0
Las Vegas,2022-02-27 00:00:00,Organic,1.445029205,22826.79,8325.93,1666.18,0.0,12834.68,2022-8,26431640.0,3658560.0,594205.0,21853434.0,0.0,325439.0,0.0,5.17,3.41,1.0
Las Vegas,2022-03-06 00:00:00,Organic,1.469312759,19835.83,5205.08,2363.68,0.0,12267.08,2022-9,29166929.0,3454216.0,576061.0,24811211.0,0.0,325439.0,0.0,4.74,3.486,0.0
Las Vegas,2022-03-13 00:00:00,Organic,1.616889169,18021.05,4409.9,3578.44,0.0,10032.7,2022-10,25843478.0,3630077.0,426376.0,21678544.0,0.0,108479.0,0.0,4.69,3.963,0.0
Las Vegas,2022-03-20 00:00:00,Organic,1.712831306,17837.39,4824.87,3305.82,0.0,9706.69,2022-11,22051255.0,3436635.0,145149.0,18035551.0,0.0,433919.0,0.0,4.88,4.18,0.0
Las Vegas,2022-03-27 00:00:00,Organic,1.580111894,20828.16,5990.17,3117.73,0.0,11720.26,2022-12,18189130.0,3153811.0,299370.0,14519564.0,64511.0,151871.0,0.0,4.4,4.091,0.0
Las Vegas,2022-04-03 00:00:00,Organic,1.532883838,22302.66,6637.71,4000.08,0.0,11664.87,2022-13,21009354.0,2482199.0,340194.0,18021432.0,100440.0,65087.0,0.0,4.68,4.078,0.0
Las Vegas,2022-04-10 00:00:00,Organic,1.806011323,18907.48,3907.15,3708.09,0.0,11292.24,2022-14,23623647.0,3972180.0,81646.0,19288540.0,86015.0,195263.0,0.0,4.41,4.021,0.0
Las Vegas,2022-04-17 00:00:00,Organic,1.955372575,19275.1,4173.72,4405.77,0.0,10695.61,2022-15,15061578.0,5023348.0,40823.0,9827999.0,60927.0,108479.0,0.0,4.42,3.943,0.0
Las Vegas,2022-04-24 00:00:00,Organic,1.910409906,17920.63,3266.55,3777.3,0.0,10876.78,2022-16,28462618.0,6160887.0,45359.0,22040948.0,172030.0,43391.0,0.0,4.34,3.915,0.0
Las Vegas,2022-05-01 00:00:00,Organic,1.90426054,15017.43,3223.93,2392.52,0.0,9400.97,2022-17,26271615.0,6885495.0,0.0,19169455.0,108183.0,108479.0,0.0,4.43,3.959,0.0
Las Vegas,2022-05-08 00:00:00,Organic,1.908758144,15533.08,3703.35,2271.77,0.0,9557.97,2022-18,20714546.0,6512660.0,0.0,13485959.0,260311.0,455615.0,0.0,4.33,4.031,0.0
Las Vegas,2022-05-15 00:00:00,Organic,1.927349573,17205.36,3434.25,3500.59,0.0,10270.52,2022-19,19223342.0,5628260.0,0.0,12496727.0,881394.0,216959.0,0.0,4.24,4.161,0.0
Los Angeles,2022-01-10 00:00:00,Organic,1.770806029,149112.89,58997.22,9226.28,0.0,80889.39,2022-2,25842385.0,254741.0,45359.0,25417092.0,0.0,45359.0,79832.0,4.89,3.164,0.0
Los Angeles,2022-01-16 00:00:00,Organic,1.723318465,184804.74,68542.78,7872.69,2.53,108386.74,2022-2,25842385.0,254741.0,45359.0,25417092.0,0.0,45359.0,79832.0,4.89,3.164,0.0
Los Angeles,2022-01-23 00:00:00,Organic,1.74016012,177635.03,80966.61,7050.56,3.8,89614.07,2022-3,27651102.0,1358681.0,0.0,26249028.0,0.0,43391.0,0.0,5.01,3.182,1.0
Los Angeles,2022-01-30 00:00:00,Organic,1.65890434,174033.4,69221.0,8014.32,0.0,96798.08,2022-4,27067867.0,2351814.0,199580.0,24429687.0,0.0,86783.0,0.0,5.39,3.199,0.0
Los Angeles,2022-02-06 00:00:00,Organic,1.766156212,161215.05,67477.88,7905.85,0.0,85831.33,2022-5,23700493.0,2529702.0,226796.0,20705339.0,0.0,238655.0,0.0,5.19,3.249,0.0
Los Angeles,2022-02-13 00:00:00,Organic,1.855638483,159676.94,65771.29,7331.7,0.0,86573.95,2022-6,13538106.0,1837830.0,199580.0,10979992.0,0.0,520702.0,0.0,5.08,3.33,0.0
Los Angeles,2022-02-20 00:00:00,Organic,1.874028685,138668.94,57789.08,5998.3,0.0,74881.57,2022-7,11411144.0,3432575.0,222260.0,7300693.0,0.0,455615.0,0.0,6.21,3.372,0.0
Los Angeles,2022-02-27 00:00:00,Organic,1.720676889,163378.07,71716.46,5829.18,0.0,85832.44,2022-8,26431640.0,3658560.0,594205.0,21853434.0,0.0,325439.0,0.0,5.17,3.41,1.0
Los Angeles,2022-03-06 00:00:00,Organic,1.681743022,176681.08,73878.19,6622.94,0.0,96179.95,2022-9,29166929.0,3454216.0,576061.0,24811211.0,0.0,325439.0,0.0,4.74,3.486,0.0
Los Angeles,2022-03-13 00:00:00,Organic,1.745829942,159492.1,68347.78,6308.06,0.0,84836.26,2022-10,25843478.0,3630077.0,426376.0,21678544.0,0.0,108479.0,0.0,4.69,3.963,0.0
Los Angeles,2022-03-20 00:00:00,Organic,1.843758617,152641.5,75276.6,5754.12,0.0,71610.79,2022-11,22051255.0,3436635.0,145149.0,18035551.0,0.0,433919.0,0.0,4.88,4.18,0.0
Los Angeles,2022-03-27 00:00:00,Organic,1.813084376,144402.38,64028.27,5705.53,0.0,74668.58,2022-12,18189130.0,3153811.0,299370.0,14519564.0,64511.0,151871.0,0.0,4.4,4.091,0.0
Los Angeles,2022-04-03 00:00:00,Organic,1.942124008,147318.77,63424.5,8873.29,0.0,75020.98,2022-13,21009354.0,2482199.0,340194.0,18021432.0,100440.0,65087.0,0.0,4.68,4.078,0.0
Los Angeles,2022-04-10 00:00:00,Organic,1.962117482,144436.01,65157.78,6477.01,0.0,72801.22,2022-14,23623647.0,3972180.0,81646.0,19288540.0,86015.0,195263.0,0.0,4.41,4.021,0.0
Los Angeles,2022-04-17 00:00:00,Organic,1.955771919,148235.67,68365.97,5070.76,0.0,74798.95,2022-15,15061578.0,5023348.0,40823.0,9827999.0,60927.0,108479.0,0.0,4.42,3.943,0.0
Los Angeles,2022-04-24 00:00:00,Organic,1.937699839,136864.48,59555.78,5374.05,0.0,71934.65,2022-16,28462618.0,6160887.0,45359.0,22040948.0,172030.0,43391.0,0.0,4.34,3.915,0.0
Los Angeles,2022-05-01 00:00:00,Organic,1.93555664,152041.83,64458.76,4916.38,0.0,82666.69,2022-17,26271615.0,6885495.0,0.0,19169455.0,108183.0,108479.0,0.0,4.43,3.959,0.0
Los Angeles,2022-05-08 00:00:00,Organic,1.938400048,157358.48,66580.24,5127.91,0.0,85650.34,2022-18,20714546.0,6512660.0,0.0,13485959.0,260311.0,455615.0,0.0,4.33,4.031,0.0
Los Angeles,2022-05-15 00:00:00,Organic,1.97006691,154378.43,61743.43,5061.72,2.54,87570.73,2022-19,19223342.0,5628260.0,0.0,12496727.0,881394.0,216959.0,0.0,4.24,4.161,0.0
Louisville,2022-01-10 00:00:00,Organic,1.426008444,10353.57,59.52,5485.51,0.0,4808.53,2022-2,25842385.0,254741.0,45359.0,25417092.0,0.0,45359.0,79832.0,4.89,3.164,0.0
Louisville,2022-01-16 00:00:00,Organic,1.410081357,10121.81,803.02,4146.29,0.0,5172.5,2022-2,25842385.0,254741.0,45359.0,25417092.0,0.0,45359.0,79832.0,4.89,3.164,0.0
Louisville,2022-01-23 00:00:00,Organic,1.44919,9393.8,380.41,4641.09,0.0,4372.3,2022-3,27651102.0,1358681.0,0.0,26249028.0,0.0,43391.0,0.0,5.01,3.182,1.0
Louisville,2022-01-30 00:00:00,Organic,1.538715105,9449.97,1868.96,2363.47,0.0,5217.54,2022-4,27067867.0,2351814.0,199580.0,24429687.0,0.0,86783.0,0.0,5.39,3.199,0.0
Louisville,2022-02-06 00:00:00,Organic,1.668009317,10341.34,120.07,4206.41,0.0,6014.85,2022-5,23700493.0,2529702.0,226796.0,20705339.0,0.0,238655.0,0.0,5.19,3.249,0.0
Louisville,2022-02-13 00:00:00,Organic,1.706436563,8065.68,42.71,3222.77,0.0,4800.19,2022-6,13538106.0,1837830.0,199580.0,10979992.0,0.0,520702.0,0.0,5.08,3.33,0.0
Louisville,2022-02-20 00:00:00,Organic,1.757181186,8626.03,46.97,3784.79,0.0,4794.28,2022-7,11411144.0,3432575.0,222260.0,7300693.0,0.0,455615.0,0.0,6.21,3.372,0.0
Louisville,2022-02-27 00:00:00,Organic,1.718657479,8768.28,28.76,3864.41,0.0,4875.11,2022-8,26431640.0,3658560.0,594205.0,21853434.0,0.0,325439.0,0.0,5.17,3.41,1.0
Louisville,2022-03-06 00:00:00,Organic,1.655766634,8365.72,1313.83,2029.55,0.0,5022.34,2022-9,29166929.0,3454216.0,576061.0,24811211.0,0.0,325439.0,0.0,4.74,3.486,0.0
Louisville,2022-03-13 00:00:00,Organic,1.63394263,9081.1,396.2,3360.0,0.0,5324.9,2022-10,25843478.0,3630077.0,426376.0,21678544.0,0.0,108479.0,0.0,4.69,3.963,0.0
Louisville,2022-03-20 00:00:00,Organic,1.787177306,8180.8,21.13,4237.78,0.0,3921.89,2022-11,22051255.0,3436635.0,145149.0,18035551.0,0.0,433919.0,0.0,4.88,4.18,0.0
Louisville,2022-03-27 00:00:00,Organic,1.788585913,8957.94,23.21,4426.03,0.0,4508.7,2022-12,18189130.0,3153811.0,299370.0,14519564.0,64511.0,151871.0,0.0,4.4,4.091,0.0
Louisville,2022-04-03 00:00:00,Organic,1.698059105,8449.46,1289.01,2552.23,0.0,4608.21,2022-13,21009354.0,2482199.0,340194.0,18021432.0,100440.0,65087.0,0.0,4.68,4.078,0.0
Louisville,2022-04-10 00:00:00,Organic,1.889276466,7235.77,1251.14,2233.78,0.0,3750.84,2022-14,23623647.0,3972180.0,81646.0,19288540.0,86015.0,195263.0,0.0,4.41,4.021,0.0
Louisville,2022-04-17 00:00:00,Organic,2.004938124,7742.94,1016.33,2425.18,0.0,4301.43,2022-15,15061578.0,5023348.0,40823.0,9827999.0,60927.0,108479.0,0.0,4.42,3.943,0.0
Louisville,2022-04-24 00:00:00,Organic,1.930991405,8214.87,850.28,2394.46,0.0,4970.14,2022-16,28462618.0,6160887.0,45359.0,22040948.0,172030.0,43391.0,0.0,4.34,3.915,0.0
Louisville,2022-05-01 00:00:00,Organic,2.051911751,7378.03,87.24,3571.45,0.0,3719.34,2022-17,26271615.0,6885495.0,0.0,19169455.0,108183.0,108479.0,0.0,4.43,3.959,0.0
Louisville,2022-05-08 00:00:00,Organic,2.057763705,7845.4,759.09,2657.98,0.0,4428.33,2022-18,20714546.0,6512660.0,0.0,13485959.0,260311.0,455615.0,0.0,4.33,4.031,0.0
Louisville,2022-05-15 00:00:00,Organic,2.233561489,7306.22,177.39,3072.88,0.0,4055.95,2022-19,19223342.0,5628260.0,0.0,12496727.0,881394.0,216959.0,0.0,4.24,4.161,0.0
Miami/Ft. Lauderdale,2022-01-10 00:00:00,Organic,1.060418389,146486.96,3783.18,815.85,0.0,141887.93,2022-2,25842385.0,254741.0,45359.0,25417092.0,0.0,45359.0,79832.0,4.89,3.164,0.0
Miami/Ft. Lauderdale,2022-01-16 00:00:00,Organic,1.074456611,142617.28,2658.76,812.68,0.0,139145.85,2022-2,25842385.0,254741.0,45359.0,25417092.0,0.0,45359.0,79832.0,4.89,3.164,0.0
Miami/Ft. Lauderdale,2022-01-23 00:00:00,Organic,1.16577839,135970.99,2906.24,775.91,0.0,132288.83,2022-3,27651102.0,1358681.0,0.0,26249028.0,0.0,43391.0,0.0,5.01,3.182,1.0
Miami/Ft. Lauderdale,2022-01-30 00:00:00,Organic,1.122303459,124408.88,2055.81,792.75,0.0,121560.33,2022-4,27067867.0,2351814.0,199580.0,24429687.0,0.0,86783.0,0.0,5.39,3.199,0.0
Miami/Ft. Lauderdale,2022-02-06 00:00:00,Organic,1.122328114,129418.97,1633.15,807.27,0.0,126978.55,2022-5,23700493.0,2529702.0,226796.0,20705339.0,0.0,238655.0,0.0,5.19,3.249,0.0
Miami/Ft. Lauderdale,2022-02-13 00:00:00,Organic,1.07606188,150469.48,1471.5,832.53,0.0,148165.45,2022-6,13538106.0,1837830.0,199580.0,10979992.0,0.0,520702.0,0.0,5.08,3.33,0.0
Miami/Ft. Lauderdale,2022-02-20 00:00:00,Organic,1.152086016,143217.92,1586.67,789.5,0.0,140841.75,2022-7,11411144.0,3432575.0,222260.0,7300693.0,0.0,455615.0,0.0,6.21,3.372,0.0
Miami/Ft. Lauderdale,2022-02-27 00:00:00,Organic,1.159690684,153199.82,2249.52,840.9,0.0,150109.4,2022-8,26431640.0,3658560.0,594205.0,21853434.0,0.0,325439.0,0.0,5.17,3.41,1.0
Miami/Ft. Lauderdale,2022-03-06 00:00:00,Organic,1.291030766,128063.82,1630.03,449.94,0.0,125983.85,2022-9,29166929.0,3454216.0,576061.0,24811211.0,0.0,325439.0,0.0,4.74,3.486,0.0
Miami/Ft. Lauderdale,2022-03-13 00:00:00,Organic,1.224185673,151116.23,1493.68,811.01,0.0,148811.54,2022-10,25843478.0,3630077.0,426376.0,21678544.0,0.0,108479.0,0.0,4.69,3.963,0.0
Miami/Ft. Lauderdale,2022-03-20 00:00:00,Organic,1.240399241,143995.02,1266.46,777.13,0.0,141951.43,2022-11,22051255.0,3436635.0,145149.0,18035551.0,0.0,433919.0,0.0,4.88,4.18,0.0
Miami/Ft. Lauderdale,2022-03-27 00:00:00,Organic,1.24639274,149677.43,1297.47,691.57,0.0,147688.39,2022-12,18189130.0,3153811.0,299370.0,14519564.0,64511.0,151871.0,0.0,4.4,4.091,0.0
Miami/Ft. Lauderdale,2022-04-03 00:00:00,Organic,1.24069278,161358.04,1470.93,678.34,0.0,159208.78,2022-13,21009354.0,2482199.0,340194.0,18021432.0,100440.0,65087.0,0.0,4.68,4.078,0.0
Miami/Ft. Lauderdale,2022-04-10 00:00:00,Organic,1.25313139,153445.12,1391.51,698.51,0.0,151355.1,2022-14,23623647.0,3972180.0,81646.0,19288540.0,86015.0,195263.0,0.0,4.41,4.021,0.0
Miami/Ft. Lauderdale,2022-04-17 00:00:00,Organic,1.285183852,148614.72,1221.76,674.07,0.0,146718.89,2022-15,15061578.0,5023348.0,40823.0,9827999.0,60927.0,108479.0,0.0,4.42,3.943,0.0
Miami/Ft. Lauderdale,2022-04-24 00:00:00,Organic,1.299463028,147726.58,1845.31,820.08,0.0,145061.2,2022-16,28462618.0,6160887.0,45359.0,22040948.0,172030.0,43391.0,0.0,4.34,3.915,0.0
Miami/Ft. Lauderdale,2022-05-01 00:00:00,Organic,1.270374279,114273.8,1517.69,703.5,0.0,112052.61,2022-17,26271615.0,6885495.0,0.0,19169455.0,108183.0,108479.0,0.0,4.43,3.959,0.0
Miami/Ft. Lauderdale,2022-05-08 00:00:00,Organic,1.285398286,140009.38,1565.17,687.75,0.0,137756.45,2022-18,20714546.0,6512660.0,0.0,13485959.0,260311.0,455615.0,0.0,4.33,4.031,0.0
Miami/Ft. Lauderdale,2022-05-15 00:00:00,Organic,1.305408725,127060.77,901.56,642.6,0.0,125516.61,2022-19,19223342.0,5628260.0,0.0,12496727.0,881394.0,216959.0,0.0,4.24,4.161,0.0
