src/avocado-data/combined_data/combined_dataset.csv
region,date,type,average_selling_price,total_sales_volume,4046_units,4225_units,4770_units,total_bagged_units,year_week,total_prod_volume,california_prod_volume,chile_prod_volume,mexico_prod_volume,peru_prod_volume,colombia_prod_volume,dominican_republic_prod_volume,WEI,gasoline_price,is_holiday
Nashville,2022-01-10 00:00:00,Organic,1.36573039,28890.28,164.91,8385.37,0.0,20340.0,2022-2,25842385.0,254741.0,45359.0,25417092.0,0.0,45359.0,79832.0,4.89,3.164,0.0
Nashville,2022-01-16 00:00:00,Organic,1.389890477,31300.38,1202.01,9627.57,0.0,20470.8,2022-2,25842385.0,254741.0,45359.0,25417092.0,0.0,45359.0,79832.0,4.89,3.164,0.0
Nashville,2022-01-23 00:00:00,Organic,1.441300273,20047.93,375.53,7992.86,0.0,11679.54,2022-3,27651102.0,1358681.0,0.0,26249028.0,0.0,43391.0,0.0,5.01,3.182,1.0
Nashville,2022-01-30 00:00:00,Organic,1.48391894,25236.16,2624.08,4338.18,0.0,18273.9,2022-4,27067867.0,2351814.0,199580.0,24429687.0,0.0,86783.0,0.0,5.39,3.199,0.0
Nashville,2022-02-06 00:00:00,Organic,1.584194012,23302.53,243.7,5369.14,0.0,17689.68,2022-5,23700493.0,2529702.0,226796.0,20705339.0,0.0,238655.0,0.0,5.19,3.249,0.0
Nashville,2022-02-13 00:00:00,Organic,1.659639219,20556.32,580.17,4752.91,0.0,15223.23,2022-6,13538106.0,1837830.0,199580.0,10979992.0,0.0,520702.0,0.0,5.08,3.33,0.0
Nashville,2022-02-20 00:00:00,Organic,1.740562746,20833.65,87.05,5080.59,0.0,15666.01,2022-7,11411144.0,3432575.0,222260.0,7300693.0,0.0,455615.0,0.0,6.21,3.372,0.0
Nashville,2022-02-27 00:00:00,Organic,1.651798209,22880.02,71.98,6149.98,0.0,16658.06,2022-8,26431640.0,3658560.0,594205.0,21853434.0,0.0,325439.0,0.0,5.17,3.41,1.0
Nashville,2022-03-06 00:00:00,Organic,1.642913147,23067.73,2057.02,3493.16,0.0,17517.55,2022-9,29166929.0,3454216.0,576061.0,24811211.0,0.0,325439.0,0.0,4.74,3.486,0.0
Nashville,2022-03-13 00:00:00,Organic,1.6279151,26749.91,782.03,6319.7,0.0,19648.18,2022-10,25843478.0,3630077.0,426376.0,21678544.0,0.0,108479.0,0.0,4.69,3.963,0.0
Nashville,2022-03-20 00:00:00,Organic,1.716077882,22575.16,70.49,6029.9,0.0,16474.77,2022-11,22051255.0,3436635.0,145149.0,18035551.0,0.0,433919.0,0.0,4.88,4.18,0.0
Nashville,2022-03-27 00:00:00,Organic,1.846733863,23458.07,62.59,6118.04,0.0,17277.45,2022-12,18189130.0,3153811.0,299370.0,14519564.0,64511.0,151871.0,0.0,4.4,4.091,0.0
Nashville,2022-04-03 00:00:00,Organic,1.817955312,23614.65,1858.06,5304.15,0.0,16452.44,2022-13,21009354.0,2482199.0,340194.0,18021432.0,100440.0,65087.0,0.0,4.68,4.078,0.0
Nashville,2022-04-10 00:00:00,Organic,1.864558995,25641.48,2938.6,6410.03,0.0,16292.86,2022-14,23623647.0,3972180.0,81646.0,19288540.0,86015.0,195263.0,0.0,4.41,4.021,0.0
Nashville,2022-04-17 00:00:00,Organic,1.893404406,23175.42,3157.79,5214.54,0.0,14803.09,2022-15,15061578.0,5023348.0,40823.0,9827999.0,60927.0,108479.0,0.0,4.42,3.943,0.0
Nashville,2022-04-24 00:00:00,Organic,1.919738139,22525.12,1912.24,5083.94,0.0,15528.94,2022-16,28462618.0,6160887.0,45359.0,22040948.0,172030.0,43391.0,0.0,4.34,3.915,0.0
Nashville,2022-05-01 00:00:00,Organic,2.171577861,18158.47,196.06,7750.72,0.0,10211.69,2022-17,26271615.0,6885495.0,0.0,19169455.0,108183.0,108479.0,0.0,4.43,3.959,0.0
Nashville,2022-05-08 00:00:00,Organic,2.095664909,22249.83,1980.11,6084.02,0.0,14185.7,2022-18,20714546.0,6512660.0,0.0,13485959.0,260311.0,455615.0,0.0,4.33,4.031,0.0
Nashville,2022-05-15 00:00:00,Organic,2.083365669,21473.64,319.27,6561.63,0.0,14592.74,2022-19,19223342.0,5628260.0,0.0,12496727.0,881394.0,216959.0,0.0,4.24,4.161,0.0
Northern New England,2022-01-10 00:00:00,Organic,1.854126028,19420.31,2660.66,635.43,0.0,16124.22,2022-2,25842385.0,254741.0,45359.0,25417092.0,0.0,45359.0,79832.0,4.89,3.164,0.0
Northern New England,2022-01-16 00:00:00,Organic,1.852828377,17980.08,2403.43,483.2,0.0,15093.45,2022-2,25842385.0,254741.0,45359.0,25417092.0,0.0,45359.0,79832.0,4.89,3.164,0.0
Northern New England,2022-01-23 00:00:00,Organic,1.854040891,17842.11,2166.91,381.54,0.97,15292.69,2022-3,27651102.0,1358681.0,0.0,26249028.0,0.0,43391.0,0.0,5.01,3.182,1.0
Northern New England,2022-01-30 00:00:00,Organic,1.813318268,17607.12,1857.79,360.05,0.0,15389.28,2022-4,27067867.0,2351814.0,199580.0,24429687.0,0.0,86783.0,0.0,5.39,3.199,0.0
Northern New England,2022-02-06 00:00:00,Organic,1.882176435,16018.04,1820.21,460.27,0.0,13737.56,2022-5,23700493.0,2529702.0,226796.0,20705339.0,0.0,238655.0,0.0,5.19,3.249,0.0
Northern New England,2022-02-13 00:00:00,Organic,1.855978625,17295.41,1782.84,453.63,0.0,15058.93,2022-6,13538106.0,1837830.0,199580.0,10979992.0,0.0,520702.0,0.0,5.08,3.33,0.0
Northern New England,2022-02-20 00:00:00,Organic,1.924191948,20903.1,2286.88,980.18,0.0,17636.04,2022-7,11411144.0,3432575.0,222260.0,7300693.0,0.0,455615.0,0.0,6.21,3.372,0.0
Northern New England,2022-02-27 00:00:00,Organic,1.952409125,16861.23,2145.11,536.46,0.0,14179.66,2022-8,26431640.0,3658560.0,594205.0,21853434.0,0.0,325439.0,0.0,5.17,3.41,1.0
Northern New England,2022-03-06 00:00:00,Organic,1.907813216,16146.35,1465.09,469.16,0.0,14212.11,2022-9,29166929.0,3454216.0,576061.0,24811211.0,0.0,325439.0,0.0,4.74,3.486,0.0
Northern New England,2022-03-13 00:00:00,Organic,1.873190913,19952.29,1806.37,277.87,0.97,17867.08,2022-10,25843478.0,3630077.0,426376.0,21678544.0,0.0,108479.0,0.0,4.69,3.963,0.0
Northern New England,2022-03-20 00:00:00,Organic,1.936337308,17518.44,1867.84,245.4,0.0,15405.2,2022-11,22051255.0,3436635.0,145149.0,18035551.0,0.0,433919.0,0.0,4.88,4.18,0.0
Northern New England,2022-03-27 00:00:00,Organic,1.930653767,17771.92,1933.93,418.4,0.0,15419.59,2022-12,18189130.0,3153811.0,299370.0,14519564.0,64511.0,151871.0,0.0,4.4,4.091,0.0
Northern New England,2022-04-03 00:00:00,Organic,1.862984048,18145.76,1504.52,304.56,0.0,16336.68,2022-13,21009354.0,2482199.0,340194.0,18021432.0,100440.0,65087.0,0.0,4.68,4.078,0.0
Northern New England,2022-04-10 00:00:00,Organic,2.115421267,15401.77,1857.14,300.93,0.97,13242.73,2022-14,23623647.0,3972180.0,81646.0,19288540.0,86015.0,195263.0,0.0,4.41,4.021,0.0
Northern New England,2022-04-17 00:00:00,Organic,2.076976402,16548.43,1788.63,243.2,4.86,14511.74,2022-15,15061578.0,5023348.0,40823.0,9827999.0,60927.0,108479.0,0.0,4.42,3.943,0.0
Northern New England,2022-04-24 00:00:00,Organic,2.061338128,13923.05,1162.31,206.44,0.0,12554.3,2022-16,28462618.0,6160887.0,45359.0,22040948.0,172030.0,43391.0,0.0,4.34,3.915,0.0
Northern New England,2022-05-01 00:00:00,Organic,2.244099098,15900.38,1646.83,254.42,0.0,13999.12,2022-17,26271615.0,6885495.0,0.0,19169455.0,108183.0,108479.0,0.0,4.43,3.959,0.0
Northern New England,2022-05-08 00:00:00,Organic,2.19484203,18238.77,1881.74,305.08,0.0,16051.96,2022-18,20714546.0,6512660.0,0.0,13485959.0,260311.0,455615.0,0.0,4.33,4.031,0.0
Northern New England,2022-05-15 00:00:00,Organic,2.22938152,14987.66,1597.46,312.07,0.0,13078.14,2022-19,19223342.0,5628260.0,0.0,12496727.0,881394.0,216959.0,0.0,4.24,4.161,0.0
New Orleans/Mobile,2022-01-10 00:00:00,Organic,1.234263005,16246.76,476.4,28.13,0.0,15742.23,2022-2,25842385.0,254741.0,45359.0,25417092.0,0.0,45359.0,79832.0,4.89,3.164,0.0
New Orleans/Mobile,2022-01-16 00:00:00,Organic,1.239434269,14815.63,319.97,9.45,0.0,14486.21,2022-2,25842385.0,254741.0,45359.0,25417092.0,0.0,45359.0,79832.0,4.89,3.164,0.0
New Orleans/Mobile,2022-01-23 00:00:00,Organic,1.237325916,14865.31,633.86,20.99,0.0,14210.46,2022-3,27651102.0,1358681.0,0.0,26249028.0,0.0,43391.0,0.0,5.01,3.182,1.0
New Orleans/Mobile,2022-01-30 00:00:00,Organic,1.177054822,15565.95,627.89,35.36,0.0,14902.7,2022-4,27067867.0,2351814.0,199580.0,24429687.0,0.0,86783.0,0.0,5.39,3.199,0.0
New Orleans/Mobile,2022-02-06 00:00:00,Organic,1.169759966,17687.23,510.6,16.88,0.0,17159.74,2022-5,23700493.0,2529702.0,226796.0,20705339.0,0.0,238655.0,0.0,5.19,3.249,0.0
New Orleans/Mobile,2022-02-13 00:00:00,Organic,1.134798664,18397.27,721.05,13.6,0.0,17662.61,2022-6,13538106.0,1837830.0,199580.0,10979992.0,0.0,520702.0,0.0,5.08,3.33,0.0
New Orleans/Mobile,2022-02-20 00:00:00,Organic,1.224872157,16898.3,374.23,3.1,0.0,16520.98,2022-7,11411144.0,3432575.0,222260.0,7300693.0,0.0,455615.0,0.0,6.21,3.372,0.0
New Orleans/Mobile,2022-02-27 00:00:00,Organic,1.14691127,10675.85,107.78,7.43,0.0,10560.64,2022-8,26431640.0,3658560.0,594205.0,21853434.0,0.0,325439.0,0.0,5.17,3.41,1.0
New Orleans/Mobile,2022-03-06 00:00:00,Organic,1.258841468,10923.57,120.34,216.27,0.0,10586.96,2022-9,29166929.0,3454216.0,576061.0,24811211.0,0.0,325439.0,0.0,4.74,3.486,0.0
New Orleans/Mobile,2022-03-13 00:00:00,Organic,1.269102754,16061.68,294.84,124.93,0.0,15641.91,2022-10,25843478.0,3630077.0,426376.0,21678544.0,0.0,108479.0,0.0,4.69,3.963,0.0
New Orleans/Mobile,2022-03-20 00:00:00,Organic,1.420950196,12687.66,313.67,142.49,0.0,12231.5,2022-11,22051255.0,3436635.0,145149.0,18035551.0,0.0,433919.0,0.0,4.88,4.18,0.0
New Orleans/Mobile,2022-03-27 00:00:00,Organic,1.449415044,15709.37,430.16,136.55,0.0,15142.66,2022-12,18189130.0,3153811.0,299370.0,14519564.0,64511.0,151871.0,0.0,4.4,4.091,0.0
New Orleans/Mobile,2022-04-03 00:00:00,Organic,1.458363269,15117.59,363.1,138.59,0.0,14615.89,2022-13,21009354.0,2482199.0,340194.0,18021432.0,100440.0,65087.0,0.0,4.68,4.078,0.0
New Orleans/Mobile,2022-04-10 00:00:00,Organic,1.517795721,11205.15,383.6,135.62,0.0,10685.94,2022-14,23623647.0,3972180.0,81646.0,19288540.0,86015.0,195263.0,0.0,4.41,4.021,0.0
New Orleans/Mobile,2022-04-17 00:00:00,Organic,1.540210351,11126.12,441.68,166.63,0.0,10517.81,2022-15,15061578.0,5023348.0,40823.0,9827999.0,60927.0,108479.0,0.0,4.42,3.943,0.0
New Orleans/Mobile,2022-04-24 00:00:00,Organic,1.513964954,11677.86,246.29,162.17,0.0,11269.4,2022-16,28462618.0,6160887.0,45359.0,22040948.0,172030.0,43391.0,0.0,4.34,3.915,0.0
New Orleans/Mobile,2022-05-01 00:00:00,Organic,1.560563012,12751.31,175.5,190.84,0.0,12384.97,2022-17,26271615.0,6885495.0,0.0,19169455.0,108183.0,108479.0,0.0,4.43,3.959,0.0
New Orleans/Mobile,2022-05-08 00:00:00,Organic,1.625248919,13397.7,365.21,168.91,0.0,12863.58,2022-18,20714546.0,6512660.0,0.0,13485959.0,260311.0,455615.0,0.0,4.33,4.031,0.0
New Orleans/Mobile,2022-05-15 00:00:00,Organic,1.624561842,13596.79,209.62,163.85,0.0,13223.32,2022-19,19223342.0,5628260.0,0.0,12496727.0,881394.0,216959.0,0.0,4.24,4.161,0.0
New York,2022-01-10 00:00:00,Organic,1.539833252,190656.58,12327.75,18935.37,1.11,159392.35,2022-2,25842385.0,254741.0,45359.0,25417092.0,0.0,45359.0,79832.0,4.89,3.164,0.0
New York,2022-01-16 00:00:00,Organic,1.730756928,141563.52,13764.08,16609.96,6.79,111182.7,2022-2,25842385.0,254741.0,45359.0,25417092.0,0.0,45359.0,79832.0,4.89,3.164,0.0
New York,2022-01-23 00:00:00,Organic,1.740433654,139521.17,20604.24,17507.1,4.44,101405.39,2022-3,27651102.0,1358681.0,0.0,26249028.0,0.0,43391.0,0.0,5.01,3.182,1.0
New York,2022-01-30 00:00:00,Organic,1.675171212,130738.7,9694.74,8969.02,4.68,112070.26,2022-4,27067867.0,2351814.0,199580.0,24429687.0,0.0,86783.0,0.0,5.39,3.199,0.0
New York,2022-02-06 00:00:00,Organic,1.754099488,137815.55,9928.7,16354.5,11.43,111520.92,2022-5,23700493.0,2529702.0,226796.0,20705339.0,0.0,238655.0,0.0,5.19,3.249,0.0
New York,2022-02-13 00:00:00,Organic,1.701714601,126198.68,9561.03,9264.31,2.27,107371.07,2022-6,13538106.0,1837830.0,199580.0,10979992.0,0.0,520702.0,0.0,5.08,3.33,0.0
New York,2022-02-20 00:00:00,Organic,1.736195739,126722.64,12071.59,14696.41,8.14,99946.51,2022-7,11411144.0,3432575.0,222260.0,7300693.0,0.0,455615.0,0.0,6.21,3.372,0.0
New York,2022-02-27 00:00:00,Organic,1.788565497,117237.09,9848.67,13897.96,2.28,93488.18,2022-8,26431640.0,3658560.0,594205.0,21853434.0,0.0,325439.0,0.0,5.17,3.41,1.0
New York,2022-03-06 00:00:00,Organic,1.748645686,104962.84,4703.93,8877.24,8.74,91372.93,2022-9,29166929.0,3454216.0,576061.0,24811211.0,0.0,325439.0,0.0,4.74,3.486,0.0
New York,2022-03-13 00:00:00,Organic,1.869534806,125422.64,9170.65,13645.22,0.0,102606.78,2022-10,25843478.0,3630077.0,426376.0,21678544.0,0.0,108479.0,0.0,4.69,3.963,0.0
New York,2022-03-20 00:00:00,Organic,1.868441889,122006.8,10188.12,9852.78,0.0,101965.9,2022-11,22051255.0,3436635.0,145149.0,18035551.0,0.0,433919.0,0.0,4.88,4.18,0.0
New York,2022-03-27 00:00:00,Organic,1.889886453,137685.35,14203.51,12785.77,19.92,110676.15,2022-12,18189130.0,3153811.0,299370.0,14519564.0,64511.0,151871.0,0.0,4.4,4.091,0.0
New York,2022-04-03 00:00:00,Organic,1.946223297,136066.83,14714.73,13237.88,19.92,108094.3,2022-13,21009354.0,2482199.0,340194.0,18021432.0,100440.0,65087.0,0.0,4.68,4.078,0.0
New York,2022-04-10 00:00:00,Organic,1.943762989,140290.56,15300.2,14610.48,6.13,110373.74,2022-14,23623647.0,3972180.0,81646.0,19288540.0,86015.0,195263.0,0.0,4.41,4.021,0.0
New York,2022-04-17 00:00:00,Organic,1.887997866,133723.86,15159.21,14100.73,37.53,104426.4,2022-15,15061578.0,5023348.0,40823.0,9827999.0,60927.0,108479.0,0.0,4.42,3.943,0.0
New York,2022-04-24 00:00:00,Organic,1.997190002,118069.99,14868.5,12976.12,0.0,90225.36,2022-16,28462618.0,6160887.0,45359.0,22040948.0,172030.0,43391.0,0.0,4.34,3.915,0.0
New York,2022-05-01 00:00:00,Organic,1.798895291,132317.2,11782.55,15833.71,8.82,104692.13,2022-17,26271615.0,6885495.0,0.0,19169455.0,108183.0,108479.0,0.0,4.43,3.959,0.0
New York,2022-05-08 00:00:00,Organic,1.868546201,129111.81,10110.82,12395.52,26.23,106579.24,2022-18,20714546.0,6512660.0,0.0,13485959.0,260311.0,455615.0,0.0,4.33,4.031,0.0
New York,2022-05-15 00:00:00,Organic,1.926350448,121371.21,10480.09,13256.59,28.65,97605.88,2022-19,19223342.0,5628260.0,0.0,12496727.0,881394.0,216959.0,0.0,4.24,4.161,0.0
Orlando,2022-01-10 00:00:00,Organic,0.941660695,109923.65,455.83,286.33,0.0,109181.49,2022-2,25842385.0,254741.0,45359.0,25417092.0,0.0,45359.0,79832.0,4.89,3.164,0.0
Orlando,2022-01-16 00:00:00,Organic,0.998847209,102043.09,613.85,198.34,0.0,101230.9,2022-2,25842385.0,254741.0,45359.0,25417092.0,0.0,45359.0,79832.0,4.89,3.164,0.0
Orlando,2022-01-23 00:00:00,Organic,0.99089466,91926.65,697.07,148.05,0.0,91081.53,2022-3,27651102.0,1358681.0,0.0,26249028.0,0.0,43391.0,0.0,5.01,3.182,1.0
Orlando,2022-01-30 00:00:00,Organic,1.005192463,93701.94,439.63,150.39,0.0,93111.92,2022-4,27067867.0,2351814.0,199580.0,24429687.0,0.0,86783.0,0.0,5.39,3.199,0.0
Orlando,2022-02-06 00:00:00,Organic,1.024496866,90620.26,300.83,176.3,0.0,90143.13,2022-5,23700493.0,2529702.0,226796.0,20705339.0,0.0,238655.0,0.0,5.19,3.249,0.0
Orlando,2022-02-13 00:00:00,Organic,1.004984388,92680.2,206.18,173.36,0.0,92300.67,2022-6,13538106.0,1837830.0,199580.0,10979992.0,0.0,520702.0,0.0,5.08,3.33,0.0
Orlando,2022-02-20 00:00:00,Organic,1.079406257,92068.78,183.96,158.55,0.0,91726.27,2022-7,11411144.0,3432575.0,222260.0,7300693.0,0.0,455615.0,0.0,6.21,3.372,0.0
Orlando,2022-02-27 00:00:00,Organic,1.147534328,103136.0,2094.9,200.03,0.0,100841.07,2022-8,26431640.0,3658560.0,594205.0,21853434.0,0.0,325439.0,0.0,5.17,3.41,1.0
Orlando,2022-03-06 00:00:00,Organic,1.16605951,93535.03,267.9,61.43,0.0,93205.7,2022-9,29166929.0,3454216.0,576061.0,24811211.0,0.0,325439.0,0.0,4.74,3.486,0.0
Orlando,2022-03-13 00:00:00,Organic,1.183040268,94065.35,168.27,124.27,0.0,93772.81,2022-10,25843478.0,3630077.0,426376.0,21678544.0,0.0,108479.0,0.0,4.69,3.963,0.0
Orlando,2022-03-20 00:00:00,Organic,1.215227564,102589.84,191.72,150.46,0.0,102247.66,2022-11,22051255.0,3436635.0,145149.0,18035551.0,0.0,433919.0,0.0,4.88,4.18,0.0
Orlando,2022-03-27 00:00:00,Organic,1.216392311,109326.02,146.84,148.15,0.0,109031.03,2022-12,18189130.0,3153811.0,299370.0,14519564.0,64511.0,151871.0,0.0,4.4,4.091,0.0
Orlando,2022-04-03 00:00:00,Organic,1.224326742,113423.9,139.98,144.59,0.0,113139.33,2022-13,21009354.0,2482199.0,340194.0,18021432.0,100440.0,65087.0,0.0,4.68,4.078,0.0
Orlando,2022-04-10 00:00:00,Organic,1.243695578,109296.8,335.17,179.34,0.0,108782.29,2022-14,23623647.0,3972180.0,81646.0,19288540.0,86015.0,195263.0,0.0,4.41,4.021,0.0
Orlando,2022-04-17 00:00:00,Organic,1.261020574,102505.87,441.48,175.24,0.0,101889.14,2022-15,15061578.0,5023348.0,40823.0,9827999.0,60927.0,108479.0,0.0,4.42,3.943,0.0
Orlando,2022-04-24 00:00:00,Organic,1.295902761,99235.46,831.91,139.55,0.0,98264.01,2022-16,28462618.0,6160887.0,45359.0,22040948.0,172030.0,43391.0,0.0,4.34,3.915,0.0
Orlando,2022-05-01 00:00:00,Organic,1.231450922,77760.98,599.82,135.66,0.0,77025.5,2022-17,26271615.0,6885495.0,0.0,19169455.0,108183.0,108479.0,0.0,4.43,3.959,0.0
Orlando,2022-05-08 00:00:00,Organic,1.266192747,96829.59,389.48,147.1,0.0,96293.01,2022-18,20714546.0,6512660.0,0.0,13485959.0,260311.0,455615.0,0.0,4.33,4.031,0.0
Orlando,2022-05-15 00:00:00,Organic,1.292968824,96578.09,445.82,121.38,0.0,96010.89,2022-19,19223342.0,5628260.0,0.0,12496727.0,881394.0,216959.0,0.0,4.24,4.161,0.0
