src/avocado-data/combined_data/combined_dataset.csv
region,date,type,average_selling_price,total_sales_volume,4046_units,4225_units,4770_units,total_bagged_units,year_week,total_prod_volume,california_prod_volume,chile_prod_volume,mexico_prod_volume,peru_prod_volume,colombia_prod_volume,dominican_republic_prod_volume,WEI,gasoline_price,is_holiday
Peoria/Springfield,2022-01-10 00:00:00,Organic,1.320312737,6989.63,135.29,1310.81,0.0,5543.53,2022-2,25842385.0,254741.0,45359.0,25417092.0,0.0,45359.0,79832.0,4.89,3.164,0.0
Peoria/Springfield,2022-01-16 00:00:00,Organic,1.381970209,7195.91,209.21,1241.86,0.0,5744.83,2022-2,25842385.0,254741.0,45359.0,25417092.0,0.0,45359.0,79832.0,4.89,3.164,0.0
Peoria/Springfield,2022-01-23 00:00:00,Organic,1.441011135,7923.87,295.23,1398.3,0.0,6230.34,2022-3,27651102.0,1358681.0,0.0,26249028.0,0.0,43391.0,0.0,5.01,3.182,1.0
Peoria/Springfield,2022-01-30 00:00:00,Organic,1.446513514,8590.39,250.26,1482.68,0.0,6857.45,2022-4,27067867.0,2351814.0,199580.0,24429687.0,0.0,86783.0,0.0,5.39,3.199,0.0
Peoria/Springfield,2022-02-06 00:00:00,Organic,1.434301426,8583.99,141.38,1650.66,0.0,6791.95,2022-5,23700493.0,2529702.0,226796.0,20705339.0,0.0,238655.0,0.0,5.19,3.249,0.0
Peoria/Springfield,2022-02-13 00:00:00,Organic,1.521991704,6648.94,61.02,1174.7,0.0,5413.22,2022-6,13538106.0,1837830.0,199580.0,10979992.0,0.0,520702.0,0.0,5.08,3.33,0.0
Peoria/Springfield,2022-02-20 00:00:00,Organic,1.534803619,7048.85,90.8,1181.76,0.0,5776.29,2022-7,11411144.0,3432575.0,222260.0,7300693.0,0.0,455615.0,0.0,6.21,3.372,0.0
Peoria/Springfield,2022-02-27 00:00:00,Organic,1.575334579,7130.21,93.31,1103.79,0.0,5933.11,2022-8,26431640.0,3658560.0,594205.0,21853434.0,0.0,325439.0,0.0,5.17,3.41,1.0
Peoria/Springfield,2022-03-06 00:00:00,Organic,1.608726063,6955.44,79.55,1154.53,0.0,5721.37,2022-9,29166929.0,3454216.0,576061.0,24811211.0,0.0,325439.0,0.0,4.74,3.486,0.0
Peoria/Springfield,2022-03-13 00:00:00,Organic,1.710271885,6447.58,64.28,1319.44,0.0,5063.86,2022-10,25843478.0,3630077.0,426376.0,21678544.0,0.0,108479.0,0.0,4.69,3.963,0.0
Peoria/Springfield,2022-03-20 00:00:00,Organic,1.82003639,5758.14,50.4,1362.64,0.0,4345.1,2022-11,22051255.0,3436635.0,145149.0,18035551.0,0.0,433919.0,0.0,4.88,4.18,0.0
Peoria/Springfield,2022-03-27 00:00:00,Organic,1.727377738,7060.18,62.23,1235.9,0.0,5762.05,2022-12,18189130.0,3153811.0,299370.0,14519564.0,64511.0,151871.0,0.0,4.4,4.091,0.0
Peoria/Springfield,2022-04-03 00:00:00,Organic,1.683656879,7956.21,84.62,1222.01,0.0,6649.59,2022-13,21009354.0,2482199.0,340194.0,18021432.0,100440.0,65087.0,0.0,4.68,4.078,0.0
Peoria/Springfield,2022-04-10 00:00:00,Organic,1.608395295,8053.31,129.74,941.99,0.0,6981.58,2022-14,23623647.0,3972180.0,81646.0,19288540.0,86015.0,195263.0,0.0,4.41,4.021,0.0
Peoria/Springfield,2022-04-17 00:00:00,Organic,1.761668944,6853.49,220.88,975.2,0.0,5657.41,2022-15,15061578.0,5023348.0,40823.0,9827999.0,60927.0,108479.0,0.0,4.42,3.943,0.0
Peoria/Springfield,2022-04-24 00:00:00,Organic,1.789043249,6998.97,210.91,990.61,0.0,5797.45,2022-16,28462618.0,6160887.0,45359.0,22040948.0,172030.0,43391.0,0.0,4.34,3.915,0.0
Peoria/Springfield,2022-05-01 00:00:00,Organic,1.861455439,5976.77,171.76,1198.2,0.0,4606.8,2022-17,26271615.0,6885495.0,0.0,19169455.0,108183.0,108479.0,0.0,4.43,3.959,0.0
Peoria/Springfield,2022-05-08 00:00:00,Organic,1.784722235,6597.1,187.74,1068.31,0.0,5341.05,2022-18,20714546.0,6512660.0,0.0,13485959.0,260311.0,455615.0,0.0,4.33,4.031,0.0
Peoria/Springfield,2022-05-15 00:00:00,Organic,1.769454802,6609.11,343.43,769.34,0.0,5496.35,2022-19,19223342.0,5628260.0,0.0,12496727.0,881394.0,216959.0,0.0,4.24,4.161,0.0
Philadelphia,2022-01-10 00:00:00,Organic,1.418341553,53208.11,2719.48,3119.13,0.0,47369.5,2022-2,25842385.0,254741.0,45359.0,25417092.0,0.0,45359.0,79832.0,4.89,3.164,0.0
Philadelphia,2022-01-16 00:00:00,Organic,1.637739288,40724.12,2655.03,3281.61,2.05,34785.42,2022-2,25842385.0,254741.0,45359.0,25417092.0,0.0,45359.0,79832.0,4.89,3.164,0.0
Philadelphia,2022-01-23 00:00:00,Organic,1.615775175,37739.44,3681.28,3712.56,0.0,30345.6,2022-3,27651102.0,1358681.0,0.0,26249028.0,0.0,43391.0,0.0,5.01,3.182,1.0
Philadelphia,2022-01-30 00:00:00,Organic,1.636884755,38109.43,2101.15,3916.44,0.0,32091.84,2022-4,27067867.0,2351814.0,199580.0,24429687.0,0.0,86783.0,0.0,5.39,3.199,0.0
Philadelphia,2022-02-06 00:00:00,Organic,1.68794419,36956.35,1772.98,3916.82,0.0,31266.55,2022-5,23700493.0,2529702.0,226796.0,20705339.0,0.0,238655.0,0.0,5.19,3.249,0.0
Philadelphia,2022-02-13 00:00:00,Organic,1.726009521,33728.55,2201.77,3620.37,0.0,27906.41,2022-6,13538106.0,1837830.0,199580.0,10979992.0,0.0,520702.0,0.0,5.08,3.33,0.0
Philadelphia,2022-02-20 00:00:00,Organic,1.754594899,32267.99,2277.2,3414.81,0.0,26575.98,2022-7,11411144.0,3432575.0,222260.0,7300693.0,0.0,455615.0,0.0,6.21,3.372,0.0
Philadelphia,2022-02-27 00:00:00,Organic,1.795215362,29731.14,1244.68,3310.23,0.0,25176.24,2022-8,26431640.0,3658560.0,594205.0,21853434.0,0.0,325439.0,0.0,5.17,3.41,1.0
Philadelphia,2022-03-06 00:00:00,Organic,1.816350652,28060.71,1055.4,3173.66,0.0,23831.64,2022-9,29166929.0,3454216.0,576061.0,24811211.0,0.0,325439.0,0.0,4.74,3.486,0.0
Philadelphia,2022-03-13 00:00:00,Organic,1.861829007,31231.15,1267.36,3429.66,0.0,26534.14,2022-10,25843478.0,3630077.0,426376.0,21678544.0,0.0,108479.0,0.0,4.69,3.963,0.0
Philadelphia,2022-03-20 00:00:00,Organic,1.881710941,30684.03,1576.58,3649.96,0.0,25457.48,2022-11,22051255.0,3436635.0,145149.0,18035551.0,0.0,433919.0,0.0,4.88,4.18,0.0
Philadelphia,2022-03-27 00:00:00,Organic,1.827532917,30529.09,1336.61,2731.67,0.0,26460.81,2022-12,18189130.0,3153811.0,299370.0,14519564.0,64511.0,151871.0,0.0,4.4,4.091,0.0
Philadelphia,2022-04-03 00:00:00,Organic,1.879100456,32418.52,1558.72,2966.79,0.0,27893.01,2022-13,21009354.0,2482199.0,340194.0,18021432.0,100440.0,65087.0,0.0,4.68,4.078,0.0
Philadelphia,2022-04-10 00:00:00,Organic,1.900108216,33663.57,1454.36,4156.12,2.05,28051.03,2022-14,23623647.0,3972180.0,81646.0,19288540.0,86015.0,195263.0,0.0,4.41,4.021,0.0
Philadelphia,2022-04-17 00:00:00,Organic,1.891151479,30990.93,1368.48,4102.33,5.13,25514.99,2022-15,15061578.0,5023348.0,40823.0,9827999.0,60927.0,108479.0,0.0,4.42,3.943,0.0
Philadelphia,2022-04-24 00:00:00,Organic,1.948575684,28188.33,1038.2,3465.17,0.0,23684.97,2022-16,28462618.0,6160887.0,45359.0,22040948.0,172030.0,43391.0,0.0,4.34,3.915,0.0
Philadelphia,2022-05-01 00:00:00,Organic,1.924179682,31883.17,1207.61,3871.71,6.16,26797.69,2022-17,26271615.0,6885495.0,0.0,19169455.0,108183.0,108479.0,0.0,4.43,3.959,0.0
Philadelphia,2022-05-08 00:00:00,Organic,1.838003085,35445.02,1474.02,2919.8,0.0,31051.21,2022-18,20714546.0,6512660.0,0.0,13485959.0,260311.0,455615.0,0.0,4.33,4.031,0.0
Philadelphia,2022-05-15 00:00:00,Organic,1.856555584,30269.9,1453.14,1923.53,0.0,26893.23,2022-19,19223342.0,5628260.0,0.0,12496727.0,881394.0,216959.0,0.0,4.24,4.161,0.0
Phoenix/Tucson,2022-01-10 00:00:00,Organic,1.379833614,38571.35,11382.29,6394.0,0.0,20795.05,2022-2,25842385.0,254741.0,45359.0,25417092.0,0.0,45359.0,79832.0,4.89,3.164,0.0
Phoenix/Tucson,2022-01-16 00:00:00,Organic,1.387609937,40855.06,9118.48,6710.61,0.0,25025.96,2022-2,25842385.0,254741.0,45359.0,25417092.0,0.0,45359.0,79832.0,4.89,3.164,0.0
Phoenix/Tucson,2022-01-23 00:00:00,Organic,1.360890828,42378.87,10623.9,6516.45,0.0,25238.52,2022-3,27651102.0,1358681.0,0.0,26249028.0,0.0,43391.0,0.0,5.01,3.182,1.0
Phoenix/Tucson,2022-01-30 00:00:00,Organic,1.353100003,38829.95,9484.29,6522.71,0.0,22822.94,2022-4,27067867.0,2351814.0,199580.0,24429687.0,0.0,86783.0,0.0,5.39,3.199,0.0
Phoenix/Tucson,2022-02-06 00:00:00,Organic,1.387779473,39551.03,6766.31,7471.39,0.0,25313.32,2022-5,23700493.0,2529702.0,226796.0,20705339.0,0.0,238655.0,0.0,5.19,3.249,0.0
Phoenix/Tucson,2022-02-13 00:00:00,Organic,1.513423718,37276.45,8575.18,7383.28,0.0,21317.99,2022-6,13538106.0,1837830.0,199580.0,10979992.0,0.0,520702.0,0.0,5.08,3.33,0.0
Phoenix/Tucson,2022-02-20 00:00:00,Organic,1.55658196,35334.08,7571.69,6240.67,0.0,21521.73,2022-7,11411144.0,3432575.0,222260.0,7300693.0,0.0,455615.0,0.0,6.21,3.372,0.0
Phoenix/Tucson,2022-02-27 00:00:00,Organic,1.545292957,35644.7,9248.64,3357.62,0.0,23038.44,2022-8,26431640.0,3658560.0,594205.0,21853434.0,0.0,325439.0,0.0,5.17,3.41,1.0
Phoenix/Tucson,2022-03-06 00:00:00,Organic,1.532141958,37239.21,8310.49,4332.08,0.0,24596.63,2022-9,29166929.0,3454216.0,576061.0,24811211.0,0.0,325439.0,0.0,4.74,3.486,0.0
Phoenix/Tucson,2022-03-13 00:00:00,Organic,1.623710888,32182.16,6780.41,6526.86,0.0,18874.9,2022-10,25843478.0,3630077.0,426376.0,21678544.0,0.0,108479.0,0.0,4.69,3.963,0.0
Phoenix/Tucson,2022-03-20 00:00:00,Organic,1.556408282,35570.11,9538.04,6744.6,0.0,19287.48,2022-11,22051255.0,3436635.0,145149.0,18035551.0,0.0,433919.0,0.0,4.88,4.18,0.0
Phoenix/Tucson,2022-03-27 00:00:00,Organic,1.528893198,36729.38,8047.09,6010.77,0.0,22671.53,2022-12,18189130.0,3153811.0,299370.0,14519564.0,64511.0,151871.0,0.0,4.4,4.091,0.0
Phoenix/Tucson,2022-04-03 00:00:00,Organic,1.578209876,36696.72,7575.12,7791.26,0.0,21330.34,2022-13,21009354.0,2482199.0,340194.0,18021432.0,100440.0,65087.0,0.0,4.68,4.078,0.0
Phoenix/Tucson,2022-04-10 00:00:00,Organic,1.64856351,37808.81,9671.97,7683.61,0.0,20453.23,2022-14,23623647.0,3972180.0,81646.0,19288540.0,86015.0,195263.0,0.0,4.41,4.021,0.0
Phoenix/Tucson,2022-04-17 00:00:00,Organic,1.837112417,40372.37,11400.29,8808.47,0.0,20163.61,2022-15,15061578.0,5023348.0,40823.0,9827999.0,60927.0,108479.0,0.0,4.42,3.943,0.0
Phoenix/Tucson,2022-04-24 00:00:00,Organic,1.812167982,34292.15,9011.35,8018.16,0.0,17262.64,2022-16,28462618.0,6160887.0,45359.0,22040948.0,172030.0,43391.0,0.0,4.34,3.915,0.0
Phoenix/Tucson,2022-05-01 00:00:00,Organic,1.505576414,29796.19,9389.08,4711.82,0.0,15695.29,2022-17,26271615.0,6885495.0,0.0,19169455.0,108183.0,108479.0,0.0,4.43,3.959,0.0
Phoenix/Tucson,2022-05-08 00:00:00,Organic,1.51656915,31789.08,7324.0,4813.35,0.0,19651.73,2022-18,20714546.0,6512660.0,0.0,13485959.0,260311.0,455615.0,0.0,4.33,4.031,0.0
Phoenix/Tucson,2022-05-15 00:00:00,Organic,1.818627594,32330.67,7122.56,6429.99,0.0,18778.12,2022-19,19223342.0,5628260.0,0.0,12496727.0,881394.0,216959.0,0.0,4.24,4.161,0.0
Pittsburgh,2022-01-10 00:00:00,Organic,1.407440066,14892.48,2063.53,2.97,0.0,12825.99,2022-2,25842385.0,254741.0,45359.0,25417092.0,0.0,45359.0,79832.0,4.89,3.164,0.0
Pittsburgh,2022-01-16 00:00:00,Organic,1.392028183,14154.09,2945.9,0.0,0.0,11208.19,2022-2,25842385.0,254741.0,45359.0,25417092.0,0.0,45359.0,79832.0,4.89,3.164,0.0
Pittsburgh,2022-01-23 00:00:00,Organic,1.497792547,11872.51,1835.25,0.0,0.0,10037.26,2022-3,27651102.0,1358681.0,0.0,26249028.0,0.0,43391.0,0.0,5.01,3.182,1.0
Pittsburgh,2022-01-30 00:00:00,Organic,1.516601105,14357.81,2291.41,1.98,0.0,12064.42,2022-4,27067867.0,2351814.0,199580.0,24429687.0,0.0,86783.0,0.0,5.39,3.199,0.0
Pittsburgh,2022-02-06 00:00:00,Organic,1.518032734,11669.28,1644.35,0.0,0.0,10024.92,2022-5,23700493.0,2529702.0,226796.0,20705339.0,0.0,238655.0,0.0,5.19,3.249,0.0
Pittsburgh,2022-02-13 00:00:00,Organic,1.527980286,11430.91,1715.09,0.99,0.0,9714.83,2022-6,13538106.0,1837830.0,199580.0,10979992.0,0.0,520702.0,0.0,5.08,3.33,0.0
Pittsburgh,2022-02-20 00:00:00,Organic,1.535587364,12976.83,1849.96,1.0,0.0,11125.87,2022-7,11411144.0,3432575.0,222260.0,7300693.0,0.0,455615.0,0.0,6.21,3.372,0.0
Pittsburgh,2022-02-27 00:00:00,Organic,1.603871786,10901.68,1624.57,4.97,0.0,9272.14,2022-8,26431640.0,3658560.0,594205.0,21853434.0,0.0,325439.0,0.0,5.17,3.41,1.0
Pittsburgh,2022-03-06 00:00:00,Organic,1.616802018,10107.32,1432.85,1.98,0.0,8672.49,2022-9,29166929.0,3454216.0,576061.0,24811211.0,0.0,325439.0,0.0,4.74,3.486,0.0
Pittsburgh,2022-03-13 00:00:00,Organic,1.77836329,11422.23,1841.95,0.0,0.0,9580.29,2022-10,25843478.0,3630077.0,426376.0,21678544.0,0.0,108479.0,0.0,4.69,3.963,0.0
Pittsburgh,2022-03-20 00:00:00,Organic,1.776780224,10655.89,1620.97,1.98,0.0,9032.94,2022-11,22051255.0,3436635.0,145149.0,18035551.0,0.0,433919.0,0.0,4.88,4.18,0.0
Pittsburgh,2022-03-27 00:00:00,Organic,1.781877861,11805.14,1705.41,0.0,0.0,10099.74,2022-12,18189130.0,3153811.0,299370.0,14519564.0,64511.0,151871.0,0.0,4.4,4.091,0.0
Pittsburgh,2022-04-03 00:00:00,Organic,1.786070449,14052.44,1894.88,0.0,0.0,12157.56,2022-13,21009354.0,2482199.0,340194.0,18021432.0,100440.0,65087.0,0.0,4.68,4.078,0.0
Pittsburgh,2022-04-10 00:00:00,Organic,1.711584762,11665.04,2066.17,0.0,0.0,9598.87,2022-14,23623647.0,3972180.0,81646.0,19288540.0,86015.0,195263.0,0.0,4.41,4.021,0.0
Pittsburgh,2022-04-17 00:00:00,Organic,1.679500185,10664.06,1787.12,0.0,0.0,8876.94,2022-15,15061578.0,5023348.0,40823.0,9827999.0,60927.0,108479.0,0.0,4.42,3.943,0.0
Pittsburgh,2022-04-24 00:00:00,Organic,1.757994317,10455.81,1653.83,2.98,0.0,8799.0,2022-16,28462618.0,6160887.0,45359.0,22040948.0,172030.0,43391.0,0.0,4.34,3.915,0.0
Pittsburgh,2022-05-01 00:00:00,Organic,1.65572015,10398.09,2445.4,5.95,0.0,7946.74,2022-17,26271615.0,6885495.0,0.0,19169455.0,108183.0,108479.0,0.0,4.43,3.959,0.0
Pittsburgh,2022-05-08 00:00:00,Organic,1.721993029,12636.49,2035.03,1.98,0.0,10599.47,2022-18,20714546.0,6512660.0,0.0,13485959.0,260311.0,455615.0,0.0,4.33,4.031,0.0
Pittsburgh,2022-05-15 00:00:00,Organic,1.733462859,12882.44,2034.58,0.99,0.0,10846.86,2022-19,19223342.0,5628260.0,0.0,12496727.0,881394.0,216959.0,0.0,4.24,4.161,0.0
Portland,2022-01-10 00:00:00,Organic,1.841483945,51395.0,7843.88,27565.62,0.0,15985.49,2022-2,25842385.0,254741.0,45359.0,25417092.0,0.0,45359.0,79832.0,4.89,3.164,0.0
Portland,2022-01-16 00:00:00,Organic,2.25075368,47019.58,3371.76,26273.48,0.0,17374.34,2022-2,25842385.0,254741.0,45359.0,25417092.0,0.0,45359.0,79832.0,4.89,3.164,0.0
Portland,2022-01-23 00:00:00,Organic,1.954673623,47705.61,2475.08,28202.18,5.02,17023.33,2022-3,27651102.0,1358681.0,0.0,26249028.0,0.0,43391.0,0.0,5.01,3.182,1.0
Portland,2022-01-30 00:00:00,Organic,1.782346694,51573.91,5359.83,22177.2,0.0,24036.88,2022-4,27067867.0,2351814.0,199580.0,24429687.0,0.0,86783.0,0.0,5.39,3.199,0.0
Portland,2022-02-06 00:00:00,Organic,2.051543381,50396.18,4407.7,22453.55,0.0,23534.92,2022-5,23700493.0,2529702.0,226796.0,20705339.0,0.0,238655.0,0.0,5.19,3.249,0.0
Portland,2022-02-13 00:00:00,Organic,2.349689099,44572.91,262.07,26906.59,0.0,17404.26,2022-6,13538106.0,1837830.0,199580.0,10979992.0,0.0,520702.0,0.0,5.08,3.33,0.0
Portland,2022-02-20 00:00:00,Organic,2.256251732,42957.37,51.19,24539.67,0.0,18366.51,2022-7,11411144.0,3432575.0,222260.0,7300693.0,0.0,455615.0,0.0,6.21,3.372,0.0
Portland,2022-02-27 00:00:00,Organic,2.044303533,50356.6,48.87,29556.2,0.0,20751.53,2022-8,26431640.0,3658560.0,594205.0,21853434.0,0.0,325439.0,0.0,5.17,3.41,1.0
Portland,2022-03-06 00:00:00,Organic,1.989461243,47046.12,1538.65,24136.98,0.0,21370.5,2022-9,29166929.0,3454216.0,576061.0,24811211.0,0.0,325439.0,0.0,4.74,3.486,0.0
Portland,2022-03-13 00:00:00,Organic,2.20972497,52645.83,1730.34,29110.22,0.0,21805.28,2022-10,25843478.0,3630077.0,426376.0,21678544.0,0.0,108479.0,0.0,4.69,3.963,0.0
Portland,2022-03-20 00:00:00,Organic,2.287584927,44121.17,1199.75,26942.86,0.0,15978.56,2022-11,22051255.0,3436635.0,145149.0,18035551.0,0.0,433919.0,0.0,4.88,4.18,0.0
Portland,2022-03-27 00:00:00,Organic,2.366327734,40487.71,3127.05,23162.09,0.0,14198.57,2022-12,18189130.0,3153811.0,299370.0,14519564.0,64511.0,151871.0,0.0,4.4,4.091,0.0
Portland,2022-04-03 00:00:00,Organic,2.280572421,46162.38,2431.65,29102.98,0.0,14627.74,2022-13,21009354.0,2482199.0,340194.0,18021432.0,100440.0,65087.0,0.0,4.68,4.078,0.0
Portland,2022-04-10 00:00:00,Organic,2.213256609,46068.54,2241.45,28065.74,0.0,15761.35,2022-14,23623647.0,3972180.0,81646.0,19288540.0,86015.0,195263.0,0.0,4.41,4.021,0.0
Portland,2022-04-17 00:00:00,Organic,2.422149057,44571.54,2282.61,26070.46,0.0,16218.47,2022-15,15061578.0,5023348.0,40823.0,9827999.0,60927.0,108479.0,0.0,4.42,3.943,0.0
Portland,2022-04-24 00:00:00,Organic,2.455754046,37646.37,2204.02,21563.89,5.04,13873.42,2022-16,28462618.0,6160887.0,45359.0,22040948.0,172030.0,43391.0,0.0,4.34,3.915,0.0
Portland,2022-05-01 00:00:00,Organic,2.289136626,40501.31,2893.86,23024.36,0.0,14583.08,2022-17,26271615.0,6885495.0,0.0,19169455.0,108183.0,108479.0,0.0,4.43,3.959,0.0
Portland,2022-05-08 00:00:00,Organic,2.332868174,46556.6,3072.37,27526.83,0.0,15957.39,2022-18,20714546.0,6512660.0,0.0,13485959.0,260311.0,455615.0,0.0,4.33,4.031,0.0
Portland,2022-05-15 00:00:00,Organic,2.368419111,45060.88,5976.71,22755.69,0.0,16328.47,2022-19,19223342.0,5628260.0,0.0,12496727.0,881394.0,216959.0,0.0,4.24,4.161,0.0
