src/avocado-data/combined_data/combined_dataset.csv
region,date,type,average_selling_price,total_sales_volume,4046_units,4225_units,4770_units,total_bagged_units,year_week,total_prod_volume,california_prod_volume,chile_prod_volume,mexico_prod_volume,peru_prod_volume,colombia_prod_volume,dominican_republic_prod_volume,WEI,gasoline_price,is_holiday
Providence,2022-01-10 00:00:00,Organic,1.472959396,7477.72,79.49,45.21,0.0,7353.02,2022-2,25842385.0,254741.0,45359.0,25417092.0,0.0,45359.0,79832.0,4.89,3.164,0.0
Providence,2022-01-16 00:00:00,Organic,1.558049055,6234.63,106.06,20.54,0.0,6108.03,2022-2,25842385.0,254741.0,45359.0,25417092.0,0.0,45359.0,79832.0,4.89,3.164,0.0
Providence,2022-01-23 00:00:00,Organic,1.556669137,7129.37,38.4,42.24,0.0,7048.73,2022-3,27651102.0,1358681.0,0.0,26249028.0,0.0,43391.0,0.0,5.01,3.182,1.0
Providence,2022-01-30 00:00:00,Organic,1.517695003,8227.06,42.82,24.58,0.0,8159.65,2022-4,27067867.0,2351814.0,199580.0,24429687.0,0.0,86783.0,0.0,5.39,3.199,0.0
Providence,2022-02-06 00:00:00,Organic,1.535694565,7375.99,71.32,15.61,0.0,7289.07,2022-5,23700493.0,2529702.0,226796.0,20705339.0,0.0,238655.0,0.0,5.19,3.249,0.0
Providence,2022-02-13 00:00:00,Organic,1.574751229,6787.15,58.8,32.17,0.0,6696.17,2022-6,13538106.0,1837830.0,199580.0,10979992.0,0.0,520702.0,0.0,5.08,3.33,0.0
Providence,2022-02-20 00:00:00,Organic,1.625201463,6138.31,39.76,40.09,0.0,6058.47,2022-7,11411144.0,3432575.0,222260.0,7300693.0,0.0,455615.0,0.0,6.21,3.372,0.0
Providence,2022-02-27 00:00:00,Organic,1.704191123,5962.4,34.76,18.05,0.0,5909.59,2022-8,26431640.0,3658560.0,594205.0,21853434.0,0.0,325439.0,0.0,5.17,3.41,1.0
Providence,2022-03-06 00:00:00,Organic,1.755896799,5177.71,50.91,20.71,0.0,5106.09,2022-9,29166929.0,3454216.0,576061.0,24811211.0,0.0,325439.0,0.0,4.74,3.486,0.0
Providence,2022-03-13 00:00:00,Organic,1.709927318,6813.91,60.76,7.81,0.0,6745.34,2022-10,25843478.0,3630077.0,426376.0,21678544.0,0.0,108479.0,0.0,4.69,3.963,0.0
Providence,2022-03-20 00:00:00,Organic,1.788237248,6152.91,63.45,12.11,0.0,6077.35,2022-11,22051255.0,3436635.0,145149.0,18035551.0,0.0,433919.0,0.0,4.88,4.18,0.0
Providence,2022-03-27 00:00:00,Organic,1.741223863,6531.83,32.1,32.24,0.0,6467.48,2022-12,18189130.0,3153811.0,299370.0,14519564.0,64511.0,151871.0,0.0,4.4,4.091,0.0
Providence,2022-04-03 00:00:00,Organic,1.715155269,6704.63,30.32,12.44,0.0,6661.86,2022-13,21009354.0,2482199.0,340194.0,18021432.0,100440.0,65087.0,0.0,4.68,4.078,0.0
Providence,2022-04-10 00:00:00,Organic,1.731604409,7113.94,23.81,28.07,0.0,7062.06,2022-14,23623647.0,3972180.0,81646.0,19288540.0,86015.0,195263.0,0.0,4.41,4.021,0.0
Providence,2022-04-17 00:00:00,Organic,1.696936456,7166.65,29.25,12.42,0.0,7124.98,2022-15,15061578.0,5023348.0,40823.0,9827999.0,60927.0,108479.0,0.0,4.42,3.943,0.0
Providence,2022-04-24 00:00:00,Organic,1.786254552,5765.34,39.29,20.46,0.0,5705.58,2022-16,28462618.0,6160887.0,45359.0,22040948.0,172030.0,43391.0,0.0,4.34,3.915,0.0
Providence,2022-05-01 00:00:00,Organic,1.808194172,6536.72,28.83,10.28,0.0,6497.61,2022-17,26271615.0,6885495.0,0.0,19169455.0,108183.0,108479.0,0.0,4.43,3.959,0.0
Providence,2022-05-08 00:00:00,Organic,1.694869052,7898.26,98.82,6.67,0.0,7792.77,2022-18,20714546.0,6512660.0,0.0,13485959.0,260311.0,455615.0,0.0,4.33,4.031,0.0
Providence,2022-05-15 00:00:00,Organic,1.663624009,7215.44,56.66,7.79,0.0,7150.98,2022-19,19223342.0,5628260.0,0.0,12496727.0,881394.0,216959.0,0.0,4.24,4.161,0.0
Raleigh/Greensboro,2022-01-10 00:00:00,Organic,1.292741578,41474.06,821.64,3711.88,18.42,36922.12,2022-2,25842385.0,254741.0,45359.0,25417092.0,0.0,45359.0,79832.0,4.89,3.164,0.0
Raleigh/Greensboro,2022-01-16 00:00:00,Organic,1.518843381,27878.03,680.18,3794.24,22.5,23381.11,2022-2,25842385.0,254741.0,45359.0,25417092.0,0.0,45359.0,79832.0,4.89,3.164,0.0
Raleigh/Greensboro,2022-01-23 00:00:00,Organic,1.564349268,31444.09,900.84,3724.66,28.95,26789.63,2022-3,27651102.0,1358681.0,0.0,26249028.0,0.0,43391.0,0.0,5.01,3.182,1.0
Raleigh/Greensboro,2022-01-30 00:00:00,Organic,1.558537279,36424.78,921.97,3944.87,36.76,31521.18,2022-4,27067867.0,2351814.0,199580.0,24429687.0,0.0,86783.0,0.0,5.39,3.199,0.0
Raleigh/Greensboro,2022-02-06 00:00:00,Organic,1.548270651,32058.44,899.71,2953.53,59.2,28146.0,2022-5,23700493.0,2529702.0,226796.0,20705339.0,0.0,238655.0,0.0,5.19,3.249,0.0
Raleigh/Greensboro,2022-02-13 00:00:00,Organic,1.52865699,35357.04,1059.35,3238.34,58.16,31001.19,2022-6,13538106.0,1837830.0,199580.0,10979992.0,0.0,520702.0,0.0,5.08,3.33,0.0
Raleigh/Greensboro,2022-02-20 00:00:00,Organic,1.491251232,36022.95,1115.94,3783.01,90.04,31033.96,2022-7,11411144.0,3432575.0,222260.0,7300693.0,0.0,455615.0,0.0,6.21,3.372,0.0
Raleigh/Greensboro,2022-02-27 00:00:00,Organic,1.557558947,29658.86,575.38,3948.75,63.27,25071.46,2022-8,26431640.0,3658560.0,594205.0,21853434.0,0.0,325439.0,0.0,5.17,3.41,1.0
Raleigh/Greensboro,2022-03-06 00:00:00,Organic,1.609048326,26929.46,572.13,4015.95,45.92,22295.45,2022-9,29166929.0,3454216.0,576061.0,24811211.0,0.0,325439.0,0.0,4.74,3.486,0.0
Raleigh/Greensboro,2022-03-13 00:00:00,Organic,1.679211202,35990.97,1206.84,4379.01,94.9,30310.22,2022-10,25843478.0,3630077.0,426376.0,21678544.0,0.0,108479.0,0.0,4.69,3.963,0.0
Raleigh/Greensboro,2022-03-20 00:00:00,Organic,1.629315399,34268.03,1015.81,5193.62,74.48,27984.13,2022-11,22051255.0,3436635.0,145149.0,18035551.0,0.0,433919.0,0.0,4.88,4.18,0.0
Raleigh/Greensboro,2022-03-27 00:00:00,Organic,1.693401976,30864.25,1143.4,3688.66,48.99,25983.21,2022-12,18189130.0,3153811.0,299370.0,14519564.0,64511.0,151871.0,0.0,4.4,4.091,0.0
Raleigh/Greensboro,2022-04-03 00:00:00,Organic,1.700640138,35730.34,1132.06,3738.54,81.74,30778.0,2022-13,21009354.0,2482199.0,340194.0,18021432.0,100440.0,65087.0,0.0,4.68,4.078,0.0
Raleigh/Greensboro,2022-04-10 00:00:00,Organic,1.642679229,34147.56,996.14,3253.75,102.53,29795.14,2022-14,23623647.0,3972180.0,81646.0,19288540.0,86015.0,195263.0,0.0,4.41,4.021,0.0
Raleigh/Greensboro,2022-04-17 00:00:00,Organic,1.650060865,29406.33,1127.63,3060.84,75.88,25141.98,2022-15,15061578.0,5023348.0,40823.0,9827999.0,60927.0,108479.0,0.0,4.42,3.943,0.0
Raleigh/Greensboro,2022-04-24 00:00:00,Organic,1.632952261,30859.27,1197.53,3212.54,110.29,26338.91,2022-16,28462618.0,6160887.0,45359.0,22040948.0,172030.0,43391.0,0.0,4.34,3.915,0.0
Raleigh/Greensboro,2022-05-01 00:00:00,Organic,1.759559131,24079.81,673.69,2977.16,20.44,20408.53,2022-17,26271615.0,6885495.0,0.0,19169455.0,108183.0,108479.0,0.0,4.43,3.959,0.0
Raleigh/Greensboro,2022-05-08 00:00:00,Organic,1.711678521,31196.65,691.98,3028.77,16.36,27459.55,2022-18,20714546.0,6512660.0,0.0,13485959.0,260311.0,455615.0,0.0,4.33,4.031,0.0
Raleigh/Greensboro,2022-05-15 00:00:00,Organic,1.723603199,32191.18,616.4,3187.51,15.34,28371.94,2022-19,19223342.0,5628260.0,0.0,12496727.0,881394.0,216959.0,0.0,4.24,4.161,0.0
Richmond/Norfolk,2022-01-10 00:00:00,Organic,1.277552625,30903.95,711.24,3531.65,1.01,26660.05,2022-2,25842385.0,254741.0,45359.0,25417092.0,0.0,45359.0,79832.0,4.89,3.164,0.0
Richmond/Norfolk,2022-01-16 00:00:00,Organic,1.361760406,29445.96,1156.84,3433.14,4.02,24851.95,2022-2,25842385.0,254741.0,45359.0,25417092.0,0.0,45359.0,79832.0,4.89,3.164,0.0
Richmond/Norfolk,2022-01-23 00:00:00,Organic,1.463845306,26234.24,1453.82,3239.17,0.0,21541.25,2022-3,27651102.0,1358681.0,0.0,26249028.0,0.0,43391.0,0.0,5.01,3.182,1.0
Richmond/Norfolk,2022-01-30 00:00:00,Organic,1.422944143,29150.4,1420.89,2216.13,3.01,25510.36,2022-4,27067867.0,2351814.0,199580.0,24429687.0,0.0,86783.0,0.0,5.39,3.199,0.0
Richmond/Norfolk,2022-02-06 00:00:00,Organic,1.48642656,24662.37,869.44,2119.35,5.02,21668.56,2022-5,23700493.0,2529702.0,226796.0,20705339.0,0.0,238655.0,0.0,5.19,3.249,0.0
Richmond/Norfolk,2022-02-13 00:00:00,Organic,1.350007268,28867.41,368.64,2456.76,0.0,26042.02,2022-6,13538106.0,1837830.0,199580.0,10979992.0,0.0,520702.0,0.0,5.08,3.33,0.0
Richmond/Norfolk,2022-02-20 00:00:00,Organic,1.4508588,25795.21,311.8,2638.46,7.03,22837.92,2022-7,11411144.0,3432575.0,222260.0,7300693.0,0.0,455615.0,0.0,6.21,3.372,0.0
Richmond/Norfolk,2022-02-27 00:00:00,Organic,1.543473632,24497.13,287.83,3317.9,0.0,20891.4,2022-8,26431640.0,3658560.0,594205.0,21853434.0,0.0,325439.0,0.0,5.17,3.41,1.0
Richmond/Norfolk,2022-03-06 00:00:00,Organic,1.529161189,23144.49,585.06,2781.79,0.0,19777.64,2022-9,29166929.0,3454216.0,576061.0,24811211.0,0.0,325439.0,0.0,4.74,3.486,0.0
Richmond/Norfolk,2022-03-13 00:00:00,Organic,1.585876311,24531.86,866.32,3023.06,0.0,20642.49,2022-10,25843478.0,3630077.0,426376.0,21678544.0,0.0,108479.0,0.0,4.69,3.963,0.0
Richmond/Norfolk,2022-03-20 00:00:00,Organic,1.538576338,28313.24,265.25,4005.22,1.0,24041.76,2022-11,22051255.0,3436635.0,145149.0,18035551.0,0.0,433919.0,0.0,4.88,4.18,0.0
Richmond/Norfolk,2022-03-27 00:00:00,Organic,1.599709726,25043.63,252.21,3289.91,2.01,21499.5,2022-12,18189130.0,3153811.0,299370.0,14519564.0,64511.0,151871.0,0.0,4.4,4.091,0.0
Richmond/Norfolk,2022-04-03 00:00:00,Organic,1.477469718,29940.51,1404.78,2560.22,0.0,25975.51,2022-13,21009354.0,2482199.0,340194.0,18021432.0,100440.0,65087.0,0.0,4.68,4.078,0.0
Richmond/Norfolk,2022-04-10 00:00:00,Organic,1.596296613,24845.59,798.92,3089.65,1.0,20956.03,2022-14,23623647.0,3972180.0,81646.0,19288540.0,86015.0,195263.0,0.0,4.41,4.021,0.0
Richmond/Norfolk,2022-04-17 00:00:00,Organic,1.620941811,26811.4,990.22,3500.07,2.01,22319.11,2022-15,15061578.0,5023348.0,40823.0,9827999.0,60927.0,108479.0,0.0,4.42,3.943,0.0
Richmond/Norfolk,2022-04-24 00:00:00,Organic,1.649824302,21964.63,847.45,2895.53,0.0,18221.65,2022-16,28462618.0,6160887.0,45359.0,22040948.0,172030.0,43391.0,0.0,4.34,3.915,0.0
Richmond/Norfolk,2022-05-01 00:00:00,Organic,1.671031878,20663.03,245.15,2930.14,7.03,17480.7,2022-17,26271615.0,6885495.0,0.0,19169455.0,108183.0,108479.0,0.0,4.43,3.959,0.0
Richmond/Norfolk,2022-05-08 00:00:00,Organic,1.587700067,25534.42,633.14,3326.89,0.0,21574.39,2022-18,20714546.0,6512660.0,0.0,13485959.0,260311.0,455615.0,0.0,4.33,4.031,0.0
Richmond/Norfolk,2022-05-15 00:00:00,Organic,1.640033152,26027.46,787.9,2805.73,0.0,22433.82,2022-19,19223342.0,5628260.0,0.0,12496727.0,881394.0,216959.0,0.0,4.24,4.161,0.0
Roanoke,2022-01-10 00:00:00,Organic,1.311044921,16540.87,145.59,3641.41,0.0,12753.87,2022-2,25842385.0,254741.0,45359.0,25417092.0,0.0,45359.0,79832.0,4.89,3.164,0.0
Roanoke,2022-01-16 00:00:00,Organic,1.290546158,16593.48,813.42,2958.57,0.0,12821.49,2022-2,25842385.0,254741.0,45359.0,25417092.0,0.0,45359.0,79832.0,4.89,3.164,0.0
Roanoke,2022-01-23 00:00:00,Organic,1.546486394,12549.27,761.23,2299.37,0.0,9488.67,2022-3,27651102.0,1358681.0,0.0,26249028.0,0.0,43391.0,0.0,5.01,3.182,1.0
Roanoke,2022-01-30 00:00:00,Organic,1.442092048,15632.77,1457.22,1761.21,0.0,12414.34,2022-4,27067867.0,2351814.0,199580.0,24429687.0,0.0,86783.0,0.0,5.39,3.199,0.0
Roanoke,2022-02-06 00:00:00,Organic,1.565273064,14396.8,992.41,1923.9,0.0,11480.48,2022-5,23700493.0,2529702.0,226796.0,20705339.0,0.0,238655.0,0.0,5.19,3.249,0.0
Roanoke,2022-02-13 00:00:00,Organic,1.570470699,13836.62,202.33,2405.46,0.0,11228.83,2022-6,13538106.0,1837830.0,199580.0,10979992.0,0.0,520702.0,0.0,5.08,3.33,0.0
Roanoke,2022-02-20 00:00:00,Organic,1.534478003,13546.65,123.36,2296.63,0.0,11126.66,2022-7,11411144.0,3432575.0,222260.0,7300693.0,0.0,455615.0,0.0,6.21,3.372,0.0
Roanoke,2022-02-27 00:00:00,Organic,1.617577968,12771.38,105.15,3044.28,0.0,9621.95,2022-8,26431640.0,3658560.0,594205.0,21853434.0,0.0,325439.0,0.0,5.17,3.41,1.0
Roanoke,2022-03-06 00:00:00,Organic,1.588677047,11908.32,667.97,1706.22,0.0,9534.13,2022-9,29166929.0,3454216.0,576061.0,24811211.0,0.0,325439.0,0.0,4.74,3.486,0.0
Roanoke,2022-03-13 00:00:00,Organic,1.6179766,12536.94,812.17,2046.15,0.0,9678.61,2022-10,25843478.0,3630077.0,426376.0,21678544.0,0.0,108479.0,0.0,4.69,3.963,0.0
Roanoke,2022-03-20 00:00:00,Organic,1.638690166,11468.2,155.56,2728.47,0.0,8584.16,2022-11,22051255.0,3436635.0,145149.0,18035551.0,0.0,433919.0,0.0,4.88,4.18,0.0
Roanoke,2022-03-27 00:00:00,Organic,1.645317954,12855.49,59.28,2799.51,0.0,9996.7,2022-12,18189130.0,3153811.0,299370.0,14519564.0,64511.0,151871.0,0.0,4.4,4.091,0.0
Roanoke,2022-04-03 00:00:00,Organic,1.618017428,13675.56,1100.94,1998.06,0.0,10576.55,2022-13,21009354.0,2482199.0,340194.0,18021432.0,100440.0,65087.0,0.0,4.68,4.078,0.0
Roanoke,2022-04-10 00:00:00,Organic,1.666067451,12290.18,717.68,2052.29,0.0,9520.22,2022-14,23623647.0,3972180.0,81646.0,19288540.0,86015.0,195263.0,0.0,4.41,4.021,0.0
Roanoke,2022-04-17 00:00:00,Organic,1.731413941,12143.9,1033.37,1881.42,0.0,9229.11,2022-15,15061578.0,5023348.0,40823.0,9827999.0,60927.0,108479.0,0.0,4.42,3.943,0.0
Roanoke,2022-04-24 00:00:00,Organic,1.73360585,11515.54,641.23,2022.69,0.0,8851.62,2022-16,28462618.0,6160887.0,45359.0,22040948.0,172030.0,43391.0,0.0,4.34,3.915,0.0
Roanoke,2022-05-01 00:00:00,Organic,1.805072584,9160.82,69.03,2104.39,0.0,6987.39,2022-17,26271615.0,6885495.0,0.0,19169455.0,108183.0,108479.0,0.0,4.43,3.959,0.0
Roanoke,2022-05-08 00:00:00,Organic,1.708782404,11997.31,430.52,2106.37,0.0,9460.42,2022-18,20714546.0,6512660.0,0.0,13485959.0,260311.0,455615.0,0.0,4.33,4.031,0.0
Roanoke,2022-05-15 00:00:00,Organic,1.79893782,12127.7,668.15,1972.37,0.0,9487.18,2022-19,19223342.0,5628260.0,0.0,12496727.0,881394.0,216959.0,0.0,4.24,4.161,0.0
Sacramento,2022-01-10 00:00:00,Organic,1.913275533,21176.11,5359.7,4155.98,0.0,11660.42,2022-2,25842385.0,254741.0,45359.0,25417092.0,0.0,45359.0,79832.0,4.89,3.164,0.0
Sacramento,2022-01-16 00:00:00,Organic,1.830561939,26219.92,7084.42,3400.4,0.0,15735.09,2022-2,25842385.0,254741.0,45359.0,25417092.0,0.0,45359.0,79832.0,4.89,3.164,0.0
Sacramento,2022-01-23 00:00:00,Organic,1.771406149,26072.43,5976.14,3553.13,0.0,16543.15,2022-3,27651102.0,1358681.0,0.0,26249028.0,0.0,43391.0,0.0,5.01,3.182,1.0
Sacramento,2022-01-30 00:00:00,Organic,1.817854741,25330.8,6843.64,3465.06,0.0,15022.09,2022-4,27067867.0,2351814.0,199580.0,24429687.0,0.0,86783.0,0.0,5.39,3.199,0.0
Sacramento,2022-02-06 00:00:00,Organic,1.799609129,29363.35,6723.37,5750.51,2.27,16887.2,2022-5,23700493.0,2529702.0,226796.0,20705339.0,0.0,238655.0,0.0,5.19,3.249,0.0
Sacramento,2022-02-13 00:00:00,Organic,1.710020759,28687.23,5545.29,4691.24,0.0,18450.71,2022-6,13538106.0,1837830.0,199580.0,10979992.0,0.0,520702.0,0.0,5.08,3.33,0.0
Sacramento,2022-02-20 00:00:00,Organic,1.632445762,33775.01,6389.14,4700.45,0.0,22685.42,2022-7,11411144.0,3432575.0,222260.0,7300693.0,0.0,455615.0,0.0,6.21,3.372,0.0
Sacramento,2022-02-27 00:00:00,Organic,1.645219783,37502.89,7383.33,5059.47,0.0,25060.08,2022-8,26431640.0,3658560.0,594205.0,21853434.0,0.0,325439.0,0.0,5.17,3.41,1.0
Sacramento,2022-03-06 00:00:00,Organic,1.766658934,30378.12,6192.02,5195.66,0.0,18990.44,2022-9,29166929.0,3454216.0,576061.0,24811211.0,0.0,325439.0,0.0,4.74,3.486,0.0
Sacramento,2022-03-13 00:00:00,Organic,1.962645133,23676.42,6591.42,3759.45,1.13,13324.43,2022-10,25843478.0,3630077.0,426376.0,21678544.0,0.0,108479.0,0.0,4.69,3.963,0.0
Sacramento,2022-03-20 00:00:00,Organic,1.937841476,24625.35,6191.19,3423.04,0.0,15011.12,2022-11,22051255.0,3436635.0,145149.0,18035551.0,0.0,433919.0,0.0,4.88,4.18,0.0
Sacramento,2022-03-27 00:00:00,Organic,1.812091609,28770.03,5941.36,3880.72,0.0,18947.94,2022-12,18189130.0,3153811.0,299370.0,14519564.0,64511.0,151871.0,0.0,4.4,4.091,0.0
Sacramento,2022-04-03 00:00:00,Organic,1.888294082,29441.84,6586.3,4578.96,0.0,18276.58,2022-13,21009354.0,2482199.0,340194.0,18021432.0,100440.0,65087.0,0.0,4.68,4.078,0.0
Sacramento,2022-04-10 00:00:00,Organic,2.006943881,24510.48,6170.63,5229.98,0.0,13109.87,2022-14,23623647.0,3972180.0,81646.0,19288540.0,86015.0,195263.0,0.0,4.41,4.021,0.0
Sacramento,2022-04-17 00:00:00,Organic,1.970599249,25543.98,6607.49,4814.66,0.0,14121.83,2022-15,15061578.0,5023348.0,40823.0,9827999.0,60927.0,108479.0,0.0,4.42,3.943,0.0
Sacramento,2022-04-24 00:00:00,Organic,1.963375488,23100.36,6848.16,3492.87,0.0,12759.33,2022-16,28462618.0,6160887.0,45359.0,22040948.0,172030.0,43391.0,0.0,4.34,3.915,0.0
Sacramento,2022-05-01 00:00:00,Organic,2.130040127,22380.24,7622.2,3712.28,0.0,11045.75,2022-17,26271615.0,6885495.0,0.0,19169455.0,108183.0,108479.0,0.0,4.43,3.959,0.0
Sacramento,2022-05-08 00:00:00,Organic,2.169404262,22095.2,6347.88,3366.11,0.0,12381.2,2022-18,20714546.0,6512660.0,0.0,13485959.0,260311.0,455615.0,0.0,4.33,4.031,0.0
Sacramento,2022-05-15 00:00:00,Organic,2.190837945,22148.86,5770.47,3654.37,0.0,12724.02,2022-19,19223342.0,5628260.0,0.0,12496727.0,881394.0,216959.0,0.0,4.24,4.161,0.0
