src/avocado-data/combined_data/combined_dataset.csv
region,date,type,average_selling_price,total_sales_volume,4046_units,4225_units,4770_units,total_bagged_units,year_week,total_prod_volume,california_prod_volume,chile_prod_volume,mexico_prod_volume,peru_prod_volume,colombia_prod_volume,dominican_republic_prod_volume,WEI,gasoline_price,is_holiday
San Diego,2022-01-10 00:00:00,Organic,1.939457129,29175.63,13480.68,2036.3,1.21,13657.44,2022-2,25842385.0,254741.0,45359.0,25417092.0,0.0,45359.0,79832.0,4.89,3.164,0.0
San Diego,2022-01-16 00:00:00,Organic,1.893951637,30198.75,12923.87,1954.88,0.0,15320.0,2022-2,25842385.0,254741.0,45359.0,25417092.0,0.0,45359.0,79832.0,4.89,3.164,0.0
San Diego,2022-01-23 00:00:00,Organic,1.866204406,33626.52,14808.81,2139.2,1.22,16677.29,2022-3,27651102.0,1358681.0,0.0,26249028.0,0.0,43391.0,0.0,5.01,3.182,1.0
San Diego,2022-01-30 00:00:00,Organic,1.835999851,32993.01,14229.85,1844.32,0.0,16918.84,2022-4,27067867.0,2351814.0,199580.0,24429687.0,0.0,86783.0,0.0,5.39,3.199,0.0
San Diego,2022-02-06 00:00:00,Organic,1.901851772,31532.87,13984.99,2058.75,0.0,15489.13,2022-5,23700493.0,2529702.0,226796.0,20705339.0,0.0,238655.0,0.0,5.19,3.249,0.0
San Diego,2022-02-13 00:00:00,Organic,1.979709062,30789.12,14041.17,1666.21,0.0,15081.75,2022-6,13538106.0,1837830.0,199580.0,10979992.0,0.0,520702.0,0.0,5.08,3.33,0.0
San Diego,2022-02-20 00:00:00,Organic,1.992735635,27152.62,12590.82,1472.43,0.0,13089.36,2022-7,11411144.0,3432575.0,222260.0,7300693.0,0.0,455615.0,0.0,6.21,3.372,0.0
San Diego,2022-02-27 00:00:00,Organic,1.94005603,27947.84,13568.55,1448.33,0.0,12930.96,2022-8,26431640.0,3658560.0,594205.0,21853434.0,0.0,325439.0,0.0,5.17,3.41,1.0
San Diego,2022-03-06 00:00:00,Organic,1.930464901,29188.66,14643.71,1497.27,0.0,13047.68,2022-9,29166929.0,3454216.0,576061.0,24811211.0,0.0,325439.0,0.0,4.74,3.486,0.0
San Diego,2022-03-13 00:00:00,Organic,1.942799994,29157.81,14813.58,1427.63,0.0,12916.6,2022-10,25843478.0,3630077.0,426376.0,21678544.0,0.0,108479.0,0.0,4.69,3.963,0.0
San Diego,2022-03-20 00:00:00,Organic,2.015240331,29455.12,15276.31,1528.6,0.0,12650.21,2022-11,22051255.0,3436635.0,145149.0,18035551.0,0.0,433919.0,0.0,4.88,4.18,0.0
San Diego,2022-03-27 00:00:00,Organic,1.940542423,26459.06,11867.63,1458.87,0.0,13132.55,2022-12,18189130.0,3153811.0,299370.0,14519564.0,64511.0,151871.0,0.0,4.4,4.091,0.0
San Diego,2022-04-03 00:00:00,Organic,2.067055144,27998.54,13259.47,1760.44,0.0,12978.64,2022-13,21009354.0,2482199.0,340194.0,18021432.0,100440.0,65087.0,0.0,4.68,4.078,0.0
San Diego,2022-04-10 00:00:00,Organic,2.070436012,27369.62,12617.29,1562.95,0.0,13189.38,2022-14,23623647.0,3972180.0,81646.0,19288540.0,86015.0,195263.0,0.0,4.41,4.021,0.0
San Diego,2022-04-17 00:00:00,Organic,2.140920947,27517.53,13241.32,1153.27,0.0,13122.93,2022-15,15061578.0,5023348.0,40823.0,9827999.0,60927.0,108479.0,0.0,4.42,3.943,0.0
San Diego,2022-04-24 00:00:00,Organic,2.141773682,27150.4,13052.37,1111.45,0.0,12986.58,2022-16,28462618.0,6160887.0,45359.0,22040948.0,172030.0,43391.0,0.0,4.34,3.915,0.0
San Diego,2022-05-01 00:00:00,Organic,2.193874771,28021.83,13861.39,1046.92,0.0,13113.51,2022-17,26271615.0,6885495.0,0.0,19169455.0,108183.0,108479.0,0.0,4.43,3.959,0.0
San Diego,2022-05-08 00:00:00,Organic,2.146558597,26888.58,13786.57,1074.81,0.0,12027.2,2022-18,20714546.0,6512660.0,0.0,13485959.0,260311.0,455615.0,0.0,4.33,4.031,0.0
San Diego,2022-05-15 00:00:00,Organic,2.178222454,27690.02,14145.08,1086.66,0.0,12458.28,2022-19,19223342.0,5628260.0,0.0,12496727.0,881394.0,216959.0,0.0,4.24,4.161,0.0
San Francisco,2022-01-10 00:00:00,Organic,2.021816695,62015.6,16584.64,7446.84,8.35,37975.77,2022-2,25842385.0,254741.0,45359.0,25417092.0,0.0,45359.0,79832.0,4.89,3.164,0.0
San Francisco,2022-01-16 00:00:00,Organic,1.845396986,90724.46,36141.62,6893.36,0.0,47689.48,2022-2,25842385.0,254741.0,45359.0,25417092.0,0.0,45359.0,79832.0,4.89,3.164,0.0
San Francisco,2022-01-23 00:00:00,Organic,1.915473887,87863.1,24570.61,7340.81,0.0,55951.68,2022-3,27651102.0,1358681.0,0.0,26249028.0,0.0,43391.0,0.0,5.01,3.182,1.0
San Francisco,2022-01-30 00:00:00,Organic,1.966219179,83921.03,26359.8,6788.27,0.0,50772.96,2022-4,27067867.0,2351814.0,199580.0,24429687.0,0.0,86783.0,0.0,5.39,3.199,0.0
San Francisco,2022-02-06 00:00:00,Organic,1.943474539,87434.21,26053.78,8370.6,0.0,53009.83,2022-5,23700493.0,2529702.0,226796.0,20705339.0,0.0,238655.0,0.0,5.19,3.249,0.0
San Francisco,2022-02-13 00:00:00,Organic,1.960227986,80030.66,22143.41,8730.3,2.38,49154.57,2022-6,13538106.0,1837830.0,199580.0,10979992.0,0.0,520702.0,0.0,5.08,3.33,0.0
San Francisco,2022-02-20 00:00:00,Organic,1.883207692,76492.26,17970.01,8198.85,0.0,50323.39,2022-7,11411144.0,3432575.0,222260.0,7300693.0,0.0,455615.0,0.0,6.21,3.372,0.0
San Francisco,2022-02-27 00:00:00,Organic,2.001844476,77707.14,25211.04,7768.66,0.0,44727.44,2022-8,26431640.0,3658560.0,594205.0,21853434.0,0.0,325439.0,0.0,5.17,3.41,1.0
San Francisco,2022-03-06 00:00:00,Organic,2.056943522,73438.86,21522.63,8486.16,0.0,43430.07,2022-9,29166929.0,3454216.0,576061.0,24811211.0,0.0,325439.0,0.0,4.74,3.486,0.0
San Francisco,2022-03-13 00:00:00,Organic,2.133880277,73534.05,25898.94,7024.83,0.0,40610.28,2022-10,25843478.0,3630077.0,426376.0,21678544.0,0.0,108479.0,0.0,4.69,3.963,0.0
San Francisco,2022-03-20 00:00:00,Organic,2.069206186,76388.34,22995.28,6759.08,0.0,46633.98,2022-11,22051255.0,3436635.0,145149.0,18035551.0,0.0,433919.0,0.0,4.88,4.18,0.0
San Francisco,2022-03-27 00:00:00,Organic,2.049265303,80566.73,25136.91,7846.04,0.0,47583.78,2022-12,18189130.0,3153811.0,299370.0,14519564.0,64511.0,151871.0,0.0,4.4,4.091,0.0
San Francisco,2022-04-03 00:00:00,Organic,2.028528324,85767.02,27046.91,7385.22,0.0,51334.9,2022-13,21009354.0,2482199.0,340194.0,18021432.0,100440.0,65087.0,0.0,4.68,4.078,0.0
San Francisco,2022-04-10 00:00:00,Organic,2.108739691,76554.32,24462.37,9179.79,0.0,42912.17,2022-14,23623647.0,3972180.0,81646.0,19288540.0,86015.0,195263.0,0.0,4.41,4.021,0.0
San Francisco,2022-04-17 00:00:00,Organic,2.174000204,70802.52,25713.53,8372.19,0.0,36716.8,2022-15,15061578.0,5023348.0,40823.0,9827999.0,60927.0,108479.0,0.0,4.42,3.943,0.0
San Francisco,2022-04-24 00:00:00,Organic,2.188982958,64918.35,24910.9,6861.9,0.0,33145.55,2022-16,28462618.0,6160887.0,45359.0,22040948.0,172030.0,43391.0,0.0,4.34,3.915,0.0
San Francisco,2022-05-01 00:00:00,Organic,2.243389759,74368.73,30620.15,6969.29,0.0,36779.29,2022-17,26271615.0,6885495.0,0.0,19169455.0,108183.0,108479.0,0.0,4.43,3.959,0.0
San Francisco,2022-05-08 00:00:00,Organic,2.201463551,70901.8,25982.8,6433.05,0.0,38485.95,2022-18,20714546.0,6512660.0,0.0,13485959.0,260311.0,455615.0,0.0,4.33,4.031,0.0
San Francisco,2022-05-15 00:00:00,Organic,2.095202565,74202.32,22128.54,6665.03,0.0,45408.75,2022-19,19223342.0,5628260.0,0.0,12496727.0,881394.0,216959.0,0.0,4.24,4.161,0.0
Seattle,2022-01-10 00:00:00,Organic,2.14083856,74942.55,19683.11,36081.74,0.0,19177.7,2022-2,25842385.0,254741.0,45359.0,25417092.0,0.0,45359.0,79832.0,4.89,3.164,0.0
Seattle,2022-01-16 00:00:00,Organic,2.279125731,62300.42,3433.69,40164.18,1.08,18701.47,2022-2,25842385.0,254741.0,45359.0,25417092.0,0.0,45359.0,79832.0,4.89,3.164,0.0
Seattle,2022-01-23 00:00:00,Organic,2.15169687,64448.86,2101.29,44302.07,0.0,18045.5,2022-3,27651102.0,1358681.0,0.0,26249028.0,0.0,43391.0,0.0,5.01,3.182,1.0
Seattle,2022-01-30 00:00:00,Organic,1.96865939,83683.36,4054.33,55874.68,4.33,23750.02,2022-4,27067867.0,2351814.0,199580.0,24429687.0,0.0,86783.0,0.0,5.39,3.199,0.0
Seattle,2022-02-06 00:00:00,Organic,2.132322229,72639.52,3329.99,46911.54,0.0,22398.0,2022-5,23700493.0,2529702.0,226796.0,20705339.0,0.0,238655.0,0.0,5.19,3.249,0.0
Seattle,2022-02-13 00:00:00,Organic,2.47532608,53702.39,2131.28,34817.13,4.33,16749.67,2022-6,13538106.0,1837830.0,199580.0,10979992.0,0.0,520702.0,0.0,5.08,3.33,0.0
Seattle,2022-02-20 00:00:00,Organic,2.368814553,51311.77,2265.69,30407.91,0.0,18638.17,2022-7,11411144.0,3432575.0,222260.0,7300693.0,0.0,455615.0,0.0,6.21,3.372,0.0
Seattle,2022-02-27 00:00:00,Organic,2.345985524,53087.09,1052.94,33900.04,0.0,18134.11,2022-8,26431640.0,3658560.0,594205.0,21853434.0,0.0,325439.0,0.0,5.17,3.41,1.0
Seattle,2022-03-06 00:00:00,Organic,2.314003771,63154.16,4090.47,37531.92,6.5,21525.27,2022-9,29166929.0,3454216.0,576061.0,24811211.0,0.0,325439.0,0.0,4.74,3.486,0.0
Seattle,2022-03-13 00:00:00,Organic,2.293727185,74482.26,1194.57,53291.12,0.0,19996.57,2022-10,25843478.0,3630077.0,426376.0,21678544.0,0.0,108479.0,0.0,4.69,3.963,0.0
Seattle,2022-03-20 00:00:00,Organic,2.281898284,68265.31,780.44,50878.93,0.0,16605.94,2022-11,22051255.0,3436635.0,145149.0,18035551.0,0.0,433919.0,0.0,4.88,4.18,0.0
Seattle,2022-03-27 00:00:00,Organic,2.27848761,71089.14,607.42,54299.99,0.0,16181.73,2022-12,18189130.0,3153811.0,299370.0,14519564.0,64511.0,151871.0,0.0,4.4,4.091,0.0
Seattle,2022-04-03 00:00:00,Organic,2.305377265,68915.87,690.65,51776.97,0.0,16448.25,2022-13,21009354.0,2482199.0,340194.0,18021432.0,100440.0,65087.0,0.0,4.68,4.078,0.0
Seattle,2022-04-10 00:00:00,Organic,2.239430998,79752.93,633.79,61718.38,8.65,17392.11,2022-14,23623647.0,3972180.0,81646.0,19288540.0,86015.0,195263.0,0.0,4.41,4.021,0.0
Seattle,2022-04-17 00:00:00,Organic,2.334735787,73497.19,625.19,56134.26,5.41,16732.32,2022-15,15061578.0,5023348.0,40823.0,9827999.0,60927.0,108479.0,0.0,4.42,3.943,0.0
Seattle,2022-04-24 00:00:00,Organic,2.607276874,57859.59,647.3,40978.38,7.58,16226.34,2022-16,28462618.0,6160887.0,45359.0,22040948.0,172030.0,43391.0,0.0,4.34,3.915,0.0
Seattle,2022-05-01 00:00:00,Organic,2.052942128,84023.82,2074.64,65840.63,12.99,16095.56,2022-17,26271615.0,6885495.0,0.0,19169455.0,108183.0,108479.0,0.0,4.43,3.959,0.0
Seattle,2022-05-08 00:00:00,Organic,2.052581967,102268.81,17566.32,68544.41,3.25,16154.83,2022-18,20714546.0,6512660.0,0.0,13485959.0,260311.0,455615.0,0.0,4.33,4.031,0.0
Seattle,2022-05-15 00:00:00,Organic,2.224400484,66169.35,4140.11,45410.15,4.33,16614.75,2022-19,19223342.0,5628260.0,0.0,12496727.0,881394.0,216959.0,0.0,4.24,4.161,0.0
South Carolina,2022-01-10 00:00:00,Organic,1.274476369,53303.53,1124.3,4588.8,23.02,47567.42,2022-2,25842385.0,254741.0,45359.0,25417092.0,0.0,45359.0,79832.0,4.89,3.164,0.0
South Carolina,2022-01-16 00:00:00,Organic,1.424612723,41715.66,987.81,5046.19,8.59,35673.07,2022-2,25842385.0,254741.0,45359.0,25417092.0,0.0,45359.0,79832.0,4.89,3.164,0.0
South Carolina,2022-01-23 00:00:00,Organic,1.374475051,41900.39,1228.78,4798.16,13.96,35859.49,2022-3,27651102.0,1358681.0,0.0,26249028.0,0.0,43391.0,0.0,5.01,3.182,1.0
South Carolina,2022-01-30 00:00:00,Organic,1.406565133,46512.35,2345.83,3503.26,24.68,40638.59,2022-4,27067867.0,2351814.0,199580.0,24429687.0,0.0,86783.0,0.0,5.39,3.199,0.0
South Carolina,2022-02-06 00:00:00,Organic,1.418067654,43260.41,1204.17,3544.82,59.01,38452.41,2022-5,23700493.0,2529702.0,226796.0,20705339.0,0.0,238655.0,0.0,5.19,3.249,0.0
South Carolina,2022-02-13 00:00:00,Organic,1.36337857,43122.57,909.91,3379.69,23.6,38809.36,2022-6,13538106.0,1837830.0,199580.0,10979992.0,0.0,520702.0,0.0,5.08,3.33,0.0
South Carolina,2022-02-20 00:00:00,Organic,1.423870063,44861.27,916.03,4329.3,60.05,39555.88,2022-7,11411144.0,3432575.0,222260.0,7300693.0,0.0,455615.0,0.0,6.21,3.372,0.0
South Carolina,2022-02-27 00:00:00,Organic,1.498687802,46579.6,596.34,4356.55,27.89,41598.82,2022-8,26431640.0,3658560.0,594205.0,21853434.0,0.0,325439.0,0.0,5.17,3.41,1.0
South Carolina,2022-03-06 00:00:00,Organic,1.543785387,40067.41,709.01,4588.45,21.45,34748.5,2022-9,29166929.0,3454216.0,576061.0,24811211.0,0.0,325439.0,0.0,4.74,3.486,0.0
South Carolina,2022-03-13 00:00:00,Organic,1.594527651,43420.57,759.44,5018.92,34.31,37607.89,2022-10,25843478.0,3630077.0,426376.0,21678544.0,0.0,108479.0,0.0,4.69,3.963,0.0
South Carolina,2022-03-20 00:00:00,Organic,1.532689628,44740.64,785.62,5151.06,47.15,38756.8,2022-11,22051255.0,3436635.0,145149.0,18035551.0,0.0,433919.0,0.0,4.88,4.18,0.0
South Carolina,2022-03-27 00:00:00,Organic,1.554037884,44613.81,769.68,4193.99,66.45,39583.69,2022-12,18189130.0,3153811.0,299370.0,14519564.0,64511.0,151871.0,0.0,4.4,4.091,0.0
South Carolina,2022-04-03 00:00:00,Organic,1.531297934,47139.39,742.6,4390.55,57.82,41948.41,2022-13,21009354.0,2482199.0,340194.0,18021432.0,100440.0,65087.0,0.0,4.68,4.078,0.0
South Carolina,2022-04-10 00:00:00,Organic,1.54835679,48859.36,957.11,4766.89,28.91,43106.45,2022-14,23623647.0,3972180.0,81646.0,19288540.0,86015.0,195263.0,0.0,4.41,4.021,0.0
South Carolina,2022-04-17 00:00:00,Organic,1.547959541,44053.61,937.64,4407.55,87.77,38620.65,2022-15,15061578.0,5023348.0,40823.0,9827999.0,60927.0,108479.0,0.0,4.42,3.943,0.0
South Carolina,2022-04-24 00:00:00,Organic,1.54577868,46495.93,1549.05,3809.25,41.76,41095.86,2022-16,28462618.0,6160887.0,45359.0,22040948.0,172030.0,43391.0,0.0,4.34,3.915,0.0
South Carolina,2022-05-01 00:00:00,Organic,1.689185944,27916.27,682.36,3380.35,5.36,23848.21,2022-17,26271615.0,6885495.0,0.0,19169455.0,108183.0,108479.0,0.0,4.43,3.959,0.0
South Carolina,2022-05-08 00:00:00,Organic,1.582200135,42408.35,832.02,3729.85,7.5,37838.97,2022-18,20714546.0,6512660.0,0.0,13485959.0,260311.0,455615.0,0.0,4.33,4.031,0.0
South Carolina,2022-05-15 00:00:00,Organic,1.566174657,42562.15,664.97,4106.41,34.29,37756.48,2022-19,19223342.0,5628260.0,0.0,12496727.0,881394.0,216959.0,0.0,4.24,4.161,0.0
Spokane,2022-01-10 00:00:00,Organic,2.072986617,5976.88,1042.94,2482.61,0.0,2451.33,2022-2,25842385.0,254741.0,45359.0,25417092.0,0.0,45359.0,79832.0,4.89,3.164,0.0
Spokane,2022-01-16 00:00:00,Organic,2.243295574,5751.15,979.58,2450.5,0.0,2321.07,2022-2,25842385.0,254741.0,45359.0,25417092.0,0.0,45359.0,79832.0,4.89,3.164,0.0
Spokane,2022-01-23 00:00:00,Organic,1.836293253,6508.4,346.94,3217.0,0.0,2944.45,2022-3,27651102.0,1358681.0,0.0,26249028.0,0.0,43391.0,0.0,5.01,3.182,1.0
Spokane,2022-01-30 00:00:00,Organic,1.810108237,7332.93,355.86,3858.31,0.0,3118.76,2022-4,27067867.0,2351814.0,199580.0,24429687.0,0.0,86783.0,0.0,5.39,3.199,0.0
Spokane,2022-02-06 00:00:00,Organic,2.082160368,5821.94,93.82,2964.19,0.0,2763.93,2022-5,23700493.0,2529702.0,226796.0,20705339.0,0.0,238655.0,0.0,5.19,3.249,0.0
Spokane,2022-02-13 00:00:00,Organic,2.193048286,5468.46,103.21,2738.27,0.0,2626.97,2022-6,13538106.0,1837830.0,199580.0,10979992.0,0.0,520702.0,0.0,5.08,3.33,0.0
Spokane,2022-02-20 00:00:00,Organic,2.185291924,5380.06,62.15,2619.96,0.0,2697.95,2022-7,11411144.0,3432575.0,222260.0,7300693.0,0.0,455615.0,0.0,6.21,3.372,0.0
Spokane,2022-02-27 00:00:00,Organic,2.055095919,5566.4,538.7,2332.67,0.0,2695.02,2022-8,26431640.0,3658560.0,594205.0,21853434.0,0.0,325439.0,0.0,5.17,3.41,1.0
Spokane,2022-03-06 00:00:00,Organic,2.11852437,6414.73,875.31,2697.44,0.0,2841.97,2022-9,29166929.0,3454216.0,576061.0,24811211.0,0.0,325439.0,0.0,4.74,3.486,0.0
Spokane,2022-03-13 00:00:00,Organic,2.282310179,5350.77,197.49,2839.27,0.0,2314.01,2022-10,25843478.0,3630077.0,426376.0,21678544.0,0.0,108479.0,0.0,4.69,3.963,0.0
Spokane,2022-03-20 00:00:00,Organic,2.328397464,4890.44,85.37,2688.51,0.0,2116.56,2022-11,22051255.0,3436635.0,145149.0,18035551.0,0.0,433919.0,0.0,4.88,4.18,0.0
Spokane,2022-03-27 00:00:00,Organic,2.386749807,4982.9,71.14,2972.71,0.0,1939.05,2022-12,18189130.0,3153811.0,299370.0,14519564.0,64511.0,151871.0,0.0,4.4,4.091,0.0
Spokane,2022-04-03 00:00:00,Organic,2.275053936,5936.74,59.86,3705.39,0.0,2171.49,2022-13,21009354.0,2482199.0,340194.0,18021432.0,100440.0,65087.0,0.0,4.68,4.078,0.0
Spokane,2022-04-10 00:00:00,Organic,2.27762624,6745.77,107.92,4204.6,0.0,2433.25,2022-14,23623647.0,3972180.0,81646.0,19288540.0,86015.0,195263.0,0.0,4.41,4.021,0.0
Spokane,2022-04-17 00:00:00,Organic,2.37235387,6129.4,130.16,3587.92,0.0,2411.32,2022-15,15061578.0,5023348.0,40823.0,9827999.0,60927.0,108479.0,0.0,4.42,3.943,0.0
Spokane,2022-04-24 00:00:00,Organic,2.454323076,5868.07,127.16,3562.93,0.0,2177.98,2022-16,28462618.0,6160887.0,45359.0,22040948.0,172030.0,43391.0,0.0,4.34,3.915,0.0
Spokane,2022-05-01 00:00:00,Organic,2.289385717,4938.78,113.57,2528.29,0.0,2296.92,2022-17,26271615.0,6885495.0,0.0,19169455.0,108183.0,108479.0,0.0,4.43,3.959,0.0
Spokane,2022-05-08 00:00:00,Organic,2.292741445,5540.81,1144.14,1954.95,0.0,2441.73,2022-18,20714546.0,6512660.0,0.0,13485959.0,260311.0,455615.0,0.0,4.33,4.031,0.0
Spokane,2022-05-15 00:00:00,Organic,2.331307991,5299.43,540.2,2427.57,2.26,2329.39,2022-19,19223342.0,5628260.0,0.0,12496727.0,881394.0,216959.0,0.0,4.24,4.161,0.0
