src/avocado-data/combined_data/combined_dataset.csv
region,date,type,average_selling_price,total_sales_volume,4046_units,4225_units,4770_units,total_bagged_units,year_week,total_prod_volume,california_prod_volume,chile_prod_volume,mexico_prod_volume,peru_prod_volume,colombia_prod_volume,dominican_republic_prod_volume,WEI,gasoline_price,is_holiday
St. Louis,2022-01-10 00:00:00,Organic,1.277170828,18093.57,4046.05,2719.27,0.0,11328.24,2022-2,25842385.0,254741.0,45359.0,25417092.0,0.0,45359.0,79832.0,4.89,3.164,0.0
St. Louis,2022-01-16 00:00:00,Organic,1.596170009,15244.0,1803.86,2920.78,0.0,10519.35,2022-2,25842385.0,254741.0,45359.0,25417092.0,0.0,45359.0,79832.0,4.89,3.164,0.0
St. Louis,2022-01-23 00:00:00,Organic,1.696095747,14856.48,2394.51,2621.39,0.0,9840.59,2022-3,27651102.0,1358681.0,0.0,26249028.0,0.0,43391.0,0.0,5.01,3.182,1.0
St. Louis,2022-01-30 00:00:00,Organic,1.603604289,15935.64,1754.98,2932.19,0.0,11248.46,2022-4,27067867.0,2351814.0,199580.0,24429687.0,0.0,86783.0,0.0,5.39,3.199,0.0
St. Louis,2022-02-06 00:00:00,Organic,1.583498906,14379.2,1180.92,2992.48,0.0,10205.8,2022-5,23700493.0,2529702.0,226796.0,20705339.0,0.0,238655.0,0.0,5.19,3.249,0.0
St. Louis,2022-02-13 00:00:00,Organic,1.901728492,17598.23,3079.02,4599.34,0.0,9919.87,2022-6,13538106.0,1837830.0,199580.0,10979992.0,0.0,520702.0,0.0,5.08,3.33,0.0
St. Louis,2022-02-20 00:00:00,Organic,1.623307726,13230.2,1283.01,2554.03,0.0,9393.16,2022-7,11411144.0,3432575.0,222260.0,7300693.0,0.0,455615.0,0.0,6.21,3.372,0.0
St. Louis,2022-02-27 00:00:00,Organic,1.657081609,12291.92,1198.91,2444.46,0.0,8648.55,2022-8,26431640.0,3658560.0,594205.0,21853434.0,0.0,325439.0,0.0,5.17,3.41,1.0
St. Louis,2022-03-06 00:00:00,Organic,1.606167998,12697.9,1094.36,2208.42,0.0,9395.13,2022-9,29166929.0,3454216.0,576061.0,24811211.0,0.0,325439.0,0.0,4.74,3.486,0.0
St. Louis,2022-03-13 00:00:00,Organic,1.751580441,13090.56,1301.78,3031.45,0.0,8757.33,2022-10,25843478.0,3630077.0,426376.0,21678544.0,0.0,108479.0,0.0,4.69,3.963,0.0
St. Louis,2022-03-20 00:00:00,Organic,1.748674722,13613.63,1323.49,2963.89,0.0,9326.24,2022-11,22051255.0,3436635.0,145149.0,18035551.0,0.0,433919.0,0.0,4.88,4.18,0.0
St. Louis,2022-03-27 00:00:00,Organic,1.740871473,12664.7,1118.76,2546.73,0.0,8999.21,2022-12,18189130.0,3153811.0,299370.0,14519564.0,64511.0,151871.0,0.0,4.4,4.091,0.0
St. Louis,2022-04-03 00:00:00,Organic,1.685164948,13280.88,1330.62,2128.88,0.0,9821.38,2022-13,21009354.0,2482199.0,340194.0,18021432.0,100440.0,65087.0,0.0,4.68,4.078,0.0
St. Louis,2022-04-10 00:00:00,Organic,1.647079905,13783.31,1314.27,2159.54,0.0,10309.5,2022-14,23623647.0,3972180.0,81646.0,19288540.0,86015.0,195263.0,0.0,4.41,4.021,0.0
St. Louis,2022-04-17 00:00:00,Organic,1.673168249,11994.71,926.88,2494.09,0.0,8573.74,2022-15,15061578.0,5023348.0,40823.0,9827999.0,60927.0,108479.0,0.0,4.42,3.943,0.0
St. Louis,2022-04-24 00:00:00,Organic,1.740420976,11315.32,830.3,2666.59,0.0,7818.43,2022-16,28462618.0,6160887.0,45359.0,22040948.0,172030.0,43391.0,0.0,4.34,3.915,0.0
St. Louis,2022-05-01 00:00:00,Organic,1.985167669,10057.38,1520.3,3012.87,0.0,5524.21,2022-17,26271615.0,6885495.0,0.0,19169455.0,108183.0,108479.0,0.0,4.43,3.959,0.0
St. Louis,2022-05-08 00:00:00,Organic,1.888698742,11433.58,1576.93,2792.99,0.0,7063.66,2022-18,20714546.0,6512660.0,0.0,13485959.0,260311.0,455615.0,0.0,4.33,4.031,0.0
St. Louis,2022-05-15 00:00:00,Organic,1.787727794,12653.3,1163.82,2680.8,0.0,8808.68,2022-19,19223342.0,5628260.0,0.0,12496727.0,881394.0,216959.0,0.0,4.24,4.161,0.0
Syracuse,2022-01-10 00:00:00,Organic,1.31334557,9124.9,428.93,89.0,0.0,8606.97,2022-2,25842385.0,254741.0,45359.0,25417092.0,0.0,45359.0,79832.0,4.89,3.164,0.0
Syracuse,2022-01-16 00:00:00,Organic,1.403696532,7444.6,321.61,84.51,0.0,7038.48,2022-2,25842385.0,254741.0,45359.0,25417092.0,0.0,45359.0,79832.0,4.89,3.164,0.0
Syracuse,2022-01-23 00:00:00,Organic,1.376240315,6677.51,402.4,71.43,0.0,6203.68,2022-3,27651102.0,1358681.0,0.0,26249028.0,0.0,43391.0,0.0,5.01,3.182,1.0
Syracuse,2022-01-30 00:00:00,Organic,1.371283849,6886.93,318.93,108.76,0.0,6459.23,2022-4,27067867.0,2351814.0,199580.0,24429687.0,0.0,86783.0,0.0,5.39,3.199,0.0
Syracuse,2022-02-06 00:00:00,Organic,1.46861492,6823.24,398.38,150.84,0.0,6274.02,2022-5,23700493.0,2529702.0,226796.0,20705339.0,0.0,238655.0,0.0,5.19,3.249,0.0
Syracuse,2022-02-13 00:00:00,Organic,1.451792674,7080.78,392.06,175.2,0.0,6513.51,2022-6,13538106.0,1837830.0,199580.0,10979992.0,0.0,520702.0,0.0,5.08,3.33,0.0
Syracuse,2022-02-20 00:00:00,Organic,1.540679195,6483.91,295.26,290.3,0.0,5898.34,2022-7,11411144.0,3432575.0,222260.0,7300693.0,0.0,455615.0,0.0,6.21,3.372,0.0
Syracuse,2022-02-27 00:00:00,Organic,1.56440531,5796.43,407.67,262.41,0.0,5126.35,2022-8,26431640.0,3658560.0,594205.0,21853434.0,0.0,325439.0,0.0,5.17,3.41,1.0
Syracuse,2022-03-06 00:00:00,Organic,1.51896703,6130.34,304.65,268.58,0.0,5557.11,2022-9,29166929.0,3454216.0,576061.0,24811211.0,0.0,325439.0,0.0,4.74,3.486,0.0
Syracuse,2022-03-13 00:00:00,Organic,1.535621228,6631.3,239.64,41.56,0.0,6350.09,2022-10,25843478.0,3630077.0,426376.0,21678544.0,0.0,108479.0,0.0,4.69,3.963,0.0
Syracuse,2022-03-20 00:00:00,Organic,1.553870613,6419.84,333.84,95.15,0.0,5990.85,2022-11,22051255.0,3436635.0,145149.0,18035551.0,0.0,433919.0,0.0,4.88,4.18,0.0
Syracuse,2022-03-27 00:00:00,Organic,1.58974643,7501.6,330.45,100.01,0.0,7071.15,2022-12,18189130.0,3153811.0,299370.0,14519564.0,64511.0,151871.0,0.0,4.4,4.091,0.0
Syracuse,2022-04-03 00:00:00,Organic,1.607100947,7032.23,237.82,77.18,0.0,6717.22,2022-13,21009354.0,2482199.0,340194.0,18021432.0,100440.0,65087.0,0.0,4.68,4.078,0.0
Syracuse,2022-04-10 00:00:00,Organic,1.596991764,6407.85,275.47,96.85,0.0,6035.54,2022-14,23623647.0,3972180.0,81646.0,19288540.0,86015.0,195263.0,0.0,4.41,4.021,0.0
Syracuse,2022-04-17 00:00:00,Organic,1.61876258,6380.46,289.89,103.4,0.0,5987.18,2022-15,15061578.0,5023348.0,40823.0,9827999.0,60927.0,108479.0,0.0,4.42,3.943,0.0
Syracuse,2022-04-24 00:00:00,Organic,1.597792512,6742.85,337.83,114.4,0.0,6290.62,2022-16,28462618.0,6160887.0,45359.0,22040948.0,172030.0,43391.0,0.0,4.34,3.915,0.0
Syracuse,2022-05-01 00:00:00,Organic,1.649860391,6681.48,384.27,165.34,0.0,6131.87,2022-17,26271615.0,6885495.0,0.0,19169455.0,108183.0,108479.0,0.0,4.43,3.959,0.0
Syracuse,2022-05-08 00:00:00,Organic,1.580625063,7281.91,392.99,172.89,0.0,6716.03,2022-18,20714546.0,6512660.0,0.0,13485959.0,260311.0,455615.0,0.0,4.33,4.031,0.0
Syracuse,2022-05-15 00:00:00,Organic,1.629092406,7489.07,280.31,100.51,0.0,7108.25,2022-19,19223342.0,5628260.0,0.0,12496727.0,881394.0,216959.0,0.0,4.24,4.161,0.0
Tampa,2022-01-10 00:00:00,Organic,0.909041178,99492.25,297.89,163.48,0.0,99030.88,2022-2,25842385.0,254741.0,45359.0,25417092.0,0.0,45359.0,79832.0,4.89,3.164,0.0
Tampa,2022-01-16 00:00:00,Organic,0.986979804,100620.73,235.93,178.08,0.0,100206.72,2022-2,25842385.0,254741.0,45359.0,25417092.0,0.0,45359.0,79832.0,4.89,3.164,0.0
Tampa,2022-01-23 00:00:00,Organic,1.003380033,92990.52,341.71,146.26,0.0,92502.54,2022-3,27651102.0,1358681.0,0.0,26249028.0,0.0,43391.0,0.0,5.01,3.182,1.0
Tampa,2022-01-30 00:00:00,Organic,1.002301207,87567.15,428.28,146.69,0.0,86992.18,2022-4,27067867.0,2351814.0,199580.0,24429687.0,0.0,86783.0,0.0,5.39,3.199,0.0
Tampa,2022-02-06 00:00:00,Organic,1.004740067,90105.92,243.36,163.91,0.0,89698.65,2022-5,23700493.0,2529702.0,226796.0,20705339.0,0.0,238655.0,0.0,5.19,3.249,0.0
Tampa,2022-02-13 00:00:00,Organic,0.986079125,93946.89,135.27,151.52,0.0,93660.11,2022-6,13538106.0,1837830.0,199580.0,10979992.0,0.0,520702.0,0.0,5.08,3.33,0.0
Tampa,2022-02-20 00:00:00,Organic,1.059033115,87095.37,178.86,155.61,0.0,86760.89,2022-7,11411144.0,3432575.0,222260.0,7300693.0,0.0,455615.0,0.0,6.21,3.372,0.0
Tampa,2022-02-27 00:00:00,Organic,1.089093324,101501.69,1809.15,121.77,0.0,99570.77,2022-8,26431640.0,3658560.0,594205.0,21853434.0,0.0,325439.0,0.0,5.17,3.41,1.0
Tampa,2022-03-06 00:00:00,Organic,1.1402142,85340.25,123.26,84.42,0.0,85132.57,2022-9,29166929.0,3454216.0,576061.0,24811211.0,0.0,325439.0,0.0,4.74,3.486,0.0
Tampa,2022-03-13 00:00:00,Organic,1.146816878,97543.41,135.92,174.93,0.0,97232.56,2022-10,25843478.0,3630077.0,426376.0,21678544.0,0.0,108479.0,0.0,4.69,3.963,0.0
Tampa,2022-03-20 00:00:00,Organic,1.137231552,99766.53,121.71,170.63,0.0,99474.19,2022-11,22051255.0,3436635.0,145149.0,18035551.0,0.0,433919.0,0.0,4.88,4.18,0.0
Tampa,2022-03-27 00:00:00,Organic,1.120551122,107298.17,121.47,149.93,0.0,107026.76,2022-12,18189130.0,3153811.0,299370.0,14519564.0,64511.0,151871.0,0.0,4.4,4.091,0.0
Tampa,2022-04-03 00:00:00,Organic,1.124501245,109236.16,95.79,134.08,0.0,109006.29,2022-13,21009354.0,2482199.0,340194.0,18021432.0,100440.0,65087.0,0.0,4.68,4.078,0.0
Tampa,2022-04-10 00:00:00,Organic,1.139625306,104121.07,296.42,173.46,0.0,103651.19,2022-14,23623647.0,3972180.0,81646.0,19288540.0,86015.0,195263.0,0.0,4.41,4.021,0.0
Tampa,2022-04-17 00:00:00,Organic,1.147107737,100825.55,313.21,174.51,0.0,100337.83,2022-15,15061578.0,5023348.0,40823.0,9827999.0,60927.0,108479.0,0.0,4.42,3.943,0.0
Tampa,2022-04-24 00:00:00,Organic,1.17921624,95206.26,525.9,192.36,0.0,94488.0,2022-16,28462618.0,6160887.0,45359.0,22040948.0,172030.0,43391.0,0.0,4.34,3.915,0.0
Tampa,2022-05-01 00:00:00,Organic,1.108132738,79264.14,429.99,133.46,0.0,78700.7,2022-17,26271615.0,6885495.0,0.0,19169455.0,108183.0,108479.0,0.0,4.43,3.959,0.0
Tampa,2022-05-08 00:00:00,Organic,1.130129328,97607.91,311.86,144.27,0.0,97151.78,2022-18,20714546.0,6512660.0,0.0,13485959.0,260311.0,455615.0,0.0,4.33,4.031,0.0
Tampa,2022-05-15 00:00:00,Organic,1.123151326,95684.08,331.64,129.99,0.0,95222.45,2022-19,19223342.0,5628260.0,0.0,12496727.0,881394.0,216959.0,0.0,4.24,4.161,0.0
Toledo,2022-01-10 00:00:00,Organic,1.45716963,5712.01,539.48,1332.19,0.0,3840.35,2022-2,25842385.0,254741.0,45359.0,25417092.0,0.0,45359.0,79832.0,4.89,3.164,0.0
Toledo,2022-01-16 00:00:00,Organic,1.374429892,6356.55,646.04,1294.75,0.0,4415.77,2022-2,25842385.0,254741.0,45359.0,25417092.0,0.0,45359.0,79832.0,4.89,3.164,0.0
Toledo,2022-01-23 00:00:00,Organic,1.481364324,6227.82,465.66,1536.79,0.0,4225.38,2022-3,27651102.0,1358681.0,0.0,26249028.0,0.0,43391.0,0.0,5.01,3.182,1.0
Toledo,2022-01-30 00:00:00,Organic,1.4973098,5877.66,196.16,1622.62,0.0,4058.88,2022-4,27067867.0,2351814.0,199580.0,24429687.0,0.0,86783.0,0.0,5.39,3.199,0.0
Toledo,2022-02-06 00:00:00,Organic,1.418567248,6658.73,171.86,1741.07,0.0,4745.79,2022-5,23700493.0,2529702.0,226796.0,20705339.0,0.0,238655.0,0.0,5.19,3.249,0.0
Toledo,2022-02-13 00:00:00,Organic,1.649453596,5130.83,44.3,1610.0,0.0,3476.53,2022-6,13538106.0,1837830.0,199580.0,10979992.0,0.0,520702.0,0.0,5.08,3.33,0.0
Toledo,2022-02-20 00:00:00,Organic,1.744825448,5154.39,53.83,1490.15,0.0,3610.41,2022-7,11411144.0,3432575.0,222260.0,7300693.0,0.0,455615.0,0.0,6.21,3.372,0.0
Toledo,2022-02-27 00:00:00,Organic,1.688211455,5788.88,72.2,2015.06,0.0,3701.62,2022-8,26431640.0,3658560.0,594205.0,21853434.0,0.0,325439.0,0.0,5.17,3.41,1.0
Toledo,2022-03-06 00:00:00,Organic,1.641018664,6127.02,463.92,1947.83,0.0,3715.27,2022-9,29166929.0,3454216.0,576061.0,24811211.0,0.0,325439.0,0.0,4.74,3.486,0.0
Toledo,2022-03-13 00:00:00,Organic,1.672012512,6337.78,1107.51,1040.46,0.0,4189.81,2022-10,25843478.0,3630077.0,426376.0,21678544.0,0.0,108479.0,0.0,4.69,3.963,0.0
Toledo,2022-03-20 00:00:00,Organic,1.73517969,5087.87,191.2,1634.68,0.0,3262.0,2022-11,22051255.0,3436635.0,145149.0,18035551.0,0.0,433919.0,0.0,4.88,4.18,0.0
Toledo,2022-03-27 00:00:00,Organic,1.90259817,5154.01,90.12,1429.38,0.0,3634.51,2022-12,18189130.0,3153811.0,299370.0,14519564.0,64511.0,151871.0,0.0,4.4,4.091,0.0
Toledo,2022-04-03 00:00:00,Organic,1.833752157,5318.73,286.9,1655.89,0.0,3375.94,2022-13,21009354.0,2482199.0,340194.0,18021432.0,100440.0,65087.0,0.0,4.68,4.078,0.0
Toledo,2022-04-10 00:00:00,Organic,1.71382168,5565.04,531.02,1409.25,0.0,3624.78,2022-14,23623647.0,3972180.0,81646.0,19288540.0,86015.0,195263.0,0.0,4.41,4.021,0.0
Toledo,2022-04-17 00:00:00,Organic,1.856528933,5274.75,800.71,763.38,0.0,3710.65,2022-15,15061578.0,5023348.0,40823.0,9827999.0,60927.0,108479.0,0.0,4.42,3.943,0.0
Toledo,2022-04-24 00:00:00,Organic,1.872755637,4462.71,592.93,1329.81,0.0,2539.98,2022-16,28462618.0,6160887.0,45359.0,22040948.0,172030.0,43391.0,0.0,4.34,3.915,0.0
Toledo,2022-05-01 00:00:00,Organic,1.829066248,5390.41,120.06,1488.6,0.0,3781.74,2022-17,26271615.0,6885495.0,0.0,19169455.0,108183.0,108479.0,0.0,4.43,3.959,0.0
Toledo,2022-05-08 00:00:00,Organic,1.820997893,5810.22,150.78,1263.48,0.0,4395.96,2022-18,20714546.0,6512660.0,0.0,13485959.0,260311.0,455615.0,0.0,4.33,4.031,0.0
Toledo,2022-05-15 00:00:00,Organic,1.977672622,5459.11,125.58,1363.1,0.0,3970.43,2022-19,19223342.0,5628260.0,0.0,12496727.0,881394.0,216959.0,0.0,4.24,4.161,0.0
West Tex/New Mexico,2022-01-10 00:00:00,Organic,1.146729732,44583.75,10621.01,1422.31,0.0,32540.43,2022-2,25842385.0,254741.0,45359.0,25417092.0,0.0,45359.0,79832.0,4.89,3.164,0.0
West Tex/New Mexico,2022-01-16 00:00:00,Organic,1.055527849,52218.35,11283.73,1215.59,0.0,39719.03,2022-2,25842385.0,254741.0,45359.0,25417092.0,0.0,45359.0,79832.0,4.89,3.164,0.0
West Tex/New Mexico,2022-01-23 00:00:00,Organic,1.020014954,51876.15,10091.12,1375.22,0.0,40409.81,2022-3,27651102.0,1358681.0,0.0,26249028.0,0.0,43391.0,0.0,5.01,3.182,1.0
West Tex/New Mexico,2022-01-30 00:00:00,Organic,1.043667206,43670.92,4730.39,1603.25,0.0,37337.28,2022-4,27067867.0,2351814.0,199580.0,24429687.0,0.0,86783.0,0.0,5.39,3.199,0.0
West Tex/New Mexico,2022-02-06 00:00:00,Organic,1.175458897,40646.31,6878.09,1654.18,0.0,32114.04,2022-5,23700493.0,2529702.0,226796.0,20705339.0,0.0,238655.0,0.0,5.19,3.249,0.0
West Tex/New Mexico,2022-02-13 00:00:00,Organic,1.223378826,38069.25,5424.14,1697.69,0.0,30947.42,2022-6,13538106.0,1837830.0,199580.0,10979992.0,0.0,520702.0,0.0,5.08,3.33,0.0
West Tex/New Mexico,2022-02-20 00:00:00,Organic,1.199015893,39517.81,6981.39,1265.33,0.0,31271.09,2022-7,11411144.0,3432575.0,222260.0,7300693.0,0.0,455615.0,0.0,6.21,3.372,0.0
West Tex/New Mexico,2022-02-27 00:00:00,Organic,1.156119797,48342.91,11260.92,710.14,0.0,36371.85,2022-8,26431640.0,3658560.0,594205.0,21853434.0,0.0,325439.0,0.0,5.17,3.41,1.0
West Tex/New Mexico,2022-03-06 00:00:00,Organic,1.217737244,44725.0,6589.32,1488.59,0.0,36647.09,2022-9,29166929.0,3454216.0,576061.0,24811211.0,0.0,325439.0,0.0,4.74,3.486,0.0
West Tex/New Mexico,2022-03-13 00:00:00,Organic,1.218583418,37150.79,7594.51,1633.69,0.0,27922.59,2022-10,25843478.0,3630077.0,426376.0,21678544.0,0.0,108479.0,0.0,4.69,3.963,0.0
West Tex/New Mexico,2022-03-20 00:00:00,Organic,1.2288639,44191.85,9559.44,1408.15,0.0,33224.26,2022-11,22051255.0,3436635.0,145149.0,18035551.0,0.0,433919.0,0.0,4.88,4.18,0.0
West Tex/New Mexico,2022-03-27 00:00:00,Organic,1.240136282,38862.47,4360.86,1302.78,0.0,33198.83,2022-12,18189130.0,3153811.0,299370.0,14519564.0,64511.0,151871.0,0.0,4.4,4.091,0.0
West Tex/New Mexico,2022-04-03 00:00:00,Organic,1.229209885,46078.37,7189.71,1943.7,0.0,36944.97,2022-13,21009354.0,2482199.0,340194.0,18021432.0,100440.0,65087.0,0.0,4.68,4.078,0.0
West Tex/New Mexico,2022-04-10 00:00:00,Organic,1.306507561,46557.13,7914.35,1781.56,0.0,36861.23,2022-14,23623647.0,3972180.0,81646.0,19288540.0,86015.0,195263.0,0.0,4.41,4.021,0.0
West Tex/New Mexico,2022-04-17 00:00:00,Organic,1.227367626,48720.75,8020.95,2065.72,0.0,38634.08,2022-15,15061578.0,5023348.0,40823.0,9827999.0,60927.0,108479.0,0.0,4.42,3.943,0.0
West Tex/New Mexico,2022-04-24 00:00:00,Organic,1.278431826,43773.65,6795.53,1708.61,0.0,35269.52,2022-16,28462618.0,6160887.0,45359.0,22040948.0,172030.0,43391.0,0.0,4.34,3.915,0.0
West Tex/New Mexico,2022-05-01 00:00:00,Organic,1.374152949,42986.35,6135.12,966.31,0.0,35884.92,2022-17,26271615.0,6885495.0,0.0,19169455.0,108183.0,108479.0,0.0,4.43,3.959,0.0
West Tex/New Mexico,2022-05-08 00:00:00,Organic,1.407385132,38925.74,3840.58,981.74,0.0,34103.43,2022-18,20714546.0,6512660.0,0.0,13485959.0,260311.0,455615.0,0.0,4.33,4.031,0.0
West Tex/New Mexico,2022-05-15 00:00:00,Organic,1.642093522,51580.4,15760.45,1577.22,0.0,34242.73,2022-19,19223342.0,5628260.0,0.0,12496727.0,881394.0,216959.0,0.0,4.24,4.161,0.0
