src/avocado-data/combined_data/combined_dataset.csv
region,date,type,average_selling_price,total_sales_volume,4046_units,4225_units,4770_units,total_bagged_units,year_week,total_prod_volume,california_prod_volume,chile_prod_volume,mexico_prod_volume,peru_prod_volume,colombia_prod_volume,dominican_republic_prod_volume,WEI,gasoline_price,is_holiday
Wichita,2022-01-10 00:00:00,Organic,1.313524244,5373.93,2001.49,17.6,0.0,3354.84,2022-2,25842385.0,254741.0,45359.0,25417092.0,0.0,45359.0,79832.0,4.89,3.164,0.0
Wichita,2022-01-16 00:00:00,Organic,1.403954962,5230.92,1926.08,4.89,0.0,3299.95,2022-2,25842385.0,254741.0,45359.0,25417092.0,0.0,45359.0,79832.0,4.89,3.164,0.0
Wichita,2022-01-23 00:00:00,Organic,1.299115878,4604.88,1358.11,6.85,0.0,3239.93,2022-3,27651102.0,1358681.0,0.0,26249028.0,0.0,43391.0,0.0,5.01,3.182,1.0
Wichita,2022-01-30 00:00:00,Organic,1.262481472,5688.25,1715.02,2.17,0.0,3971.06,2022-4,27067867.0,2351814.0,199580.0,24429687.0,0.0,86783.0,0.0,5.39,3.199,0.0
Wichita,2022-02-06 00:00:00,Organic,1.357557729,5487.76,1714.81,14.67,0.0,3758.28,2022-5,23700493.0,2529702.0,226796.0,20705339.0,0.0,238655.0,0.0,5.19,3.249,0.0
Wichita,2022-02-13 00:00:00,Organic,1.402704497,5711.27,2025.11,4.89,0.0,3681.27,2022-6,13538106.0,1837830.0,199580.0,10979992.0,0.0,520702.0,0.0,5.08,3.33,0.0
Wichita,2022-02-20 00:00:00,Organic,1.461314471,5087.8,1873.85,6.84,0.0,3207.11,2022-7,11411144.0,3432575.0,222260.0,7300693.0,0.0,455615.0,0.0,6.21,3.372,0.0
Wichita,2022-02-27 00:00:00,Organic,1.464321937,4690.21,2007.49,0.98,0.0,2681.74,2022-8,26431640.0,3658560.0,594205.0,21853434.0,0.0,325439.0,0.0,5.17,3.41,1.0
Wichita,2022-03-06 00:00:00,Organic,1.505996195,4422.34,1610.77,3.91,0.0,2807.67,2022-9,29166929.0,3454216.0,576061.0,24811211.0,0.0,325439.0,0.0,4.74,3.486,0.0
Wichita,2022-03-13 00:00:00,Organic,1.557772635,4684.8,1566.67,3.91,0.0,3114.22,2022-10,25843478.0,3630077.0,426376.0,21678544.0,0.0,108479.0,0.0,4.69,3.963,0.0
Wichita,2022-03-20 00:00:00,Organic,1.572308245,4764.86,1815.12,0.0,0.0,2949.74,2022-11,22051255.0,3436635.0,145149.0,18035551.0,0.0,433919.0,0.0,4.88,4.18,0.0
Wichita,2022-03-27 00:00:00,Organic,1.684015331,4609.68,1694.34,3.91,0.0,2911.43,2022-12,18189130.0,3153811.0,299370.0,14519564.0,64511.0,151871.0,0.0,4.4,4.091,0.0
Wichita,2022-04-03 00:00:00,Organic,1.657918936,4454.28,1729.08,6.79,0.0,2718.41,2022-13,21009354.0,2482199.0,340194.0,18021432.0,100440.0,65087.0,0.0,4.68,4.078,0.0
Wichita,2022-04-10 00:00:00,Organic,1.673529421,4273.56,1873.19,11.85,0.0,2388.52,2022-14,23623647.0,3972180.0,81646.0,19288540.0,86015.0,195263.0,0.0,4.41,4.021,0.0
Wichita,2022-04-17 00:00:00,Organic,1.869685459,4364.53,1736.89,2.91,0.0,2624.74,2022-15,15061578.0,5023348.0,40823.0,9827999.0,60927.0,108479.0,0.0,4.42,3.943,0.0
Wichita,2022-04-24 00:00:00,Organic,1.885021961,4695.05,1878.65,0.0,0.0,2816.4,2022-16,28462618.0,6160887.0,45359.0,22040948.0,172030.0,43391.0,0.0,4.34,3.915,0.0
Wichita,2022-05-01 00:00:00,Organic,1.900818636,3906.98,1486.51,3.88,0.0,2416.59,2022-17,26271615.0,6885495.0,0.0,19169455.0,108183.0,108479.0,0.0,4.43,3.959,0.0
Wichita,2022-05-08 00:00:00,Organic,1.956957458,3603.14,1373.18,0.0,0.0,2229.96,2022-18,20714546.0,6512660.0,0.0,13485959.0,260311.0,455615.0,0.0,4.33,4.031,0.0
Wichita,2022-05-15 00:00:00,Organic,1.97327206,3989.77,1703.98,4.85,0.0,2280.94,2022-19,19223342.0,5628260.0,0.0,12496727.0,881394.0,216959.0,0.0,4.24,4.161,0.0
California,2022-01-10 00:00:00,Organic,1.868719456,317418.71,114957.33,30232.44,14.54,172214.4,2022-2,25842385.0,254741.0,45359.0,25417092.0,0.0,45359.0,79832.0,4.89,3.164,0.0
California,2022-01-16 00:00:00,Organic,1.779792839,408763.92,150206.95,28584.43,2.91,229969.63,2022-2,25842385.0,254741.0,45359.0,25417092.0,0.0,45359.0,79832.0,4.89,3.164,0.0
California,2022-01-23 00:00:00,Organic,1.787741023,405762.3,151701.18,28413.21,5.83,225642.07,2022-3,27651102.0,1358681.0,0.0,26249028.0,0.0,43391.0,0.0,5.01,3.182,1.0
California,2022-01-30 00:00:00,Organic,1.758380249,398879.37,140691.68,28431.0,0.0,229756.7,2022-4,27067867.0,2351814.0,199580.0,24429687.0,0.0,86783.0,0.0,5.39,3.199,0.0
California,2022-02-06 00:00:00,Organic,1.813340431,393298.54,138479.71,34584.96,2.87,220231.0,2022-5,23700493.0,2529702.0,226796.0,20705339.0,0.0,238655.0,0.0,5.19,3.249,0.0
California,2022-02-13 00:00:00,Organic,1.854070579,376614.53,129146.14,31118.35,2.89,216347.15,2022-6,13538106.0,1837830.0,199580.0,10979992.0,0.0,520702.0,0.0,5.08,3.33,0.0
California,2022-02-20 00:00:00,Organic,1.830606296,352854.53,116206.62,28214.36,1.16,208432.39,2022-7,11411144.0,3432575.0,222260.0,7300693.0,0.0,455615.0,0.0,6.21,3.372,0.0
California,2022-02-27 00:00:00,Organic,1.798339991,389489.46,143507.37,29555.5,0.0,216426.59,2022-8,26431640.0,3658560.0,594205.0,21853434.0,0.0,325439.0,0.0,5.17,3.41,1.0
California,2022-03-06 00:00:00,Organic,1.818289382,387141.46,141098.83,31096.17,0.0,214946.45,2022-9,29166929.0,3454216.0,576061.0,24811211.0,0.0,325439.0,0.0,4.74,3.486,0.0
California,2022-03-13 00:00:00,Organic,1.899878858,356444.89,140694.88,26281.9,1.44,189466.67,2022-10,25843478.0,3630077.0,426376.0,21678544.0,0.0,108479.0,0.0,4.69,3.963,0.0
California,2022-03-20 00:00:00,Organic,1.936449456,349053.3,144169.32,24417.91,0.0,180466.06,2022-11,22051255.0,3436635.0,145149.0,18035551.0,0.0,433919.0,0.0,4.88,4.18,0.0
California,2022-03-27 00:00:00,Organic,1.893964304,353296.32,129303.42,27151.11,0.0,196841.79,2022-12,18189130.0,3153811.0,299370.0,14519564.0,64511.0,151871.0,0.0,4.4,4.091,0.0
California,2022-04-03 00:00:00,Organic,1.955943795,371437.23,133991.09,31067.51,0.0,206378.63,2022-13,21009354.0,2482199.0,340194.0,18021432.0,100440.0,65087.0,0.0,4.68,4.078,0.0
California,2022-04-10 00:00:00,Organic,2.015480025,347204.87,133648.53,33092.11,0.0,180464.23,2022-14,23623647.0,3972180.0,81646.0,19288540.0,86015.0,195263.0,0.0,4.41,4.021,0.0
California,2022-04-17 00:00:00,Organic,2.03807686,340477.33,140722.06,28853.81,0.0,170901.46,2022-15,15061578.0,5023348.0,40823.0,9827999.0,60927.0,108479.0,0.0,4.42,3.943,0.0
California,2022-04-24 00:00:00,Organic,2.032645627,313555.54,128210.65,24057.48,0.0,161287.42,2022-16,28462618.0,6160887.0,45359.0,22040948.0,172030.0,43391.0,0.0,4.34,3.915,0.0
California,2022-05-01 00:00:00,Organic,2.072369425,343170.44,144183.22,24031.22,0.0,174956.0,2022-17,26271615.0,6885495.0,0.0,19169455.0,108183.0,108479.0,0.0,4.43,3.959,0.0
California,2022-05-08 00:00:00,Organic,2.054714481,345384.91,140763.04,22112.53,0.0,182509.34,2022-18,20714546.0,6512660.0,0.0,13485959.0,260311.0,455615.0,0.0,4.33,4.031,0.0
California,2022-05-15 00:00:00,Organic,2.03750651,349425.49,127665.52,23061.2,2.94,198695.83,2022-19,19223342.0,5628260.0,0.0,12496727.0,881394.0,216959.0,0.0,4.24,4.161,0.0
Great Lakes,2022-01-10 00:00:00,Organic,1.384101468,275461.29,24836.29,53515.11,0.0,197109.88,2022-2,25842385.0,254741.0,45359.0,25417092.0,0.0,45359.0,79832.0,4.89,3.164,0.0
Great Lakes,2022-01-16 00:00:00,Organic,1.384157687,276684.28,33937.73,52792.53,0.0,189954.02,2022-2,25842385.0,254741.0,45359.0,25417092.0,0.0,45359.0,79832.0,4.89,3.164,0.0
Great Lakes,2022-01-23 00:00:00,Organic,1.47098742,269400.02,37911.56,49064.96,0.0,182423.5,2022-3,27651102.0,1358681.0,0.0,26249028.0,0.0,43391.0,0.0,5.01,3.182,1.0
Great Lakes,2022-01-30 00:00:00,Organic,1.472012715,282249.7,30649.33,53627.9,0.0,197972.47,2022-4,27067867.0,2351814.0,199580.0,24429687.0,0.0,86783.0,0.0,5.39,3.199,0.0
Great Lakes,2022-02-06 00:00:00,Organic,1.488262508,259259.5,22834.15,56733.82,0.0,179691.53,2022-5,23700493.0,2529702.0,226796.0,20705339.0,0.0,238655.0,0.0,5.19,3.249,0.0
Great Lakes,2022-02-13 00:00:00,Organic,1.645172176,208460.47,9971.93,54047.21,0.0,144441.33,2022-6,13538106.0,1837830.0,199580.0,10979992.0,0.0,520702.0,0.0,5.08,3.33,0.0
Great Lakes,2022-02-20 00:00:00,Organic,1.632659001,215779.04,17801.41,45025.31,0.0,152952.32,2022-7,11411144.0,3432575.0,222260.0,7300693.0,0.0,455615.0,0.0,6.21,3.372,0.0
Great Lakes,2022-02-27 00:00:00,Organic,1.630709713,221915.24,14321.26,46593.55,0.0,161000.42,2022-8,26431640.0,3658560.0,594205.0,21853434.0,0.0,325439.0,0.0,5.17,3.41,1.0
Great Lakes,2022-03-06 00:00:00,Organic,1.644558341,228775.93,18860.41,44819.26,0.0,165096.25,2022-9,29166929.0,3454216.0,576061.0,24811211.0,0.0,325439.0,0.0,4.74,3.486,0.0
Great Lakes,2022-03-13 00:00:00,Organic,1.716204478,244560.07,27525.96,46488.09,0.0,170546.02,2022-10,25843478.0,3630077.0,426376.0,21678544.0,0.0,108479.0,0.0,4.69,3.963,0.0
Great Lakes,2022-03-20 00:00:00,Organic,1.775489413,209498.73,20463.78,51593.92,0.0,137441.04,2022-11,22051255.0,3436635.0,145149.0,18035551.0,0.0,433919.0,0.0,4.88,4.18,0.0
Great Lakes,2022-03-27 00:00:00,Organic,1.772628552,234031.73,20793.95,46585.09,0.0,166652.69,2022-12,18189130.0,3153811.0,299370.0,14519564.0,64511.0,151871.0,0.0,4.4,4.091,0.0
Great Lakes,2022-04-03 00:00:00,Organic,1.73338896,243371.89,22865.53,47292.33,0.0,173214.03,2022-13,21009354.0,2482199.0,340194.0,18021432.0,100440.0,65087.0,0.0,4.68,4.078,0.0
Great Lakes,2022-04-10 00:00:00,Organic,1.733738725,243306.47,27394.78,45232.99,0.0,170678.7,2022-14,23623647.0,3972180.0,81646.0,19288540.0,86015.0,195263.0,0.0,4.41,4.021,0.0
Great Lakes,2022-04-17 00:00:00,Organic,1.789863236,239282.75,29651.3,40022.94,0.0,169608.51,2022-15,15061578.0,5023348.0,40823.0,9827999.0,60927.0,108479.0,0.0,4.42,3.943,0.0
Great Lakes,2022-04-24 00:00:00,Organic,1.83267097,213894.34,23688.87,45198.95,0.0,145006.51,2022-16,28462618.0,6160887.0,45359.0,22040948.0,172030.0,43391.0,0.0,4.34,3.915,0.0
Great Lakes,2022-05-01 00:00:00,Organic,1.830594641,208731.06,21166.6,49872.27,0.0,137692.19,2022-17,26271615.0,6885495.0,0.0,19169455.0,108183.0,108479.0,0.0,4.43,3.959,0.0
Great Lakes,2022-05-08 00:00:00,Organic,1.758765712,228977.1,14609.55,45160.59,0.0,169206.95,2022-18,20714546.0,6512660.0,0.0,13485959.0,260311.0,455615.0,0.0,4.33,4.031,0.0
Great Lakes,2022-05-15 00:00:00,Organic,1.796140248,244633.66,15624.84,40468.48,0.0,188540.33,2022-19,19223342.0,5628260.0,0.0,12496727.0,881394.0,216959.0,0.0,4.24,4.161,0.0
Midsouth,2022-01-10 00:00:00,Organic,1.326087649,393716.92,7771.88,56543.74,86.23,329315.07,2022-2,25842385.0,254741.0,45359.0,25417092.0,0.0,45359.0,79832.0,4.89,3.164,0.0
Midsouth,2022-01-16 00:00:00,Organic,1.446192582,320471.38,10478.81,57298.87,97.6,252596.1,2022-2,25842385.0,254741.0,45359.0,25417092.0,0.0,45359.0,79832.0,4.89,3.164,0.0
Midsouth,2022-01-23 00:00:00,Organic,1.536107185,286723.78,10244.65,52838.36,81.93,223558.83,2022-3,27651102.0,1358681.0,0.0,26249028.0,0.0,43391.0,0.0,5.01,3.182,1.0
Midsouth,2022-01-30 00:00:00,Organic,1.524445396,333567.31,16596.12,40837.13,97.91,276036.15,2022-4,27067867.0,2351814.0,199580.0,24429687.0,0.0,86783.0,0.0,5.39,3.199,0.0
Midsouth,2022-02-06 00:00:00,Organic,1.5695921,310438.01,8370.92,43302.27,134.15,258630.68,2022-5,23700493.0,2529702.0,226796.0,20705339.0,0.0,238655.0,0.0,5.19,3.249,0.0
Midsouth,2022-02-13 00:00:00,Organic,1.530990021,314168.37,5497.95,42928.9,137.41,265604.11,2022-6,13538106.0,1837830.0,199580.0,10979992.0,0.0,520702.0,0.0,5.08,3.33,0.0
Midsouth,2022-02-20 00:00:00,Organic,1.568895536,311776.77,5323.82,46141.28,157.87,260153.81,2022-7,11411144.0,3432575.0,222260.0,7300693.0,0.0,455615.0,0.0,6.21,3.372,0.0
Midsouth,2022-02-27 00:00:00,Organic,1.61474678,289180.89,3760.25,50720.04,140.15,234560.45,2022-8,26431640.0,3658560.0,594205.0,21853434.0,0.0,325439.0,0.0,5.17,3.41,1.0
Midsouth,2022-03-06 00:00:00,Organic,1.627981324,276938.89,10315.37,41898.48,123.91,224601.13,2022-9,29166929.0,3454216.0,576061.0,24811211.0,0.0,325439.0,0.0,4.74,3.486,0.0
Midsouth,2022-03-13 00:00:00,Organic,1.671115091,313232.74,9357.96,48859.93,194.25,254820.61,2022-10,25843478.0,3630077.0,426376.0,21678544.0,0.0,108479.0,0.0,4.69,3.963,0.0
Midsouth,2022-03-20 00:00:00,Organic,1.651739985,310280.6,4693.85,55480.74,165.32,249940.69,2022-11,22051255.0,3436635.0,145149.0,18035551.0,0.0,433919.0,0.0,4.88,4.18,0.0
Midsouth,2022-03-27 00:00:00,Organic,1.720743808,295513.92,4191.51,47855.94,130.51,243335.96,2022-12,18189130.0,3153811.0,299370.0,14519564.0,64511.0,151871.0,0.0,4.4,4.091,0.0
Midsouth,2022-04-03 00:00:00,Organic,1.676394217,323013.66,12365.38,41891.4,154.42,268602.46,2022-13,21009354.0,2482199.0,340194.0,18021432.0,100440.0,65087.0,0.0,4.68,4.078,0.0
Midsouth,2022-04-10 00:00:00,Organic,1.69072533,312602.67,13191.51,43891.84,214.26,255305.06,2022-14,23623647.0,3972180.0,81646.0,19288540.0,86015.0,195263.0,0.0,4.41,4.021,0.0
Midsouth,2022-04-17 00:00:00,Organic,1.723845987,289209.1,13249.32,41901.79,160.09,233897.9,2022-15,15061578.0,5023348.0,40823.0,9827999.0,60927.0,108479.0,0.0,4.42,3.943,0.0
Midsouth,2022-04-24 00:00:00,Organic,1.725759833,288010.58,10828.43,40288.45,204.9,236688.8,2022-16,28462618.0,6160887.0,45359.0,22040948.0,172030.0,43391.0,0.0,4.34,3.915,0.0
Midsouth,2022-05-01 00:00:00,Organic,1.821895414,243088.09,3886.69,45417.57,68.62,193715.22,2022-17,26271615.0,6885495.0,0.0,19169455.0,108183.0,108479.0,0.0,4.43,3.959,0.0
Midsouth,2022-05-08 00:00:00,Organic,1.754076201,294814.07,8469.07,40854.26,48.58,245442.16,2022-18,20714546.0,6512660.0,0.0,13485959.0,260311.0,455615.0,0.0,4.33,4.031,0.0
Midsouth,2022-05-15 00:00:00,Organic,1.787995975,290388.46,5553.85,40753.23,57.92,244023.46,2022-19,19223342.0,5628260.0,0.0,12496727.0,881394.0,216959.0,0.0,4.24,4.161,0.0
Northeast,2022-01-10 00:00:00,Organic,1.504786883,464244.33,29719.61,26498.75,4.49,408021.48,2022-2,25842385.0,254741.0,45359.0,25417092.0,0.0,45359.0,79832.0,4.89,3.164,0.0
Northeast,2022-01-16 00:00:00,Organic,1.649082264,368586.34,33310.67,24847.62,11.77,310416.27,2022-2,25842385.0,254741.0,45359.0,25417092.0,0.0,45359.0,79832.0,4.89,3.164,0.0
Northeast,2022-01-23 00:00:00,Organic,1.643917033,359239.26,44651.22,26283.7,11.8,288292.54,2022-3,27651102.0,1358681.0,0.0,26249028.0,0.0,43391.0,0.0,5.01,3.182,1.0
Northeast,2022-01-30 00:00:00,Organic,1.639426171,365027.37,25968.64,24076.01,8.45,314974.27,2022-4,27067867.0,2351814.0,199580.0,24429687.0,0.0,86783.0,0.0,5.39,3.199,0.0
Northeast,2022-02-06 00:00:00,Organic,1.674665638,347838.66,23164.91,25765.0,16.4,298892.35,2022-5,23700493.0,2529702.0,226796.0,20705339.0,0.0,238655.0,0.0,5.19,3.249,0.0
Northeast,2022-02-13 00:00:00,Organic,1.684212024,336929.51,25073.62,22706.95,33.53,289115.4,2022-6,13538106.0,1837830.0,199580.0,10979992.0,0.0,520702.0,0.0,5.08,3.33,0.0
Northeast,2022-02-20 00:00:00,Organic,1.721352491,323505.8,24022.18,23109.73,15.18,276358.71,2022-7,11411144.0,3432575.0,222260.0,7300693.0,0.0,455615.0,0.0,6.21,3.372,0.0
Northeast,2022-02-27 00:00:00,Organic,1.752767431,287112.84,17924.48,22591.74,4.22,246592.4,2022-8,26431640.0,3658560.0,594205.0,21853434.0,0.0,325439.0,0.0,5.17,3.41,1.0
Northeast,2022-03-06 00:00:00,Organic,1.765877029,271916.53,14169.61,21253.29,11.6,236482.03,2022-9,29166929.0,3454216.0,576061.0,24811211.0,0.0,325439.0,0.0,4.74,3.486,0.0
Northeast,2022-03-13 00:00:00,Organic,1.782783156,326531.48,19029.83,20638.76,9.3,286853.58,2022-10,25843478.0,3630077.0,426376.0,21678544.0,0.0,108479.0,0.0,4.69,3.963,0.0
Northeast,2022-03-20 00:00:00,Organic,1.821833005,314807.21,17366.17,22660.41,1.01,274779.62,2022-11,22051255.0,3436635.0,145149.0,18035551.0,0.0,433919.0,0.0,4.88,4.18,0.0
Northeast,2022-03-27 00:00:00,Organic,1.786112365,331663.85,18529.48,20588.8,5.24,292540.33,2022-12,18189130.0,3153811.0,299370.0,14519564.0,64511.0,151871.0,0.0,4.4,4.091,0.0
Northeast,2022-04-03 00:00:00,Organic,1.809625262,338724.9,19141.96,21310.33,5.19,298267.42,2022-13,21009354.0,2482199.0,340194.0,18021432.0,100440.0,65087.0,0.0,4.68,4.078,0.0
Northeast,2022-04-10 00:00:00,Organic,1.820214895,336789.43,19530.53,22757.56,11.69,294489.65,2022-14,23623647.0,3972180.0,81646.0,19288540.0,86015.0,195263.0,0.0,4.41,4.021,0.0
Northeast,2022-04-17 00:00:00,Organic,1.810323076,321127.79,19114.98,21405.79,29.61,280577.42,2022-15,15061578.0,5023348.0,40823.0,9827999.0,60927.0,108479.0,0.0,4.42,3.943,0.0
Northeast,2022-04-24 00:00:00,Organic,1.86382556,282706.45,16295.94,21985.15,0.0,244425.36,2022-16,28462618.0,6160887.0,45359.0,22040948.0,172030.0,43391.0,0.0,4.34,3.915,0.0
Northeast,2022-05-01 00:00:00,Organic,1.838023694,321851.05,19629.07,25816.4,22.62,276382.96,2022-17,26271615.0,6885495.0,0.0,19169455.0,108183.0,108479.0,0.0,4.43,3.959,0.0
Northeast,2022-05-08 00:00:00,Organic,1.809288655,348691.54,21490.04,21764.02,3.26,305434.23,2022-18,20714546.0,6512660.0,0.0,13485959.0,260311.0,455615.0,0.0,4.33,4.031,0.0
Northeast,2022-05-15 00:00:00,Organic,1.843342911,319927.58,20044.66,18833.39,6.58,281042.95,2022-19,19223342.0,5628260.0,0.0,12496727.0,881394.0,216959.0,0.0,4.24,4.161,0.0
