src/avocado-data/combined_data/combined_dataset.csv
region,date,type,average_selling_price,total_sales_volume,4046_units,4225_units,4770_units,total_bagged_units,year_week,total_prod_volume,california_prod_volume,chile_prod_volume,mexico_prod_volume,peru_prod_volume,colombia_prod_volume,dominican_republic_prod_volume,WEI,gasoline_price,is_holiday
Plains,2022-01-10 00:00:00,Organic,1.375992742,76499.57,13862.2,3956.02,77.93,58603.41,2022-2,25842385.0,254741.0,45359.0,25417092.0,0.0,45359.0,79832.0,4.89,3.164,0.0
Plains,2022-01-16 00:00:00,Organic,1.572051089,70401.67,14397.85,4266.85,15.34,51721.62,2022-2,25842385.0,254741.0,45359.0,25417092.0,0.0,45359.0,79832.0,4.89,3.164,0.0
Plains,2022-01-23 00:00:00,Organic,1.519691431,69641.91,12284.41,3958.29,46.01,53353.2,2022-3,27651102.0,1358681.0,0.0,26249028.0,0.0,43391.0,0.0,5.01,3.182,1.0
Plains,2022-01-30 00:00:00,Organic,1.469807144,79156.45,12091.01,4128.6,18.39,62918.45,2022-4,27067867.0,2351814.0,199580.0,24429687.0,0.0,86783.0,0.0,5.39,3.199,0.0
Plains,2022-02-06 00:00:00,Organic,1.497397392,74412.18,12620.85,4219.59,18.42,57553.32,2022-5,23700493.0,2529702.0,226796.0,20705339.0,0.0,238655.0,0.0,5.19,3.249,0.0
Plains,2022-02-13 00:00:00,Organic,1.608869602,71689.7,15128.72,5903.85,0.0,50657.13,2022-6,13538106.0,1837830.0,199580.0,10979992.0,0.0,520702.0,0.0,5.08,3.33,0.0
Plains,2022-02-20 00:00:00,Organic,1.576472941,67461.78,12771.47,3618.83,1.67,51069.82,2022-7,11411144.0,3432575.0,222260.0,7300693.0,0.0,455615.0,0.0,6.21,3.372,0.0
Plains,2022-02-27 00:00:00,Organic,1.619875579,67047.3,12559.14,3633.66,0.0,50854.5,2022-8,26431640.0,3658560.0,594205.0,21853434.0,0.0,325439.0,0.0,5.17,3.41,1.0
Plains,2022-03-06 00:00:00,Organic,1.665350255,66819.48,13403.39,3274.46,0.0,50141.64,2022-9,29166929.0,3454216.0,576061.0,24811211.0,0.0,325439.0,0.0,4.74,3.486,0.0
Plains,2022-03-13 00:00:00,Organic,1.693947611,70871.57,14237.09,4398.67,0.0,52235.81,2022-10,25843478.0,3630077.0,426376.0,21678544.0,0.0,108479.0,0.0,4.69,3.963,0.0
Plains,2022-03-20 00:00:00,Organic,1.694331456,65668.81,11829.58,4300.11,0.0,49539.12,2022-11,22051255.0,3436635.0,145149.0,18035551.0,0.0,433919.0,0.0,4.88,4.18,0.0
Plains,2022-03-27 00:00:00,Organic,1.683509713,66163.72,9648.5,3930.26,0.0,52584.96,2022-12,18189130.0,3153811.0,299370.0,14519564.0,64511.0,151871.0,0.0,4.4,4.091,0.0
Plains,2022-04-03 00:00:00,Organic,1.739921379,70786.06,12061.76,3626.56,0.0,55097.74,2022-13,21009354.0,2482199.0,340194.0,18021432.0,100440.0,65087.0,0.0,4.68,4.078,0.0
Plains,2022-04-10 00:00:00,Organic,1.738688131,73435.4,12780.15,3776.6,0.0,56878.64,2022-14,23623647.0,3972180.0,81646.0,19288540.0,86015.0,195263.0,0.0,4.41,4.021,0.0
Plains,2022-04-17 00:00:00,Organic,1.780834604,71573.53,13417.32,3692.55,1.67,54461.99,2022-15,15061578.0,5023348.0,40823.0,9827999.0,60927.0,108479.0,0.0,4.42,3.943,0.0
Plains,2022-04-24 00:00:00,Organic,1.738415834,76087.31,11382.77,4390.32,0.0,60314.21,2022-16,28462618.0,6160887.0,45359.0,22040948.0,172030.0,43391.0,0.0,4.34,3.915,0.0
Plains,2022-05-01 00:00:00,Organic,1.887497366,63952.99,11102.3,4264.27,0.0,48586.42,2022-17,26271615.0,6885495.0,0.0,19169455.0,108183.0,108479.0,0.0,4.43,3.959,0.0
Plains,2022-05-08 00:00:00,Organic,1.869216791,71885.74,11041.48,3920.2,0.0,56924.06,2022-18,20714546.0,6512660.0,0.0,13485959.0,260311.0,455615.0,0.0,4.33,4.031,0.0
Plains,2022-05-15 00:00:00,Organic,1.859857252,80169.35,11318.26,3483.28,1.71,65366.11,2022-19,19223342.0,5628260.0,0.0,12496727.0,881394.0,216959.0,0.0,4.24,4.161,0.0
South Central,2022-01-10 00:00:00,Organic,1.295724528,211305.86,42113.07,5331.1,0.0,163861.69,2022-2,25842385.0,254741.0,45359.0,25417092.0,0.0,45359.0,79832.0,4.89,3.164,0.0
South Central,2022-01-16 00:00:00,Organic,1.347742959,200537.88,35918.16,6504.73,0.0,158114.99,2022-2,25842385.0,254741.0,45359.0,25417092.0,0.0,45359.0,79832.0,4.89,3.164,0.0
South Central,2022-01-23 00:00:00,Organic,1.393863044,224267.49,55773.71,8502.21,0.0,159991.56,2022-3,27651102.0,1358681.0,0.0,26249028.0,0.0,43391.0,0.0,5.01,3.182,1.0
South Central,2022-01-30 00:00:00,Organic,1.373246228,203985.9,41092.93,6889.31,0.0,156003.66,2022-4,27067867.0,2351814.0,199580.0,24429687.0,0.0,86783.0,0.0,5.39,3.199,0.0
South Central,2022-02-06 00:00:00,Organic,1.353863851,219274.15,38194.04,5835.44,0.0,175244.68,2022-5,23700493.0,2529702.0,226796.0,20705339.0,0.0,238655.0,0.0,5.19,3.249,0.0
South Central,2022-02-13 00:00:00,Organic,1.412044199,198202.77,32818.42,6743.24,0.0,158641.11,2022-6,13538106.0,1837830.0,199580.0,10979992.0,0.0,520702.0,0.0,5.08,3.33,0.0
South Central,2022-02-20 00:00:00,Organic,1.460560853,200615.38,30678.21,6675.45,0.0,163261.72,2022-7,11411144.0,3432575.0,222260.0,7300693.0,0.0,455615.0,0.0,6.21,3.372,0.0
South Central,2022-02-27 00:00:00,Organic,1.433027128,194343.59,25651.78,4711.46,0.0,163980.35,2022-8,26431640.0,3658560.0,594205.0,21853434.0,0.0,325439.0,0.0,5.17,3.41,1.0
South Central,2022-03-06 00:00:00,Organic,1.475301521,192088.48,27093.12,5877.5,0.0,159117.86,2022-9,29166929.0,3454216.0,576061.0,24811211.0,0.0,325439.0,0.0,4.74,3.486,0.0
South Central,2022-03-13 00:00:00,Organic,1.480946199,174935.13,26066.13,5368.64,0.0,143500.36,2022-10,25843478.0,3630077.0,426376.0,21678544.0,0.0,108479.0,0.0,4.69,3.963,0.0
South Central,2022-03-20 00:00:00,Organic,1.496845754,174527.91,34128.94,6330.75,0.0,134068.22,2022-11,22051255.0,3436635.0,145149.0,18035551.0,0.0,433919.0,0.0,4.88,4.18,0.0
South Central,2022-03-27 00:00:00,Organic,1.501918787,192254.49,36737.54,6218.52,0.0,149298.43,2022-12,18189130.0,3153811.0,299370.0,14519564.0,64511.0,151871.0,0.0,4.4,4.091,0.0
South Central,2022-04-03 00:00:00,Organic,1.4948621,207861.21,37316.24,5551.28,0.0,164993.68,2022-13,21009354.0,2482199.0,340194.0,18021432.0,100440.0,65087.0,0.0,4.68,4.078,0.0
South Central,2022-04-10 00:00:00,Organic,1.553084103,204951.48,46454.13,7100.72,0.0,151396.63,2022-14,23623647.0,3972180.0,81646.0,19288540.0,86015.0,195263.0,0.0,4.41,4.021,0.0
South Central,2022-04-17 00:00:00,Organic,1.568312207,222050.23,56452.39,7513.29,0.0,158084.55,2022-15,15061578.0,5023348.0,40823.0,9827999.0,60927.0,108479.0,0.0,4.42,3.943,0.0
South Central,2022-04-24 00:00:00,Organic,1.591546516,174410.36,34687.83,8237.14,0.0,131485.38,2022-16,28462618.0,6160887.0,45359.0,22040948.0,172030.0,43391.0,0.0,4.34,3.915,0.0
South Central,2022-05-01 00:00:00,Organic,1.819658794,145326.53,30458.44,19446.41,0.0,95421.68,2022-17,26271615.0,6885495.0,0.0,19169455.0,108183.0,108479.0,0.0,4.43,3.959,0.0
South Central,2022-05-08 00:00:00,Organic,1.775538446,151737.69,37174.01,5461.78,0.0,109101.89,2022-18,20714546.0,6512660.0,0.0,13485959.0,260311.0,455615.0,0.0,4.33,4.031,0.0
South Central,2022-05-15 00:00:00,Organic,1.883590783,196045.82,68028.28,8292.77,0.0,119724.76,2022-19,19223342.0,5628260.0,0.0,12496727.0,881394.0,216959.0,0.0,4.24,4.161,0.0
Southeast,2022-01-10 00:00:00,Organic,1.074847635,667903.17,10724.03,25984.67,48.47,631146.01,2022-2,25842385.0,254741.0,45359.0,25417092.0,0.0,45359.0,79832.0,4.89,3.164,0.0
Southeast,2022-01-16 00:00:00,Organic,1.129978601,625119.12,9743.63,32123.23,21.85,583230.41,2022-2,25842385.0,254741.0,45359.0,25417092.0,0.0,45359.0,79832.0,4.89,3.164,0.0
Southeast,2022-01-23 00:00:00,Organic,1.135311583,601396.27,12522.22,25887.65,36.1,562950.29,2022-3,27651102.0,1358681.0,0.0,26249028.0,0.0,43391.0,0.0,5.01,3.182,1.0
Southeast,2022-01-30 00:00:00,Organic,1.141270344,605848.93,15131.89,23193.19,58.89,567464.96,2022-4,27067867.0,2351814.0,199580.0,24429687.0,0.0,86783.0,0.0,5.39,3.199,0.0
Southeast,2022-02-06 00:00:00,Organic,1.159227167,582776.5,9319.64,22076.22,66.14,551314.5,2022-5,23700493.0,2529702.0,226796.0,20705339.0,0.0,238655.0,0.0,5.19,3.249,0.0
Southeast,2022-02-13 00:00:00,Organic,1.124442834,623228.67,5534.7,21668.63,26.91,595998.43,2022-6,13538106.0,1837830.0,199580.0,10979992.0,0.0,520702.0,0.0,5.08,3.33,0.0
Southeast,2022-02-20 00:00:00,Organic,1.204925489,598600.16,4124.57,23647.44,66.84,570761.31,2022-7,11411144.0,3432575.0,222260.0,7300693.0,0.0,455615.0,0.0,6.21,3.372,0.0
Southeast,2022-02-27 00:00:00,Organic,1.21353442,659685.29,9066.68,27096.35,30.86,623491.4,2022-8,26431640.0,3658560.0,594205.0,21853434.0,0.0,325439.0,0.0,5.17,3.41,1.0
Southeast,2022-03-06 00:00:00,Organic,1.298689143,565816.96,7032.27,23860.86,24.66,534899.17,2022-9,29166929.0,3454216.0,576061.0,24811211.0,0.0,325439.0,0.0,4.74,3.486,0.0
Southeast,2022-03-13 00:00:00,Organic,1.289167099,632085.55,4235.19,26856.9,39.23,600954.24,2022-10,25843478.0,3630077.0,426376.0,21678544.0,0.0,108479.0,0.0,4.69,3.963,0.0
Southeast,2022-03-20 00:00:00,Organic,1.290501168,640843.27,3351.75,26753.97,52.47,610685.08,2022-11,22051255.0,3436635.0,145149.0,18035551.0,0.0,433919.0,0.0,4.88,4.18,0.0
Southeast,2022-03-27 00:00:00,Organic,1.28886112,676284.68,3472.76,22139.97,73.62,650598.34,2022-12,18189130.0,3153811.0,299370.0,14519564.0,64511.0,151871.0,0.0,4.4,4.091,0.0
Southeast,2022-04-03 00:00:00,Organic,1.283137962,708223.66,4092.44,25264.84,64.47,678801.9,2022-13,21009354.0,2482199.0,340194.0,18021432.0,100440.0,65087.0,0.0,4.68,4.078,0.0
Southeast,2022-04-10 00:00:00,Organic,1.309143457,678188.39,4713.66,28810.32,32.64,644631.78,2022-14,23623647.0,3972180.0,81646.0,19288540.0,86015.0,195263.0,0.0,4.41,4.021,0.0
Southeast,2022-04-17 00:00:00,Organic,1.32954255,639792.95,4590.88,28175.69,99.46,606926.92,2022-15,15061578.0,5023348.0,40823.0,9827999.0,60927.0,108479.0,0.0,4.42,3.943,0.0
Southeast,2022-04-24 00:00:00,Organic,1.349803496,633214.03,7104.02,22554.7,46.15,603509.16,2022-16,28462618.0,6160887.0,45359.0,22040948.0,172030.0,43391.0,0.0,4.34,3.915,0.0
Southeast,2022-05-01 00:00:00,Organic,1.317178067,480662.76,4676.82,17960.96,5.94,458019.05,2022-17,26271615.0,6885495.0,0.0,19169455.0,108183.0,108479.0,0.0,4.43,3.959,0.0
Southeast,2022-05-08 00:00:00,Organic,1.331176552,615257.43,4411.28,22667.33,8.63,588170.2,2022-18,20714546.0,6512660.0,0.0,13485959.0,260311.0,455615.0,0.0,4.33,4.031,0.0
Southeast,2022-05-15 00:00:00,Organic,1.357560032,597315.34,3497.09,23800.02,38.14,569980.08,2022-19,19223342.0,5628260.0,0.0,12496727.0,881394.0,216959.0,0.0,4.24,4.161,0.0
West,2022-01-10 00:00:00,Organic,1.667647004,483018.51,184869.09,110242.61,190.79,187716.02,2022-2,25842385.0,254741.0,45359.0,25417092.0,0.0,45359.0,79832.0,4.89,3.164,0.0
West,2022-01-16 00:00:00,Organic,1.756350717,399304.26,91993.02,114363.16,11.89,192936.19,2022-2,25842385.0,254741.0,45359.0,25417092.0,0.0,45359.0,79832.0,4.89,3.164,0.0
West,2022-01-23 00:00:00,Organic,1.625438006,446149.19,112695.82,124173.68,32.85,209246.83,2022-3,27651102.0,1358681.0,0.0,26249028.0,0.0,43391.0,0.0,5.01,3.182,1.0
West,2022-01-30 00:00:00,Organic,1.603416201,474496.02,123300.01,131740.43,12.98,219442.61,2022-4,27067867.0,2351814.0,199580.0,24429687.0,0.0,86783.0,0.0,5.39,3.199,0.0
West,2022-02-06 00:00:00,Organic,1.730081731,412318.68,75423.62,119402.57,2.78,217489.71,2022-5,23700493.0,2529702.0,226796.0,20705339.0,0.0,238655.0,0.0,5.19,3.249,0.0
West,2022-02-13 00:00:00,Organic,1.877110202,367363.75,65066.26,111817.72,8.08,190471.69,2022-6,13538106.0,1837830.0,199580.0,10979992.0,0.0,520702.0,0.0,5.08,3.33,0.0
West,2022-02-20 00:00:00,Organic,1.847139256,353815.16,63129.97,99773.42,0.0,190911.77,2022-7,11411144.0,3432575.0,222260.0,7300693.0,0.0,455615.0,0.0,6.21,3.372,0.0
West,2022-02-27 00:00:00,Organic,1.76789808,383980.18,79498.0,102584.81,0.0,201897.37,2022-8,26431640.0,3658560.0,594205.0,21853434.0,0.0,325439.0,0.0,5.17,3.41,1.0
West,2022-03-06 00:00:00,Organic,1.772514785,387733.42,81131.88,101142.48,7.0,205452.06,2022-9,29166929.0,3454216.0,576061.0,24811211.0,0.0,325439.0,0.0,4.74,3.486,0.0
West,2022-03-13 00:00:00,Organic,1.912250808,366986.43,65211.28,132252.79,0.0,169522.36,2022-10,25843478.0,3630077.0,426376.0,21678544.0,0.0,108479.0,0.0,4.69,3.963,0.0
West,2022-03-20 00:00:00,Organic,1.91258539,356255.51,67082.49,126852.53,0.0,162320.49,2022-11,22051255.0,3436635.0,145149.0,18035551.0,0.0,433919.0,0.0,4.88,4.18,0.0
West,2022-03-27 00:00:00,Organic,1.928405821,366261.75,70266.31,123587.09,0.0,172408.35,2022-12,18189130.0,3153811.0,299370.0,14519564.0,64511.0,151871.0,0.0,4.4,4.091,0.0
West,2022-04-03 00:00:00,Organic,1.917740081,382279.9,74072.1,135961.18,0.0,172246.62,2022-13,21009354.0,2482199.0,340194.0,18021432.0,100440.0,65087.0,0.0,4.68,4.078,0.0
West,2022-04-10 00:00:00,Organic,1.967256777,390810.95,72520.97,146800.38,9.31,171480.28,2022-14,23623647.0,3972180.0,81646.0,19288540.0,86015.0,195263.0,0.0,4.41,4.021,0.0
West,2022-04-17 00:00:00,Organic,2.064124966,390657.32,75673.29,137734.94,5.82,177243.26,2022-15,15061578.0,5023348.0,40823.0,9827999.0,60927.0,108479.0,0.0,4.42,3.943,0.0
West,2022-04-24 00:00:00,Organic,2.049937008,361176.71,90947.82,112996.55,13.66,157218.68,2022-16,28462618.0,6160887.0,45359.0,22040948.0,172030.0,43391.0,0.0,4.34,3.915,0.0
West,2022-05-01 00:00:00,Organic,1.87832887,363569.09,78580.92,133657.89,19.61,151310.67,2022-17,26271615.0,6885495.0,0.0,19169455.0,108183.0,108479.0,0.0,4.43,3.959,0.0
West,2022-05-08 00:00:00,Organic,1.946857413,413470.04,106770.14,137162.32,3.49,169534.08,2022-18,20714546.0,6512660.0,0.0,13485959.0,260311.0,455615.0,0.0,4.33,4.031,0.0
West,2022-05-15 00:00:00,Organic,2.087159111,368145.2,82666.74,113053.23,8.23,172417.0,2022-19,19223342.0,5628260.0,0.0,12496727.0,881394.0,216959.0,0.0,4.24,4.161,0.0
Total U.S.,2022-01-10 00:00:00,Organic,1.418059675,2889568.36,428853.49,312304.45,422.45,2147987.97,2022-2,25842385.0,254741.0,45359.0,25417092.0,0.0,45359.0,79832.0,4.89,3.164,0.0
Total U.S.,2022-01-16 00:00:00,Organic,1.487121883,2669868.85,379986.83,320781.42,161.37,1968939.23,2022-2,25842385.0,254741.0,45359.0,25417092.0,0.0,45359.0,79832.0,4.89,3.164,0.0
Total U.S.,2022-01-23 00:00:00,Organic,1.494442233,2662580.21,437784.79,319122.06,214.53,1905458.82,2022-3,27651102.0,1358681.0,0.0,26249028.0,0.0,43391.0,0.0,5.01,3.182,1.0
Total U.S.,2022-01-30 00:00:00,Organic,1.484580246,2743211.05,405521.61,312923.57,196.62,2024569.25,2022-4,27067867.0,2351814.0,199580.0,24429687.0,0.0,86783.0,0.0,5.39,3.199,0.0
Total U.S.,2022-02-06 00:00:00,Organic,1.525614482,2599616.22,328407.84,311919.87,240.75,1959047.77,2022-5,23700493.0,2529702.0,226796.0,20705339.0,0.0,238655.0,0.0,5.19,3.249,0.0
Total U.S.,2022-02-13 00:00:00,Organic,1.552175235,2496657.77,288237.73,296934.86,208.82,1911276.36,2022-6,13538106.0,1837830.0,199580.0,10979992.0,0.0,520702.0,0.0,5.08,3.33,0.0
Total U.S.,2022-02-20 00:00:00,Organic,1.574990736,2424408.62,274058.25,276205.82,242.71,1873901.84,2022-7,11411144.0,3432575.0,222260.0,7300693.0,0.0,455615.0,0.0,6.21,3.372,0.0
Total U.S.,2022-02-27 00:00:00,Organic,1.564135518,2492754.79,306288.96,287487.12,175.23,1898803.48,2022-8,26431640.0,3658560.0,594205.0,21853434.0,0.0,325439.0,0.0,5.17,3.41,1.0
Total U.S.,2022-03-06 00:00:00,Organic,1.610252707,2377231.14,313104.88,273222.5,167.16,1790736.61,2022-9,29166929.0,3454216.0,576061.0,24811211.0,0.0,325439.0,0.0,4.74,3.486,0.0
Total U.S.,2022-03-13 00:00:00,Organic,1.648767823,2485647.85,306358.31,311145.68,244.22,1867899.64,2022-10,25843478.0,3630077.0,426376.0,21678544.0,0.0,108479.0,0.0,4.69,3.963,0.0
Total U.S.,2022-03-20 00:00:00,Organic,1.658367321,2420935.34,303085.88,318390.35,218.8,1799240.32,2022-11,22051255.0,3436635.0,145149.0,18035551.0,0.0,433919.0,0.0,4.88,4.18,0.0
Total U.S.,2022-03-27 00:00:00,Organic,1.654939257,2515470.46,292943.48,298056.77,209.37,1924260.85,2022-12,18189130.0,3153811.0,299370.0,14519564.0,64511.0,151871.0,0.0,4.4,4.091,0.0
Total U.S.,2022-04-03 00:00:00,Organic,1.654980724,2645698.5,315906.5,311965.43,224.08,2017602.49,2022-13,21009354.0,2482199.0,340194.0,18021432.0,100440.0,65087.0,0.0,4.68,4.078,0.0
Total U.S.,2022-04-10 00:00:00,Organic,1.687413787,2587289.67,330234.27,331462.53,267.9,1925324.97,2022-14,23623647.0,3972180.0,81646.0,19288540.0,86015.0,195263.0,0.0,4.41,4.021,0.0
Total U.S.,2022-04-17 00:00:00,Organic,1.724147461,2514171.0,352871.54,309300.8,296.65,1851702.01,2022-15,15061578.0,5023348.0,40823.0,9827999.0,60927.0,108479.0,0.0,4.42,3.943,0.0
Total U.S.,2022-04-24 00:00:00,Organic,1.732035693,2343055.31,323146.33,279708.75,264.71,1739935.52,2022-16,28462618.0,6160887.0,45359.0,22040948.0,172030.0,43391.0,0.0,4.34,3.915,0.0
Total U.S.,2022-05-01 00:00:00,Organic,1.764186345,2170352.01,313684.06,320466.98,116.78,1536084.19,2022-17,26271615.0,6885495.0,0.0,19169455.0,108183.0,108479.0,0.0,4.43,3.959,0.0
Total U.S.,2022-05-08 00:00:00,Organic,1.735945227,2470218.52,344728.61,299103.04,63.96,1826322.9,2022-18,20714546.0,6512660.0,0.0,13485959.0,260311.0,455615.0,0.0,4.33,4.031,0.0
Total U.S.,2022-05-15 00:00:00,Organic,1.781624984,2446050.89,334399.25,271745.6,115.52,1839790.51,2022-19,19223342.0,5628260.0,0.0,12496727.0,881394.0,216959.0,0.0,4.24,4.161,0.0
